23f00000 T _start
23f00020 t _undefined_instruction
23f00024 t _software_interrupt
23f00028 t _prefetch_abort
23f0002c t _data_abort
23f00030 t _not_used
23f00034 t _irq
23f00038 t _fiq
23f00040 t _TEXT_BASE
23f00044 T _armboot_start
23f00048 T _bss_start
23f0004c T _bss_end
23f00050 t reset
23f00060 t stack_setup
23f00078 t clear_bss
23f00084 t clbss_l
23f000a0 t _start_armboot
23f000c0 t undefined_instruction
23f00120 t software_interrupt
23f00180 t prefetch_abort
23f001e0 t data_abort
23f00240 t not_used
23f002a0 t irq
23f00300 t fiq
23f00360 T yellow_LED_off
23f00370 T yellow_LED_on
23f00380 T green_LED_off
23f00390 T green_LED_on
23f003a0 T red_LED_off
23f003b0 T red_LED_on
23f003c0 T __coloured_LED_init
23f003c0 W coloured_LED_init
23f003c4 T __red_LED_on
23f003c8 T __red_LED_off
23f003cc T __green_LED_on
23f003d0 T __green_LED_off
23f003d4 T __yellow_LED_on
23f003d8 T __yellow_LED_off
23f003dc T __blue_LED_on
23f003dc W blue_LED_on
23f003e0 T __blue_LED_off
23f003e0 W blue_LED_off
23f003e4 T hang
23f003f4 t display_dram_config
23f0042c t display_banner
23f0044c t init_baudrate
23f004b8 T start_armboot
23f00654 T enable_interrupts
23f00658 T disable_interrupts
23f00660 T show_regs
23f007a0 T bad_mode
23f007bc T do_irq
23f007e0 T do_fiq
23f00804 T do_not_used
23f00828 T do_data_abort
23f0084c T do_prefetch_abort
23f00870 T do_software_interrupt
23f00894 T do_undefined_instruction
23f008b8 W cpu_eth_init
23f008b8 t __def_eth_init
23f008c0 T eth_get_dev
23f008d0 T eth_get_dev_by_index
23f00914 T eth_get_dev_index
23f00960 T eth_halt
23f00994 T eth_send
23f009c8 T eth_rx
23f009f4 T eth_get_name
23f00a14 T eth_get_dev_by_name
23f00a64 T eth_set_current
23f00b04 T eth_try_another
23f00bb4 T eth_register
23f00c40 T eth_setenv_enetaddr
23f00c78 T eth_parse_enetaddr
23f00cd8 T eth_getenv_enetaddr
23f00d30 T eth_getenv_enetaddr_by_index
23f00d7c T eth_init
23f00e40 T eth_initialize
23f010b4 t startAgainTimeout
23f010c8 t startAgainHandler
23f010cc T NetSetHandler
23f010dc T NetCksumOk
23f01134 T NetCksum
23f0117c T copy_filename
23f011d4 T string_to_VLAN
23f01228 T getenv_VLAN
23f01238 T NetEthHdrSize
23f0127c T VLAN_to_string
23f012c8 T ip_to_string
23f01318 T random_port
23f01334 T NetSetTimeout
23f01364 t NetCopyIP
23f0136c T NetSetIP
23f0148c T NetSetEther
23f01530 t NetReadIP
23f0154c t PingHandler
23f01574 T NetSendPacket
23f01578 T NetReceive
23f01b90 T ArpRequest
23f01c94 T PingSend
23f01e44 T NetSendUDPPacket
23f01f84 t PingTimeout
23f01fa0 T NetStartAgain
23f020ac T ArpTimeoutCheck
23f02120 t getenv_IPaddr
23f02130 T NetLoop
23f02538 t basename
23f02574 t rpc_add_credentials
23f02664 t rpc_lookup_reply
23f0273c t nfs_mount_reply
23f027ec t nfs_umountall_reply
23f02880 t nfs_lookup_reply
23f02928 t rpc_req
23f02a50 t rpc_lookup_req
23f02ad0 t nfs_mount_req
23f02b74 t nfs_umountall_req
23f02bcc t nfs_lookup_req
23f02c84 t nfs_read_req
23f02d24 t nfs_readlink_req
23f02d7c t NfsSend
23f02e10 T NfsStart
23f0304c t nfs_readlink_reply
23f03164 t nfs_read_reply
23f032d8 t NfsHandler
23f034bc t NfsTimeout
23f03514 T RarpRequest
23f03610 t RarpHandler
23f0366c t RarpTimeout
23f036b4 t TftpSend
23f03854 T TftpStart
23f03b38 t TftpTimeout
23f03b9c t TftpHandler
23f03e88 t NetCopyIP
23f03e90 t NetReadLong
23f03eac t DhcpOptionsProcess
23f040b4 t DhcpExtended
23f042cc t T.68
23f042e8 t DhcpHandler
23f04650 T BootpRequest
23f0481c T DhcpRequest
23f04820 t BootpTimeout
23f04868 T at91_set_pio_pullup
23f0489c T at91_set_pio_periph
23f048e0 T at91_set_a_periph
23f04928 T at91_set_b_periph
23f04970 T at91_set_pio_input
23f049c0 T at91_set_pio_output
23f04a0c T at91_set_pio_deglitch
23f04a48 T at91_set_pio_multi_drive
23f04a74 T at91_set_pio_value
23f04aa0 T at91_get_pio_value
23f04ad4 T nand_init
23f04b88 t generic_ffs
23f04bdc t nand_release_device
23f04bf4 t nand_read_byte
23f04c04 t nand_read_byte16
23f04c18 t nand_read_word
23f04c28 t nand_write_buf
23f04c54 t nand_read_buf
23f04c7c t nand_verify_buf
23f04cbc t nand_write_buf16
23f04cf0 t nand_read_buf16
23f04d24 t nand_verify_buf16
23f04d6c t nand_block_bad
23f04e5c t nand_check_wp
23f04e98 t nand_read_page_raw
23f04ed0 t nand_read_page_raw_syndrome
23f04fa0 t nand_read_page_swecc
23f050b0 t nand_read_subpage
23f0533c t nand_read_page_hwecc
23f05474 t nand_read_page_hwecc_oob_first
23f055b0 t nand_read_page_syndrome
23f056d4 t nand_read_oob_std
23f05718 t nand_read_oob_syndrome
23f05818 t nand_write_oob_std
23f05888 t nand_write_oob_syndrome
23f05a3c t nand_write_page_raw
23f05a70 t nand_write_page_raw_syndrome
23f05b3c t nand_write_page_swecc
23f05bf8 t nand_write_page_hwecc
23f05cc0 t nand_write_page_syndrome
23f05db0 t single_erase_cmd
23f05dec t multi_erase_cmd
23f05e78 t nand_sync
23f05e88 t nand_suspend
23f05e9c T nand_release
23f05ec4 t nand_resume
23f05ee4 T nand_scan_tail
23f064a0 t nand_select_chip
23f064fc t nand_block_checkbad
23f0657c t nand_block_isbad
23f065bc t nand_block_markbad
23f065f8 t nand_write_page
23f066c8 T nand_scan_ident
23f06c6c T nand_scan
23f06c8c t nand_fill_oob
23f06da4 t nand_do_write_oob
23f06f6c t nand_do_write_ops
23f07294 t nand_write_oob
23f07340 t nand_write
23f073e4 t nand_transfer_oob
23f074fc t nand_default_block_markbad
23f075ec T nand_erase_nand
23f07a30 t nand_erase
23f07a38 t nand_wait
23f07b28 T nand_wait_ready
23f07b6c t nand_do_read_ops
23f07f90 t nand_read_oob
23f08250 t nand_read
23f082e4 t nand_command
23f084b0 t nand_command_lp
23f08704 T nand_isbad_bbt
23f08754 t write_bbt
23f08dcc T nand_update_bbt
23f08f1c T nand_scan_bbt
23f09270 T nand_default_bbt
23f0931c T nand_calculate_ecc
23f09410 T nand_correct_data
23f09530 T board_nand_init
23f09560 t at91_nand_ready
23f0956c t at91_nand_hwcontrol
23f095c4 T lonPlat_init
23f095c8 T lonPlat_putc
23f095e4 T lonPlat_getc
23f09600 T lonPlat_tstc
23f09610 T serial_setbrg
23f09614 T serial_putc
23f09648 T serial_puts
23f09670 T serial_getc
23f0968c T serial_tstc
23f0969c T serial_init
23f096b4 W do_go_exec
23f096cc T do_go
23f09744 T __arch_preboot_os
23f09744 W arch_preboot_os
23f09748 T do_bootd
23f0976c t do_bootm_rtems
23f097a8 t do_bootm_netbsd
23f098c8 t bootm_load_os
23f09a20 t bootm_start
23f09de0 T do_bootm_subcommand
23f09f88 T do_bootm
23f0a21c T do_coninfo
23f0a2fc T do_echo
23f0a380 T do_exit
23f0a3b0 T do_fat_fsinfo
23f0a488 T do_fat_ls
23f0a590 T do_fat_fsload
23f0a714 T do_flerase
23f0a71c T do_protect
23f0a848 T do_flinfo
23f0a858 T do_help
23f0a8a0 t evalexp
23f0a90c T binary_test
23f0ab14 T do_itest
23f0abb0 T ktrans
23f0abd0 T chk1
23f0ac00 t bin_data_init
23f0ac18 t bin_data_char
23f0ac38 T k_data_init
23f0ac58 T k_data_save
23f0ac7c T k_data_restore
23f0aca0 T k_data_char
23f0ad14 T send_pad
23f0ad44 T s1_sendpacket
23f0ad70 T handle_send_packet
23f0af6c T send_nack
23f0afe4 T send_ack
23f0b05c t load_serial_ymodem
23f0b15c t getcxmodem
23f0b17c T do_load_serial_bin
23f0b648 T do_mem_crc
23f0b6f4 T do_mem_base
23f0b738 T do_mem_mtest
23f0b8e0 T do_mem_loop
23f0b9d8 T do_mem_mw
23f0ba98 T do_mem_cmp
23f0bc54 T do_mem_cp
23f0bde8 t mod_mem
23f0bf58 T do_mem_nm
23f0bf78 T do_mem_mm
23f0bf98 T do_mem_md
23f0c0d0 T do_sleep
23f0c154 t nand_print_info
23f0c1b0 t arg_off_size
23f0c2f0 T do_nandboot
23f0c634 t nand_dump
23f0c85c T do_nand
23f0d0b8 T do_ping
23f0d138 t netboot_common
23f0d440 T do_nfs
23f0d44c T do_dhcp
23f0d458 T do_rarpb
23f0d464 T do_tftpb
23f0d470 T do_bootp
23f0d47c T get_env_id
23f0d48c T envmatch
23f0d4ec T getenv_r
23f0d594 T do_saveenv
23f0d5c0 T getenv
23f0d630 T _do_setenv
23f0daa0 T do_setenv
23f0dacc T setenv
23f0db18 T do_editenv
23f0db84 t printenv
23f0dc64 T do_printenv
23f0dcf4 T do_false
23f0dcfc T do_true
23f0dd04 T do_test
23f0e16c T usb_get_class_desc
23f0e20c T usb_display_ep_desc
23f0e2cc T usb_display_class_sub
23f0e448 T do_usbboot
23f0e7ec T usb_show_tree_graph
23f0ea0c T usb_show_tree
23f0ea40 T usb_display_desc
23f0eb70 T usb_display_string
23f0ebb0 T usb_display_if_desc
23f0ec38 T usb_display_conf_desc
23f0ece4 T usb_display_config
23f0ed70 T do_usb
23f0f2ac T do_version
23f0f2cc T do_imgextract
23f0f5a8 T cmd_get_data_size
23f0f5f8 T cmd_usage
23f0f658 T var_complete
23f0f6d8 T find_cmd_tbl
23f0f76c T find_cmd
23f0f794 T install_auto_complete
23f0f800 T _do_help
23f0f97c T cmd_auto_complete
23f0fe08 t console_setfile
23f0fea8 T fgetc
23f0fed0 T ftstc
23f0fef8 T fputc
23f0ff24 T fputs
23f0ff50 T disable_ctrlc
23f0ff68 T had_ctrlc
23f0ff78 T clear_ctrlc
23f0ff8c T dbg
23f0ff98 T getc
23f0ffb0 T tstc
23f0ffc8 T ctrlc
23f10014 T putc
23f10030 T puts
23f1004c T console_init_f
23f1006c T search_device
23f10094 T console_assign
23f100d4 T vprintf
23f10100 T printf
23f10140 T stdio_print_current_devices
23f101f8 T console_init_r
23f1034c T fprintf
23f10394 T serial_printf
23f103d4 T sbrk
23f1040c T malloc_trim
23f1051c T free
23f10740 T cfree
23f10744 T malloc
23f10d64 T memalign
23f10e74 T pvalloc
23f10e8c T valloc
23f10e98 T malloc_usable_size
23f10edc T mallopt
23f10f54 T calloc
23f11034 T mem_malloc_init
23f1105c T realloc
23f114c4 T env_get_char_memory
23f114e8 T env_get_addr
23f1150c T env_get_char
23f11554 T env_complete
23f11694 T env_crc_update
23f116c0 T set_default_env
23f11714 T env_relocate
23f1175c T env_get_char_spec
23f11768 T env_init
23f11784 T writeenv
23f11838 T readenv
23f118ec t use_default
23f11904 T env_relocate_spec
23f11a84 T saveenv
23f11b94 t dummy
23f11b98 T get_version
23f11ba0 T jumptable_init
23f11d78 T simple_itoa
23f11dcc t static_get
23f11de8 t static_peek
23f11df4 t file_peek
23f11e00 T mapset
23f11e2c T do_showvar
23f11f18 T u_boot_hush_start
23f11f68 t xmalloc
23f11f88 T new_pipe
23f11fb0 t file_get
23f1215c t free_pipe_list
23f12240 T unset_local_var
23f122dc t xrealloc
23f122fc t done_command
23f12384 t initialize_context
23f123bc t done_pipe
23f12404 T reserved_word
23f1258c t b_addchr
23f12600 t done_word
23f12780 t b_addqchr
23f127cc t insert_var_value
23f12978 T set_local_var
23f12b28 T update_ifs_map
23f12bf0 t parse_stream_outer
23f13234 T parse_file_outer
23f13278 T parse_string_outer
23f13368 t run_list_real
23f13bc0 T image_multi_count
23f13be4 T get_table_entry_name
23f13c10 T genimg_get_os_name
23f13c48 T genimg_get_arch_name
23f13c80 T genimg_get_type_name
23f13cb8 T genimg_get_comp_name
23f13cf0 T genimg_has_config
23f13cf8 T get_table_entry_id
23f13d44 T genimg_get_comp_id
23f13d5c T genimg_get_type_id
23f13d74 T genimg_get_arch_id
23f13d8c T genimg_get_os_id
23f13da4 T genimg_get_format
23f13dd8 t image_get_data_size
23f13df8 T image_multi_getimg
23f13ea0 T genimg_get_image
23f13f14 T genimg_print_size
23f13f44 T image_print_contents
23f14184 T memmove_wd
23f14190 T getenv_bootm_low
23f141c4 T getenv_yesno
23f141e8 T getenv_bootm_size
23f1421c T image_check_dcrc
23f14268 T image_check_hcrc
23f142d0 T boot_get_ramdisk
23f14548 T lcd_setmem
23f1457c T bitmap_plot
23f146a8 t lcd_clear
23f147fc t console_newline
23f148b8 T drv_lcd_init
23f149a4 T lcd_putc
23f14c28 T lcd_puts
23f14c68 T lcd_printf
23f14ca8 T __show_boot_progress
23f14ca8 W show_boot_progress
23f14cac T parse_line
23f14d38 T do_run
23f14da8 T run_command
23f15174 t delete_char
23f15250 t cread_add_char
23f1533c T readline_into_buffer
23f15c54 T readline
23f15c70 T main_loop
23f15d6c T stdio_get_list
23f15d78 T stdio_clone
23f15dc0 T stdio_register
23f15e00 T stdio_init
23f15e90 T stdio_get_by_name
23f15edc T usb_disable_asynch
23f15ef4 T usb_maxpacket
23f15f18 t usb_set_maxpacket_ep
23f15f88 T usb_set_maxpacket
23f15fec T usb_get_dev_index
23f1601c T usb_hub_reset
23f16030 T usb_hub_allocate
23f16074 T usb_alloc_new_device
23f16114 T usb_parse_config
23f16264 T usb_submit_int_msg
23f16268 T usb_stop
23f1629c T wait_ms
23f162c0 T usb_bulk_msg
23f16324 T usb_control_msg
23f163f4 T usb_get_port_status
23f16454 T usb_get_hub_status
23f164a8 T usb_set_port_feature
23f16508 T usb_clear_port_feature
23f16568 T usb_clear_hub_feature
23f165bc T usb_get_hub_descriptor
23f1661c T usb_get_string
23f16698 t usb_string_sub
23f16798 T usb_string
23f16898 T usb_get_class_descriptor
23f1690c T usb_get_report
23f16980 T usb_set_idle
23f169e4 T usb_set_protocol
23f16a44 T usb_set_configuration
23f16ab0 T usb_set_interface
23f16b70 T usb_set_address
23f16bb4 T usb_get_descriptor
23f16c20 T usb_get_configuration_no
23f16cb8 T usb_clear_halt
23f16d68 t usb_hub_power_on
23f16dac t hub_port_reset
23f16e4c T usb_hub_port_connect_change
23f16f3c T usb_hub_configure
23f17154 T usb_hub_probe
23f171b0 T usb_new_device
23f1744c T usb_scan_devices
23f174c4 T usb_init
23f17540 T usb_stor_get_dev
23f17568 t usb_stor_irq
23f17584 T usb_show_progress
23f17590 T usb_storage_probe
23f177c0 T usb_stor_BBB_clear_endpt_stall
23f17810 t usb_stor_BBB_reset
23f178f8 t usb_stor_CB_reset
23f179e0 T usb_stor_CB_comdat
23f17c2c T usb_stor_BBB_comdat
23f17d18 T usb_stor_BBB_transport
23f17ee0 T usb_stor_CBI_get_status
23f17fc0 T usb_stor_CB_transport
23f181b0 T usb_stor_info
23f18220 t T.91
23f18288 t T.90
23f1830c T usb_stor_get_info
23f18588 T usb_stor_scan
23f186f0 T usb_stor_read
23f188e0 T usb_stor_write
23f18ad0 T parse_num
23f18bfc T xyzModem_error
23f18c1c T xyzModem_stream_close
23f18c6c T CYGACC_COMM_IF_PUTC
23f18c74 T CYGACC_COMM_IF_GETC_TIMEOUT
23f18cc8 T xyzModem_stream_terminate
23f18db8 t xyzModem_get_hdr
23f19074 T xyzModem_stream_read
23f192f0 T xyzModem_stream_open
23f19444 T Tl16c752_Send
23f19460 T UartPuts
23f19498 T Tl16c752_RxChk
23f194a8 T dram_init
23f194c8 T board_eth_init
23f194dc T reset_phy
23f194e4 T board_init
23f198f4 T lcd_show_board_info
23f1998c T lcd_disable
23f1999c T lcd_enable
23f199ac T cyg_crc16
23f199f4 T crc32_no_comp
23f19ae0 T crc32
23f19af4 T crc32_wd
23f19af8 T print_size
23f19c3c T display_options
23f19c5c T print_buffer
23f19dcc T zunzip
23f19ebc T gunzip
23f19f70 T zfree
23f19f78 T zalloc
23f19f88 T string_to_ip
23f1a008 T strcpy
23f1a024 T strncpy
23f1a04c T strcat
23f1a07c T strncat
23f1a0d8 T strcmp
23f1a108 T strncmp
23f1a150 T strchr
23f1a17c T strrchr
23f1a1b8 T strlen
23f1a1d8 T strnlen
23f1a200 T strspn
23f1a244 T strpbrk
23f1a27c T strtok
23f1a348 T strsep
23f1a3ac T strswab
23f1a3f4 T memset
23f1a468 T bcopy
23f1a490 T memcpy
23f1a4fc T memmove
23f1a558 T memcmp
23f1a590 T memscan
23f1a5c0 T strstr
23f1a640 T memchr
23f1a66c T strdup
23f1a6c4 T strmhz
23f1a730 T udelay
23f1a760 T simple_strtoul
23f1a810 T simple_strtol
23f1a838 T ustrtoul
23f1a8a4 T simple_strtoull
23f1a984 t put_dec_trunc
23f1aa60 T panic
23f1aab0 t string
23f1ab58 t put_dec
23f1ac8c t number
23f1aed8 T vsprintf
23f1b530 T sprintf
23f1b558 T inflate_fast
23f1bab4 T inflate_table
23f1c060 T inflateReset
23f1c0fc T inflateInit2_
23f1c1fc T inflateInit_
23f1c20c T inflateEnd
23f1c290 T adler32
23f1c5a0 T zcfree
23f1c5a8 T zcalloc
23f1c5b0 T inflate
23f1dcf4 T __div64_32
23f1dde8 T at91_serial_hw_init
23f1ddec T at91_spi0_hw_init
23f1ddf0 T at91_spi1_hw_init
23f1ddf4 T at91_uhp_hw_init
23f1de1c T at91_macb_hw_init
23f1df44 T get_cpu_clk_rate
23f1df54 T get_main_clk_rate
23f1df64 T get_mck_clk_rate
23f1df74 T get_plla_clk_rate
23f1df84 T get_pllb_clk_rate
23f1df94 T get_pllb_init
23f1dfa4 T at91_clock_init
23f1e16c T arch_cpu_init
23f1e178 T reset_cpu
23f1e190 T get_ticks
23f1e1dc T reset_timer_masked
23f1e200 T reset_timer
23f1e224 T get_tbclk
23f1e22c T __udelay
23f1e304 T get_timer_masked
23f1e384 T get_timer
23f1e398 T timer_init
23f1e400 T do_bootm_linux
23f1e5c4 T flush_cache
23f1e5c8 T do_reset
23f1e5f8 T disk_read
23f1e644 t get_fatent
23f1e7ac t get_cluster
23f1e854 t get_vfatname
23f1eaec t get_name
23f1ebcc t read_bootsectandvi
23f1ecc4 T file_fat_detectfs
23f1ee24 T do_fat_read
23f1f86c T file_fat_read
23f1f8a4 T file_fat_ls
23f1f8b4 T fat_register_device
23f1f9a0 T dev_print
23f1fba4 T get_partition_info
23f1fbc8 T init_part
23f1fbe4 T get_dev
23f1fc44 T print_part
23f1fd20 T test_part_dos
23f1fd74 t get_partition_info_extended
23f20000 T get_partition_info_dos
23f20020 t print_partition_extended
23f2024c T print_part_dos
23f20278 T AT91F_DataflashSelect
23f202c0 T addr_dataflash
23f202e0 T size_dataflash
23f20314 T prot_dataflash
23f20374 T dataflash_real_protect
23f20490 T dataflash_perror
23f20518 T dataflash_print_info
23f20644 T write_dataflash
23f2072c T read_dataflash
23f207bc T AT91F_DataflashSetEnv
23f2082c T AT91F_DataflashInit
23f209f0 T AT91F_DataFlashWriteBuffer
23f20ad8 T AT91F_DataFlashGetStatus
23f20b30 T AT91F_DataflashProbe
23f20b58 T AT91F_DataFlashWaitReady
23f20b9c T AT91F_DataFlashSendCommand
23f20cac T AT91F_WriteBufferToMain
23f20cfc T AT91F_BlockErase
23f20d28 T AT91F_PageErase
23f20d50 T AT91F_MainMemoryToBufferTransfert
23f20d9c T AT91F_PartialPageWrite
23f20e60 T AT91F_DataFlashWrite
23f20fd8 T AT91F_DataFlashPagePgmBuf
23f21014 T AT91F_DataFlashContinuousRead
23f21068 T AT91F_DataFlashRead
23f21104 t nand_block_bad_scrub
23f2110c T nand_upbbt_opts
23f21110 t get_len_incl_bad
23f211a0 T nand_read_skip_bad
23f21378 T nand_write_skip_bad
23f21554 T nand_erase_opts
23f21894 t macb_mdio_read
23f218f0 t macb_halt
23f2191c T macb_eth_initialize
23f21a34 t macb_recv
23f21bb0 t macb_send
23f21c84 t macb_init
23f21fe8 T AT91F_SpiEnable
23f22064 T AT91F_SpiWrite
23f2213c T AT91F_SpiInit
23f221ac T rh_check_port_status
23f221f8 t td_fill
23f22288 t td_submit_job
23f224cc t urb_free_priv
23f22510 t T.103
23f225d0 T usb_lowlevel_init
23f22760 T usb_lowlevel_stop
23f22790 T sohci_submit_job
23f22d5c t hc_interrupt
23f2329c T usb_event_poll
23f232a0 T submit_common_msg
23f233e4 T submit_int_msg
23f23400 T submit_control_msg
23f239e4 T submit_bulk_msg
23f239fc T usb_cpu_stop
23f23a40 T usb_cpu_init_fail
23f23a84 T usb_cpu_init
23f23ad4 T lcd_setcolreg
23f23b00 T calc_fbsize
23f23b24 T lcd_ctrl_init
23f23cb0 T cleanup_before_linux
23f23cd0 T icache_enable
23f23d10 T icache_disable
23f23d50 T icache_status
23f23d60 T dcache_enable
23f23da0 T dcache_disable
23f23de0 T dcache_status
23f23df0 T __aeabi_unwind_cpp_pr0
23f23df4 T raise
23f23e10 T __aeabi_uidiv
23f23e10 T __udivsi3
23f23f0c T __aeabi_uidivmod
23f23f24 T __aeabi_idiv
23f23f24 T __divsi3
23f24050 T __aeabi_idivmod
23f24068 T __aeabi_llsr
23f24068 T __lshrdi3
23f24084 T __aeabi_lasr
23f24084 T __ashrdi3
23f240a0 T __aeabi_llsl
23f240a0 T __ashldi3
23f240bc T __div0
23f240d0 R version_string
23f24100 r C.31.2977
23f24180 r default_nand_name
23f24188 r __FUNCTION__.5913
23f24198 r __FUNCTION__.3708
23f241ac r __func__.5733
23f241c0 r __FUNCTION__.5203
23f241d0 r __FUNCTION__.4536
23f241e4 r nand_ecc_precalc_table
23f242e4 r boot_os
23f24330 r CSWTCH.69
23f24388 r video_fontdata
23f25388 r CSWTCH.88
23f25390 r CSWTCH.58
23f253b0 r crc16_tab
23f255b0 r crc_table
23f259b0 r names.3069
23f259b8 r digits.3288
23f259c8 R hex_asc
23f259dc r lext.3623
23f25a1c r lbase.3622
23f25a5c r dext.3625
23f25a9c r dbase.3624
23f25adc r lenfix
23f262dc r distfix
23f2635c r order.3932
23f26384 R z_errmsg
23f263ac r block_drvr
23f263bc r cc_to_string
23f263fc r cc_to_error
23f2cc50 D init_sequence
23f2cc7c D NetOurVLAN
23f2cc7e D NetOurNativeVLAN
23f2cc80 D NetBcastAddr
23f2cc88 d nfs_offset
23f2cc8c d TftpTimeoutMSecs
23f2cc90 d TftpBlkSizeOption
23f2cc94 d TftpTimeoutCountMax
23f2cc98 D TftpRRQTimeoutCountMax
23f2cc9c d TftpBlkSize
23f2cca0 D TftpRRQTimeoutMSecs
23f2cca4 D nand_curr_device
23f2cca8 d nand_oob_8
23f2cef0 d nand_oob_16
23f2d138 d nand_oob_64
23f2d380 d nand_oob_128
23f2d5c8 d bbt_main_descr
23f2d5ec d bbt_mirror_descr
23f2d610 d smallpage_flashbased
23f2d634 d largepage_flashbased
23f2d658 d smallpage_memorybased
23f2d67c d largepage_memorybased
23f2d6a0 d bbt_pattern
23f2d6a4 d mirror_pattern
23f2d6a8 d scan_ff_pattern
23f2d6ac D nand_flash_ids
23f2dafc D nand_manuf_ids
23f2db4c D load_addr
23f2db50 d cmd_bootm_sub
23f2dbf8 D op_table
23f2dc60 D dp_last_length
23f2dc64 d env_id
23f2dc68 d usb_stor_curr_dev
23f2dc6c d av_
23f2e074 d sbrk_base
23f2e078 d trim_threshold
23f2e07c d mmap_threshold
23f2e080 D default_environment
23f2e194 D env_name_spec
23f2e198 d reserved_list
23f2e21c d uimage_os
23f2e264 d uimage_arch
23f2e348 d uimage_type
23f2e3d8 d uimage_comp
23f2e420 D bmp_logo_palette
23f2e45c D bmp_logo_bitmap
23f34a8c d erase_seq
23f34a90 d tab_seq
23f34a9c d hist_cur
23f34aa0 D stdio_names
23f34aac D us_direction
23f34acc D panel_info
23f34b00 D _ctype
23f34c00 d cur_part
23f34c04 d root_hub_dev_des
23f34c18 d root_hub_config_des
23f34c34 d root_hub_str_index0
23f34c38 d root_hub_str_index1
23f34c54 D cs
23f34c5c D area_list
23f34cfc A __u_boot_cmd_start
23f34cfc D __u_boot_cmd_go
23f34d18 D __u_boot_cmd_reset
23f34d34 D __u_boot_cmd_bootm
23f34d50 D __u_boot_cmd_boot
23f34d6c D __u_boot_cmd_bootd
23f34d88 D __u_boot_cmd_coninfo
23f34da4 D __u_boot_cmd_echo
23f34dc0 D __u_boot_cmd_exit
23f34ddc D __u_boot_cmd_fatload
23f34df8 D __u_boot_cmd_fatls
23f34e14 D __u_boot_cmd_fatinfo
23f34e30 D __u_boot_cmd_flinfo
23f34e4c D __u_boot_cmd_erase
23f34e68 D __u_boot_cmd_protect
23f34e84 D __u_boot_cmd_help
23f34ea0 D __u_boot_cmd_question_mark
23f34ebc D __u_boot_cmd_itest
23f34ed8 D __u_boot_cmd_loadb
23f34ef4 D __u_boot_cmd_loady
23f34f10 D __u_boot_cmd_md
23f34f2c D __u_boot_cmd_mm
23f34f48 D __u_boot_cmd_nm
23f34f64 D __u_boot_cmd_mw
23f34f80 D __u_boot_cmd_cp
23f34f9c D __u_boot_cmd_cmp
23f34fb8 D __u_boot_cmd_crc32
23f34fd4 D __u_boot_cmd_base
23f34ff0 D __u_boot_cmd_loop
23f3500c D __u_boot_cmd_mtest
23f35028 D __u_boot_cmd_sleep
23f35044 D __u_boot_cmd_nand
23f35060 D __u_boot_cmd_nboot
23f3507c D __u_boot_cmd_bootp
23f35098 D __u_boot_cmd_tftpboot
23f350b4 D __u_boot_cmd_rarpboot
23f350d0 D __u_boot_cmd_dhcp
23f350ec D __u_boot_cmd_nfs
23f35108 D __u_boot_cmd_ping
23f35124 D __u_boot_cmd_saveenv
23f35140 D __u_boot_cmd_editenv
23f3515c D __u_boot_cmd_printenv
23f35178 D __u_boot_cmd_setenv
23f35194 D __u_boot_cmd_run
23f351b0 D __u_boot_cmd_test
23f351cc D __u_boot_cmd_false
23f351e8 D __u_boot_cmd_true
23f35204 D __u_boot_cmd_usb
23f35220 D __u_boot_cmd_usbboot
23f3523c D __u_boot_cmd_version
23f35258 D __u_boot_cmd_imxtract
23f35274 D __u_boot_cmd_showvar
23f35290 D __u_boot_cmd_cls
23f352ac A __bss_start
23f352ac A __u_boot_cmd_end
23f35300 B monitor_flash_len
23f35304 b eth_current
23f35308 b eth_devices
23f3530c b act.3291
23f35310 b env_changed_id.3292
23f35314 b first_failed.3264
23f35318 B NetState
23f3531c b packetHandler
23f35320 b timeHandler
23f35324 b timeStart
23f35328 b timeDelta
23f3532c B NetIPID
23f35330 B NetOurIP
23f35334 B NetOurEther
23f3533c B NetPingIP
23f35340 B NetRxPacket
23f35344 B NetRxPacketLen
23f35348 B NetArpWaitPacketIP
23f3534c B NetArpWaitPacketMAC
23f35350 B NetArpWaitReplyIP
23f35354 B NetArpWaitTxPacket
23f35358 B NetArpWaitTxPacketSize
23f3535c B NetServerIP
23f35360 B NetServerEther
23f35368 B NetTxPacket
23f3536c B NetOurSubnetMask
23f35370 B NetOurGatewayIP
23f35374 b mac.3325
23f3537c B NetEtherNullAddr
23f35382 b PingSeqNo
23f35384 B NetArpWaitTry
23f35388 B NetArpWaitTimerStart
23f3538c b NetTryCount
23f35390 b NetRestarted
23f35394 B NetRestartWrap
23f35398 b NetDevExists
23f3539c B PktBuf
23f371bc B NetRxPackets
23f371cc B NetArpWaitPacketBuf
23f377ec b env_changed_id.3124
23f377f0 B NetBootFileXferSize
23f377f4 B NetOurDNSIP
23f377f8 B NetOurNISDomain
23f37818 B NetOurHostName
23f37838 B NetOurRootPath
23f37878 B NetBootFileSize
23f3787c B BootFile
23f378fc b rpc_id
23f37900 b NfsSrvMountPort
23f37904 b NfsSrvNfsPort
23f37908 b fs_mounted
23f3790c b dirfh
23f3792c b filefh
23f3794c b NfsServerIP
23f37950 b NfsOurPort
23f37954 b NfsState
23f37958 b nfs_path
23f3795c b nfs_filename
23f37960 b nfs_len
23f37964 b NfsDownloadState
23f37968 b nfs_path_buff
23f38168 b default_filename
23f381a8 b NfsTimeoutCount
23f381ac B RarpTry
23f381b0 b TftpState
23f381b4 b tftp_filename
23f38234 b TftpBlock
23f38238 b TftpServerIP
23f3823c b TftpServerPort
23f38240 b TftpOurPort
23f38244 b default_filename
23f38254 b TftpTimeoutCount
23f38258 b TftpBlockWrap
23f3825c b TftpBlockWrapOffset
23f38260 b TftpLastBlock
23f38264 B dhcp_leasetime
23f38268 B NetDHCPServerIP
23f3826c B BootpID
23f38270 B dhcp_state
23f38274 B BootpTry
23f38278 B nand_info
23f38328 b nand_chip
23f38440 b images
23f384cc b os_data_state
23f384d0 b os_data_addr
23f384d4 b bin_start_address
23f384d8 b k_data_escape
23f384dc B os_data_init
23f384e0 b k_data_escape_saved
23f384e4 b os_data_state_saved
23f384e8 b os_data_addr_saved
23f384ec B os_data_char
23f384f0 B his_quote
23f384f4 B his_pad_count
23f384f8 B his_pad_char
23f384f9 B his_eol
23f384fc B send_ptr
23f38500 B send_parms
23f38514 b a_b
23f3852c b base_address
23f38530 B mm_last_addr
23f38534 B mm_last_size
23f38538 B dp_last_addr
23f3853c B dp_last_size
23f38540 b tmp_buf.3094
23f38740 b tmp_buf
23f38840 b ctrlc_disabled
23f38844 b ctrlc_was_pressed
23f38848 B mem_malloc_brk
23f3884c B mem_malloc_start
23f38850 B mem_malloc_end
23f38854 b current_mallinfo
23f3887c b top_pad
23f38880 b max_sbrked_mem
23f38884 b max_total_mem
23f38888 b n_mmaps_max
23f3888c B env_ptr
23f38890 b local.3277
23f388a8 b map
23f389a8 b top_vars
23f389ac b flag_repeat
23f389b0 b do_repeat
23f389b4 b the_command.3306
23f38ab4 b buf.3989
23f38adc B last_return_code
23f38ae0 b ifs
23f38ae4 B nesting_level
23f38ae8 B lcd_is_enabled
23f38aec b initted.3338
23f38af0 b hist_max
23f38af4 b hist_add_idx
23f38af8 B hist_num
23f38afc B hist_lines
23f39f10 B hist_list
23f39f60 B console_buffer
23f3a064 b devs
23f3a0a0 B stdio_devices
23f3a0ac b asynch_allowed
23f3a0b0 b usb_dev
23f449b0 b usb_hub_index
23f449b4 b hub_dev
23f44ab4 b dev_index
23f44ab8 B usb_started
23f44abc b setup_packet
23f44ac4 b running
23f44ac8 b usb_max_devs
23f44acc b usb_dev_desc
23f44ce8 b CBWTag
23f44cec b usb_ccb
23f44d7c b usb_stor_buf
23f44f7c b usb_stor
23f45080 b xyz
23f454bc B ___strtok
23f454c0 b cpu_clk_rate_hz
23f454c4 b main_clk_rate_hz
23f454c8 b mck_rate_hz
23f454cc b plla_rate_hz
23f454d0 b pllb_rate_hz
23f454d4 b at91_pllb_usb_init
23f454d8 b lastinc
23f454dc b timestamp
23f454e0 b timer_freq
23f454e4 b params
23f454e8 b part_offset
23f454ec b cur_dev
23f454f0 B get_vfatname_block
23f554f0 B do_fat_read_block
23f654f0 B get_dentfromdir_block
23f754f0 b DataFlashInst
23f75500 b gohci
23f75648 B phcca
23f75700 B ghcca
23f75800 B ohci_dev
23f759a0 B gtd
23f769e0 B ptd
23f769e4 b ohci_inited
23f769e8 B devgone
23f76a00 B lcd_line_length
23f76a04 B lcd_color_fg
23f76a08 B lcd_color_bg
23f76a0c B lcd_base
23f76a10 B lcd_console_address
23f76a14 B console_col
23f76a16 B console_row
23f76a18 B dataflash_info
23f76b04 A _end
