23f00000 T _start
23f00020 t _undefined_instruction
23f00024 t _software_interrupt
23f00028 t _prefetch_abort
23f0002c t _data_abort
23f00030 t _not_used
23f00034 t _irq
23f00038 t _fiq
23f00040 t _TEXT_BASE
23f00044 T _armboot_start
23f00048 T _bss_start
23f0004c T _bss_end
23f00050 t reset
23f00060 t stack_setup
23f00078 t clear_bss
23f00084 t clbss_l
23f000a0 t _start_armboot
23f000c0 t undefined_instruction
23f00120 t software_interrupt
23f00180 t prefetch_abort
23f001e0 t data_abort
23f00240 t not_used
23f002a0 t irq
23f00300 t fiq
23f00360 T yellow_LED_off
23f00370 T yellow_LED_on
23f00380 T green_LED_off
23f00390 T green_LED_on
23f003a0 T red_LED_off
23f003b0 T red_LED_on
23f003c0 T __coloured_LED_init
23f003c0 W coloured_LED_init
23f003c4 T __red_LED_on
23f003c8 T __red_LED_off
23f003cc T __green_LED_on
23f003d0 T __green_LED_off
23f003d4 T __yellow_LED_on
23f003d8 T __yellow_LED_off
23f003dc T __blue_LED_on
23f003dc W blue_LED_on
23f003e0 T __blue_LED_off
23f003e0 W blue_LED_off
23f003e4 T hang
23f003f4 t display_dram_config
23f0042c t display_banner
23f0044c t init_baudrate
23f004b8 T start_armboot
23f00654 T enable_interrupts
23f00658 T disable_interrupts
23f00660 T show_regs
23f007a0 T bad_mode
23f007bc T do_irq
23f007e0 T do_fiq
23f00804 T do_not_used
23f00828 T do_data_abort
23f0084c T do_prefetch_abort
23f00870 T do_software_interrupt
23f00894 T do_undefined_instruction
23f008b8 W cpu_eth_init
23f008b8 t __def_eth_init
23f008c0 T eth_get_dev
23f008d0 T eth_get_dev_by_index
23f00914 T eth_get_dev_index
23f00960 T eth_halt
23f00994 T eth_send
23f009c8 T eth_rx
23f009f4 T eth_get_name
23f00a14 T eth_get_dev_by_name
23f00a64 T eth_set_current
23f00b04 T eth_try_another
23f00bb4 T eth_register
23f00c40 T eth_setenv_enetaddr
23f00c78 T eth_parse_enetaddr
23f00cd8 T eth_getenv_enetaddr
23f00d30 T eth_getenv_enetaddr_by_index
23f00d7c T eth_init
23f00e40 T eth_initialize
23f010b4 t startAgainTimeout
23f010c8 t startAgainHandler
23f010cc T NetSetHandler
23f010dc T NetCksumOk
23f01134 T NetCksum
23f0117c T copy_filename
23f011d4 T string_to_VLAN
23f01228 T getenv_VLAN
23f01238 T NetEthHdrSize
23f0127c T VLAN_to_string
23f012c8 T ip_to_string
23f01318 T random_port
23f01334 T NetSetTimeout
23f01364 t NetCopyIP
23f0136c T NetSetIP
23f0148c T NetSetEther
23f01530 t NetReadIP
23f0154c t PingHandler
23f01574 T NetSendPacket
23f01578 T NetReceive
23f01b90 T ArpRequest
23f01c94 T PingSend
23f01e44 T NetSendUDPPacket
23f01f84 t PingTimeout
23f01fa0 T NetStartAgain
23f020ac T ArpTimeoutCheck
23f02120 t getenv_IPaddr
23f02130 T NetLoop
23f02538 t basename
23f02574 t rpc_add_credentials
23f02664 t rpc_lookup_reply
23f0273c t nfs_mount_reply
23f027ec t nfs_umountall_reply
23f02880 t nfs_lookup_reply
23f02928 t rpc_req
23f02a50 t rpc_lookup_req
23f02ad0 t nfs_mount_req
23f02b74 t nfs_umountall_req
23f02bcc t nfs_lookup_req
23f02c84 t nfs_read_req
23f02d24 t nfs_readlink_req
23f02d7c t NfsSend
23f02e10 T NfsStart
23f0304c t nfs_readlink_reply
23f03164 t nfs_read_reply
23f032d8 t NfsHandler
23f034bc t NfsTimeout
23f03514 T RarpRequest
23f03610 t RarpHandler
23f0366c t RarpTimeout
23f036b4 t TftpSend
23f03854 T TftpStart
23f03b38 t TftpTimeout
23f03b9c t TftpHandler
23f03e88 t NetCopyIP
23f03e90 t NetReadLong
23f03eac t DhcpOptionsProcess
23f040b4 t DhcpExtended
23f042cc t T.68
23f042e8 t DhcpHandler
23f04650 T BootpRequest
23f0481c T DhcpRequest
23f04820 t BootpTimeout
23f04868 T at91_set_pio_pullup
23f0489c T at91_set_pio_periph
23f048e0 T at91_set_a_periph
23f04928 T at91_set_b_periph
23f04970 T at91_set_pio_input
23f049c0 T at91_set_pio_output
23f04a0c T at91_set_pio_deglitch
23f04a48 T at91_set_pio_multi_drive
23f04a74 T at91_set_pio_value
23f04aa0 T at91_get_pio_value
23f04ad4 T nand_init
23f04b88 t generic_ffs
23f04bdc t nand_release_device
23f04bf4 t nand_read_byte
23f04c04 t nand_read_byte16
23f04c18 t nand_read_word
23f04c28 t nand_write_buf
23f04c54 t nand_read_buf
23f04c7c t nand_verify_buf
23f04cbc t nand_write_buf16
23f04cf0 t nand_read_buf16
23f04d24 t nand_verify_buf16
23f04d6c t nand_block_bad
23f04e5c t nand_check_wp
23f04e98 t nand_read_page_raw
23f04ed0 t nand_read_page_raw_syndrome
23f04fa0 t nand_read_page_swecc
23f050b0 t nand_read_subpage
23f0533c t nand_read_page_hwecc
23f05474 t nand_read_page_hwecc_oob_first
23f055b0 t nand_read_page_syndrome
23f056d4 t nand_read_oob_std
23f05718 t nand_read_oob_syndrome
23f05818 t nand_write_oob_std
23f05888 t nand_write_oob_syndrome
23f05a3c t nand_write_page_raw
23f05a70 t nand_write_page_raw_syndrome
23f05b3c t nand_write_page_swecc
23f05bf8 t nand_write_page_hwecc
23f05cc0 t nand_write_page_syndrome
23f05db0 t single_erase_cmd
23f05dec t multi_erase_cmd
23f05e78 t nand_sync
23f05e88 t nand_suspend
23f05e9c T nand_release
23f05ec4 t nand_resume
23f05ee4 T nand_scan_tail
23f064a0 t nand_select_chip
23f064fc t nand_block_checkbad
23f0657c t nand_block_isbad
23f065bc t nand_block_markbad
23f065f8 t nand_write_page
23f066c8 T nand_scan_ident
23f06c6c T nand_scan
23f06c8c t nand_fill_oob
23f06da4 t nand_do_write_oob
23f06f6c t nand_do_write_ops
23f07294 t nand_write_oob
23f07340 t nand_write
23f073e4 t nand_transfer_oob
23f074fc t nand_default_block_markbad
23f075ec T nand_erase_nand
23f07a30 t nand_erase
23f07a38 t nand_wait
23f07b28 T nand_wait_ready
23f07b6c t nand_do_read_ops
23f07f90 t nand_read_oob
23f08250 t nand_read
23f082e4 t nand_command
23f084b0 t nand_command_lp
23f08704 T nand_isbad_bbt
23f08754 t write_bbt
23f08dcc T nand_update_bbt
23f08f1c T nand_scan_bbt
23f09270 T nand_default_bbt
23f0931c T nand_calculate_ecc
23f09410 T nand_correct_data
23f09530 T board_nand_init
23f09560 t at91_nand_ready
23f0956c t at91_nand_hwcontrol
23f095c4 T lonPlat_init
23f095c8 T lonPlat_putc
23f095e4 T lonPlat_getc
23f09600 T lonPlat_tstc
23f09610 T serial_setbrg
23f09614 T serial_putc
23f09648 T serial_puts
23f09670 T serial_getc
23f0968c T serial_tstc
23f0969c T serial_init
23f096b4 W do_go_exec
23f096cc T do_go
23f09744 T __arch_preboot_os
23f09744 W arch_preboot_os
23f09748 T do_bootd
23f0976c t do_bootm_rtems
23f097a8 t do_bootm_netbsd
23f098c8 t bootm_load_os
23f09a20 t bootm_start
23f09de0 T do_bootm_subcommand
23f09f88 T do_bootm
23f0a21c T do_coninfo
23f0a2fc T do_echo
23f0a380 T do_exit
23f0a3b0 T do_fat_fsinfo
23f0a488 T do_fat_ls
23f0a590 T do_fat_fsload
23f0a714 T do_flerase
23f0a71c T do_protect
23f0a848 T do_flinfo
23f0a858 T do_help
23f0a8a0 t evalexp
23f0a90c T binary_test
23f0ab14 T do_itest
23f0abb0 T ktrans
23f0abd0 T chk1
23f0ac00 t bin_data_init
23f0ac18 t bin_data_char
23f0ac38 T k_data_init
23f0ac58 T k_data_save
23f0ac7c T k_data_restore
23f0aca0 T k_data_char
23f0ad14 T send_pad
23f0ad44 T s1_sendpacket
23f0ad70 T handle_send_packet
23f0af6c T send_nack
23f0afe4 T send_ack
23f0b05c t load_serial_ymodem
23f0b15c t getcxmodem
23f0b17c T do_load_serial_bin
23f0b648 T do_mem_crc
23f0b6f4 T do_mem_base
23f0b738 T do_mem_mtest
23f0b8e0 T do_mem_loop
23f0b9d8 T do_mem_mw
23f0ba98 T do_mem_cmp
23f0bc54 T do_mem_cp
23f0bde8 t mod_mem
23f0bf58 T do_mem_nm
23f0bf78 T do_mem_mm
23f0bf98 T do_mem_md
23f0c0d0 T do_sleep
23f0c154 t nand_print_info
23f0c1b0 t arg_off_size
23f0c2f0 T do_nandboot
23f0c634 t nand_dump
23f0c85c T do_nand
23f0d0b8 T do_ping
23f0d138 t netboot_common
23f0d440 T do_nfs
23f0d44c T do_dhcp
23f0d458 T do_rarpb
23f0d464 T do_tftpb
23f0d470 T do_bootp
23f0d47c T get_env_id
23f0d48c T envmatch
23f0d4ec T getenv_r
23f0d594 T do_saveenv
23f0d5c0 T getenv
23f0d630 T _do_setenv
23f0da9c T do_setenv
23f0dac8 T setenv
23f0db14 T do_editenv
23f0db80 t printenv
23f0dc60 T do_printenv
23f0dcf0 T do_false
23f0dcf8 T do_true
23f0dd00 T do_test
23f0e168 T usb_get_class_desc
23f0e208 T usb_display_ep_desc
23f0e2c8 T usb_display_class_sub
23f0e444 T do_usbboot
23f0e7e8 T usb_show_tree_graph
23f0ea08 T usb_show_tree
23f0ea3c T usb_display_desc
23f0eb6c T usb_display_string
23f0ebac T usb_display_if_desc
23f0ec34 T usb_display_conf_desc
23f0ece0 T usb_display_config
23f0ed6c T do_usb
23f0f2a8 T do_version
23f0f2c8 T do_imgextract
23f0f5a4 T cmd_get_data_size
23f0f5f4 T cmd_usage
23f0f654 T var_complete
23f0f6d4 T find_cmd_tbl
23f0f768 T find_cmd
23f0f790 T install_auto_complete
23f0f7fc T _do_help
23f0f978 T cmd_auto_complete
23f0fe04 t console_setfile
23f0fea4 T fgetc
23f0fecc T ftstc
23f0fef4 T fputc
23f0ff20 T fputs
23f0ff4c T disable_ctrlc
23f0ff64 T had_ctrlc
23f0ff74 T clear_ctrlc
23f0ff88 T dbg
23f0ff94 T getc
23f0ffac T tstc
23f0ffc4 T ctrlc
23f10010 T putc
23f1002c T puts
23f10048 T console_init_f
23f10068 T search_device
23f10090 T console_assign
23f100d0 T vprintf
23f100fc T printf
23f1013c T stdio_print_current_devices
23f101f4 T console_init_r
23f10348 T fprintf
23f10390 T serial_printf
23f103d0 T sbrk
23f10408 T malloc_trim
23f10518 T free
23f1073c T cfree
23f10740 T malloc
23f10d60 T memalign
23f10e70 T pvalloc
23f10e88 T valloc
23f10e94 T malloc_usable_size
23f10ed8 T mallopt
23f10f50 T calloc
23f11030 T mem_malloc_init
23f11058 T realloc
23f114c0 T env_get_char_memory
23f114e4 T env_get_addr
23f11508 T env_get_char
23f11550 T env_complete
23f11690 T env_crc_update
23f116bc T set_default_env
23f11700 T env_relocate
23f11748 T env_init
23f11770 T saveenv
23f117b0 T env_relocate_spec
23f117cc T env_get_char_spec
23f117ec t dummy
23f117f0 T get_version
23f117f8 T jumptable_init
23f119d0 T simple_itoa
23f11a24 t static_get
23f11a40 t static_peek
23f11a4c t file_peek
23f11a58 T mapset
23f11a84 T do_showvar
23f11b70 T u_boot_hush_start
23f11bc0 t xmalloc
23f11be0 T new_pipe
23f11c08 t file_get
23f11db4 t free_pipe_list
23f11e98 T unset_local_var
23f11f34 t xrealloc
23f11f54 t done_command
23f11fdc t initialize_context
23f12014 t done_pipe
23f1205c T reserved_word
23f121e4 t b_addchr
23f12258 t done_word
23f123d8 t b_addqchr
23f12424 t insert_var_value
23f125d0 T set_local_var
23f12780 T update_ifs_map
23f12848 t parse_stream_outer
23f12e8c T parse_file_outer
23f12ed0 T parse_string_outer
23f12fc0 t run_list_real
23f13818 T image_multi_count
23f1383c T get_table_entry_name
23f13868 T genimg_get_os_name
23f138a0 T genimg_get_arch_name
23f138d8 T genimg_get_type_name
23f13910 T genimg_get_comp_name
23f13948 T genimg_has_config
23f13950 T get_table_entry_id
23f1399c T genimg_get_comp_id
23f139b4 T genimg_get_type_id
23f139cc T genimg_get_arch_id
23f139e4 T genimg_get_os_id
23f139fc T genimg_get_format
23f13a30 t image_get_data_size
23f13a50 T image_multi_getimg
23f13af8 T genimg_get_image
23f13b6c T genimg_print_size
23f13b9c T image_print_contents
23f13ddc T memmove_wd
23f13de8 T getenv_bootm_low
23f13e1c T getenv_yesno
23f13e40 T getenv_bootm_size
23f13e74 T image_check_dcrc
23f13ec0 T image_check_hcrc
23f13f28 T boot_get_ramdisk
23f141a0 T lcd_setmem
23f141d4 T bitmap_plot
23f14300 t lcd_clear
23f14454 t console_newline
23f14510 T drv_lcd_init
23f145fc T lcd_putc
23f14880 T lcd_puts
23f148c0 T lcd_printf
23f14900 T __show_boot_progress
23f14900 W show_boot_progress
23f14904 T parse_line
23f14990 T do_run
23f14a00 T run_command
23f14dcc t delete_char
23f14ea8 t cread_add_char
23f14f94 T readline_into_buffer
23f158ac T readline
23f158c8 T main_loop
23f159c4 T stdio_get_list
23f159d0 T stdio_clone
23f15a18 T stdio_register
23f15a58 T stdio_init
23f15ae8 T stdio_get_by_name
23f15b34 T usb_disable_asynch
23f15b4c T usb_maxpacket
23f15b70 t usb_set_maxpacket_ep
23f15be0 T usb_set_maxpacket
23f15c44 T usb_get_dev_index
23f15c74 T usb_hub_reset
23f15c88 T usb_hub_allocate
23f15ccc T usb_alloc_new_device
23f15d6c T usb_parse_config
23f15ebc T usb_submit_int_msg
23f15ec0 T usb_stop
23f15ef4 T wait_ms
23f15f18 T usb_bulk_msg
23f15f7c T usb_control_msg
23f1604c T usb_get_port_status
23f160ac T usb_get_hub_status
23f16100 T usb_set_port_feature
23f16160 T usb_clear_port_feature
23f161c0 T usb_clear_hub_feature
23f16214 T usb_get_hub_descriptor
23f16274 T usb_get_string
23f162f0 t usb_string_sub
23f163f0 T usb_string
23f164f0 T usb_get_class_descriptor
23f16564 T usb_get_report
23f165d8 T usb_set_idle
23f1663c T usb_set_protocol
23f1669c T usb_set_configuration
23f16708 T usb_set_interface
23f167c8 T usb_set_address
23f1680c T usb_get_descriptor
23f16878 T usb_get_configuration_no
23f16910 T usb_clear_halt
23f169c0 t usb_hub_power_on
23f16a04 t hub_port_reset
23f16aa4 T usb_hub_port_connect_change
23f16b94 T usb_hub_configure
23f16dac T usb_hub_probe
23f16e08 T usb_new_device
23f170a4 T usb_scan_devices
23f1711c T usb_init
23f17198 T usb_stor_get_dev
23f171c0 t usb_stor_irq
23f171dc T usb_show_progress
23f171e8 T usb_storage_probe
23f17418 T usb_stor_BBB_clear_endpt_stall
23f17468 t usb_stor_BBB_reset
23f17550 t usb_stor_CB_reset
23f17638 T usb_stor_CB_comdat
23f17884 T usb_stor_BBB_comdat
23f17970 T usb_stor_BBB_transport
23f17b38 T usb_stor_CBI_get_status
23f17c18 T usb_stor_CB_transport
23f17e08 T usb_stor_info
23f17e78 t T.91
23f17ee0 t T.90
23f17f64 T usb_stor_get_info
23f181e0 T usb_stor_scan
23f18348 T usb_stor_read
23f18538 T usb_stor_write
23f18728 T parse_num
23f18854 T xyzModem_error
23f18874 T xyzModem_stream_close
23f188c4 T CYGACC_COMM_IF_PUTC
23f188cc T CYGACC_COMM_IF_GETC_TIMEOUT
23f18920 T xyzModem_stream_terminate
23f18a10 t xyzModem_get_hdr
23f18ccc T xyzModem_stream_read
23f18f48 T xyzModem_stream_open
23f1909c T Tl16c752_Send
23f190b8 T UartPuts
23f190f0 T Tl16c752_RxChk
23f19100 T dram_init
23f19120 T board_eth_init
23f19134 T reset_phy
23f1913c T board_init
23f195ac T lcd_show_board_info
23f19644 T lcd_disable
23f19654 T lcd_enable
23f19664 T cyg_crc16
23f196ac T crc32_no_comp
23f19798 T crc32
23f197ac T crc32_wd
23f197b0 T print_size
23f198f4 T display_options
23f19914 T print_buffer
23f19a84 T zunzip
23f19b74 T gunzip
23f19c28 T zfree
23f19c30 T zalloc
23f19c40 T string_to_ip
23f19cc0 T strcpy
23f19cdc T strncpy
23f19d04 T strcat
23f19d34 T strncat
23f19d90 T strcmp
23f19dc0 T strncmp
23f19e08 T strchr
23f19e34 T strrchr
23f19e70 T strlen
23f19e90 T strnlen
23f19eb8 T strspn
23f19efc T strpbrk
23f19f34 T strtok
23f1a000 T strsep
23f1a064 T strswab
23f1a0ac T memset
23f1a120 T bcopy
23f1a148 T memcpy
23f1a1b4 T memmove
23f1a210 T memcmp
23f1a248 T memscan
23f1a278 T strstr
23f1a2f8 T memchr
23f1a324 T strdup
23f1a37c T strmhz
23f1a3e8 T udelay
23f1a418 T simple_strtoul
23f1a4c8 T simple_strtol
23f1a4f0 T ustrtoul
23f1a55c T simple_strtoull
23f1a63c t put_dec_trunc
23f1a718 T panic
23f1a768 t string
23f1a810 t put_dec
23f1a944 t number
23f1ab90 T vsprintf
23f1b1e8 T sprintf
23f1b210 T inflate_fast
23f1b76c T inflate_table
23f1bd18 T inflateReset
23f1bdb4 T inflateInit2_
23f1beb4 T inflateInit_
23f1bec4 T inflateEnd
23f1bf48 T adler32
23f1c258 T zcfree
23f1c260 T zcalloc
23f1c268 T inflate
23f1d9ac T __div64_32
23f1daa0 T at91_serial_hw_init
23f1daa4 T at91_spi0_hw_init
23f1daa8 T at91_spi1_hw_init
23f1daac T at91_uhp_hw_init
23f1dad4 T at91_macb_hw_init
23f1db7c T get_cpu_clk_rate
23f1db8c T get_main_clk_rate
23f1db9c T get_mck_clk_rate
23f1dbac T get_plla_clk_rate
23f1dbbc T get_pllb_clk_rate
23f1dbcc T get_pllb_init
23f1dbdc T at91_clock_init
23f1dda4 T arch_cpu_init
23f1ddb0 T reset_cpu
23f1ddc8 T get_ticks
23f1de14 T reset_timer_masked
23f1de38 T reset_timer
23f1de5c T get_tbclk
23f1de64 T __udelay
23f1df3c T get_timer_masked
23f1dfbc T get_timer
23f1dfd0 T timer_init
23f1e038 T do_bootm_linux
23f1e1fc T flush_cache
23f1e200 T do_reset
23f1e230 T disk_read
23f1e27c t get_fatent
23f1e3e4 t get_cluster
23f1e48c t get_vfatname
23f1e724 t get_name
23f1e804 t read_bootsectandvi
23f1e8fc T file_fat_detectfs
23f1ea5c T do_fat_read
23f1f4a4 T file_fat_read
23f1f4dc T file_fat_ls
23f1f4ec T fat_register_device
23f1f5d8 T dev_print
23f1f7dc T get_partition_info
23f1f800 T init_part
23f1f81c T get_dev
23f1f87c T print_part
23f1f958 T test_part_dos
23f1f9ac t get_partition_info_extended
23f1fc38 T get_partition_info_dos
23f1fc58 t print_partition_extended
23f1fe84 T print_part_dos
23f1feb0 T AT91F_DataflashSelect
23f1fef8 T addr_dataflash
23f1ff18 T size_dataflash
23f1ff4c T prot_dataflash
23f1ffac T dataflash_real_protect
23f200c8 T dataflash_perror
23f20150 T dataflash_print_info
23f2027c T write_dataflash
23f20364 T read_dataflash
23f203f4 T AT91F_DataflashSetEnv
23f20464 T AT91F_DataflashInit
23f20628 T AT91F_DataFlashWriteBuffer
23f20710 T AT91F_DataFlashGetStatus
23f20768 T AT91F_DataflashProbe
23f20790 T AT91F_DataFlashWaitReady
23f207d4 T AT91F_DataFlashSendCommand
23f208e4 T AT91F_WriteBufferToMain
23f20934 T AT91F_BlockErase
23f20960 T AT91F_PageErase
23f20988 T AT91F_MainMemoryToBufferTransfert
23f209d4 T AT91F_PartialPageWrite
23f20a98 T AT91F_DataFlashWrite
23f20c10 T AT91F_DataFlashPagePgmBuf
23f20c4c T AT91F_DataFlashContinuousRead
23f20ca0 T AT91F_DataFlashRead
23f20d3c t nand_block_bad_scrub
23f20d44 T nand_upbbt_opts
23f20d48 t get_len_incl_bad
23f20dd8 T nand_read_skip_bad
23f20fb0 T nand_write_skip_bad
23f2118c T nand_erase_opts
23f214cc t macb_mdio_read
23f21528 t macb_halt
23f21554 T macb_eth_initialize
23f2166c t macb_recv
23f217e8 t macb_send
23f218bc t macb_init
23f21c20 T AT91F_SpiEnable
23f21c9c T AT91F_SpiWrite
23f21d74 T AT91F_SpiInit
23f21de4 T rh_check_port_status
23f21e30 t td_fill
23f21ec0 t td_submit_job
23f22104 t urb_free_priv
23f22148 t T.103
23f22208 T usb_lowlevel_init
23f22398 T usb_lowlevel_stop
23f223c8 T sohci_submit_job
23f22994 t hc_interrupt
23f22ed4 T usb_event_poll
23f22ed8 T submit_common_msg
23f2301c T submit_int_msg
23f23038 T submit_control_msg
23f2361c T submit_bulk_msg
23f23634 T usb_cpu_stop
23f23678 T usb_cpu_init_fail
23f236bc T usb_cpu_init
23f2370c T lcd_setcolreg
23f23738 T calc_fbsize
23f2375c T lcd_ctrl_init
23f238e8 T cleanup_before_linux
23f23908 T icache_enable
23f23948 T icache_disable
23f23988 T icache_status
23f23998 T dcache_enable
23f239d8 T dcache_disable
23f23a18 T dcache_status
23f23a28 T __aeabi_unwind_cpp_pr0
23f23a2c T raise
23f23a48 T __aeabi_uidiv
23f23a48 T __udivsi3
23f23b44 T __aeabi_uidivmod
23f23b5c T __aeabi_idiv
23f23b5c T __divsi3
23f23c88 T __aeabi_idivmod
23f23ca0 T __aeabi_llsr
23f23ca0 T __lshrdi3
23f23cbc T __aeabi_lasr
23f23cbc T __ashrdi3
23f23cd8 T __aeabi_llsl
23f23cd8 T __ashldi3
23f23cf4 T __div0
23f23d08 R version_string
23f23d38 r C.31.2977
23f23db8 r default_nand_name
23f23dc0 r __FUNCTION__.5913
23f23dd0 r __FUNCTION__.3708
23f23de4 r __func__.5733
23f23df8 r __FUNCTION__.5203
23f23e08 r __FUNCTION__.4536
23f23e1c r nand_ecc_precalc_table
23f23f1c r boot_os
23f23f68 r CSWTCH.69
23f23fc0 r video_fontdata
23f24fc0 r CSWTCH.88
23f24fc8 r CSWTCH.58
23f24fe8 r crc16_tab
23f251e8 r crc_table
23f255e8 r names.3069
23f255f0 r digits.3288
23f25600 R hex_asc
23f25614 r lext.3623
23f25654 r lbase.3622
23f25694 r dext.3625
23f256d4 r dbase.3624
23f25714 r lenfix
23f25f14 r distfix
23f25f94 r order.3932
23f25fbc R z_errmsg
23f25fe4 r block_drvr
23f25ff4 r cc_to_string
23f26034 r cc_to_error
23f2c7a4 D init_sequence
23f2c7d0 D NetOurVLAN
23f2c7d2 D NetOurNativeVLAN
23f2c7d4 D NetBcastAddr
23f2c7dc d nfs_offset
23f2c7e0 d TftpTimeoutMSecs
23f2c7e4 d TftpBlkSizeOption
23f2c7e8 d TftpTimeoutCountMax
23f2c7ec D TftpRRQTimeoutCountMax
23f2c7f0 d TftpBlkSize
23f2c7f4 D TftpRRQTimeoutMSecs
23f2c7f8 D nand_curr_device
23f2c7fc d nand_oob_8
23f2ca44 d nand_oob_16
23f2cc8c d nand_oob_64
23f2ced4 d nand_oob_128
23f2d11c d bbt_main_descr
23f2d140 d bbt_mirror_descr
23f2d164 d smallpage_flashbased
23f2d188 d largepage_flashbased
23f2d1ac d smallpage_memorybased
23f2d1d0 d largepage_memorybased
23f2d1f4 d bbt_pattern
23f2d1f8 d mirror_pattern
23f2d1fc d scan_ff_pattern
23f2d200 D nand_flash_ids
23f2d650 D nand_manuf_ids
23f2d6a0 D load_addr
23f2d6a4 d cmd_bootm_sub
23f2d74c D op_table
23f2d7b4 D dp_last_length
23f2d7b8 d env_id
23f2d7bc d usb_stor_curr_dev
23f2d7c0 d av_
23f2dbc8 d sbrk_base
23f2dbcc d trim_threshold
23f2dbd0 d mmap_threshold
23f2dbd4 D default_environment
23f2dc88 D env_name_spec
23f2dc8c d reserved_list
23f2dd10 d uimage_os
23f2dd58 d uimage_arch
23f2de3c d uimage_type
23f2decc d uimage_comp
23f2df14 D bmp_logo_palette
23f2df50 D bmp_logo_bitmap
23f34580 d erase_seq
23f34584 d tab_seq
23f34590 d hist_cur
23f34594 D stdio_names
23f345a0 D us_direction
23f345c0 D panel_info
23f345f4 D _ctype
23f346f4 d cur_part
23f346f8 d root_hub_dev_des
23f3470c d root_hub_config_des
23f34728 d root_hub_str_index0
23f3472c d root_hub_str_index1
23f34748 D cs
23f34750 D area_list
23f347f0 A __u_boot_cmd_start
23f347f0 D __u_boot_cmd_go
23f3480c D __u_boot_cmd_reset
23f34828 D __u_boot_cmd_bootm
23f34844 D __u_boot_cmd_boot
23f34860 D __u_boot_cmd_bootd
23f3487c D __u_boot_cmd_coninfo
23f34898 D __u_boot_cmd_echo
23f348b4 D __u_boot_cmd_exit
23f348d0 D __u_boot_cmd_fatload
23f348ec D __u_boot_cmd_fatls
23f34908 D __u_boot_cmd_fatinfo
23f34924 D __u_boot_cmd_flinfo
23f34940 D __u_boot_cmd_erase
23f3495c D __u_boot_cmd_protect
23f34978 D __u_boot_cmd_help
23f34994 D __u_boot_cmd_question_mark
23f349b0 D __u_boot_cmd_itest
23f349cc D __u_boot_cmd_loadb
23f349e8 D __u_boot_cmd_loady
23f34a04 D __u_boot_cmd_md
23f34a20 D __u_boot_cmd_mm
23f34a3c D __u_boot_cmd_nm
23f34a58 D __u_boot_cmd_mw
23f34a74 D __u_boot_cmd_cp
23f34a90 D __u_boot_cmd_cmp
23f34aac D __u_boot_cmd_crc32
23f34ac8 D __u_boot_cmd_base
23f34ae4 D __u_boot_cmd_loop
23f34b00 D __u_boot_cmd_mtest
23f34b1c D __u_boot_cmd_sleep
23f34b38 D __u_boot_cmd_nand
23f34b54 D __u_boot_cmd_nboot
23f34b70 D __u_boot_cmd_bootp
23f34b8c D __u_boot_cmd_tftpboot
23f34ba8 D __u_boot_cmd_rarpboot
23f34bc4 D __u_boot_cmd_dhcp
23f34be0 D __u_boot_cmd_nfs
23f34bfc D __u_boot_cmd_ping
23f34c18 D __u_boot_cmd_saveenv
23f34c34 D __u_boot_cmd_editenv
23f34c50 D __u_boot_cmd_printenv
23f34c6c D __u_boot_cmd_setenv
23f34c88 D __u_boot_cmd_run
23f34ca4 D __u_boot_cmd_test
23f34cc0 D __u_boot_cmd_false
23f34cdc D __u_boot_cmd_true
23f34cf8 D __u_boot_cmd_usb
23f34d14 D __u_boot_cmd_usbboot
23f34d30 D __u_boot_cmd_version
23f34d4c D __u_boot_cmd_imxtract
23f34d68 D __u_boot_cmd_showvar
23f34d84 D __u_boot_cmd_cls
23f34da0 A __bss_start
23f34da0 A __u_boot_cmd_end
23f34e00 B monitor_flash_len
23f34e04 b eth_current
23f34e08 b eth_devices
23f34e0c b act.3291
23f34e10 b env_changed_id.3292
23f34e14 b first_failed.3264
23f34e18 B NetState
23f34e1c b packetHandler
23f34e20 b timeHandler
23f34e24 b timeStart
23f34e28 b timeDelta
23f34e2c B NetIPID
23f34e30 B NetOurIP
23f34e34 B NetOurEther
23f34e3c B NetPingIP
23f34e40 B NetRxPacket
23f34e44 B NetRxPacketLen
23f34e48 B NetArpWaitPacketIP
23f34e4c B NetArpWaitPacketMAC
23f34e50 B NetArpWaitReplyIP
23f34e54 B NetArpWaitTxPacket
23f34e58 B NetArpWaitTxPacketSize
23f34e5c B NetServerIP
23f34e60 B NetServerEther
23f34e68 B NetTxPacket
23f34e6c B NetOurSubnetMask
23f34e70 B NetOurGatewayIP
23f34e74 b mac.3325
23f34e7c B NetEtherNullAddr
23f34e82 b PingSeqNo
23f34e84 B NetArpWaitTry
23f34e88 B NetArpWaitTimerStart
23f34e8c b NetTryCount
23f34e90 b NetRestarted
23f34e94 B NetRestartWrap
23f34e98 b NetDevExists
23f34e9c B PktBuf
23f36cbc B NetRxPackets
23f36ccc B NetArpWaitPacketBuf
23f372ec b env_changed_id.3124
23f372f0 B NetBootFileXferSize
23f372f4 B NetOurDNSIP
23f372f8 B NetOurNISDomain
23f37318 B NetOurHostName
23f37338 B NetOurRootPath
23f37378 B NetBootFileSize
23f3737c B BootFile
23f373fc b rpc_id
23f37400 b NfsSrvMountPort
23f37404 b NfsSrvNfsPort
23f37408 b fs_mounted
23f3740c b dirfh
23f3742c b filefh
23f3744c b NfsServerIP
23f37450 b NfsOurPort
23f37454 b NfsState
23f37458 b nfs_path
23f3745c b nfs_filename
23f37460 b nfs_len
23f37464 b NfsDownloadState
23f37468 b nfs_path_buff
23f37c68 b default_filename
23f37ca8 b NfsTimeoutCount
23f37cac B RarpTry
23f37cb0 b TftpState
23f37cb4 b tftp_filename
23f37d34 b TftpBlock
23f37d38 b TftpServerIP
23f37d3c b TftpServerPort
23f37d40 b TftpOurPort
23f37d44 b default_filename
23f37d54 b TftpTimeoutCount
23f37d58 b TftpBlockWrap
23f37d5c b TftpBlockWrapOffset
23f37d60 b TftpLastBlock
23f37d64 B dhcp_leasetime
23f37d68 B NetDHCPServerIP
23f37d6c B BootpID
23f37d70 B dhcp_state
23f37d74 B BootpTry
23f37d78 B nand_info
23f37e28 b nand_chip
23f37f40 b images
23f37fcc b os_data_state
23f37fd0 b os_data_addr
23f37fd4 b bin_start_address
23f37fd8 b k_data_escape
23f37fdc B os_data_init
23f37fe0 b k_data_escape_saved
23f37fe4 b os_data_state_saved
23f37fe8 b os_data_addr_saved
23f37fec B os_data_char
23f37ff0 B his_quote
23f37ff4 B his_pad_count
23f37ff8 B his_pad_char
23f37ff9 B his_eol
23f37ffc B send_ptr
23f38000 B send_parms
23f38014 b a_b
23f3802c b base_address
23f38030 B mm_last_addr
23f38034 B mm_last_size
23f38038 B dp_last_addr
23f3803c B dp_last_size
23f38040 b tmp_buf.3094
23f38240 b tmp_buf
23f38340 b ctrlc_disabled
23f38344 b ctrlc_was_pressed
23f38348 B mem_malloc_brk
23f3834c B mem_malloc_start
23f38350 B mem_malloc_end
23f38354 b current_mallinfo
23f3837c b top_pad
23f38380 b max_sbrked_mem
23f38384 b max_total_mem
23f38388 b n_mmaps_max
23f3838c B env_ptr
23f38390 b local.3277
23f383a8 b map
23f384a8 b top_vars
23f384ac b flag_repeat
23f384b0 b do_repeat
23f384b4 b the_command.3306
23f385b4 b buf.3989
23f385dc B last_return_code
23f385e0 b ifs
23f385e4 B nesting_level
23f385e8 B lcd_is_enabled
23f385ec b initted.3338
23f385f0 b hist_max
23f385f4 b hist_add_idx
23f385f8 B hist_num
23f385fc B hist_lines
23f39a10 B hist_list
23f39a60 B console_buffer
23f39b64 b devs
23f39ba0 B stdio_devices
23f39bac b asynch_allowed
23f39bb0 b usb_dev
23f444b0 b usb_hub_index
23f444b4 b hub_dev
23f445b4 b dev_index
23f445b8 B usb_started
23f445bc b setup_packet
23f445c4 b running
23f445c8 b usb_max_devs
23f445cc b usb_dev_desc
23f447e8 b CBWTag
23f447ec b usb_ccb
23f4487c b usb_stor_buf
23f44a7c b usb_stor
23f44b80 b xyz
23f44fbc B ___strtok
23f44fc0 b cpu_clk_rate_hz
23f44fc4 b main_clk_rate_hz
23f44fc8 b mck_rate_hz
23f44fcc b plla_rate_hz
23f44fd0 b pllb_rate_hz
23f44fd4 b at91_pllb_usb_init
23f44fd8 b lastinc
23f44fdc b timestamp
23f44fe0 b timer_freq
23f44fe4 b params
23f44fe8 b part_offset
23f44fec b cur_dev
23f44ff0 B get_vfatname_block
23f54ff0 B do_fat_read_block
23f64ff0 B get_dentfromdir_block
23f74ff0 b DataFlashInst
23f75000 b gohci
23f75148 B phcca
23f75200 B ghcca
23f75300 B ohci_dev
23f754a0 B gtd
23f764e0 B ptd
23f764e4 b ohci_inited
23f764e8 B devgone
23f76500 B lcd_line_length
23f76504 B lcd_color_fg
23f76508 B lcd_color_bg
23f7650c B lcd_base
23f76510 B lcd_console_address
23f76514 B console_col
23f76516 B console_row
23f76518 B dataflash_info
23f76604 A _end
