23f00000 T _start
23f00020 t _undefined_instruction
23f00024 t _software_interrupt
23f00028 t _prefetch_abort
23f0002c t _data_abort
23f00030 t _not_used
23f00034 t _irq
23f00038 t _fiq
23f00040 t _TEXT_BASE
23f00044 T _armboot_start
23f00048 T _bss_start
23f0004c T _bss_end
23f00050 t reset
23f00060 t stack_setup
23f00078 t clear_bss
23f00084 t clbss_l
23f000a0 t _start_armboot
23f000c0 t undefined_instruction
23f00120 t software_interrupt
23f00180 t prefetch_abort
23f001e0 t data_abort
23f00240 t not_used
23f002a0 t irq
23f00300 t fiq
23f00360 T yellow_LED_off
23f00370 T yellow_LED_on
23f00380 T green_LED_off
23f00390 T green_LED_on
23f003a0 T red_LED_off
23f003b0 T red_LED_on
23f003c0 T __coloured_LED_init
23f003c0 W coloured_LED_init
23f003c4 T __red_LED_on
23f003c8 T __red_LED_off
23f003cc T __green_LED_on
23f003d0 T __green_LED_off
23f003d4 T __yellow_LED_on
23f003d8 T __yellow_LED_off
23f003dc T __blue_LED_on
23f003dc W blue_LED_on
23f003e0 T __blue_LED_off
23f003e0 W blue_LED_off
23f003e4 T hang
23f003f4 t display_dram_config
23f0042c t display_banner
23f0044c t init_baudrate
23f004b8 T start_armboot
23f00654 T enable_interrupts
23f00658 T disable_interrupts
23f00660 T show_regs
23f007a0 T bad_mode
23f007bc T do_irq
23f007e0 T do_fiq
23f00804 T do_not_used
23f00828 T do_data_abort
23f0084c T do_prefetch_abort
23f00870 T do_software_interrupt
23f00894 T do_undefined_instruction
23f008b8 W cpu_eth_init
23f008b8 t __def_eth_init
23f008c0 T eth_get_dev
23f008d0 T eth_get_dev_by_index
23f00914 T eth_get_dev_index
23f00960 T eth_halt
23f00994 T eth_send
23f009c8 T eth_rx
23f009f4 T eth_get_name
23f00a14 T eth_get_dev_by_name
23f00a64 T eth_set_current
23f00b04 T eth_try_another
23f00bb4 T eth_register
23f00c40 T eth_setenv_enetaddr
23f00c78 T eth_parse_enetaddr
23f00cd8 T eth_getenv_enetaddr
23f00d30 T eth_getenv_enetaddr_by_index
23f00d7c T eth_init
23f00e40 T eth_initialize
23f010b4 t startAgainTimeout
23f010c8 t startAgainHandler
23f010cc T NetSetHandler
23f010dc T NetCksumOk
23f01134 T NetCksum
23f0117c T copy_filename
23f011d4 T string_to_VLAN
23f01228 T getenv_VLAN
23f01238 T NetEthHdrSize
23f0127c T VLAN_to_string
23f012c8 T ip_to_string
23f01318 T random_port
23f01334 T NetSetTimeout
23f01364 t NetCopyIP
23f0136c T NetSetIP
23f0148c T NetSetEther
23f01530 t NetReadIP
23f0154c t PingHandler
23f01574 T NetSendPacket
23f01578 T NetReceive
23f01b90 T ArpRequest
23f01c94 T PingSend
23f01e44 T NetSendUDPPacket
23f01f84 t PingTimeout
23f01fa0 T NetStartAgain
23f020ac T ArpTimeoutCheck
23f02120 t getenv_IPaddr
23f02130 T NetLoop
23f02538 t basename
23f02574 t rpc_add_credentials
23f02664 t rpc_lookup_reply
23f0273c t nfs_mount_reply
23f027ec t nfs_umountall_reply
23f02880 t nfs_lookup_reply
23f02928 t rpc_req
23f02a50 t rpc_lookup_req
23f02ad0 t nfs_mount_req
23f02b74 t nfs_umountall_req
23f02bcc t nfs_lookup_req
23f02c84 t nfs_read_req
23f02d24 t nfs_readlink_req
23f02d7c t NfsSend
23f02e10 T NfsStart
23f0304c t nfs_readlink_reply
23f03164 t nfs_read_reply
23f032d8 t NfsHandler
23f034bc t NfsTimeout
23f03514 T RarpRequest
23f03610 t RarpHandler
23f0366c t RarpTimeout
23f036b4 t TftpSend
23f03854 T TftpStart
23f03b38 t TftpTimeout
23f03b9c t TftpHandler
23f03e88 t NetCopyIP
23f03e90 t NetReadLong
23f03eac t DhcpOptionsProcess
23f040b4 t DhcpExtended
23f042cc t T.68
23f042e8 t DhcpHandler
23f04650 T BootpRequest
23f0481c T DhcpRequest
23f04820 t BootpTimeout
23f04868 T at91_set_pio_pullup
23f0489c T at91_set_pio_periph
23f048e0 T at91_set_a_periph
23f04928 T at91_set_b_periph
23f04970 T at91_set_pio_input
23f049c0 T at91_set_pio_output
23f04a0c T at91_set_pio_deglitch
23f04a48 T at91_set_pio_multi_drive
23f04a74 T at91_set_pio_value
23f04aa0 T at91_get_pio_value
23f04ad4 T nand_init
23f04b88 t generic_ffs
23f04bdc t nand_release_device
23f04bf4 t nand_read_byte
23f04c04 t nand_read_byte16
23f04c18 t nand_read_word
23f04c28 t nand_write_buf
23f04c54 t nand_read_buf
23f04c7c t nand_verify_buf
23f04cbc t nand_write_buf16
23f04cf0 t nand_read_buf16
23f04d24 t nand_verify_buf16
23f04d6c t nand_block_bad
23f04e5c t nand_check_wp
23f04e98 t nand_read_page_raw
23f04ed0 t nand_read_page_raw_syndrome
23f04fa0 t nand_read_page_swecc
23f050b0 t nand_read_subpage
23f0533c t nand_read_page_hwecc
23f05474 t nand_read_page_hwecc_oob_first
23f055b0 t nand_read_page_syndrome
23f056d4 t nand_read_oob_std
23f05718 t nand_read_oob_syndrome
23f05818 t nand_write_oob_std
23f05888 t nand_write_oob_syndrome
23f05a3c t nand_write_page_raw
23f05a70 t nand_write_page_raw_syndrome
23f05b3c t nand_write_page_swecc
23f05bf8 t nand_write_page_hwecc
23f05cc0 t nand_write_page_syndrome
23f05db0 t single_erase_cmd
23f05dec t multi_erase_cmd
23f05e78 t nand_sync
23f05e88 t nand_suspend
23f05e9c T nand_release
23f05ec4 t nand_resume
23f05ee4 T nand_scan_tail
23f064a0 t nand_select_chip
23f064fc t nand_block_checkbad
23f065b0 t nand_block_isbad
23f065f0 t nand_block_markbad
23f0662c t nand_write_page
23f066fc T nand_scan_ident
23f06ca0 T nand_scan
23f06cc0 t nand_fill_oob
23f06dd8 t nand_do_write_oob
23f06fa0 t nand_do_write_ops
23f072c8 t nand_write_oob
23f07374 t nand_write
23f07434 t nand_transfer_oob
23f0754c t nand_default_block_markbad
23f0763c T nand_erase_nand
23f07a3c t nand_erase
23f07a44 t nand_wait
23f07b4c T nand_wait_ready
23f07b90 t nand_do_read_ops
23f07fb4 t nand_read_oob
23f08274 t nand_read
23f08308 t nand_command
23f084d4 t nand_command_lp
23f08728 T nand_isbad_bbt
23f08790 t scan_read_raw
23f08800 t create_bbt
23f08b64 t search_bbt
23f08e2c t read_bbt
23f09064 t read_abs_bbt
23f09150 t write_bbt
23f097c8 T nand_update_bbt
23f09918 t mark_bbt_region
23f09a94 T nand_scan_bbt
23f09f80 T nand_default_bbt
23f0a07c T nand_calculate_ecc
23f0a170 T nand_correct_data
23f0a290 T board_nand_init
23f0a2c0 t at91_nand_ready
23f0a2cc t at91_nand_hwcontrol
23f0a324 T lonPlat_init
23f0a328 T lonPlat_putc
23f0a344 T lonPlat_getc
23f0a360 T lonPlat_tstc
23f0a370 T serial_setbrg
23f0a374 T serial_putc
23f0a3a8 T serial_puts
23f0a3d0 T serial_getc
23f0a3ec T serial_tstc
23f0a3fc T serial_init
23f0a414 W do_go_exec
23f0a42c T do_go
23f0a4a4 T __arch_preboot_os
23f0a4a4 W arch_preboot_os
23f0a4a8 T do_bootd
23f0a4cc t do_bootm_rtems
23f0a508 t do_bootm_netbsd
23f0a628 t bootm_load_os
23f0a780 t bootm_start
23f0ab40 T do_bootm_subcommand
23f0ace8 T do_bootm
23f0af7c T do_coninfo
23f0b05c T do_echo
23f0b0e0 T do_exit
23f0b110 T do_fat_fsinfo
23f0b1e8 T do_fat_ls
23f0b2f0 T do_fat_fsload
23f0b474 T do_flerase
23f0b47c T do_protect
23f0b5a8 T do_flinfo
23f0b5b8 T do_help
23f0b600 t evalexp
23f0b66c T binary_test
23f0b874 T do_itest
23f0b910 T ktrans
23f0b930 T chk1
23f0b960 t bin_data_init
23f0b978 t bin_data_char
23f0b998 T k_data_init
23f0b9b8 T k_data_save
23f0b9dc T k_data_restore
23f0ba00 T k_data_char
23f0ba74 T send_pad
23f0baa4 T s1_sendpacket
23f0bad0 T handle_send_packet
23f0bccc T send_nack
23f0bd44 T send_ack
23f0bdbc t load_serial_ymodem
23f0bebc t getcxmodem
23f0bedc T do_load_serial_bin
23f0c3a8 T do_mem_crc
23f0c454 T do_mem_base
23f0c498 T do_mem_mtest
23f0c640 T do_mem_loop
23f0c738 T do_mem_mw
23f0c7f8 T do_mem_cmp
23f0c9b4 T do_mem_cp
23f0cb48 t mod_mem
23f0ccb8 T do_mem_nm
23f0ccd8 T do_mem_mm
23f0ccf8 T do_mem_md
23f0ce30 T do_sleep
23f0ceb4 t nand_print_info
23f0cf10 t arg_off_size
23f0d050 T do_nandboot
23f0d394 t nand_dump
23f0d5bc T do_nand
23f0de1c T do_ping
23f0de9c t netboot_common
23f0e1a4 T do_nfs
23f0e1b0 T do_dhcp
23f0e1bc T do_rarpb
23f0e1c8 T do_tftpb
23f0e1d4 T do_bootp
23f0e1e0 T get_env_id
23f0e1f0 T envmatch
23f0e250 T getenv_r
23f0e2f8 T do_saveenv
23f0e324 T getenv
23f0e394 T _do_setenv
23f0e800 T do_setenv
23f0e82c T setenv
23f0e878 T do_editenv
23f0e8e4 t printenv
23f0e9c4 T do_printenv
23f0ea54 T do_false
23f0ea5c T do_true
23f0ea64 T do_test
23f0eecc T usb_get_class_desc
23f0ef6c T usb_display_ep_desc
23f0f02c T usb_display_class_sub
23f0f1a8 T do_usbboot
23f0f54c T usb_show_tree_graph
23f0f76c T usb_show_tree
23f0f7a0 T usb_display_desc
23f0f8d0 T usb_display_string
23f0f910 T usb_display_if_desc
23f0f998 T usb_display_conf_desc
23f0fa44 T usb_display_config
23f0fad0 T do_usb
23f1000c T do_version
23f1002c T do_imgextract
23f10308 T cmd_get_data_size
23f10358 T cmd_usage
23f103b8 T var_complete
23f10438 T find_cmd_tbl
23f104cc T find_cmd
23f104f4 T install_auto_complete
23f10560 T _do_help
23f106dc T cmd_auto_complete
23f10b68 t console_setfile
23f10c08 T fgetc
23f10c30 T ftstc
23f10c58 T fputc
23f10c84 T fputs
23f10cb0 T disable_ctrlc
23f10cc8 T had_ctrlc
23f10cd8 T clear_ctrlc
23f10cec T dbg
23f10cf8 T getc
23f10d10 T tstc
23f10d28 T ctrlc
23f10d74 T putc
23f10d90 T puts
23f10dac T console_init_f
23f10dcc T search_device
23f10df4 T console_assign
23f10e34 T vprintf
23f10e60 T printf
23f10ea0 T stdio_print_current_devices
23f10f58 T console_init_r
23f110ac T fprintf
23f110f4 T serial_printf
23f11134 T sbrk
23f1116c T malloc_trim
23f1127c T free
23f114a0 T cfree
23f114a4 T malloc
23f11ac4 T memalign
23f11bd4 T pvalloc
23f11bec T valloc
23f11bf8 T malloc_usable_size
23f11c3c T mallopt
23f11cb4 T calloc
23f11d94 T mem_malloc_init
23f11dbc T realloc
23f12224 T env_get_char_memory
23f12248 T env_get_addr
23f1226c T env_get_char
23f122b4 T env_complete
23f123f4 T env_crc_update
23f12420 T set_default_env
23f12464 T env_relocate
23f124ac T env_init
23f124d4 T saveenv
23f12514 T env_relocate_spec
23f12530 T env_get_char_spec
23f12550 t dummy
23f12554 T get_version
23f1255c T jumptable_init
23f12734 T simple_itoa
23f12788 t static_get
23f127a4 t static_peek
23f127b0 t file_peek
23f127bc T mapset
23f127e8 T do_showvar
23f128d4 T u_boot_hush_start
23f12924 t xmalloc
23f12944 T new_pipe
23f1296c t file_get
23f12b18 t free_pipe_list
23f12bfc T unset_local_var
23f12c98 t xrealloc
23f12cb8 t done_command
23f12d40 t initialize_context
23f12d78 t done_pipe
23f12dc0 T reserved_word
23f12f48 t b_addchr
23f12fbc t done_word
23f1313c t b_addqchr
23f13188 t insert_var_value
23f13334 T set_local_var
23f134e4 T update_ifs_map
23f135ac t parse_stream_outer
23f13bf0 T parse_file_outer
23f13c34 T parse_string_outer
23f13d24 t run_list_real
23f1457c T image_multi_count
23f145a0 T get_table_entry_name
23f145cc T genimg_get_os_name
23f14604 T genimg_get_arch_name
23f1463c T genimg_get_type_name
23f14674 T genimg_get_comp_name
23f146ac T genimg_has_config
23f146b4 T get_table_entry_id
23f14700 T genimg_get_comp_id
23f14718 T genimg_get_type_id
23f14730 T genimg_get_arch_id
23f14748 T genimg_get_os_id
23f14760 T genimg_get_format
23f14794 t image_get_data_size
23f147b4 T image_multi_getimg
23f1485c T genimg_get_image
23f148d0 T genimg_print_size
23f14900 T image_print_contents
23f14b40 T memmove_wd
23f14b4c T getenv_bootm_low
23f14b80 T getenv_yesno
23f14ba4 T getenv_bootm_size
23f14bd8 T image_check_dcrc
23f14c24 T image_check_hcrc
23f14c8c T boot_get_ramdisk
23f14f04 T lcd_setmem
23f14f38 T bitmap_plot
23f15064 t lcd_clear
23f151b8 t console_newline
23f15274 T drv_lcd_init
23f15360 T lcd_putc
23f155e4 T lcd_puts
23f15624 T lcd_printf
23f15664 T __show_boot_progress
23f15664 W show_boot_progress
23f15668 T parse_line
23f156f4 T do_run
23f15764 T run_command
23f15b30 t delete_char
23f15c0c t cread_add_char
23f15cf8 T readline_into_buffer
23f16610 T readline
23f1662c T main_loop
23f16728 T stdio_get_list
23f16734 T stdio_clone
23f1677c T stdio_register
23f167bc T stdio_init
23f1684c T stdio_get_by_name
23f16898 T usb_disable_asynch
23f168b0 T usb_maxpacket
23f168d4 t usb_set_maxpacket_ep
23f16944 T usb_set_maxpacket
23f169a8 T usb_get_dev_index
23f169d8 T usb_hub_reset
23f169ec T usb_hub_allocate
23f16a30 T usb_alloc_new_device
23f16ad0 T usb_parse_config
23f16c20 T usb_submit_int_msg
23f16c24 T usb_stop
23f16c58 T wait_ms
23f16c7c T usb_bulk_msg
23f16ce0 T usb_control_msg
23f16db0 T usb_get_port_status
23f16e10 T usb_get_hub_status
23f16e64 T usb_set_port_feature
23f16ec4 T usb_clear_port_feature
23f16f24 T usb_clear_hub_feature
23f16f78 T usb_get_hub_descriptor
23f16fd8 T usb_get_string
23f17054 t usb_string_sub
23f17154 T usb_string
23f17254 T usb_get_class_descriptor
23f172c8 T usb_get_report
23f1733c T usb_set_idle
23f173a0 T usb_set_protocol
23f17400 T usb_set_configuration
23f1746c T usb_set_interface
23f1752c T usb_set_address
23f17570 T usb_get_descriptor
23f175dc T usb_get_configuration_no
23f17674 T usb_clear_halt
23f17724 t usb_hub_power_on
23f17768 t hub_port_reset
23f17808 T usb_hub_port_connect_change
23f178f8 T usb_hub_configure
23f17b10 T usb_hub_probe
23f17b6c T usb_new_device
23f17e08 T usb_scan_devices
23f17e80 T usb_init
23f17efc T usb_stor_get_dev
23f17f24 t usb_stor_irq
23f17f40 T usb_show_progress
23f17f4c T usb_storage_probe
23f1817c T usb_stor_BBB_clear_endpt_stall
23f181cc t usb_stor_BBB_reset
23f182b4 t usb_stor_CB_reset
23f1839c T usb_stor_CB_comdat
23f185e8 T usb_stor_BBB_comdat
23f186d4 T usb_stor_BBB_transport
23f1889c T usb_stor_CBI_get_status
23f1897c T usb_stor_CB_transport
23f18b6c T usb_stor_info
23f18bdc t T.91
23f18c44 t T.90
23f18cc8 T usb_stor_get_info
23f18f44 T usb_stor_scan
23f190ac T usb_stor_read
23f1929c T usb_stor_write
23f1948c T parse_num
23f195b8 T xyzModem_error
23f195d8 T xyzModem_stream_close
23f19628 T CYGACC_COMM_IF_PUTC
23f19630 T CYGACC_COMM_IF_GETC_TIMEOUT
23f19684 T xyzModem_stream_terminate
23f19774 t xyzModem_get_hdr
23f19a30 T xyzModem_stream_read
23f19cac T xyzModem_stream_open
23f19e00 T Tl16c752_Send
23f19e1c T UartPuts
23f19e54 T Tl16c752_RxChk
23f19e64 T dram_init
23f19e84 T board_eth_init
23f19e98 T reset_phy
23f19ea0 T board_init
23f1a310 T lcd_show_board_info
23f1a3a8 T lcd_disable
23f1a3b8 T lcd_enable
23f1a3c8 T cyg_crc16
23f1a410 T crc32_no_comp
23f1a4fc T crc32
23f1a510 T crc32_wd
23f1a514 T print_size
23f1a658 T display_options
23f1a678 T print_buffer
23f1a7e8 T zunzip
23f1a8d8 T gunzip
23f1a98c T zfree
23f1a994 T zalloc
23f1a9a4 T string_to_ip
23f1aa24 T strcpy
23f1aa40 T strncpy
23f1aa68 T strcat
23f1aa98 T strncat
23f1aaf4 T strcmp
23f1ab24 T strncmp
23f1ab6c T strchr
23f1ab98 T strrchr
23f1abd4 T strlen
23f1abf4 T strnlen
23f1ac1c T strspn
23f1ac60 T strpbrk
23f1ac98 T strtok
23f1ad64 T strsep
23f1adc8 T strswab
23f1ae10 T memset
23f1ae84 T bcopy
23f1aeac T memcpy
23f1af18 T memmove
23f1af74 T memcmp
23f1afac T memscan
23f1afdc T strstr
23f1b05c T memchr
23f1b088 T strdup
23f1b0e0 T strmhz
23f1b14c T udelay
23f1b17c T simple_strtoul
23f1b22c T simple_strtol
23f1b254 T ustrtoul
23f1b2c0 T simple_strtoull
23f1b3a0 t put_dec_trunc
23f1b47c T panic
23f1b4cc t string
23f1b574 t put_dec
23f1b6a8 t number
23f1b8f4 T vsprintf
23f1bf4c T sprintf
23f1bf74 T inflate_fast
23f1c4d0 T inflate_table
23f1ca7c T inflateReset
23f1cb18 T inflateInit2_
23f1cc18 T inflateInit_
23f1cc28 T inflateEnd
23f1ccac T adler32
23f1cfbc T zcfree
23f1cfc4 T zcalloc
23f1cfcc T inflate
23f1e710 T __div64_32
23f1e804 T at91_serial_hw_init
23f1e808 T at91_spi0_hw_init
23f1e80c T at91_spi1_hw_init
23f1e810 T at91_uhp_hw_init
23f1e838 T at91_macb_hw_init
23f1e8e0 T get_cpu_clk_rate
23f1e8f0 T get_main_clk_rate
23f1e900 T get_mck_clk_rate
23f1e910 T get_plla_clk_rate
23f1e920 T get_pllb_clk_rate
23f1e930 T get_pllb_init
23f1e940 T at91_clock_init
23f1eb08 T arch_cpu_init
23f1eb14 T reset_cpu
23f1eb2c T get_ticks
23f1eb78 T reset_timer_masked
23f1eb9c T reset_timer
23f1ebc0 T get_tbclk
23f1ebc8 T __udelay
23f1eca0 T get_timer_masked
23f1ed20 T get_timer
23f1ed34 T timer_init
23f1ed9c T do_bootm_linux
23f1ef60 T flush_cache
23f1ef64 T do_reset
23f1ef94 T disk_read
23f1efe0 t get_fatent
23f1f148 t get_cluster
23f1f1f0 t get_vfatname
23f1f488 t get_name
23f1f568 t read_bootsectandvi
23f1f660 T file_fat_detectfs
23f1f7c0 T do_fat_read
23f20208 T file_fat_read
23f20240 T file_fat_ls
23f20250 T fat_register_device
23f2033c T dev_print
23f20540 T get_partition_info
23f20564 T init_part
23f20580 T get_dev
23f205e0 T print_part
23f206bc T test_part_dos
23f20710 t get_partition_info_extended
23f2099c T get_partition_info_dos
23f209bc t print_partition_extended
23f20be8 T print_part_dos
23f20c14 T AT91F_DataflashSelect
23f20c5c T addr_dataflash
23f20c7c T size_dataflash
23f20cb0 T prot_dataflash
23f20d10 T dataflash_real_protect
23f20e2c T dataflash_perror
23f20eb4 T dataflash_print_info
23f20fe0 T write_dataflash
23f210c8 T read_dataflash
23f21158 T AT91F_DataflashSetEnv
23f211c8 T AT91F_DataflashInit
23f2138c T AT91F_DataFlashWriteBuffer
23f21474 T AT91F_DataFlashGetStatus
23f214cc T AT91F_DataflashProbe
23f214f4 T AT91F_DataFlashWaitReady
23f21538 T AT91F_DataFlashSendCommand
23f21648 T AT91F_WriteBufferToMain
23f21698 T AT91F_BlockErase
23f216c4 T AT91F_PageErase
23f216ec T AT91F_MainMemoryToBufferTransfert
23f21738 T AT91F_PartialPageWrite
23f217fc T AT91F_DataFlashWrite
23f21974 T AT91F_DataFlashPagePgmBuf
23f219b0 T AT91F_DataFlashContinuousRead
23f21a04 T AT91F_DataFlashRead
23f21aa0 t nand_block_bad_scrub
23f21aa8 t get_len_incl_bad
23f21b38 T nand_read_skip_bad
23f21d10 T nand_write_skip_bad
23f21eec T nand_erase_opts
23f22270 t macb_mdio_read
23f222cc t macb_halt
23f222f8 T macb_eth_initialize
23f22410 t macb_recv
23f2258c t macb_send
23f22660 t macb_init
23f229c4 T AT91F_SpiEnable
23f22a40 T AT91F_SpiWrite
23f22b18 T AT91F_SpiInit
23f22b88 T rh_check_port_status
23f22bd4 t td_fill
23f22c64 t td_submit_job
23f22ea8 t urb_free_priv
23f22eec t T.103
23f22fac T usb_lowlevel_init
23f2313c T usb_lowlevel_stop
23f2316c T sohci_submit_job
23f23738 t hc_interrupt
23f23c78 T usb_event_poll
23f23c7c T submit_common_msg
23f23dc0 T submit_int_msg
23f23ddc T submit_control_msg
23f243c0 T submit_bulk_msg
23f243d8 T usb_cpu_stop
23f2441c T usb_cpu_init_fail
23f24460 T usb_cpu_init
23f244b0 T lcd_setcolreg
23f244dc T calc_fbsize
23f24500 T lcd_ctrl_init
23f2468c T cleanup_before_linux
23f246ac T icache_enable
23f246ec T icache_disable
23f2472c T icache_status
23f2473c T dcache_enable
23f2477c T dcache_disable
23f247bc T dcache_status
23f247cc T __aeabi_unwind_cpp_pr0
23f247d0 T raise
23f247ec T __aeabi_uidiv
23f247ec T __udivsi3
23f248e8 T __aeabi_uidivmod
23f24900 T __aeabi_idiv
23f24900 T __divsi3
23f24a2c T __aeabi_idivmod
23f24a44 T __aeabi_llsr
23f24a44 T __lshrdi3
23f24a60 T __aeabi_lasr
23f24a60 T __ashrdi3
23f24a7c T __aeabi_llsl
23f24a7c T __ashldi3
23f24a98 T __div0
23f24aac R version_string
23f24adc r C.31.2977
23f24b5c r default_nand_name
23f24b64 r __FUNCTION__.5912
23f24b74 r __FUNCTION__.3708
23f24b88 r __func__.5732
23f24b9c r __FUNCTION__.5203
23f24bac r __FUNCTION__.4536
23f24bc0 r nand_ecc_precalc_table
23f24cc0 r boot_os
23f24d0c r CSWTCH.69
23f24d64 r video_fontdata
23f25d64 r CSWTCH.88
23f25d6c r CSWTCH.58
23f25d8c r crc16_tab
23f25f8c r crc_table
23f2638c r names.3069
23f26394 r digits.3288
23f263a4 R hex_asc
23f263b8 r lext.3623
23f263f8 r lbase.3622
23f26438 r dext.3625
23f26478 r dbase.3624
23f264b8 r lenfix
23f26cb8 r distfix
23f26d38 r order.3932
23f26d60 R z_errmsg
23f26d88 r block_drvr
23f26d98 r cc_to_string
23f26dd8 r cc_to_error
23f2d8dc D init_sequence
23f2d908 D NetOurVLAN
23f2d90a D NetOurNativeVLAN
23f2d90c D NetBcastAddr
23f2d914 d nfs_offset
23f2d918 d TftpTimeoutMSecs
23f2d91c d TftpBlkSizeOption
23f2d920 d TftpTimeoutCountMax
23f2d924 D TftpRRQTimeoutCountMax
23f2d928 d TftpBlkSize
23f2d92c D TftpRRQTimeoutMSecs
23f2d930 D nand_curr_device
23f2d934 d nand_oob_8
23f2db7c d nand_oob_16
23f2ddc4 d nand_oob_64
23f2e00c d nand_oob_128
23f2e254 d bbt_main_descr
23f2e278 d bbt_mirror_descr
23f2e29c d agand_flashbased
23f2e2c0 d smallpage_flashbased
23f2e2e4 d largepage_flashbased
23f2e308 d smallpage_memorybased
23f2e32c d largepage_memorybased
23f2e350 d bbt_pattern
23f2e354 d mirror_pattern
23f2e358 d scan_agand_pattern
23f2e360 d scan_ff_pattern
23f2e364 D nand_flash_ids
23f2e7b4 D nand_manuf_ids
23f2e804 D load_addr
23f2e808 d cmd_bootm_sub
23f2e8b0 D op_table
23f2e918 D dp_last_length
23f2e91c d env_id
23f2e920 d usb_stor_curr_dev
23f2e924 d av_
23f2ed2c d sbrk_base
23f2ed30 d trim_threshold
23f2ed34 d mmap_threshold
23f2ed38 D default_environment
23f2edec D env_name_spec
23f2edf0 d reserved_list
23f2ee74 d uimage_os
23f2eebc d uimage_arch
23f2efa0 d uimage_type
23f2f030 d uimage_comp
23f2f078 D bmp_logo_palette
23f2f0b4 D bmp_logo_bitmap
23f356e4 d erase_seq
23f356e8 d tab_seq
23f356f4 d hist_cur
23f356f8 D stdio_names
23f35704 D us_direction
23f35724 D panel_info
23f35758 D _ctype
23f35858 d cur_part
23f3585c d root_hub_dev_des
23f35870 d root_hub_config_des
23f3588c d root_hub_str_index0
23f35890 d root_hub_str_index1
23f358ac D cs
23f358b4 D area_list
23f35954 A __u_boot_cmd_start
23f35954 D __u_boot_cmd_go
23f35970 D __u_boot_cmd_reset
23f3598c D __u_boot_cmd_bootm
23f359a8 D __u_boot_cmd_boot
23f359c4 D __u_boot_cmd_bootd
23f359e0 D __u_boot_cmd_coninfo
23f359fc D __u_boot_cmd_echo
23f35a18 D __u_boot_cmd_exit
23f35a34 D __u_boot_cmd_fatload
23f35a50 D __u_boot_cmd_fatls
23f35a6c D __u_boot_cmd_fatinfo
23f35a88 D __u_boot_cmd_flinfo
23f35aa4 D __u_boot_cmd_erase
23f35ac0 D __u_boot_cmd_protect
23f35adc D __u_boot_cmd_help
23f35af8 D __u_boot_cmd_question_mark
23f35b14 D __u_boot_cmd_itest
23f35b30 D __u_boot_cmd_loadb
23f35b4c D __u_boot_cmd_loady
23f35b68 D __u_boot_cmd_md
23f35b84 D __u_boot_cmd_mm
23f35ba0 D __u_boot_cmd_nm
23f35bbc D __u_boot_cmd_mw
23f35bd8 D __u_boot_cmd_cp
23f35bf4 D __u_boot_cmd_cmp
23f35c10 D __u_boot_cmd_crc32
23f35c2c D __u_boot_cmd_base
23f35c48 D __u_boot_cmd_loop
23f35c64 D __u_boot_cmd_mtest
23f35c80 D __u_boot_cmd_sleep
23f35c9c D __u_boot_cmd_nand
23f35cb8 D __u_boot_cmd_nboot
23f35cd4 D __u_boot_cmd_bootp
23f35cf0 D __u_boot_cmd_tftpboot
23f35d0c D __u_boot_cmd_rarpboot
23f35d28 D __u_boot_cmd_dhcp
23f35d44 D __u_boot_cmd_nfs
23f35d60 D __u_boot_cmd_ping
23f35d7c D __u_boot_cmd_saveenv
23f35d98 D __u_boot_cmd_editenv
23f35db4 D __u_boot_cmd_printenv
23f35dd0 D __u_boot_cmd_setenv
23f35dec D __u_boot_cmd_run
23f35e08 D __u_boot_cmd_test
23f35e24 D __u_boot_cmd_false
23f35e40 D __u_boot_cmd_true
23f35e5c D __u_boot_cmd_usb
23f35e78 D __u_boot_cmd_usbboot
23f35e94 D __u_boot_cmd_version
23f35eb0 D __u_boot_cmd_imxtract
23f35ecc D __u_boot_cmd_showvar
23f35ee8 D __u_boot_cmd_cls
23f35f04 A __bss_start
23f35f04 A __u_boot_cmd_end
23f36000 B monitor_flash_len
23f36004 b eth_current
23f36008 b eth_devices
23f3600c b act.3291
23f36010 b env_changed_id.3292
23f36014 b first_failed.3264
23f36018 B NetState
23f3601c b packetHandler
23f36020 b timeHandler
23f36024 b timeStart
23f36028 b timeDelta
23f3602c B NetIPID
23f36030 B NetOurIP
23f36034 B NetOurEther
23f3603c B NetPingIP
23f36040 B NetRxPacket
23f36044 B NetRxPacketLen
23f36048 B NetArpWaitPacketIP
23f3604c B NetArpWaitPacketMAC
23f36050 B NetArpWaitReplyIP
23f36054 B NetArpWaitTxPacket
23f36058 B NetArpWaitTxPacketSize
23f3605c B NetServerIP
23f36060 B NetServerEther
23f36068 B NetTxPacket
23f3606c B NetOurSubnetMask
23f36070 B NetOurGatewayIP
23f36074 b mac.3325
23f3607c B NetEtherNullAddr
23f36082 b PingSeqNo
23f36084 B NetArpWaitTry
23f36088 B NetArpWaitTimerStart
23f3608c b NetTryCount
23f36090 b NetRestarted
23f36094 B NetRestartWrap
23f36098 b NetDevExists
23f3609c B PktBuf
23f37ebc B NetRxPackets
23f37ecc B NetArpWaitPacketBuf
23f384ec b env_changed_id.3124
23f384f0 B NetBootFileXferSize
23f384f4 B NetOurDNSIP
23f384f8 B NetOurNISDomain
23f38518 B NetOurHostName
23f38538 B NetOurRootPath
23f38578 B NetBootFileSize
23f3857c B BootFile
23f385fc b rpc_id
23f38600 b NfsSrvMountPort
23f38604 b NfsSrvNfsPort
23f38608 b fs_mounted
23f3860c b dirfh
23f3862c b filefh
23f3864c b NfsServerIP
23f38650 b NfsOurPort
23f38654 b NfsState
23f38658 b nfs_path
23f3865c b nfs_filename
23f38660 b nfs_len
23f38664 b NfsDownloadState
23f38668 b nfs_path_buff
23f38e68 b default_filename
23f38ea8 b NfsTimeoutCount
23f38eac B RarpTry
23f38eb0 b TftpState
23f38eb4 b tftp_filename
23f38f34 b TftpBlock
23f38f38 b TftpServerIP
23f38f3c b TftpServerPort
23f38f40 b TftpOurPort
23f38f44 b default_filename
23f38f54 b TftpTimeoutCount
23f38f58 b TftpBlockWrap
23f38f5c b TftpBlockWrapOffset
23f38f60 b TftpLastBlock
23f38f64 B dhcp_leasetime
23f38f68 B NetDHCPServerIP
23f38f6c B BootpID
23f38f70 B dhcp_state
23f38f74 B BootpTry
23f38f78 B nand_info
23f39028 b nand_chip
23f39140 b images
23f391cc b os_data_state
23f391d0 b os_data_addr
23f391d4 b bin_start_address
23f391d8 b k_data_escape
23f391dc B os_data_init
23f391e0 b k_data_escape_saved
23f391e4 b os_data_state_saved
23f391e8 b os_data_addr_saved
23f391ec B os_data_char
23f391f0 B his_quote
23f391f4 B his_pad_count
23f391f8 B his_pad_char
23f391f9 B his_eol
23f391fc B send_ptr
23f39200 B send_parms
23f39214 b a_b
23f3922c b base_address
23f39230 B mm_last_addr
23f39234 B mm_last_size
23f39238 B dp_last_addr
23f3923c B dp_last_size
23f39240 b tmp_buf.3094
23f39440 b tmp_buf
23f39540 b ctrlc_disabled
23f39544 b ctrlc_was_pressed
23f39548 B mem_malloc_brk
23f3954c B mem_malloc_start
23f39550 B mem_malloc_end
23f39554 b current_mallinfo
23f3957c b top_pad
23f39580 b max_sbrked_mem
23f39584 b max_total_mem
23f39588 b n_mmaps_max
23f3958c B env_ptr
23f39590 b local.3277
23f395a8 b map
23f396a8 b top_vars
23f396ac b flag_repeat
23f396b0 b do_repeat
23f396b4 b the_command.3306
23f397b4 b buf.3989
23f397dc B last_return_code
23f397e0 b ifs
23f397e4 B nesting_level
23f397e8 B lcd_is_enabled
23f397ec b initted.3338
23f397f0 b hist_max
23f397f4 b hist_add_idx
23f397f8 B hist_num
23f397fc B hist_lines
23f3ac10 B hist_list
23f3ac60 B console_buffer
23f3ad64 b devs
23f3ada0 B stdio_devices
23f3adac b asynch_allowed
23f3adb0 b usb_dev
23f456b0 b usb_hub_index
23f456b4 b hub_dev
23f457b4 b dev_index
23f457b8 B usb_started
23f457bc b setup_packet
23f457c4 b running
23f457c8 b usb_max_devs
23f457cc b usb_dev_desc
23f459e8 b CBWTag
23f459ec b usb_ccb
23f45a7c b usb_stor_buf
23f45c7c b usb_stor
23f45d80 b xyz
23f461bc B ___strtok
23f461c0 b cpu_clk_rate_hz
23f461c4 b main_clk_rate_hz
23f461c8 b mck_rate_hz
23f461cc b plla_rate_hz
23f461d0 b pllb_rate_hz
23f461d4 b at91_pllb_usb_init
23f461d8 b lastinc
23f461dc b timestamp
23f461e0 b timer_freq
23f461e4 b params
23f461e8 b part_offset
23f461ec b cur_dev
23f461f0 B get_vfatname_block
23f561f0 B do_fat_read_block
23f661f0 B get_dentfromdir_block
23f761f0 b DataFlashInst
23f76200 b gohci
23f76348 B phcca
23f76400 B ghcca
23f76500 B ohci_dev
23f766a0 B gtd
23f776e0 B ptd
23f776e4 b ohci_inited
23f776e8 B devgone
23f77700 B lcd_line_length
23f77704 B lcd_color_fg
23f77708 B lcd_color_bg
23f7770c B lcd_base
23f77710 B lcd_console_address
23f77714 B console_col
23f77716 B console_row
23f77718 B dataflash_info
23f77804 A _end
