Archive member included because of file (symbol)

arch/arm/cpu/arm926ejs/at91/libat91.a(led.o)
                              arch/arm/cpu/arm926ejs/start.o (red_LED_on)
arch/arm/lib/libarm.a(board.o)
                              arch/arm/cpu/arm926ejs/start.o (start_armboot)
arch/arm/lib/libarm.a(interrupts.o)
                              arch/arm/lib/libarm.a(board.o) (enable_interrupts)
net/libnet.a(eth.o)           arch/arm/lib/libarm.a(board.o) (eth_initialize)
net/libnet.a(net.o)           arch/arm/lib/libarm.a(board.o) (copy_filename)
net/libnet.a(nfs.o)           net/libnet.a(net.o) (NfsStart)
net/libnet.a(rarp.o)          net/libnet.a(net.o) (RarpRequest)
net/libnet.a(tftp.o)          net/libnet.a(net.o) (TftpStart)
net/libnet.a(bootp.o)         net/libnet.a(net.o) (BootpRequest)
drivers/gpio/libgpio.a(at91_gpio.o)
                              arch/arm/cpu/arm926ejs/at91/libat91.a(led.o) (at91_set_pio_value)
drivers/mtd/libmtd.a(dataflash.o)
                              arch/arm/lib/libarm.a(board.o) (dataflash_print_info)
drivers/mtd/libmtd.a(at45.o)  drivers/mtd/libmtd.a(dataflash.o) (AT91F_DataflashProbe)
drivers/mtd/nand/libnand.a(nand.o)
                              arch/arm/lib/libarm.a(board.o) (nand_init)
drivers/mtd/nand/libnand.a(nand_base.o)
                              drivers/mtd/nand/libnand.a(nand.o) (nand_scan)
drivers/mtd/nand/libnand.a(nand_bbt.o)
                              drivers/mtd/nand/libnand.a(nand_base.o) (nand_isbad_bbt)
drivers/mtd/nand/libnand.a(nand_ecc.o)
                              drivers/mtd/nand/libnand.a(nand_base.o) (nand_calculate_ecc)
drivers/mtd/nand/libnand.a(nand_ids.o)
                              drivers/mtd/nand/libnand.a(nand_base.o) (nand_flash_ids)
drivers/mtd/nand/libnand.a(atmel_nand.o)
                              drivers/mtd/nand/libnand.a(nand.o) (board_nand_init)
drivers/spi/libspi.a(atmel_dataflash_spi.o)
                              drivers/mtd/libmtd.a(at45.o) (AT91F_SpiEnable)
drivers/serial/libserial.a(atmel_usart.o)
                              arch/arm/lib/libarm.a(board.o) (serial_init)
common/libcommon.a(cmd_boot.o)
                              (__u_boot_cmd_go)
common/libcommon.a(cmd_bootm.o)
                              arch/arm/lib/libarm.a(board.o) (load_addr)
common/libcommon.a(cmd_console.o)
                              (__u_boot_cmd_coninfo)
common/libcommon.a(cmd_echo.o)
                              (__u_boot_cmd_echo)
common/libcommon.a(cmd_exit.o)
                              (__u_boot_cmd_exit)
common/libcommon.a(cmd_fat.o)
                              (__u_boot_cmd_fatload)
common/libcommon.a(cmd_flash.o)
                              (__u_boot_cmd_flinfo)
common/libcommon.a(cmd_help.o)
                              (__u_boot_cmd_help)
common/libcommon.a(cmd_itest.o)
                              (__u_boot_cmd_itest)
common/libcommon.a(cmd_load.o)
                              (__u_boot_cmd_loadb)
common/libcommon.a(cmd_mem.o)
                              (__u_boot_cmd_md)
common/libcommon.a(cmd_misc.o)
                              (__u_boot_cmd_sleep)
common/libcommon.a(cmd_nand.o)
                              (__u_boot_cmd_nand)
common/libcommon.a(cmd_net.o)
                              (__u_boot_cmd_bootp)
common/libcommon.a(cmd_nvedit.o)
                              net/libnet.a(eth.o) (get_env_id)
common/libcommon.a(cmd_test.o)
                              (__u_boot_cmd_test)
common/libcommon.a(cmd_usb.o)
                              (__u_boot_cmd_usb)
common/libcommon.a(cmd_version.o)
                              (__u_boot_cmd_version)
common/libcommon.a(cmd_ximg.o)
                              (__u_boot_cmd_imxtract)
common/libcommon.a(command.o)
                              common/libcommon.a(cmd_itest.o) (cmd_get_data_size)
common/libcommon.a(console.o)
                              arch/arm/lib/libarm.a(board.o) (printf)
common/libcommon.a(dlmalloc.o)
                              drivers/mtd/nand/libnand.a(nand_base.o) (free)
common/libcommon.a(env_common.o)
                              common/libcommon.a(cmd_nvedit.o) (env_get_addr)
common/libcommon.a(env_dataflash.o)
                              arch/arm/lib/libarm.a(board.o) (env_init)
common/libcommon.a(exports.o)
                              arch/arm/lib/libarm.a(board.o) (jumptable_init)
common/libcommon.a(hush.o)    common/libcommon.a(cmd_bootm.o) (parse_string_outer)
common/libcommon.a(image.o)   common/libcommon.a(cmd_ximg.o) (image_multi_count)
common/libcommon.a(lcd.o)     arch/arm/lib/libarm.a(board.o) (lcd_setmem)
common/libcommon.a(main.o)    common/libcommon.a(cmd_nvedit.o) (do_run)
common/libcommon.a(stdio.o)   common/libcommon.a(cmd_console.o) (stdio_get_list)
common/libcommon.a(usb.o)     common/libcommon.a(cmd_usb.o) (usb_get_dev_index)
common/libcommon.a(usb_storage.o)
                              common/libcommon.a(cmd_usb.o) (usb_stor_get_dev)
common/libcommon.a(xyzModem.o)
[...]
Memory Configuration

Name             Origin             Length             Attributes
*default*        0x00000000         0xffffffff

Linker script and memory map

                0x00000000                . = 0x0
                0x00000000                . = ALIGN (0x4)

.text           0x23f00000    0x2475c
 arch/arm/cpu/arm926ejs/start.o(.text)
 .text          0x23f00000      0x360 arch/arm/cpu/arm926ejs/start.o
                0x23f00000                _start
                0x23f00044                _armboot_start
                0x23f00048                _bss_start
                0x23f0004c                _bss_end
 *(.text)
 .text          0x23f00360       0x60 arch/arm/cpu/arm926ejs/at91/libat91.a(led.o)
                0x23f00360                yellow_LED_off
                0x23f00370                yellow_LED_on
                0x23f00380                green_LED_off
                0x23f00390                green_LED_on
                0x23f003a0                red_LED_off
                0x23f003b0                red_LED_on
 .text          0x23f003c0      0x29c arch/arm/lib/libarm.a(board.o)
                0x23f003c0                coloured_LED_init
                0x23f003c0                __coloured_LED_init
                0x23f003c4                __red_LED_on
                0x23f003c8                __red_LED_off
                0x23f003cc                __green_LED_on
                0x23f003d0                __green_LED_off
                0x23f003d4                __yellow_LED_on
                0x23f003d8                __yellow_LED_off
                0x23f003dc                blue_LED_on
                0x23f003dc                __blue_LED_on
                0x23f003e0                blue_LED_off
                0x23f003e0                __blue_LED_off
                0x23f003e4                hang
                0x23f004b8                start_armboot
 .text          0x23f0065c      0x264 arch/arm/lib/libarm.a(interrupts.o)
                0x23f0065c                enable_interrupts
                0x23f00660                disable_interrupts
                0x23f00668                show_regs
                0x23f007a8                bad_mode
                0x23f007c4                do_irq
                0x23f007e8                do_fiq
                0x23f0080c                do_not_used
                0x23f00830                do_data_abort
                0x23f00854                do_prefetch_abort
                0x23f00878                do_software_interrupt
                0x23f0089c                do_undefined_instruction
 .text          0x23f008c0      0x7fc net/libnet.a(eth.o)
                0x23f008c0                cpu_eth_init
                0x23f008c8                eth_get_dev
                0x23f008d8                eth_get_dev_by_index
                0x23f0091c                eth_get_dev_index
                0x23f00968                eth_halt
                0x23f0099c                eth_send
                0x23f009d0                eth_rx
                0x23f009fc                eth_get_name
                0x23f00a1c                eth_get_dev_by_name
                0x23f00a6c                eth_set_current
                0x23f00b0c                eth_try_another
                0x23f00bbc                eth_register
                0x23f00c48                eth_setenv_enetaddr
                0x23f00c80                eth_parse_enetaddr
                0x23f00ce0                eth_getenv_enetaddr
                0x23f00d38                eth_getenv_enetaddr_by_index
                0x23f00d84                eth_init
                0x23f00e48                eth_initialize
 .text          0x23f010bc     0x1484 net/libnet.a(net.o)
                0x23f010d4                NetSetHandler
                0x23f010e4                NetCksumOk
                0x23f0113c                NetCksum
                0x23f01184                copy_filename
                0x23f011dc                string_to_VLAN
                0x23f01230                getenv_VLAN
                0x23f01240                NetEthHdrSize
                0x23f01284                VLAN_to_string
                0x23f012d0                ip_to_string
                0x23f01320                random_port
                0x23f0133c                NetSetTimeout
                0x23f01374                NetSetIP
                0x23f01494                NetSetEther
                0x23f0157c                NetSendPacket
                0x23f01580                NetReceive
                0x23f01b98                ArpRequest
                0x23f01c9c                PingSend
                0x23f01e4c                NetSendUDPPacket
                0x23f01fa8                NetStartAgain
                0x23f020b4                ArpTimeoutCheck
                0x23f02138                NetLoop
 .text          0x23f02540      0xfdc net/libnet.a(nfs.o)
                0x23f02e18                NfsStart
 .text          0x23f0351c      0x1a0 net/libnet.a(rarp.o)
                0x23f0351c                RarpRequest
 .text          0x23f036bc      0x7d4 net/libnet.a(tftp.o)
                0x23f0385c                TftpStart
 .text          0x23f03e90      0x9e0 net/libnet.a(bootp.o)
                0x23f04658                BootpRequest
                0x23f04824                DhcpRequest
 .text          0x23f04870      0x26c drivers/gpio/libgpio.a(at91_gpio.o)
                0x23f04870                at91_set_pio_pullup
                0x23f048a4                at91_set_pio_periph
                0x23f048e8                at91_set_a_periph
                0x23f04930                at91_set_b_periph
                0x23f04978                at91_set_pio_input
                0x23f049c8                at91_set_pio_output
                0x23f04a14                at91_set_pio_deglitch
                0x23f04a50                at91_set_pio_multi_drive
                0x23f04a7c                at91_set_pio_value
                0x23f04aa8                at91_get_pio_value
 .text          0x23f04adc      0x778 drivers/mtd/libmtd.a(dataflash.o)
                0x23f04adc                AT91F_DataflashSelect
                0x23f04b24                addr_dataflash
                0x23f04b44                size_dataflash
                0x23f04b78                prot_dataflash
                0x23f04bd8                dataflash_real_protect
                0x23f04cf4                dataflash_perror
                0x23f04d7c                dataflash_print_info
                0x23f04ea8                write_dataflash
                0x23f04f90                read_dataflash
                0x23f05020                AT91F_DataflashSetEnv
                0x23f05090                AT91F_DataflashInit
 .text          0x23f05254      0x714 drivers/mtd/libmtd.a(at45.o)
                0x23f05254                AT91F_DataFlashWriteBuffer
                0x23f0533c                AT91F_DataFlashGetStatus
                0x23f05394                AT91F_DataflashProbe
                0x23f053bc                AT91F_DataFlashWaitReady
                0x23f05400                AT91F_DataFlashSendCommand
                0x23f05510                AT91F_WriteBufferToMain
                0x23f05560                AT91F_BlockErase
                0x23f0558c                AT91F_PageErase
                0x23f055b4                AT91F_MainMemoryToBufferTransfert
                0x23f05600                AT91F_PartialPageWrite
                0x23f056c4                AT91F_DataFlashWrite
                0x23f0583c                AT91F_DataFlashPagePgmBuf
                0x23f05878                AT91F_DataFlashContinuousRead
                0x23f058cc                AT91F_DataFlashRead
 .text          0x23f05968       0xb4 drivers/mtd/nand/libnand.a(nand.o)
                0x23f05968                nand_init
 .text          0x23f05a1c     0x3a74 drivers/mtd/nand/libnand.a(nand_base.o)
                0x23f06d2c                nand_release
                0x23f06d74                nand_scan_tail
                0x23f07548                nand_scan_ident
                0x23f07aec                nand_scan
                0x23f08450                nand_erase_nand
                0x23f088b4                nand_wait_ready
 .text          0x23f09490     0x1834 drivers/mtd/nand/libnand.a(nand_bbt.o)
                0x23f094d8                nand_isbad_bbt
                0x23f0a4b4                nand_update_bbt
                0x23f0a780                nand_scan_bbt
                0x23f0ac00                nand_default_bbt
 .text          0x23f0acc4      0x214 drivers/mtd/nand/libnand.a(nand_ecc.o)
                0x23f0acc4                nand_calculate_ecc
                0x23f0adb8                nand_correct_data
 .text          0x23f0aed8        0x0 drivers/mtd/nand/libnand.a(nand_ids.o)
 .text          0x23f0aed8       0x94 drivers/mtd/nand/libnand.a(atmel_nand.o)
                0x23f0aed8                board_nand_init
 .text          0x23f0af6c      0x1c4 drivers/spi/libspi.a(atmel_dataflash_spi.o)
                0x23f0af6c                AT91F_SpiEnable
                0x23f0afe8                AT91F_SpiWrite
                0x23f0b0c0                AT91F_SpiInit
 .text          0x23f0b130      0x104 drivers/serial/libserial.a(atmel_usart.o)
                0x23f0b130                serial_putc
                0x23f0b164                serial_getc
                0x23f0b180                serial_tstc
                0x23f0b190                serial_puts
                0x23f0b1cc                serial_setbrg
                0x23f0b1fc                serial_init
 .text          0x23f0b234       0x90 common/libcommon.a(cmd_boot.o)
                0x23f0b234                do_go_exec
                0x23f0b24c                do_go
 .text          0x23f0b2c4      0xad8 common/libcommon.a(cmd_bootm.o)
                0x23f0b2c4                arch_preboot_os
                0x23f0b2c4                __arch_preboot_os
                0x23f0b2c8                do_bootd
                0x23f0b960                do_bootm_subcommand
                0x23f0bb08                do_bootm
 .text          0x23f0bd9c       0xe0 common/libcommon.a(cmd_console.o)
                0x23f0bd9c                do_coninfo
 .text          0x23f0be7c       0x84 common/libcommon.a(cmd_echo.o)
                0x23f0be7c                do_echo
 .text          0x23f0bf00       0x30 common/libcommon.a(cmd_exit.o)
                0x23f0bf00                do_exit
 .text          0x23f0bf30      0x364 common/libcommon.a(cmd_fat.o)
                0x23f0bf30                do_fat_fsinfo
                0x23f0c008                do_fat_ls
                0x23f0c110                do_fat_fsload
 .text          0x23f0c294      0x144 common/libcommon.a(cmd_flash.o)
                0x23f0c294                do_flerase
                0x23f0c29c                do_protect
                0x23f0c3c8                do_flinfo
 .text          0x23f0c3d8       0x48 common/libcommon.a(cmd_help.o)
                0x23f0c3d8                do_help
 .text          0x23f0c420      0x310 common/libcommon.a(cmd_itest.o)
                0x23f0c48c                binary_test
                0x23f0c694                do_itest
 .text          0x23f0c730      0xa98 common/libcommon.a(cmd_load.o)
                0x23f0c730                ktrans
                0x23f0c750                chk1
                0x23f0c7b8                k_data_init
                0x23f0c7d8                k_data_save
                0x23f0c7fc                k_data_restore
                0x23f0c820                k_data_char
                0x23f0c894                send_pad
                0x23f0c8c4                s1_sendpacket
                0x23f0c8f0                handle_send_packet
                0x23f0caec                send_nack
                0x23f0cb64                send_ack
                0x23f0ccfc                do_load_serial_bin
 .text          0x23f0d1c8      0xa88 common/libcommon.a(cmd_mem.o)
                0x23f0d1c8                do_mem_crc
                0x23f0d274                do_mem_base
                0x23f0d2b8                do_mem_mtest
                0x23f0d460                do_mem_loop
                0x23f0d558                do_mem_mw
                0x23f0d618                do_mem_cmp
                0x23f0d7d4                do_mem_cp
                0x23f0dad8                do_mem_nm
                0x23f0daf8                do_mem_mm
                0x23f0db18                do_mem_md
 .text          0x23f0dc50       0x84 common/libcommon.a(cmd_misc.o)
                0x23f0dc50                do_sleep
 .text          0x23f0dcd4      0xebc common/libcommon.a(cmd_nand.o)
                0x23f0de70                do_nandboot
                0x23f0e3dc                do_nand
 .text          0x23f0eb90      0x3c4 common/libcommon.a(cmd_net.o)
                0x23f0eb90                do_ping
                0x23f0ef18                do_nfs
                0x23f0ef24                do_dhcp
                0x23f0ef30                do_rarpb
                0x23f0ef3c                do_tftpb
                0x23f0ef48                do_bootp
 .text          0x23f0ef54      0x874 common/libcommon.a(cmd_nvedit.o)
                0x23f0ef54                get_env_id
                0x23f0ef64                envmatch
                0x23f0efc4                getenv_r
                0x23f0f06c                do_saveenv
                0x23f0f098                getenv
                0x23f0f108                _do_setenv
                0x23f0f574                do_setenv
                0x23f0f5a0                setenv
                0x23f0f5ec                do_editenv
                0x23f0f738                do_printenv
 .text          0x23f0f7c8      0x478 common/libcommon.a(cmd_test.o)
                0x23f0f7c8                do_false
                0x23f0f7d0                do_true
                0x23f0f7d8                do_test
 .text          0x23f0fc40     0x1140 common/libcommon.a(cmd_usb.o)
                0x23f0fc40                usb_get_class_desc
                0x23f0fce0                usb_display_ep_desc
                0x23f0fda0                usb_display_class_sub
                0x23f0ff1c                do_usbboot
                0x23f102c0                usb_show_tree_graph
                0x23f104e0                usb_show_tree
                0x23f10514                usb_display_desc
                0x23f10644                usb_display_string
                0x23f10684                usb_display_if_desc
                0x23f1070c                usb_display_conf_desc
                0x23f107b8                usb_display_config
                0x23f10844                do_usb
 .text          0x23f10d80       0x20 common/libcommon.a(cmd_version.o)
                0x23f10d80                do_version
 .text          0x23f10da0      0x2dc common/libcommon.a(cmd_ximg.o)
                0x23f10da0                do_imgextract
 .text          0x23f1107c      0x860 common/libcommon.a(command.o)
                0x23f1107c                cmd_get_data_size
                0x23f110cc                cmd_usage
                0x23f1112c                var_complete
                0x23f111ac                find_cmd_tbl
                0x23f11240                find_cmd
                0x23f11268                install_auto_complete
                0x23f112d4                _do_help
                0x23f11450                cmd_auto_complete
 .text          0x23f118dc      0x5bc common/libcommon.a(console.o)
                0x23f1197c                fgetc
                0x23f119a4                ftstc
                0x23f119cc                fputc
                0x23f119f8                fputs
                0x23f11a24                disable_ctrlc
                0x23f11a3c                had_ctrlc
                0x23f11a4c                clear_ctrlc
                0x23f11a60                dbg
                0x23f11a6c                console_init_f
                0x23f11a7c                getc
                0x23f11a94                tstc
                0x23f11aac                ctrlc
                0x23f11af8                putc
                0x23f11b14                puts
                0x23f11b30                search_device
                0x23f11b58                console_assign
                0x23f11b98                vprintf
                0x23f11bc4                printf
                0x23f11c04                stdio_print_current_devices
                0x23f11cbc                console_init_r
                0x23f11e10                fprintf
                0x23f11e58                serial_printf
 .text          0x23f11e98     0x10f0 common/libcommon.a(dlmalloc.o)
                0x23f11e98                sbrk
                0x23f11ed0                malloc_trim
                0x23f11fe0                free
                0x23f12204                cfree
                0x23f12208                malloc
                0x23f12828                memalign
                0x23f12938                pvalloc
                0x23f12950                valloc
                0x23f1295c                malloc_usable_size
                0x23f129a0                mallopt
                0x23f12a18                calloc
                0x23f12af8                mem_malloc_init
                0x23f12b20                realloc
 .text          0x23f12f88      0x298 common/libcommon.a(env_common.o)
                0x23f12f88                env_get_char_memory
                0x23f12fac                env_get_addr
                0x23f12fd0                env_get_char
                0x23f13018                env_complete
                0x23f13158                env_crc_update
                0x23f13184                set_default_env
                0x23f131c8                env_relocate
 .text          0x23f13220       0xa4 common/libcommon.a(env_dataflash.o)
                0x23f13220                env_init
                0x23f13248                saveenv
                0x23f13288                env_relocate_spec
                0x23f132a4                env_get_char_spec
 .text          0x23f132c4      0x1e4 common/libcommon.a(exports.o)
                0x23f132c8                get_version
                0x23f132d0                jumptable_init
 .text          0x23f134a8     0x1e48 common/libcommon.a(hush.o)
                0x23f134a8                simple_itoa
                0x23f13530                mapset
                0x23f1355c                do_showvar
                0x23f13648                u_boot_hush_start
                0x23f136b8                new_pipe
                0x23f13970                unset_local_var
                0x23f13b34                reserved_word
                0x23f140a8                set_local_var
                0x23f14258                update_ifs_map
                0x23f14964                parse_file_outer
                0x23f149a8                parse_string_outer
 .text          0x23f152f0      0x988 common/libcommon.a(image.o)
                0x23f152f0                image_multi_count
                0x23f15314                get_table_entry_name
                0x23f15340                genimg_get_os_name
                0x23f15378                genimg_get_arch_name
                0x23f153b0                genimg_get_type_name
                0x23f153e8                genimg_get_comp_name
                0x23f15420                genimg_has_config
                0x23f15428                get_table_entry_id
                0x23f15474                genimg_get_comp_id
                0x23f1548c                genimg_get_type_id
                0x23f154a4                genimg_get_arch_id
                0x23f154bc                genimg_get_os_id
                0x23f154d4                genimg_get_format
                0x23f15528                image_multi_getimg
                0x23f155d0                genimg_get_image
                0x23f15644                genimg_print_size
                0x23f15674                image_print_contents
                0x23f158b4                memmove_wd
                0x23f158c0                getenv_bootm_low
                0x23f158f4                getenv_yesno
                0x23f15918                getenv_bootm_size
                0x23f1594c                image_check_dcrc
                0x23f15998                image_check_hcrc
                0x23f15a00                boot_get_ramdisk
 .text          0x23f15c78      0x760 common/libcommon.a(lcd.o)
                0x23f15c78                lcd_setmem
                0x23f15cac                bitmap_plot
                0x23f15fe8                drv_lcd_init
                0x23f160d4                lcd_putc
                0x23f16358                lcd_puts
                0x23f16398                lcd_printf
 .text          0x23f163d8     0x10c4 common/libcommon.a(main.o)
                0x23f163d8                __show_boot_progress
                0x23f163d8                show_boot_progress
                0x23f163dc                parse_line
                0x23f16468                do_run
                0x23f164d8                run_command
                0x23f16a6c                readline_into_buffer
                0x23f17384                readline
                0x23f173a0                main_loop
 .text          0x23f1749c      0x170 common/libcommon.a(stdio.o)
                0x23f1749c                stdio_get_list
                0x23f174a8                stdio_clone
                0x23f174f0                stdio_register
                0x23f17530                stdio_init
                0x23f175c0                stdio_get_by_name
 .text          0x23f1760c     0x1664 common/libcommon.a(usb.o)
                0x23f1760c                usb_disable_asynch
                0x23f17624                usb_maxpacket
                0x23f176b8                usb_set_maxpacket
                0x23f1771c                usb_get_dev_index
                0x23f1774c                usb_hub_reset
                0x23f17760                usb_hub_allocate
                0x23f177a4                usb_alloc_new_device
                0x23f17844                usb_parse_config
                0x23f17994                usb_submit_int_msg
                0x23f17998                usb_stop
                0x23f179cc                wait_ms
                0x23f179f0                usb_bulk_msg
                0x23f17a54                usb_control_msg
                0x23f17b24                usb_get_port_status
                0x23f17b84                usb_get_hub_status
                0x23f17bd8                usb_set_port_feature
                0x23f17c38                usb_clear_port_feature
                0x23f17c98                usb_clear_hub_feature
                0x23f17cec                usb_get_hub_descriptor
                0x23f17d4c                usb_get_string
                0x23f17ec8                usb_string
                0x23f17fc8                usb_get_class_descriptor
                0x23f1803c                usb_get_report
                0x23f180b0                usb_set_idle
                0x23f18114                usb_set_protocol
                0x23f18174                usb_set_configuration
                0x23f181e0                usb_set_interface
                0x23f182a0                usb_set_address
                0x23f182e4                usb_get_descriptor
                0x23f18350                usb_get_configuration_no
                0x23f183e8                usb_clear_halt
                0x23f1857c                usb_hub_port_connect_change
                0x23f1866c                usb_hub_configure
                0x23f18884                usb_hub_probe
                0x23f188e0                usb_new_device
                0x23f18b7c                usb_scan_devices
                0x23f18bf4                usb_init
 .text          0x23f18c70     0x1590 common/libcommon.a(usb_storage.o)
                0x23f18c70                usb_stor_get_dev
                0x23f18cb4                usb_show_progress
                0x23f18cc0                usb_storage_probe
                0x23f18ef0                usb_stor_BBB_clear_endpt_stall
                0x23f19110                usb_stor_CB_comdat
                0x23f1935c                usb_stor_BBB_comdat
                0x23f19448                usb_stor_BBB_transport
                0x23f19610                usb_stor_CBI_get_status
                0x23f196f0                usb_stor_CB_transport
                0x23f198e0                usb_stor_info
                0x23f19a3c                usb_stor_get_info
                0x23f19cb8                usb_stor_scan
                0x23f19e20                usb_stor_read
                0x23f1a010                usb_stor_write
 .text          0x23f1a200      0x974 common/libcommon.a(xyzModem.o)
                0x23f1a200                parse_num
                0x23f1a32c                xyzModem_error
                0x23f1a34c                xyzModem_stream_close
                0x23f1a39c                CYGACC_COMM_IF_PUTC
                0x23f1a3a4                CYGACC_COMM_IF_GETC_TIMEOUT
                0x23f1a3f8                xyzModem_stream_terminate
                0x23f1a7a4                xyzModem_stream_read
                0x23f1aa20                xyzModem_stream_open
 .text          0x23f1ab74      0x5c8 board/atmel/at91sam9263ek/libat91sam9263ek.a(at91sam9263ek.o)
                0x23f1ab74                Tl16c752_Send
                0x23f1ab90                UartPuts
                0x23f1abc8                Tl16c752_RxChk
                0x23f1abd8                dram_init
                0x23f1abf8                board_eth_init
                0x23f1ac0c                reset_phy
                0x23f1ac14                board_init
                0x23f1b084                lcd_show_board_info
                0x23f1b11c                lcd_disable
                0x23f1b12c                lcd_enable
 .text          0x23f1b13c        0x0 board/atmel/at91sam9263ek/libat91sam9263ek.a(partition.o)
 .text          0x23f1b13c       0x48 lib/libgeneric.a(crc16.o)
                0x23f1b13c                cyg_crc16
 .text          0x23f1b184      0x104 lib/libgeneric.a(crc32.o)
                0x23f1b184                crc32_no_comp
                0x23f1b270                crc32
                0x23f1b284                crc32_wd
 .text          0x23f1b288        0x0 lib/libgeneric.a(ctype.o)
 .text          0x23f1b288      0x2d4 lib/libgeneric.a(display_options.o)
                0x23f1b288                print_size
                0x23f1b3cc                display_options
                0x23f1b3ec                print_buffer
 .text          0x23f1b55c      0x1bc lib/libgeneric.a(gunzip.o)
                0x23f1b55c                zunzip
                0x23f1b64c                gunzip
                0x23f1b700                zfree
                0x23f1b708                zalloc
 .text          0x23f1b718       0x80 lib/libgeneric.a(net_utils.o)
                0x23f1b718                string_to_ip
 .text          0x23f1b798      0x6bc lib/libgeneric.a(string.o)
                0x23f1b798                strcpy
                0x23f1b7b4                strncpy
                0x23f1b7dc                strcat
                0x23f1b80c                strncat
                0x23f1b868                strcmp
                0x23f1b898                strncmp
                0x23f1b8e0                strchr
                0x23f1b90c                strrchr
                0x23f1b948                strlen
                0x23f1b968                strnlen
                0x23f1b990                strspn
                0x23f1b9d4                strpbrk
                0x23f1ba0c                strtok
                0x23f1bad8                strsep
                0x23f1bb3c                strswab
                0x23f1bb84                memset
                0x23f1bbf8                bcopy
                0x23f1bc20                memcpy
                0x23f1bc8c                memmove
                0x23f1bce8                memcmp
                0x23f1bd20                memscan
                0x23f1bd50                strstr
                0x23f1bdd0                memchr
                0x23f1bdfc                strdup
 .text          0x23f1be54       0x6c lib/libgeneric.a(strmhz.o)
                0x23f1be54                strmhz
 .text          0x23f1bec0       0x30 lib/libgeneric.a(time.o)
                0x23f1bec0                udelay
 .text          0x23f1bef0      0xdf8 lib/libgeneric.a(vsprintf.o)
                0x23f1bef0                simple_strtoul
                0x23f1bfa0                simple_strtol
                0x23f1bfc8                ustrtoul
                0x23f1c034                simple_strtoull
                0x23f1c1f0                panic
                0x23f1c668                vsprintf
                0x23f1ccc0                sprintf
 .text          0x23f1cce8     0x279c lib/libgeneric.a(zlib.o)
                0x23f1cce8                inflate_fast
                0x23f1d244                inflate_table
                0x23f1d7f0                inflateReset
                0x23f1d88c                inflateInit2_
                0x23f1d98c                inflateInit_
                0x23f1d99c                inflateEnd
                0x23f1da20                adler32
                0x23f1dd30                zcfree
                0x23f1dd38                zcalloc
                0x23f1dd40                inflate
 .text          0x23f1f484       0xf4 lib/libgeneric.a(div64.o)
                0x23f1f484                __div64_32
 .text          0x23f1f578       0xdc arch/arm/cpu/arm926ejs/at91/libat91.a(at91sam9263_devices.o)
                0x23f1f578                at91_serial_hw_init
                0x23f1f57c                at91_spi0_hw_init
                0x23f1f580                at91_spi1_hw_init
                0x23f1f584                at91_uhp_hw_init
                0x23f1f5ac                at91_macb_hw_init
 .text          0x23f1f654      0x228 arch/arm/cpu/arm926ejs/at91/libat91.a(clock.o)
                0x23f1f654                get_cpu_clk_rate
                0x23f1f664                get_main_clk_rate
                0x23f1f674                get_mck_clk_rate
                0x23f1f684                get_plla_clk_rate
                0x23f1f694                get_pllb_clk_rate
                0x23f1f6a4                get_pllb_init
                0x23f1f6b4                at91_clock_init
 .text          0x23f1f87c        0xc arch/arm/cpu/arm926ejs/at91/libat91.a(cpu.o)
                0x23f1f87c                arch_cpu_init
 .text          0x23f1f888       0x18 arch/arm/cpu/arm926ejs/at91/libat91.a(reset.o)
                0x23f1f888                reset_cpu
 .text          0x23f1f8a0      0x270 arch/arm/cpu/arm926ejs/at91/libat91.a(timer.o)
                0x23f1f8a0                get_ticks
                0x23f1f8ec                reset_timer_masked
                0x23f1f910                reset_timer
                0x23f1f934                get_tbclk
                0x23f1f93c                __udelay
                0x23f1fa14                get_timer_masked
                0x23f1fa94                get_timer
                0x23f1faa8                timer_init
 .text          0x23f1fb10      0x1c4 arch/arm/lib/libarm.a(bootm.o)
                0x23f1fb10                do_bootm_linux
 .text          0x23f1fcd4        0x4 arch/arm/lib/libarm.a(cache.o)
                0x23f1fcd4                flush_cache
 .text          0x23f1fcd8       0x30 arch/arm/lib/libarm.a(reset.o)
                0x23f1fcd8                do_reset
 .text          0x23f1fd08     0x13a8 fs/fat/libfat.a(fat.o)
                0x23f1fd08                disk_read
                0x23f203d4                file_fat_detectfs
                0x23f20534                do_fat_read
                0x23f20f7c                file_fat_read
                0x23f20fb4                file_fat_ls
                0x23f20fc4                fat_register_device
 .text          0x23f210b0      0x380 disk/libdisk.a(part.o)
                0x23f210b0                dev_print
                0x23f212b4                get_partition_info
                0x23f212d8                init_part
                0x23f212f4                get_dev
                0x23f21354                print_part
 .text          0x23f21430      0x558 disk/libdisk.a(part_dos.o)
                0x23f21430                test_part_dos
                0x23f21710                get_partition_info_dos
                0x23f2195c                print_part_dos
 .text          0x23f21988      0x75c drivers/mtd/nand/libnand.a(nand_util.o)
                0x23f21a20                nand_read_skip_bad
                0x23f21bf8                nand_write_skip_bad
                0x23f21dd4                nand_erase_opts
 .text          0x23f220e4      0x754 drivers/net/libnet.a(macb.o)
                0x23f2216c                macb_eth_initialize
 .text          0x23f22838     0x1850 drivers/usb/host/libusb_host.a(ohci-hcd.o)
                0x23f22838                rh_check_port_status
                0x23f22c5c                usb_lowlevel_init
                0x23f22dec                usb_lowlevel_stop
                0x23f22e1c                sohci_submit_job
                0x23f23928                usb_event_poll
                0x23f2392c                submit_common_msg
                0x23f23a70                submit_int_msg
                0x23f23a8c                submit_control_msg
                0x23f24070                submit_bulk_msg
 .text          0x23f24088       0xd8 drivers/usb/host/libusb_host.a(ohci-at91.o)
                0x23f24088                usb_cpu_stop
                0x23f240cc                usb_cpu_init_fail
                0x23f24110                usb_cpu_init
 .text          0x23f24160      0x1dc drivers/video/libvideo.a(atmel_lcdfb.o)
                0x23f24160                lcd_setcolreg
                0x23f2418c                calc_fbsize
                0x23f241b0                lcd_ctrl_init
 .text          0x23f2433c       0x20 arch/arm/cpu/arm926ejs/libarm926ejs.a(cpu.o)
                0x23f2433c                cleanup_before_linux
 .text          0x23f2435c      0x120 arch/arm/lib/libarm.a(cache-cp15.o)
                0x23f2435c                icache_enable
                0x23f2439c                icache_disable
                0x23f243dc                icache_status
                0x23f243ec                dcache_enable
                0x23f2442c                dcache_disable
                0x23f2446c                dcache_status
 .text          0x23f2447c       0x20 /home/jionfull/u-boot-2010.06/arch/arm/lib/eabi_compat.o
                0x23f2447c                __aeabi_unwind_cpp_pr0
                0x23f24480                raise
 .text          0x23f2449c      0x114 /opt/FriendlyARM/toolschain/4.4.3/lib/gcc/arm-none-linux-gnueabi/4.4.3/libgcc.a(_udivsi3.o)
                0x23f2449c                __udivsi3
                0x23f2449c                __aeabi_uidiv
                0x23f24598                __aeabi_uidivmod
 .text          0x23f245b0      0x144 /opt/FriendlyARM/toolschain/4.4.3/lib/gcc/arm-none-linux-gnueabi/4.4.3/libgcc.a(_divsi3.o)
                0x23f245b0                __aeabi_idiv
                0x23f245b0                __divsi3
                0x23f246dc                __aeabi_idivmod
 .text          0x23f246f4       0x1c /opt/FriendlyARM/toolschain/4.4.3/lib/gcc/arm-none-linux-gnueabi/4.4.3/libgcc.a(_lshrdi3.o)
                0x23f246f4                __aeabi_llsr
                0x23f246f4                __lshrdi3
 .text          0x23f24710       0x1c /opt/FriendlyARM/toolschain/4.4.3/lib/gcc/arm-none-linux-gnueabi/4.4.3/libgcc.a(_ashrdi3.o)
                0x23f24710                __ashrdi3
                0x23f24710                __aeabi_lasr
 .text          0x23f2472c       0x1c /opt/FriendlyARM/toolschain/4.4.3/lib/gcc/arm-none-linux-gnueabi/4.4.3/libgcc.a(_ashldi3.o)
                0x23f2472c                __ashldi3
                0x23f2472c                __aeabi_llsl
 .text          0x23f24748       0x14 /opt/FriendlyARM/toolschain/4.4.3/lib/gcc/arm-none-linux-gnueabi/4.4.3/libgcc.a(_dvmd_lnx.o)
                0x23f24748                __div0

.glue_7         0x23f2475c        0x0
 .glue_7        0x00000000        0x0 linker stubs

.glue_7t        0x23f2475c        0x0
 .glue_7t       0x00000000        0x0 linker stubs

.vfp11_veneer   0x23f2475c        0x0
 .vfp11_veneer  0x00000000        0x0 linker stubs

.v4_bx          0x23f2475c        0x0
 .v4_bx         0x00000000        0x0 linker stubs
                0x23f2475c                . = ALIGN (0x4)

.rodata         0x23f2475c     0x8a3a
 *(SORT(.rodata*))
 .rodata        0x23f2475c       0x30 arch/arm/lib/libarm.a(board.o)
                0x23f2475c                version_string
 .rodata        0x23f2478c       0x80 arch/arm/lib/libarm.a(interrupts.o)
 .rodata        0x23f2480c        0x8 drivers/mtd/nand/libnand.a(nand.o)
 .rodata        0x23f24814       0x5c drivers/mtd/nand/libnand.a(nand_base.o)
 .rodata        0x23f24870      0x100 drivers/mtd/nand/libnand.a(nand_ecc.o)
 .rodata        0x23f24970       0x4c common/libcommon.a(cmd_bootm.o)
 .rodata        0x23f249bc       0x58 common/libcommon.a(command.o)
 .rodata        0x23f24a14     0x1000 common/libcommon.a(lcd.o)
 .rodata        0x23f25a14        0x8 common/libcommon.a(usb_storage.o)
 .rodata        0x23f25a1c       0x20 common/libcommon.a(xyzModem.o)
 .rodata        0x23f25a3c      0x200 lib/libgeneric.a(crc16.o)
 .rodata        0x23f25c3c      0x400 lib/libgeneric.a(crc32.o)
 .rodata        0x23f2603c        0x8 lib/libgeneric.a(display_options.o)
 .rodata        0x23f26044       0x24 lib/libgeneric.a(vsprintf.o)
                0x23f26054                hex_asc
 .rodata        0x23f26068      0x9d0 lib/libgeneric.a(zlib.o)
                0x23f26a10                z_errmsg
 .rodata        0x23f26a38       0x10 disk/libdisk.a(part.o)
 .rodata        0x23f26a48       0x80 drivers/usb/host/libusb_host.a(ohci-hcd.o)
 .rodata        0x23f26ac8        0x7 net/libnet.a(eth.o)
 .rodata        0x23f26acf        0x7 net/libnet.a(net.o)
 .rodata.str1.1
                0x23f26ad6       0x8d arch/arm/lib/libarm.a(board.o)
                                 0x8f (size before relaxing)
 .rodata.str1.1
                0x23f26b63      0x264 arch/arm/lib/libarm.a(interrupts.o)
                                0x27b (size before relaxing)
 .rodata.str1.1
                0x23f26dc7       0xc5 net/libnet.a(eth.o)
                                 0xdf (size before relaxing)
 .rodata.str1.1
                0x23f26e8c      0x20c net/libnet.a(net.o)
                                0x217 (size before relaxing)
 .rodata.str1.1
                0x23f27098      0x193 net/libnet.a(nfs.o)
                                0x1a9 (size before relaxing)
 .rodata.str1.1
                0x23f2722b       0x20 net/libnet.a(rarp.o)
                                 0x47 (size before relaxing)
 .rodata.str1.1
                0x23f2724b      0x162 net/libnet.a(tftp.o)
                                0x249 (size before relaxing)
 .rodata.str1.1
                0x23f273ad      0x100 net/libnet.a(bootp.o)
                                0x13d (size before relaxing)
 .rodata.str1.1
                0x23f274ad      0x177 drivers/mtd/libmtd.a(dataflash.o)
                                0x185 (size before relaxing)
 .rodata.str1.1
                0x23f27624        0x8 drivers/mtd/nand/libnand.a(nand.o)
 .rodata.str1.1
                0x23f2762c      0x2e3 drivers/mtd/nand/libnand.a(nand_base.o)
 .rodata.str1.1
                0x23f2790f      0x309 drivers/mtd/nand/libnand.a(nand_bbt.o)
 .rodata.str1.1
                0x23f27c18      0x31f drivers/mtd/nand/libnand.a(nand_ids.o)
                                0x335 (size before relaxing)
 .rodata.str1.1
                0x23f27f37       0x10 drivers/spi/libspi.a(atmel_dataflash_spi.o)
 .rodata.str1.1
                0x23f27f47       0x15 drivers/serial/libserial.a(atmel_usart.o)
 .rodata.str1.1
                0x23f27f5c       0xef common/libcommon.a(cmd_boot.o)
                                 0xf0 (size before relaxing)
 .rodata.str1.1
                0x23f2804b      0x672 common/libcommon.a(cmd_bootm.o)
                                0x691 (size before relaxing)
 .rodata.str1.1
                0x23f286bd       0x5c common/libcommon.a(cmd_console.o)
                                 0x61 (size before relaxing)
 .rodata.str1.1
                0x23f28719       0x55 common/libcommon.a(cmd_echo.o)
 .rodata.str1.1
                0x23f2876e        0xc common/libcommon.a(cmd_exit.o)
                                 0x12 (size before relaxing)
 .rodata.str1.1
                0x23f2877a      0x396 common/libcommon.a(cmd_fat.o)
                                0x3a5 (size before relaxing)
 .rodata.str1.1
                0x23f28b10      0x507 common/libcommon.a(cmd_flash.o)
                                0x50f (size before relaxing)
 .rodata.str1.1
                0x23f29017       0x9a common/libcommon.a(cmd_help.o)
                                 0x9b (size before relaxing)
 .rodata.str1.1
                0x23f290b1       0xb3 common/libcommon.a(cmd_itest.o)
                                 0xb5 (size before relaxing)
 .rodata.str1.1
                0x23f29164      0x219 common/libcommon.a(cmd_load.o)
                                0x22f (size before relaxing)
 .rodata.str1.1
                0x23f2937d      0x52e common/libcommon.a(cmd_mem.o)
                                0x542 (size before relaxing)
 .rodata.str1.1
                0x23f298ab       0x5f common/libcommon.a(cmd_misc.o)
 .rodata.str1.1
                0x23f2990a      0x724 common/libcommon.a(cmd_nand.o)
                                0x775 (size before relaxing)
 .rodata.str1.1
                0x23f2a02e      0x1ea common/libcommon.a(cmd_net.o)
                                0x223 (size before relaxing)
 .rodata.str1.1
                0x23f2a218      0x355 common/libcommon.a(cmd_nvedit.o)
                                0x3b9 (size before relaxing)
 .rodata.str1.1
                0x23f2a56d       0x6e common/libcommon.a(cmd_test.o)
                                 0x96 (size before relaxing)
 .rodata.str1.1
                0x23f2a5db      0x82f common/libcommon.a(cmd_usb.o)
                                0x969 (size before relaxing)
 .rodata.str1.1
                0x23f2ae0a       0x1b common/libcommon.a(cmd_version.o)
                                 0x24 (size before relaxing)
 .rodata.str1.1
                0x23f2ae25      0x17e common/libcommon.a(cmd_ximg.o)
                                0x22f (size before relaxing)
 .rodata.str1.1
                0x23f2afa3       0x9e common/libcommon.a(command.o)
                                 0xc6 (size before relaxing)
 .rodata.str1.1
                0x23f2b041       0x77 common/libcommon.a(console.o)
                                 0x8f (size before relaxing)
 .rodata.str1.1
                0x23f2b0b8       0x33 common/libcommon.a(env_common.o)
                                 0x37 (size before relaxing)
 .rodata.str1.1
                0x23f2b0eb       0x17 common/libcommon.a(env_dataflash.o)
 .rodata.str1.1
                0x23f2b102      0x237 common/libcommon.a(hush.o)
                                0x26b (size before relaxing)
 .rodata.str1.1
                0x23f2b339      0x457 common/libcommon.a(image.o)
                                0x4f2 (size before relaxing)
 .rodata.str1.1
                0x23f2b790       0x15 common/libcommon.a(lcd.o)
                                 0x16 (size before relaxing)
 .rodata.str1.1
                0x23f2b7a5       0x6f common/libcommon.a(main.o)
                                 0xd6 (size before relaxing)
 .rodata.str1.1
                0x00000000       0x1b common/libcommon.a(stdio.o)
 .rodata.str1.1
                0x23f2b814      0x28b common/libcommon.a(usb.o)
 .rodata.str1.1
                0x23f2ba9f      0x1ed common/libcommon.a(usb_storage.o)
                                0x1ff (size before relaxing)
 .rodata.str1.1
                0x23f2bc8c       0xe3 common/libcommon.a(xyzModem.o)
                                 0xe5 (size before relaxing)
 .rodata.str1.1
                0x23f2bd6f      0x154 board/atmel/at91sam9263ek/libat91sam9263ek.a(at91sam9263ek.o)
                                0x15a (size before relaxing)
 .rodata.str1.1
                0x23f2bec3       0x1a lib/libgeneric.a(display_options.o)
                                 0x43 (size before relaxing)
 .rodata.str1.1
                0x23f2bedd       0x85 lib/libgeneric.a(gunzip.o)
 .rodata.str1.1
                0x23f2bf62        0x7 lib/libgeneric.a(strmhz.o)
                                  0xb (size before relaxing)
 .rodata.str1.1
                0x23f2bf69        0xe lib/libgeneric.a(vsprintf.o)
 .rodata.str1.1
                0x23f2bf77      0x21c lib/libgeneric.a(zlib.o)
                                0x21d (size before relaxing)
 .rodata.str1.1
                0x23f2c193       0x1b arch/arm/cpu/arm926ejs/at91/libat91.a(timer.o)
 .rodata.str1.1
                0x23f2c1ae       0x42 arch/arm/lib/libarm.a(bootm.o)
                                 0x4b (size before relaxing)
 .rodata.str1.1
                0x23f2c1f0        0xf arch/arm/lib/libarm.a(reset.o)
 .rodata.str1.1
                0x23f2c1ff      0x15f fs/fat/libfat.a(fat.o)
                                0x16d (size before relaxing)
 .rodata.str1.1
                0x23f2c35e      0x1af disk/libdisk.a(part.o)
                                0x1e0 (size before relaxing)
 .rodata.str1.1
                0x23f2c50d       0xe5 disk/libdisk.a(part_dos.o)
                                 0xf1 (size before relaxing)
 .rodata.str1.1
                0x23f2c5f2      0x24c drivers/mtd/nand/libnand.a(nand_util.o)
                                0x24e (size before relaxing)
 .rodata.str1.1
                0x23f2c83e      0x15c drivers/net/libnet.a(macb.o)
 .rodata.str1.1
                0x23f2c99a      0x7e1 drivers/usb/host/libusb_host.a(ohci-hcd.o)
 .rodata.str1.1
                0x23f2d17b       0x1b /home/jionfull/u-boot-2010.06/arch/arm/lib/eabi_compat.o
                0x23f2d198                . = ALIGN (0x4)

.data           0x23f2d198     0x8078
 *(.data)
 .data          0x23f2d198        0x0 arch/arm/cpu/arm926ejs/start.o
 .data          0x23f2d198        0x0 arch/arm/cpu/arm926ejs/at91/libat91.a(led.o)
 .data          0x23f2d198       0x2c arch/arm/lib/libarm.a(board.o)
                0x23f2d198                init_sequence
 .data          0x23f2d1c4        0x0 arch/arm/lib/libarm.a(interrupts.o)
 .data          0x23f2d1c4        0x0 net/libnet.a(eth.o)
 .data          0x23f2d1c4        0xc net/libnet.a(net.o)
                0x23f2d1c4                NetOurVLAN
                0x23f2d1c6                NetOurNativeVLAN
                0x23f2d1c8                NetBcastAddr
 .data          0x23f2d1d0        0x4 net/libnet.a(nfs.o)
 .data          0x23f2d1d4        0x0 net/libnet.a(rarp.o)
 .data          0x23f2d1d4       0x18 net/libnet.a(tftp.o)
                0x23f2d1e0                TftpRRQTimeoutCountMax
                0x23f2d1e8                TftpRRQTimeoutMSecs
 .data          0x23f2d1ec        0x0 net/libnet.a(bootp.o)
 .data          0x23f2d1ec        0x0 drivers/gpio/libgpio.a(at91_gpio.o)
 .data          0x23f2d1ec        0x0 drivers/mtd/libmtd.a(dataflash.o)
 .data          0x23f2d1ec        0x0 drivers/mtd/libmtd.a(at45.o)
 .data          0x23f2d1ec        0x4 drivers/mtd/nand/libnand.a(nand.o)
                0x23f2d1ec                nand_curr_device
 .data          0x23f2d1f0      0x920 drivers/mtd/nand/libnand.a(nand_base.o)
 .data          0x23f2db10      0x110 drivers/mtd/nand/libnand.a(nand_bbt.o)
 .data          0x23f2dc20        0x0 drivers/mtd/nand/libnand.a(nand_ecc.o)
 .data          0x23f2dc20      0x4a0 drivers/mtd/nand/libnand.a(nand_ids.o)
                0x23f2dc20                nand_flash_ids
                0x23f2e070                nand_manuf_ids
 .data          0x23f2e0c0        0x0 drivers/mtd/nand/libnand.a(atmel_nand.o)
 .data          0x23f2e0c0        0x0 drivers/spi/libspi.a(atmel_dataflash_spi.o)
 .data          0x23f2e0c0        0x0 drivers/serial/libserial.a(atmel_usart.o)
 .data          0x23f2e0c0        0x0 common/libcommon.a(cmd_boot.o)
 .data          0x23f2e0c0       0xac common/libcommon.a(cmd_bootm.o)
                0x23f2e0c0                load_addr
 .data          0x23f2e16c        0x0 common/libcommon.a(cmd_console.o)
 .data          0x23f2e16c        0x0 common/libcommon.a(cmd_echo.o)
 .data          0x23f2e16c        0x0 common/libcommon.a(cmd_exit.o)
 .data          0x23f2e16c        0x0 common/libcommon.a(cmd_fat.o)
 .data          0x23f2e16c        0x0 common/libcommon.a(cmd_flash.o)
 .data          0x23f2e16c        0x0 common/libcommon.a(cmd_help.o)
 .data          0x23f2e16c       0x68 common/libcommon.a(cmd_itest.o)
                0x23f2e16c                op_table
 .data          0x23f2e1d4        0x0 common/libcommon.a(cmd_load.o)
 .data          0x23f2e1d4        0x4 common/libcommon.a(cmd_mem.o)
                0x23f2e1d4                dp_last_length
 .data          0x23f2e1d8        0x0 common/libcommon.a(cmd_misc.o)
 .data          0x23f2e1d8        0x0 common/libcommon.a(cmd_nand.o)
 .data          0x23f2e1d8        0x0 common/libcommon.a(cmd_net.o)
 .data          0x23f2e1d8        0x4 common/libcommon.a(cmd_nvedit.o)
 .data          0x23f2e1dc        0x0 common/libcommon.a(cmd_test.o)
 .data          0x23f2e1dc        0x4 common/libcommon.a(cmd_usb.o)
 .data          0x23f2e1e0        0x0 common/libcommon.a(cmd_version.o)
 .data          0x23f2e1e0        0x0 common/libcommon.a(cmd_ximg.o)
 .data          0x23f2e1e0        0x0 common/libcommon.a(command.o)
 .data          0x23f2e1e0        0x0 common/libcommon.a(console.o)
 .data          0x23f2e1e0      0x414 common/libcommon.a(dlmalloc.o)
 .data          0x23f2e5f4       0xb4 common/libcommon.a(env_common.o)
                0x23f2e5f4                default_environment
 .data          0x23f2e6a8        0x4 common/libcommon.a(env_dataflash.o)
                0x23f2e6a8                env_name_spec
 .data          0x23f2e6ac        0x0 common/libcommon.a(exports.o)
 .data          0x23f2e6ac       0x84 common/libcommon.a(hush.o)
 .data          0x23f2e730      0x204 common/libcommon.a(image.o)
 .data          0x23f2e934     0x666c common/libcommon.a(lcd.o)
                0x23f2e934                bmp_logo_palette
                0x23f2e970                bmp_logo_bitmap
 .data          0x23f34fa0       0x14 common/libcommon.a(main.o)
 .data          0x23f34fb4        0xc common/libcommon.a(stdio.o)
                0x23f34fb4                stdio_names
 .data          0x23f34fc0        0x0 common/libcommon.a(usb.o)
 .data          0x23f34fc0       0x20 common/libcommon.a(usb_storage.o)
                0x23f34fc0                us_direction
 .data          0x23f34fe0        0x0 common/libcommon.a(xyzModem.o)
 .data          0x23f34fe0       0x34 board/atmel/at91sam9263ek/libat91sam9263ek.a(at91sam9263ek.o)
                0x23f34fe0                panel_info
 .data          0x23f35014       0xa8 board/atmel/at91sam9263ek/libat91sam9263ek.a(partition.o)
                0x23f35014                cs
                0x23f3501c                area_list
 .data          0x23f350bc        0x0 lib/libgeneric.a(crc16.o)
 .data          0x23f350bc        0x0 lib/libgeneric.a(crc32.o)
 .data          0x23f350bc      0x100 lib/libgeneric.a(ctype.o)
                0x23f350bc                _ctype
 .data          0x23f351bc        0x0 lib/libgeneric.a(display_options.o)
 .data          0x23f351bc        0x0 lib/libgeneric.a(gunzip.o)
 .data          0x23f351bc        0x0 lib/libgeneric.a(net_utils.o)
 .data          0x23f351bc        0x0 lib/libgeneric.a(string.o)
 .data          0x23f351bc        0x0 lib/libgeneric.a(strmhz.o)
 .data          0x23f351bc        0x0 lib/libgeneric.a(time.o)
 .data          0x23f351bc        0x0 lib/libgeneric.a(vsprintf.o)
 .data          0x23f351bc        0x0 lib/libgeneric.a(zlib.o)
 .data          0x23f351bc        0x0 lib/libgeneric.a(div64.o)
 .data          0x23f351bc        0x0 arch/arm/cpu/arm926ejs/at91/libat91.a(at91sam9263_devices.o)
 .data          0x23f351bc        0x0 arch/arm/cpu/arm926ejs/at91/libat91.a(clock.o)
 .data          0x23f351bc        0x0 arch/arm/cpu/arm926ejs/at91/libat91.a(cpu.o)
 .data          0x23f351bc        0x0 arch/arm/cpu/arm926ejs/at91/libat91.a(reset.o)
 .data          0x23f351bc        0x0 arch/arm/cpu/arm926ejs/at91/libat91.a(timer.o)
 .data          0x23f351bc        0x0 arch/arm/lib/libarm.a(bootm.o)
 .data          0x23f351bc        0x0 arch/arm/lib/libarm.a(cache.o)
 .data          0x23f351bc        0x0 arch/arm/lib/libarm.a(reset.o)
 .data          0x23f351bc        0x4 fs/fat/libfat.a(fat.o)
 .data          0x23f351c0        0x0 disk/libdisk.a(part.o)
 .data          0x23f351c0        0x0 disk/libdisk.a(part_dos.o)
 .data          0x23f351c0        0x0 drivers/mtd/nand/libnand.a(nand_util.o)
 .data          0x23f351c0        0x0 drivers/net/libnet.a(macb.o)
 .data          0x23f351c0       0x50 drivers/usb/host/libusb_host.a(ohci-hcd.o)
 .data          0x23f35210        0x0 drivers/usb/host/libusb_host.a(ohci-at91.o)
 .data          0x23f35210        0x0 drivers/video/libvideo.a(atmel_lcdfb.o)
 .data          0x23f35210        0x0 arch/arm/cpu/arm926ejs/libarm926ejs.a(cpu.o)
 .data          0x23f35210        0x0 arch/arm/lib/libarm.a(cache-cp15.o)
 .data          0x23f35210        0x0 /home/jionfull/u-boot-2010.06/arch/arm/lib/eabi_compat.o
 .data          0x23f35210        0x0 /opt/FriendlyARM/toolschain/4.4.3/lib/gcc/arm-none-linux-gnueabi/4.4.3/libgcc.a(_udivsi3.o)
 .data          0x23f35210        0x0 /opt/FriendlyARM/toolschain/4.4.3/lib/gcc/arm-none-linux-gnueabi/4.4.3/libgcc.a(_divsi3.o)
 .data          0x23f35210        0x0 /opt/FriendlyARM/toolschain/4.4.3/lib/gcc/arm-none-linux-gnueabi/4.4.3/libgcc.a(_lshrdi3.o)
 .data          0x23f35210        0x0 /opt/FriendlyARM/toolschain/4.4.3/lib/gcc/arm-none-linux-gnueabi/4.4.3/libgcc.a(_ashrdi3.o)
 .data          0x23f35210        0x0 /opt/FriendlyARM/toolschain/4.4.3/lib/gcc/arm-none-linux-gnueabi/4.4.3/libgcc.a(_ashldi3.o)
 .data          0x23f35210        0x0 /opt/FriendlyARM/toolschain/4.4.3/lib/gcc/arm-none-linux-gnueabi/4.4.3/libgcc.a(_dvmd_lnx.o)
                0x23f35210                . = ALIGN (0x4)

.got
 *(.got)
                0x23f35210                . = .
                0x23f35210                __u_boot_cmd_start = .

.u_boot_cmd     0x23f35210      0x5b0
 *(.u_boot_cmd)
 .u_boot_cmd    0x23f35210       0x38 common/libcommon.a(cmd_boot.o)
                0x23f35210                __u_boot_cmd_go
                0x23f3522c                __u_boot_cmd_reset
 .u_boot_cmd    0x23f35248       0x54 common/libcommon.a(cmd_bootm.o)
                0x23f35248                __u_boot_cmd_bootm
                0x23f35264                __u_boot_cmd_boot
                0x23f35280                __u_boot_cmd_bootd
 .u_boot_cmd    0x23f3529c       0x1c common/libcommon.a(cmd_console.o)
                0x23f3529c                __u_boot_cmd_coninfo
 .u_boot_cmd    0x23f352b8       0x1c common/libcommon.a(cmd_echo.o)
                0x23f352b8                __u_boot_cmd_echo
 .u_boot_cmd    0x23f352d4       0x1c common/libcommon.a(cmd_exit.o)
                0x23f352d4                __u_boot_cmd_exit
 .u_boot_cmd    0x23f352f0       0x54 common/libcommon.a(cmd_fat.o)
                0x23f352f0                __u_boot_cmd_fatload
                0x23f3530c                __u_boot_cmd_fatls
                0x23f35328                __u_boot_cmd_fatinfo
 .u_boot_cmd    0x23f35344       0x54 common/libcommon.a(cmd_flash.o)
                0x23f35344                __u_boot_cmd_flinfo
                0x23f35360                __u_boot_cmd_erase
                0x23f3537c                __u_boot_cmd_protect
 .u_boot_cmd    0x23f35398       0x38 common/libcommon.a(cmd_help.o)
                0x23f35398                __u_boot_cmd_help
                0x23f353b4                __u_boot_cmd_question_mark
 .u_boot_cmd    0x23f353d0       0x1c common/libcommon.a(cmd_itest.o)
                0x23f353d0                __u_boot_cmd_itest
 .u_boot_cmd    0x23f353ec       0x38 common/libcommon.a(cmd_load.o)
                0x23f353ec                __u_boot_cmd_loadb
                0x23f35408                __u_boot_cmd_loady
 .u_boot_cmd    0x23f35424      0x118 common/libcommon.a(cmd_mem.o)
                0x23f35424                __u_boot_cmd_md
                0x23f35440                __u_boot_cmd_mm
                0x23f3545c                __u_boot_cmd_nm
                0x23f35478                __u_boot_cmd_mw
                0x23f35494                __u_boot_cmd_cp
                0x23f354b0                __u_boot_cmd_cmp
                0x23f354cc                __u_boot_cmd_crc32
                0x23f354e8                __u_boot_cmd_base
                0x23f35504                __u_boot_cmd_loop
                0x23f35520                __u_boot_cmd_mtest
 .u_boot_cmd    0x23f3553c       0x1c common/libcommon.a(cmd_misc.o)
                0x23f3553c                __u_boot_cmd_sleep
 .u_boot_cmd    0x23f35558       0x38 common/libcommon.a(cmd_nand.o)
                0x23f35558                __u_boot_cmd_nand
                0x23f35574                __u_boot_cmd_nboot
 .u_boot_cmd    0x23f35590       0xa8 common/libcommon.a(cmd_net.o)
                0x23f35590                __u_boot_cmd_bootp
                0x23f355ac                __u_boot_cmd_tftpboot
                0x23f355c8                __u_boot_cmd_rarpboot
                0x23f355e4                __u_boot_cmd_dhcp
                0x23f35600                __u_boot_cmd_nfs
                0x23f3561c                __u_boot_cmd_ping
 .u_boot_cmd    0x23f35638       0x8c common/libcommon.a(cmd_nvedit.o)
                0x23f35638                __u_boot_cmd_saveenv
                0x23f35654                __u_boot_cmd_editenv
                0x23f35670                __u_boot_cmd_printenv
                0x23f3568c                __u_boot_cmd_setenv
                0x23f356a8                __u_boot_cmd_run
 .u_boot_cmd    0x23f356c4       0x54 common/libcommon.a(cmd_test.o)
                0x23f356c4                __u_boot_cmd_test
                0x23f356e0                __u_boot_cmd_false
                0x23f356fc                __u_boot_cmd_true
 .u_boot_cmd    0x23f35718       0x38 common/libcommon.a(cmd_usb.o)
                0x23f35718                __u_boot_cmd_usb
                0x23f35734                __u_boot_cmd_usbboot
 .u_boot_cmd    0x23f35750       0x1c common/libcommon.a(cmd_version.o)
                0x23f35750                __u_boot_cmd_version
 .u_boot_cmd    0x23f3576c       0x1c common/libcommon.a(cmd_ximg.o)
                0x23f3576c                __u_boot_cmd_imxtract
 .u_boot_cmd    0x23f35788       0x1c common/libcommon.a(hush.o)
                0x23f35788                __u_boot_cmd_showvar
 .u_boot_cmd    0x23f357a4       0x1c common/libcommon.a(lcd.o)
                0x23f357a4                __u_boot_cmd_cls
                0x23f357c0                __u_boot_cmd_end = .
                0x23f357c0                . = ALIGN (0x4)
                0x23f357c0                __bss_start = .

.bss            0x23f35800    0x41818
 *(.bss)
 .bss           0x23f35800        0x0 arch/arm/cpu/arm926ejs/start.o
 .bss           0x23f35800        0x0 arch/arm/cpu/arm926ejs/at91/libat91.a(led.o)
 .bss           0x23f35800        0x4 arch/arm/lib/libarm.a(board.o)
                0x23f35800                monitor_flash_len
 .bss           0x23f35804        0x0 arch/arm/lib/libarm.a(interrupts.o)
 .bss           0x23f35804       0x14 net/libnet.a(eth.o)
 .bss           0x23f35818     0x25e4 net/libnet.a(net.o)
                0x23f35818                NetState
                0x23f3582c                NetIPID
                0x23f35830                NetOurIP
                0x23f35834                NetOurEther
                0x23f3583c                NetPingIP
                0x23f35840                NetRxPacket
                0x23f35844                NetRxPacketLen
                0x23f35848                NetArpWaitPacketIP
                0x23f3584c                NetArpWaitPacketMAC
                0x23f35850                NetArpWaitReplyIP
                0x23f35854                NetArpWaitTxPacket
                0x23f35858                NetArpWaitTxPacketSize
                0x23f3585c                NetServerIP
                0x23f35860                NetServerEther
                0x23f35868                NetTxPacket
                0x23f3586c                NetOurSubnetMask
                0x23f35870                NetOurGatewayIP
                0x23f3587c                NetEtherNullAddr
                0x23f35884                NetArpWaitTry
                0x23f35888                NetArpWaitTimerStart
                0x23f35894                NetRestartWrap
                0x23f3589c                PktBuf
                0x23f376bc                NetRxPackets
                0x23f376cc                NetArpWaitPacketBuf
                0x23f37cf0                NetBootFileXferSize
                0x23f37cf4                NetOurDNSIP
                0x23f37cf8                NetOurNISDomain
                0x23f37d18                NetOurHostName
                0x23f37d38                NetOurRootPath
                0x23f37d78                NetBootFileSize
                0x23f37d7c                BootFile
 .bss           0x23f37dfc      0x8b0 net/libnet.a(nfs.o)
 .bss           0x23f386ac        0x4 net/libnet.a(rarp.o)
                0x23f386ac                RarpTry
 .bss           0x23f386b0       0xb4 net/libnet.a(tftp.o)
 .bss           0x23f38764       0x14 net/libnet.a(bootp.o)
                0x23f38764                dhcp_leasetime
                0x23f38768                NetDHCPServerIP
                0x23f3876c                BootpID
                0x23f38770                dhcp_state
                0x23f38774                BootpTry
 .bss           0x23f38778        0x0 drivers/gpio/libgpio.a(at91_gpio.o)
 .bss           0x23f38778        0x8 drivers/mtd/libmtd.a(dataflash.o)
 .bss           0x23f38780        0x0 drivers/mtd/libmtd.a(at45.o)
 .bss           0x23f38780      0x1c8 drivers/mtd/nand/libnand.a(nand.o)
                0x23f38780                nand_info
 .bss           0x23f38948        0x0 drivers/mtd/nand/libnand.a(nand_base.o)
 .bss           0x23f38948        0x0 drivers/mtd/nand/libnand.a(nand_bbt.o)
 .bss           0x23f38948        0x0 drivers/mtd/nand/libnand.a(nand_ecc.o)
 .bss           0x23f38948        0x0 drivers/mtd/nand/libnand.a(nand_ids.o)
 .bss           0x23f38948        0x0 drivers/mtd/nand/libnand.a(atmel_nand.o)
 .bss           0x23f38948        0x0 drivers/spi/libspi.a(atmel_dataflash_spi.o)
 .bss           0x23f38948        0x0 drivers/serial/libserial.a(atmel_usart.o)
 .bss           0x23f38948        0x0 common/libcommon.a(cmd_boot.o)
 .bss           0x23f38948       0x8c common/libcommon.a(cmd_bootm.o)
 .bss           0x23f389d4        0x0 common/libcommon.a(cmd_console.o)
 .bss           0x23f389d4        0x0 common/libcommon.a(cmd_echo.o)
 .bss           0x23f389d4        0x0 common/libcommon.a(cmd_exit.o)
 .bss           0x23f389d4        0x0 common/libcommon.a(cmd_fat.o)
 .bss           0x23f389d4        0x0 common/libcommon.a(cmd_flash.o)
 .bss           0x23f389d4        0x0 common/libcommon.a(cmd_help.o)
 .bss           0x23f389d4        0x0 common/libcommon.a(cmd_itest.o)
 .bss           0x23f389d4       0x60 common/libcommon.a(cmd_load.o)
                0x23f389e4                os_data_init
                0x23f389f4                os_data_char
                0x23f389f8                his_quote
                0x23f389fc                his_pad_count
                0x23f38a00                his_pad_char
                0x23f38a01                his_eol
                0x23f38a04                send_ptr
                0x23f38a08                send_parms
 .bss           0x23f38a34       0x14 common/libcommon.a(cmd_mem.o)
                0x23f38a38                mm_last_addr
                0x23f38a3c                mm_last_size
                0x23f38a40                dp_last_addr
                0x23f38a44                dp_last_size
 .bss           0x23f38a48        0x0 common/libcommon.a(cmd_misc.o)
 .bss           0x23f38a48        0x0 common/libcommon.a(cmd_nand.o)
 .bss           0x23f38a48        0x0 common/libcommon.a(cmd_net.o)
 .bss           0x23f38a48        0x0 common/libcommon.a(cmd_nvedit.o)
 .bss           0x23f38a48        0x0 common/libcommon.a(cmd_test.o)
 .bss           0x23f38a48        0x0 common/libcommon.a(cmd_usb.o)
 .bss           0x23f38a48        0x0 common/libcommon.a(cmd_version.o)
 .bss           0x23f38a48        0x0 common/libcommon.a(cmd_ximg.o)
 .bss           0x23f38a48      0x300 common/libcommon.a(command.o)
 .bss           0x23f38d48        0x8 common/libcommon.a(console.o)
 .bss           0x23f38d50       0x44 common/libcommon.a(dlmalloc.o)
                0x23f38d50                mem_malloc_brk
                0x23f38d54                mem_malloc_start
                0x23f38d58                mem_malloc_end
 .bss           0x23f38d94        0x0 common/libcommon.a(env_common.o)
 .bss           0x23f38d94        0x4 common/libcommon.a(env_dataflash.o)
                0x23f38d94                env_ptr
 .bss           0x23f38d98        0x0 common/libcommon.a(exports.o)
 .bss           0x23f38d98      0x258 common/libcommon.a(hush.o)
                0x23f38fe4                last_return_code
                0x23f38fec                nesting_level
 .bss           0x23f38ff0        0x0 common/libcommon.a(image.o)
 .bss           0x23f38ff0        0x1 common/libcommon.a(lcd.o)
                0x23f38ff0                lcd_is_enabled
 *fill*         0x23f38ff1        0x3 00
 .bss           0x23f38ff4     0x1578 common/libcommon.a(main.o)
                0x23f39000                hist_num
                0x23f39004                hist_lines
                0x23f3a418                hist_list
                0x23f3a468                console_buffer
 .bss           0x23f3a56c       0x48 common/libcommon.a(stdio.o)
                0x23f3a5a8                stdio_devices
 .bss           0x23f3a5b4     0xaa1c common/libcommon.a(usb.o)
                0x23f44fc0                usb_started
 .bss           0x23f44fd0      0x5b8 common/libcommon.a(usb_storage.o)
 .bss           0x23f45588      0x43c common/libcommon.a(xyzModem.o)
 .bss           0x23f459c4        0x0 board/atmel/at91sam9263ek/libat91sam9263ek.a(at91sam9263ek.o)
 .bss           0x23f459c4       0xec board/atmel/at91sam9263ek/libat91sam9263ek.a(partition.o)
                0x23f459c4                dataflash_info
 .bss           0x23f45ab0        0x0 lib/libgeneric.a(crc16.o)
 .bss           0x23f45ab0        0x0 lib/libgeneric.a(crc32.o)
 .bss           0x23f45ab0        0x0 lib/libgeneric.a(ctype.o)
 .bss           0x23f45ab0        0x0 lib/libgeneric.a(display_options.o)
 .bss           0x23f45ab0        0x0 lib/libgeneric.a(gunzip.o)
 .bss           0x23f45ab0        0x0 lib/libgeneric.a(net_utils.o)
 .bss           0x23f45ab0        0x4 lib/libgeneric.a(string.o)
                0x23f45ab0                ___strtok
 .bss           0x23f45ab4        0x0 lib/libgeneric.a(strmhz.o)
 .bss           0x23f45ab4        0x0 lib/libgeneric.a(time.o)
 .bss           0x23f45ab4        0x0 lib/libgeneric.a(vsprintf.o)
 .bss           0x23f45ab4        0x0 lib/libgeneric.a(zlib.o)
 .bss           0x23f45ab4        0x0 lib/libgeneric.a(div64.o)
 .bss           0x23f45ab4        0x0 arch/arm/cpu/arm926ejs/at91/libat91.a(at91sam9263_devices.o)
 .bss           0x23f45ab4       0x18 arch/arm/cpu/arm926ejs/at91/libat91.a(clock.o)
 .bss           0x23f45acc        0x0 arch/arm/cpu/arm926ejs/at91/libat91.a(cpu.o)
 .bss           0x23f45acc        0x0 arch/arm/cpu/arm926ejs/at91/libat91.a(reset.o)
 .bss           0x23f45acc        0xc arch/arm/cpu/arm926ejs/at91/libat91.a(timer.o)
 .bss           0x23f45ad8        0x4 arch/arm/lib/libarm.a(bootm.o)
 .bss           0x23f45adc        0x0 arch/arm/lib/libarm.a(cache.o)
 .bss           0x23f45adc        0x0 arch/arm/lib/libarm.a(reset.o)
 .bss           0x23f45adc    0x30008 fs/fat/libfat.a(fat.o)
                0x23f45ae4                get_vfatname_block
                0x23f55ae4                do_fat_read_block
                0x23f65ae4                get_dentfromdir_block
 .bss           0x23f75ae4        0x0 disk/libdisk.a(part.o)
 .bss           0x23f75ae4        0x0 disk/libdisk.a(part_dos.o)
 .bss           0x23f75ae4        0x0 drivers/mtd/nand/libnand.a(nand_util.o)
 .bss           0x23f75ae4        0x0 drivers/net/libnet.a(macb.o)
 *fill*         0x23f75ae4       0x1c 00
 .bss           0x23f75b00     0x1500 drivers/usb/host/libusb_host.a(ohci-hcd.o)
                0x23f75c48                phcca
                0x23f75d00                ghcca
                0x23f75e00                ohci_dev
                0x23f75fa0                gtd
                0x23f76fe0                ptd
                0x23f76fe8                devgone
 .bss           0x23f77000        0x0 drivers/usb/host/libusb_host.a(ohci-at91.o)
 .bss           0x23f77000       0x18 drivers/video/libvideo.a(atmel_lcdfb.o)
                0x23f77000                lcd_line_length
                0x23f77004                lcd_color_fg
                0x23f77008                lcd_color_bg
                0x23f7700c                lcd_base
                0x23f77010                lcd_console_address
                0x23f77014                console_col
                0x23f77016                console_row
 .bss           0x23f77018        0x0 arch/arm/cpu/arm926ejs/libarm926ejs.a(cpu.o)
 .bss           0x23f77018        0x0 arch/arm/lib/libarm.a(cache-cp15.o)
 .bss           0x23f77018        0x0 /home/jionfull/u-boot-2010.06/arch/arm/lib/eabi_compat.o
 .bss           0x23f77018        0x0 /opt/FriendlyARM/toolschain/4.4.3/lib/gcc/arm-none-linux-gnueabi/4.4.3/libgcc.a(_udivsi3.o)
 .bss           0x23f77018        0x0 /opt/FriendlyARM/toolschain/4.4.3/lib/gcc/arm-none-linux-gnueabi/4.4.3/libgcc.a(_divsi3.o)
 .bss           0x23f77018        0x0 /opt/FriendlyARM/toolschain/4.4.3/lib/gcc/arm-none-linux-gnueabi/4.4.3/libgcc.a(_lshrdi3.o)
 .bss           0x23f77018        0x0 /opt/FriendlyARM/toolschain/4.4.3/lib/gcc/arm-none-linux-gnueabi/4.4.3/libgcc.a(_ashrdi3.o)
 .bss           0x23f77018        0x0 /opt/FriendlyARM/toolschain/4.4.3/lib/gcc/arm-none-linux-gnueabi/4.4.3/libgcc.a(_ashldi3.o)
 .bss           0x23f77018        0x0 /opt/FriendlyARM/toolschain/4.4.3/lib/gcc/arm-none-linux-gnueabi/4.4.3/libgcc.a(_dvmd_lnx.o)
                0x23f77018                . = ALIGN (0x4)
                0x23f77018                _end = .
Address of section .text set to 0x23f00000
LOAD arch/arm/cpu/arm926ejs/start.o
START GROUP
LOAD lib/libgeneric.a
LOAD lib/lzma/liblzma.a
LOAD lib/lzo/liblzo.a
LOAD arch/arm/cpu/arm926ejs/libarm926ejs.a
LOAD arch/arm/cpu/arm926ejs/at91/libat91.a
LOAD arch/arm/lib/libarm.a
LOAD fs/cramfs/libcramfs.a
LOAD fs/fat/libfat.a
LOAD fs/fdos/libfdos.a
LOAD fs/jffs2/libjffs2.a
LOAD fs/reiserfs/libreiserfs.a
LOAD fs/ext2/libext2fs.a
LOAD fs/yaffs2/libyaffs2.a
LOAD fs/ubifs/libubifs.a
LOAD net/libnet.a
LOAD disk/libdisk.a
LOAD drivers/bios_emulator/libatibiosemu.a
LOAD drivers/block/libblock.a
LOAD drivers/dma/libdma.a
LOAD drivers/fpga/libfpga.a
LOAD drivers/gpio/libgpio.a
LOAD drivers/hwmon/libhwmon.a
LOAD drivers/i2c/libi2c.a
LOAD drivers/input/libinput.a
LOAD drivers/misc/libmisc.a
LOAD drivers/mmc/libmmc.a
LOAD drivers/mtd/libmtd.a
LOAD drivers/mtd/nand/libnand.a
LOAD drivers/mtd/onenand/libonenand.a
LOAD drivers/mtd/ubi/libubi.a
LOAD drivers/mtd/spi/libspi_flash.a
LOAD drivers/net/libnet.a
LOAD drivers/net/phy/libphy.a
LOAD drivers/pci/libpci.a
LOAD drivers/pcmcia/libpcmcia.a
LOAD drivers/power/libpower.a
LOAD drivers/spi/libspi.a
LOAD drivers/rtc/librtc.a
LOAD drivers/serial/libserial.a
LOAD drivers/twserial/libtws.a
LOAD drivers/usb/gadget/libusb_gadget.a
LOAD drivers/usb/host/libusb_host.a
LOAD drivers/usb/musb/libusb_musb.a
LOAD drivers/usb/phy/libusb_phy.a
LOAD drivers/video/libvideo.a
LOAD drivers/watchdog/libwatchdog.a
LOAD common/libcommon.a
LOAD lib/libfdt/libfdt.a
LOAD api/libapi.a
LOAD post/libpost.a
LOAD board/atmel/at91sam9263ek/libat91sam9263ek.a
END GROUP
LOAD /home/jionfull/u-boot-2010.06/arch/arm/lib/eabi_compat.o
LOAD /opt/FriendlyARM/toolschain/4.4.3/lib/gcc/arm-none-linux-gnueabi/4.4.3/libgcc.a
OUTPUT(u-boot elf32-littlearm)

.ARM.attributes
                0x00000000       0x27
 .ARM.attributes
                0x00000000       0x1b arch/arm/cpu/arm926ejs/start.o
 .ARM.attributes
                0x0000001b       0x2b arch/arm/cpu/arm926ejs/at91/libat91.a(led.o)
 .ARM.attributes
                0x00000046       0x2b arch/arm/lib/libarm.a(board.o)
 .ARM.attributes
                0x00000071       0x2b arch/arm/lib/libarm.a(interrupts.o)
 .ARM.attributes
                0x0000009c       0x2b net/libnet.a(eth.o)
 .ARM.attributes
                0x000000c7       0x2b net/libnet.a(net.o)
 .ARM.attributes
                0x000000f2       0x2b net/libnet.a(nfs.o)
 .ARM.attributes
                0x0000011d       0x2b net/libnet.a(rarp.o)
 .ARM.attributes
                0x00000148       0x2b net/libnet.a(tftp.o)
 .ARM.attributes
                0x00000173       0x2b net/libnet.a(bootp.o)
 .ARM.attributes
                0x0000019e       0x2b drivers/gpio/libgpio.a(at91_gpio.o)
 .ARM.attributes
                0x000001c9       0x2b drivers/mtd/libmtd.a(dataflash.o)
 .ARM.attributes
                0x000001f4       0x2b drivers/mtd/libmtd.a(at45.o)
 .ARM.attributes
                0x0000021f       0x2b drivers/mtd/nand/libnand.a(nand.o)
 .ARM.attributes
                0x0000024a       0x2b drivers/mtd/nand/libnand.a(nand_base.o)
 .ARM.attributes
                0x00000275       0x2b drivers/mtd/nand/libnand.a(nand_bbt.o)
 .ARM.attributes
                0x000002a0       0x2b drivers/mtd/nand/libnand.a(nand_ecc.o)
 .ARM.attributes
                0x000002cb       0x2b drivers/mtd/nand/libnand.a(nand_ids.o)
 .ARM.attributes
                0x000002f6       0x2b drivers/mtd/nand/libnand.a(atmel_nand.o)
 .ARM.attributes
                0x00000321       0x2b drivers/spi/libspi.a(atmel_dataflash_spi.o)
 .ARM.attributes
                0x0000034c       0x2b drivers/serial/libserial.a(atmel_usart.o)
 .ARM.attributes
                0x00000377       0x2b common/libcommon.a(cmd_boot.o)
 .ARM.attributes
                0x000003a2       0x2b common/libcommon.a(cmd_bootm.o)
 .ARM.attributes
                0x000003cd       0x2b common/libcommon.a(cmd_console.o)
 .ARM.attributes
                0x000003f8       0x2b common/libcommon.a(cmd_echo.o)
 .ARM.attributes
                0x00000423       0x2b common/libcommon.a(cmd_exit.o)
 .ARM.attributes
                0x0000044e       0x2b common/libcommon.a(cmd_fat.o)
 .ARM.attributes
                0x00000479       0x2b common/libcommon.a(cmd_flash.o)
 .ARM.attributes
                0x000004a4       0x2b common/libcommon.a(cmd_help.o)
 .ARM.attributes
                0x000004cf       0x2b common/libcommon.a(cmd_itest.o)
 .ARM.attributes
                0x000004fa       0x2b common/libcommon.a(cmd_load.o)
 .ARM.attributes
                0x00000525       0x2b common/libcommon.a(cmd_mem.o)
 .ARM.attributes
                0x00000550       0x2b common/libcommon.a(cmd_misc.o)
 .ARM.attributes
                0x0000057b       0x2b common/libcommon.a(cmd_nand.o)
 .ARM.attributes
                0x000005a6       0x2b common/libcommon.a(cmd_net.o)
 .ARM.attributes
                0x000005d1       0x2b common/libcommon.a(cmd_nvedit.o)
 .ARM.attributes
                0x000005fc       0x2b common/libcommon.a(cmd_test.o)
 .ARM.attributes
                0x00000627       0x2b common/libcommon.a(cmd_usb.o)
 .ARM.attributes
                0x00000652       0x2b common/libcommon.a(cmd_version.o)
 .ARM.attributes
                0x0000067d       0x2b common/libcommon.a(cmd_ximg.o)
 .ARM.attributes
                0x000006a8       0x2b common/libcommon.a(command.o)
 .ARM.attributes
                0x000006d3       0x2b common/libcommon.a(console.o)
 .ARM.attributes
                0x000006fe       0x2b common/libcommon.a(dlmalloc.o)
 .ARM.attributes
                0x00000729       0x2b common/libcommon.a(env_common.o)
 .ARM.attributes
                0x00000754       0x2b common/libcommon.a(env_dataflash.o)
 .ARM.attributes
                0x0000077f       0x2b common/libcommon.a(exports.o)
 .ARM.attributes
                0x000007aa       0x2b common/libcommon.a(hush.o)
 .ARM.attributes
                0x000007d5       0x2b common/libcommon.a(image.o)
 .ARM.attributes
                0x00000800       0x2b common/libcommon.a(lcd.o)
 .ARM.attributes
                0x0000082b       0x2b common/libcommon.a(main.o)
 .ARM.attributes
                0x00000856       0x2b common/libcommon.a(stdio.o)
 .ARM.attributes
                0x00000881       0x2b common/libcommon.a(usb.o)
 .ARM.attributes
                0x000008ac       0x2b common/libcommon.a(usb_storage.o)
 .ARM.attributes
                0x000008d7       0x2b common/libcommon.a(xyzModem.o)
 .ARM.attributes
                0x00000902       0x2b board/atmel/at91sam9263ek/libat91sam9263ek.a(at91sam9263ek.o)
 .ARM.attributes
                0x0000092d       0x2b board/atmel/at91sam9263ek/libat91sam9263ek.a(partition.o)
 .ARM.attributes
                0x00000958       0x2b lib/libgeneric.a(crc16.o)
 .ARM.attributes
                0x00000983       0x2b lib/libgeneric.a(crc32.o)
 .ARM.attributes
                0x000009ae       0x2b lib/libgeneric.a(ctype.o)
 .ARM.attributes
                0x000009d9       0x2b lib/libgeneric.a(display_options.o)
 .ARM.attributes
                0x00000a04       0x2b lib/libgeneric.a(gunzip.o)
 .ARM.attributes
                0x00000a2f       0x2b lib/libgeneric.a(net_utils.o)
 .ARM.attributes
                0x00000a5a       0x2b lib/libgeneric.a(string.o)
 .ARM.attributes
                0x00000a85       0x2b lib/libgeneric.a(strmhz.o)
 .ARM.attributes
                0x00000ab0       0x2b lib/libgeneric.a(time.o)
 .ARM.attributes
                0x00000adb       0x2b lib/libgeneric.a(vsprintf.o)
 .ARM.attributes
                0x00000b06       0x2b lib/libgeneric.a(zlib.o)
 .ARM.attributes
                0x00000b31       0x2b lib/libgeneric.a(div64.o)
 .ARM.attributes
                0x00000b5c       0x2b arch/arm/cpu/arm926ejs/at91/libat91.a(at91sam9263_devices.o)
 .ARM.attributes
                0x00000b87       0x2b arch/arm/cpu/arm926ejs/at91/libat91.a(clock.o)
 .ARM.attributes
                0x00000bb2       0x2b arch/arm/cpu/arm926ejs/at91/libat91.a(cpu.o)
 .ARM.attributes
                0x00000bdd       0x2b arch/arm/cpu/arm926ejs/at91/libat91.a(reset.o)
 .ARM.attributes
                0x00000c08       0x2b arch/arm/cpu/arm926ejs/at91/libat91.a(timer.o)
 .ARM.attributes
                0x00000c33       0x2b arch/arm/lib/libarm.a(bootm.o)
 .ARM.attributes
                0x00000c5e       0x2b arch/arm/lib/libarm.a(cache.o)
 .ARM.attributes
                0x00000c89       0x2b arch/arm/lib/libarm.a(reset.o)
 .ARM.attributes
                0x00000cb4       0x2b fs/fat/libfat.a(fat.o)
 .ARM.attributes
                0x00000cdf       0x2b disk/libdisk.a(part.o)
 .ARM.attributes
                0x00000d0a       0x2b disk/libdisk.a(part_dos.o)
 .ARM.attributes
                0x00000d35       0x2b drivers/mtd/nand/libnand.a(nand_util.o)
 .ARM.attributes
                0x00000d60       0x2b drivers/net/libnet.a(macb.o)
 .ARM.attributes
                0x00000d8b       0x2b drivers/usb/host/libusb_host.a(ohci-hcd.o)
 .ARM.attributes
                0x00000db6       0x2b drivers/usb/host/libusb_host.a(ohci-at91.o)
 .ARM.attributes
                0x00000de1       0x2b drivers/video/libvideo.a(atmel_lcdfb.o)
 .ARM.attributes
                0x00000e0c       0x2b arch/arm/cpu/arm926ejs/libarm926ejs.a(cpu.o)
 .ARM.attributes
                0x00000e37       0x2b arch/arm/lib/libarm.a(cache-cp15.o)
 .ARM.attributes
                0x00000e62       0x2b /home/jionfull/u-boot-2010.06/arch/arm/lib/eabi_compat.o
 .ARM.attributes
                0x00000e8d       0x1a /opt/FriendlyARM/toolschain/4.4.3/lib/gcc/arm-none-linux-gnueabi/4.4.3/libgcc.a(_udivsi3.o)
 .ARM.attributes
                0x00000ea7       0x1a /opt/FriendlyARM/toolschain/4.4.3/lib/gcc/arm-none-linux-gnueabi/4.4.3/libgcc.a(_divsi3.o)
 .ARM.attributes
                0x00000ec1       0x1a /opt/FriendlyARM/toolschain/4.4.3/lib/gcc/arm-none-linux-gnueabi/4.4.3/libgcc.a(_lshrdi3.o)
 .ARM.attributes
                0x00000edb       0x1a /opt/FriendlyARM/toolschain/4.4.3/lib/gcc/arm-none-linux-gnueabi/4.4.3/libgcc.a(_ashrdi3.o)
 .ARM.attributes
                0x00000ef5       0x1a /opt/FriendlyARM/toolschain/4.4.3/lib/gcc/arm-none-linux-gnueabi/4.4.3/libgcc.a(_ashldi3.o)
 .ARM.attributes
                0x00000f0f       0x1a /opt/FriendlyARM/toolschain/4.4.3/lib/gcc/arm-none-linux-gnueabi/4.4.3/libgcc.a(_dvmd_lnx.o)

.comment        0x00000000       0x18
 .comment       0x00000000       0x18 arch/arm/cpu/arm926ejs/at91/libat91.a(led.o)
                                 0x19 (size before relaxing)
 .comment       0x00000000       0x19 arch/arm/lib/libarm.a(board.o)
 .comment       0x00000000       0x19 arch/arm/lib/libarm.a(interrupts.o)
 .comment       0x00000000       0x19 net/libnet.a(eth.o)
 .comment       0x00000000       0x19 net/libnet.a(net.o)
 .comment       0x00000000       0x19 net/libnet.a(nfs.o)
 .comment       0x00000000       0x19 net/libnet.a(rarp.o)
 .comment       0x00000000       0x19 net/libnet.a(tftp.o)
 .comment       0x00000000       0x19 net/libnet.a(bootp.o)
 .comment       0x00000000       0x19 drivers/gpio/libgpio.a(at91_gpio.o)
 .comment       0x00000000       0x19 drivers/mtd/libmtd.a(dataflash.o)
 .comment       0x00000000       0x19 drivers/mtd/libmtd.a(at45.o)
 .comment       0x00000000       0x19 drivers/mtd/nand/libnand.a(nand.o)
 .comment       0x00000000       0x19 drivers/mtd/nand/libnand.a(nand_base.o)
 .comment       0x00000000       0x19 drivers/mtd/nand/libnand.a(nand_bbt.o)
 .comment       0x00000000       0x19 drivers/mtd/nand/libnand.a(nand_ecc.o)
 .comment       0x00000000       0x19 drivers/mtd/nand/libnand.a(nand_ids.o)
 .comment       0x00000000       0x19 drivers/mtd/nand/libnand.a(atmel_nand.o)
 .comment       0x00000000       0x19 drivers/spi/libspi.a(atmel_dataflash_spi.o)
 .comment       0x00000000       0x19 drivers/serial/libserial.a(atmel_usart.o)
 .comment       0x00000000       0x19 common/libcommon.a(cmd_boot.o)
 .comment       0x00000000       0x19 common/libcommon.a(cmd_bootm.o)
 .comment       0x00000000       0x19 common/libcommon.a(cmd_console.o)
 .comment       0x00000000       0x19 common/libcommon.a(cmd_echo.o)
 .comment       0x00000000       0x19 common/libcommon.a(cmd_exit.o)
 .comment       0x00000000       0x19 common/libcommon.a(cmd_fat.o)
 .comment       0x00000000       0x19 common/libcommon.a(cmd_flash.o)
 .comment       0x00000000       0x19 common/libcommon.a(cmd_help.o)
 .comment       0x00000000       0x19 common/libcommon.a(cmd_itest.o)
 .comment       0x00000000       0x19 common/libcommon.a(cmd_load.o)
 .comment       0x00000000       0x19 common/libcommon.a(cmd_mem.o)
 .comment       0x00000000       0x19 common/libcommon.a(cmd_misc.o)
 .comment       0x00000000       0x19 common/libcommon.a(cmd_nand.o)
 .comment       0x00000000       0x19 common/libcommon.a(cmd_net.o)
 .comment       0x00000000       0x19 common/libcommon.a(cmd_nvedit.o)
 .comment       0x00000000       0x19 common/libcommon.a(cmd_test.o)
 .comment       0x00000000       0x19 common/libcommon.a(cmd_usb.o)
 .comment       0x00000000       0x19 common/libcommon.a(cmd_version.o)
 .comment       0x00000000       0x19 common/libcommon.a(cmd_ximg.o)
 .comment       0x00000000       0x19 common/libcommon.a(command.o)
 .comment       0x00000000       0x19 common/libcommon.a(console.o)
 .comment       0x00000000       0x19 common/libcommon.a(dlmalloc.o)
 .comment       0x00000000       0x19 common/libcommon.a(env_common.o)
 .comment       0x00000000       0x19 common/libcommon.a(env_dataflash.o)
 .comment       0x00000000       0x19 common/libcommon.a(exports.o)
 .comment       0x00000000       0x19 common/libcommon.a(hush.o)
 .comment       0x00000000       0x19 common/libcommon.a(image.o)
 .comment       0x00000000       0x19 common/libcommon.a(lcd.o)
 .comment       0x00000000       0x19 common/libcommon.a(main.o)
 .comment       0x00000000       0x19 common/libcommon.a(stdio.o)
 .comment       0x00000000       0x19 common/libcommon.a(usb.o)
 .comment       0x00000000       0x19 common/libcommon.a(usb_storage.o)
 .comment       0x00000000       0x19 common/libcommon.a(xyzModem.o)
 .comment       0x00000000       0x19 board/atmel/at91sam9263ek/libat91sam9263ek.a(at91sam9263ek.o)
 .comment       0x00000000       0x19 board/atmel/at91sam9263ek/libat91sam9263ek.a(partition.o)
 .comment       0x00000000       0x19 lib/libgeneric.a(crc16.o)
 .comment       0x00000000       0x19 lib/libgeneric.a(crc32.o)
 .comment       0x00000000       0x19 lib/libgeneric.a(ctype.o)
 .comment       0x00000000       0x19 lib/libgeneric.a(display_options.o)
 .comment       0x00000000       0x19 lib/libgeneric.a(gunzip.o)
 .comment       0x00000000       0x19 lib/libgeneric.a(net_utils.o)
 .comment       0x00000000       0x19 lib/libgeneric.a(string.o)
 .comment       0x00000000       0x19 lib/libgeneric.a(strmhz.o)
 .comment       0x00000000       0x19 lib/libgeneric.a(time.o)
 .comment       0x00000000       0x19 lib/libgeneric.a(vsprintf.o)
 .comment       0x00000000       0x19 lib/libgeneric.a(zlib.o)
 .comment       0x00000000       0x19 lib/libgeneric.a(div64.o)
 .comment       0x00000000       0x19 arch/arm/cpu/arm926ejs/at91/libat91.a(at91sam9263_devices.o)
 .comment       0x00000000       0x19 arch/arm/cpu/arm926ejs/at91/libat91.a(clock.o)
 .comment       0x00000000       0x19 arch/arm/cpu/arm926ejs/at91/libat91.a(cpu.o)
 .comment       0x00000000       0x19 arch/arm/cpu/arm926ejs/at91/libat91.a(reset.o)
 .comment       0x00000000       0x19 arch/arm/cpu/arm926ejs/at91/libat91.a(timer.o)
 .comment       0x00000000       0x19 arch/arm/lib/libarm.a(bootm.o)
 .comment       0x00000000       0x19 arch/arm/lib/libarm.a(cache.o)
 .comment       0x00000000       0x19 arch/arm/lib/libarm.a(reset.o)
 .comment       0x00000000       0x19 fs/fat/libfat.a(fat.o)
 .comment       0x00000000       0x19 disk/libdisk.a(part.o)
 .comment       0x00000000       0x19 disk/libdisk.a(part_dos.o)
 .comment       0x00000000       0x19 drivers/mtd/nand/libnand.a(nand_util.o)
 .comment       0x00000000       0x19 drivers/net/libnet.a(macb.o)
 .comment       0x00000000       0x19 drivers/usb/host/libusb_host.a(ohci-hcd.o)
 .comment       0x00000000       0x19 drivers/usb/host/libusb_host.a(ohci-at91.o)
 .comment       0x00000000       0x19 drivers/video/libvideo.a(atmel_lcdfb.o)
 .comment       0x00000000       0x19 arch/arm/cpu/arm926ejs/libarm926ejs.a(cpu.o)
 .comment       0x00000000       0x19 arch/arm/lib/libarm.a(cache-cp15.o)
 .comment       0x00000000       0x19 /home/jionfull/u-boot-2010.06/arch/arm/lib/eabi_compat.o

.note.GNU-stack
                0x00000000        0x0
 .note.GNU-stack
                0x00000000        0x0 arch/arm/cpu/arm926ejs/at91/libat91.a(led.o)
 .note.GNU-stack
                0x00000000        0x0 arch/arm/lib/libarm.a(board.o)
 .note.GNU-stack
                0x00000000        0x0 arch/arm/lib/libarm.a(interrupts.o)
 .note.GNU-stack
                0x00000000        0x0 net/libnet.a(eth.o)
 .note.GNU-stack
                0x00000000        0x0 net/libnet.a(net.o)
 .note.GNU-stack
                0x00000000        0x0 net/libnet.a(nfs.o)
 .note.GNU-stack
                0x00000000        0x0 net/libnet.a(rarp.o)
 .note.GNU-stack
                0x00000000        0x0 net/libnet.a(tftp.o)
 .note.GNU-stack
                0x00000000        0x0 net/libnet.a(bootp.o)
 .note.GNU-stack
                0x00000000        0x0 drivers/gpio/libgpio.a(at91_gpio.o)
 .note.GNU-stack
                0x00000000        0x0 drivers/mtd/libmtd.a(dataflash.o)
 .note.GNU-stack
                0x00000000        0x0 drivers/mtd/libmtd.a(at45.o)
 .note.GNU-stack
                0x00000000        0x0 drivers/mtd/nand/libnand.a(nand.o)
 .note.GNU-stack
                0x00000000        0x0 drivers/mtd/nand/libnand.a(nand_base.o)
 .note.GNU-stack
                0x00000000        0x0 drivers/mtd/nand/libnand.a(nand_bbt.o)
 .note.GNU-stack
                0x00000000        0x0 drivers/mtd/nand/libnand.a(nand_ecc.o)
 .note.GNU-stack
                0x00000000        0x0 drivers/mtd/nand/libnand.a(nand_ids.o)
 .note.GNU-stack
                0x00000000        0x0 drivers/mtd/nand/libnand.a(atmel_nand.o)
 .note.GNU-stack
                0x00000000        0x0 drivers/spi/libspi.a(atmel_dataflash_spi.o)
 .note.GNU-stack
                0x00000000        0x0 drivers/serial/libserial.a(atmel_usart.o)
 .note.GNU-stack
                0x00000000        0x0 common/libcommon.a(cmd_boot.o)
 .note.GNU-stack
                0x00000000        0x0 common/libcommon.a(cmd_bootm.o)
 .note.GNU-stack
                0x00000000        0x0 common/libcommon.a(cmd_console.o)
 .note.GNU-stack
                0x00000000        0x0 common/libcommon.a(cmd_echo.o)
 .note.GNU-stack
                0x00000000        0x0 common/libcommon.a(cmd_exit.o)
 .note.GNU-stack
                0x00000000        0x0 common/libcommon.a(cmd_fat.o)
 .note.GNU-stack
                0x00000000        0x0 common/libcommon.a(cmd_flash.o)
 .note.GNU-stack
                0x00000000        0x0 common/libcommon.a(cmd_help.o)
 .note.GNU-stack
                0x00000000        0x0 common/libcommon.a(cmd_itest.o)
 .note.GNU-stack
                0x00000000        0x0 common/libcommon.a(cmd_load.o)
 .note.GNU-stack
                0x00000000        0x0 common/libcommon.a(cmd_mem.o)
 .note.GNU-stack
                0x00000000        0x0 common/libcommon.a(cmd_misc.o)
 .note.GNU-stack
                0x00000000        0x0 common/libcommon.a(cmd_nand.o)
 .note.GNU-stack
                0x00000000        0x0 common/libcommon.a(cmd_net.o)
 .note.GNU-stack
                0x00000000        0x0 common/libcommon.a(cmd_nvedit.o)
 .note.GNU-stack
                0x00000000        0x0 common/libcommon.a(cmd_test.o)
 .note.GNU-stack
                0x00000000        0x0 common/libcommon.a(cmd_usb.o)
 .note.GNU-stack
                0x00000000        0x0 common/libcommon.a(cmd_version.o)
 .note.GNU-stack
                0x00000000        0x0 common/libcommon.a(cmd_ximg.o)
 .note.GNU-stack
                0x00000000        0x0 common/libcommon.a(command.o)
 .note.GNU-stack
                0x00000000        0x0 common/libcommon.a(console.o)
 .note.GNU-stack
                0x00000000        0x0 common/libcommon.a(dlmalloc.o)
 .note.GNU-stack
                0x00000000        0x0 common/libcommon.a(env_common.o)
 .note.GNU-stack
                0x00000000        0x0 common/libcommon.a(env_dataflash.o)
 .note.GNU-stack
                0x00000000        0x0 common/libcommon.a(exports.o)
 .note.GNU-stack
                0x00000000        0x0 common/libcommon.a(hush.o)
 .note.GNU-stack
                0x00000000        0x0 common/libcommon.a(image.o)
 .note.GNU-stack
                0x00000000        0x0 common/libcommon.a(lcd.o)
 .note.GNU-stack
                0x00000000        0x0 common/libcommon.a(main.o)
 .note.GNU-stack
                0x00000000        0x0 common/libcommon.a(stdio.o)
 .note.GNU-stack
                0x00000000        0x0 common/libcommon.a(usb.o)
 .note.GNU-stack
                0x00000000        0x0 common/libcommon.a(usb_storage.o)
 .note.GNU-stack
                0x00000000        0x0 common/libcommon.a(xyzModem.o)
 .note.GNU-stack
                0x00000000        0x0 board/atmel/at91sam9263ek/libat91sam9263ek.a(at91sam9263ek.o)
 .note.GNU-stack
                0x00000000        0x0 board/atmel/at91sam9263ek/libat91sam9263ek.a(partition.o)
 .note.GNU-stack
                0x00000000        0x0 lib/libgeneric.a(crc16.o)
 .note.GNU-stack
                0x00000000        0x0 lib/libgeneric.a(crc32.o)
 .note.GNU-stack
                0x00000000        0x0 lib/libgeneric.a(ctype.o)
 .note.GNU-stack
                0x00000000        0x0 lib/libgeneric.a(display_options.o)
 .note.GNU-stack
                0x00000000        0x0 lib/libgeneric.a(gunzip.o)
 .note.GNU-stack
                0x00000000        0x0 lib/libgeneric.a(net_utils.o)
 .note.GNU-stack
                0x00000000        0x0 lib/libgeneric.a(string.o)
 .note.GNU-stack
                0x00000000        0x0 lib/libgeneric.a(strmhz.o)
 .note.GNU-stack
                0x00000000        0x0 lib/libgeneric.a(time.o)
 .note.GNU-stack
                0x00000000        0x0 lib/libgeneric.a(vsprintf.o)
 .note.GNU-stack
                0x00000000        0x0 lib/libgeneric.a(zlib.o)
 .note.GNU-stack
                0x00000000        0x0 lib/libgeneric.a(div64.o)
 .note.GNU-stack
                0x00000000        0x0 arch/arm/cpu/arm926ejs/at91/libat91.a(at91sam9263_devices.o)
 .note.GNU-stack
                0x00000000        0x0 arch/arm/cpu/arm926ejs/at91/libat91.a(clock.o)
 .note.GNU-stack
                0x00000000        0x0 arch/arm/cpu/arm926ejs/at91/libat91.a(cpu.o)
 .note.GNU-stack
                0x00000000        0x0 arch/arm/cpu/arm926ejs/at91/libat91.a(reset.o)
 .note.GNU-stack