Archive member included because of file (symbol)

arch/arm/cpu/arm926ejs/at91/libat91.a(led.o)
                              arch/arm/cpu/arm926ejs/start.o (red_LED_on)
arch/arm/lib/libarm.a(board.o)
                              arch/arm/cpu/arm926ejs/start.o (start_armboot)
arch/arm/lib/libarm.a(interrupts.o)
                              arch/arm/lib/libarm.a(board.o) (enable_interrupts)
net/libnet.a(eth.o)           arch/arm/lib/libarm.a(board.o) (eth_initialize)
net/libnet.a(net.o)           arch/arm/lib/libarm.a(board.o) (copy_filename)
net/libnet.a(nfs.o)           net/libnet.a(net.o) (NfsStart)
net/libnet.a(rarp.o)          net/libnet.a(net.o) (RarpRequest)
net/libnet.a(tftp.o)          net/libnet.a(net.o) (TftpStart)
net/libnet.a(bootp.o)         net/libnet.a(net.o) (BootpRequest)
drivers/gpio/libgpio.a(at91_gpio.o)
                              arch/arm/cpu/arm926ejs/at91/libat91.a(led.o) (at91_set_pio_value)
drivers/mtd/nand/libnand.a(nand.o)
                              arch/arm/lib/libarm.a(board.o) (nand_init)
drivers/mtd/nand/libnand.a(nand_base.o)
                              drivers/mtd/nand/libnand.a(nand.o) (nand_scan)
drivers/mtd/nand/libnand.a(nand_bbt.o)
                              drivers/mtd/nand/libnand.a(nand_base.o) (nand_isbad_bbt)
drivers/mtd/nand/libnand.a(nand_ecc.o)
                              drivers/mtd/nand/libnand.a(nand_base.o) (nand_calculate_ecc)
drivers/mtd/nand/libnand.a(nand_ids.o)
                              drivers/mtd/nand/libnand.a(nand_base.o) (nand_flash_ids)
drivers/mtd/nand/libnand.a(atmel_nand.o)
                              drivers/mtd/nand/libnand.a(nand.o) (board_nand_init)
drivers/serial/libserial.a(atmel_usart.o)
                              arch/arm/lib/libarm.a(board.o) (serial_init)
common/libcommon.a(cmd_boot.o)
                              (__u_boot_cmd_go)
common/libcommon.a(cmd_bootm.o)
                              arch/arm/lib/libarm.a(board.o) (load_addr)
common/libcommon.a(cmd_console.o)
                              (__u_boot_cmd_coninfo)
common/libcommon.a(cmd_echo.o)
                              (__u_boot_cmd_echo)
common/libcommon.a(cmd_exit.o)
                              (__u_boot_cmd_exit)
common/libcommon.a(cmd_fat.o)
                              (__u_boot_cmd_fatload)
common/libcommon.a(cmd_flash.o)
                              (__u_boot_cmd_flinfo)
common/libcommon.a(cmd_help.o)
                              (__u_boot_cmd_help)
common/libcommon.a(cmd_itest.o)
                              (__u_boot_cmd_itest)
common/libcommon.a(cmd_load.o)
                              (__u_boot_cmd_loadb)
common/libcommon.a(cmd_mem.o)
                              (__u_boot_cmd_md)
common/libcommon.a(cmd_misc.o)
                              (__u_boot_cmd_sleep)
common/libcommon.a(cmd_nand.o)
                              (__u_boot_cmd_nand)
common/libcommon.a(cmd_net.o)
                              (__u_boot_cmd_bootp)
common/libcommon.a(cmd_nvedit.o)
                              net/libnet.a(eth.o) (get_env_id)
common/libcommon.a(cmd_test.o)
                              (__u_boot_cmd_test)
common/libcommon.a(cmd_usb.o)
                              (__u_boot_cmd_usb)
common/libcommon.a(cmd_version.o)
                              (__u_boot_cmd_version)
common/libcommon.a(cmd_ximg.o)
                              (__u_boot_cmd_imxtract)
common/libcommon.a(command.o)
                              common/libcommon.a(cmd_itest.o) (cmd_get_data_size)
common/libcommon.a(console.o)
                              arch/arm/lib/libarm.a(board.o) (printf)
common/libcommon.a(dlmalloc.o)
                              drivers/mtd/nand/libnand.a(nand_base.o) (free)
common/libcommon.a(env_common.o)
                              common/libcommon.a(cmd_nvedit.o) (env_get_addr)
common/libcommon.a(env_dataflash.o)
                              arch/arm/lib/libarm.a(board.o) (env_init)
common/libcommon.a(exports.o)
                              arch/arm/lib/libarm.a(board.o) (jumptable_init)
common/libcommon.a(hush.o)    common/libcommon.a(cmd_bootm.o) (parse_string_outer)
common/libcommon.a(image.o)   common/libcommon.a(cmd_ximg.o) (image_multi_count)
common/libcommon.a(lcd.o)     arch/arm/lib/libarm.a(board.o) (lcd_setmem)
common/libcommon.a(main.o)    common/libcommon.a(cmd_nvedit.o) (do_run)
common/libcommon.a(stdio.o)   common/libcommon.a(cmd_console.o) (stdio_get_list)
common/libcommon.a(usb.o)     common/libcommon.a(cmd_usb.o) (usb_get_dev_index)
common/libcommon.a(usb_storage.o)
                              common/libcommon.a(cmd_usb.o) (usb_stor_get_dev)
common/libcommon.a(xyzModem.o)
                              common/libcommon.a(cmd_load.o) (xyzModem_error)
board/atmel/at91sam9263ek/libat91sam9263ek.a(at91sam9263ek.o)
                              arch/arm/lib/libarm.a(board.o) (UartPuts)
lib/libgeneric.a(crc16.o)     common/libcommon.a(xyzModem.o) (cyg_crc16)
lib/libgeneric.a(crc32.o)     common/libcommon.a(cmd_mem.o) (crc32)
[...]
Memory Configuration

Name             Origin             Length             Attributes
*default*        0x00000000         0xffffffff

Linker script and memory map

                0x00000000                . = 0x0
                0x00000000                . = ALIGN (0x4)

.text           0x23f00000    0x24740
 arch/arm/cpu/arm926ejs/start.o(.text)
 .text          0x23f00000      0x360 arch/arm/cpu/arm926ejs/start.o
                0x23f00000                _start
                0x23f00044                _armboot_start
                0x23f00048                _bss_start
                0x23f0004c                _bss_end
 *(.text)
 .text          0x23f00360       0x60 arch/arm/cpu/arm926ejs/at91/libat91.a(led.o)
                0x23f00360                yellow_LED_off
                0x23f00370                yellow_LED_on
                0x23f00380                green_LED_off
                0x23f00390                green_LED_on
                0x23f003a0                red_LED_off
                0x23f003b0                red_LED_on
 .text          0x23f003c0      0x294 arch/arm/lib/libarm.a(board.o)
                0x23f003c0                coloured_LED_init
                0x23f003c0                __coloured_LED_init
                0x23f003c4                __red_LED_on
                0x23f003c8                __red_LED_off
                0x23f003cc                __green_LED_on
                0x23f003d0                __green_LED_off
                0x23f003d4                __yellow_LED_on
                0x23f003d8                __yellow_LED_off
                0x23f003dc                blue_LED_on
                0x23f003dc                __blue_LED_on
                0x23f003e0                blue_LED_off
                0x23f003e0                __blue_LED_off
                0x23f003e4                hang
                0x23f004b8                start_armboot
 .text          0x23f00654      0x264 arch/arm/lib/libarm.a(interrupts.o)
                0x23f00654                enable_interrupts
                0x23f00658                disable_interrupts
                0x23f00660                show_regs
                0x23f007a0                bad_mode
                0x23f007bc                do_irq
                0x23f007e0                do_fiq
                0x23f00804                do_not_used
                0x23f00828                do_data_abort
                0x23f0084c                do_prefetch_abort
                0x23f00870                do_software_interrupt
                0x23f00894                do_undefined_instruction
 .text          0x23f008b8      0x7fc net/libnet.a(eth.o)
                0x23f008b8                cpu_eth_init
                0x23f008c0                eth_get_dev
                0x23f008d0                eth_get_dev_by_index
                0x23f00914                eth_get_dev_index
                0x23f00960                eth_halt
                0x23f00994                eth_send
                0x23f009c8                eth_rx
                0x23f009f4                eth_get_name
                0x23f00a14                eth_get_dev_by_name
                0x23f00a64                eth_set_current
                0x23f00b04                eth_try_another
                0x23f00bb4                eth_register
                0x23f00c40                eth_setenv_enetaddr
                0x23f00c78                eth_parse_enetaddr
                0x23f00cd8                eth_getenv_enetaddr
                0x23f00d30                eth_getenv_enetaddr_by_index
                0x23f00d7c                eth_init
                0x23f00e40                eth_initialize
 .text          0x23f010b4     0x1484 net/libnet.a(net.o)
                0x23f010cc                NetSetHandler
                0x23f010dc                NetCksumOk
                0x23f01134                NetCksum
                0x23f0117c                copy_filename
                0x23f011d4                string_to_VLAN
                0x23f01228                getenv_VLAN
                0x23f01238                NetEthHdrSize
                0x23f0127c                VLAN_to_string
                0x23f012c8                ip_to_string
                0x23f01318                random_port
                0x23f01334                NetSetTimeout
                0x23f0136c                NetSetIP
                0x23f0148c                NetSetEther
                0x23f01574                NetSendPacket
                0x23f01578                NetReceive
                0x23f01b90                ArpRequest
                0x23f01c94                PingSend
                0x23f01e44                NetSendUDPPacket
                0x23f01fa0                NetStartAgain
                0x23f020ac                ArpTimeoutCheck
                0x23f02130                NetLoop
 .text          0x23f02538      0xfdc net/libnet.a(nfs.o)
                0x23f02e10                NfsStart
 .text          0x23f03514      0x1a0 net/libnet.a(rarp.o)
                0x23f03514                RarpRequest
 .text          0x23f036b4      0x7d4 net/libnet.a(tftp.o)
                0x23f03854                TftpStart
 .text          0x23f03e88      0x9e0 net/libnet.a(bootp.o)
                0x23f04650                BootpRequest
                0x23f0481c                DhcpRequest
 .text          0x23f04868      0x26c drivers/gpio/libgpio.a(at91_gpio.o)
                0x23f04868                at91_set_pio_pullup
                0x23f0489c                at91_set_pio_periph
                0x23f048e0                at91_set_a_periph
                0x23f04928                at91_set_b_periph
                0x23f04970                at91_set_pio_input
                0x23f049c0                at91_set_pio_output
                0x23f04a0c                at91_set_pio_deglitch
                0x23f04a48                at91_set_pio_multi_drive
                0x23f04a74                at91_set_pio_value
                0x23f04aa0                at91_get_pio_value
 .text          0x23f04ad4       0xb4 drivers/mtd/nand/libnand.a(nand.o)
                0x23f04ad4                nand_init
 .text          0x23f04b88     0x3a74 drivers/mtd/nand/libnand.a(nand_base.o)
                0x23f05e98                nand_release
                0x23f05ee0                nand_scan_tail
                0x23f066b4                nand_scan_ident
                0x23f06c58                nand_scan
                0x23f075bc                nand_erase_nand
                0x23f07a20                nand_wait_ready
 .text          0x23f085fc     0x1834 drivers/mtd/nand/libnand.a(nand_bbt.o)
                0x23f08644                nand_isbad_bbt
                0x23f09620                nand_update_bbt
                0x23f098ec                nand_scan_bbt
                0x23f09d6c                nand_default_bbt
 .text          0x23f09e30      0x214 drivers/mtd/nand/libnand.a(nand_ecc.o)
                0x23f09e30                nand_calculate_ecc
                0x23f09f24                nand_correct_data
 .text          0x23f0a044        0x0 drivers/mtd/nand/libnand.a(nand_ids.o)
 .text          0x23f0a044       0x94 drivers/mtd/nand/libnand.a(atmel_nand.o)
                0x23f0a044                board_nand_init
 .text          0x23f0a0d8       0xf0 drivers/serial/libserial.a(atmel_usart.o)
                0x23f0a0d8                lonPlat_init
                0x23f0a0dc                lonPlat_putc
                0x23f0a0f8                lonPlat_getc
                0x23f0a114                lonPlat_tstc
                0x23f0a124                serial_setbrg
                0x23f0a128                serial_putc
                0x23f0a15c                serial_puts
                0x23f0a184                serial_getc
                0x23f0a1a0                serial_tstc
                0x23f0a1b0                serial_init
 .text          0x23f0a1c8       0x90 common/libcommon.a(cmd_boot.o)
                0x23f0a1c8                do_go_exec
                0x23f0a1e0                do_go
 .text          0x23f0a258      0xad8 common/libcommon.a(cmd_bootm.o)
                0x23f0a258                arch_preboot_os
                0x23f0a258                __arch_preboot_os
                0x23f0a25c                do_bootd
                0x23f0a8f4                do_bootm_subcommand
                0x23f0aa9c                do_bootm
 .text          0x23f0ad30       0xe0 common/libcommon.a(cmd_console.o)
                0x23f0ad30                do_coninfo
 .text          0x23f0ae10       0x84 common/libcommon.a(cmd_echo.o)
                0x23f0ae10                do_echo
 .text          0x23f0ae94       0x30 common/libcommon.a(cmd_exit.o)
                0x23f0ae94                do_exit
 .text          0x23f0aec4      0x364 common/libcommon.a(cmd_fat.o)
                0x23f0aec4                do_fat_fsinfo
                0x23f0af9c                do_fat_ls
                0x23f0b0a4                do_fat_fsload
 .text          0x23f0b228      0x144 common/libcommon.a(cmd_flash.o)
                0x23f0b228                do_flerase
                0x23f0b230                do_protect
                0x23f0b35c                do_flinfo
 .text          0x23f0b36c       0x48 common/libcommon.a(cmd_help.o)
                0x23f0b36c                do_help
 .text          0x23f0b3b4      0x310 common/libcommon.a(cmd_itest.o)
                0x23f0b420                binary_test
                0x23f0b628                do_itest
 .text          0x23f0b6c4      0xa98 common/libcommon.a(cmd_load.o)
                0x23f0b6c4                ktrans
                0x23f0b6e4                chk1
                0x23f0b74c                k_data_init
                0x23f0b76c                k_data_save
                0x23f0b790                k_data_restore
                0x23f0b7b4                k_data_char
                0x23f0b828                send_pad
                0x23f0b858                s1_sendpacket
                0x23f0b884                handle_send_packet
                0x23f0ba80                send_nack
                0x23f0baf8                send_ack
                0x23f0bc90                do_load_serial_bin
 .text          0x23f0c15c      0xa88 common/libcommon.a(cmd_mem.o)
                0x23f0c15c                do_mem_crc
                0x23f0c208                do_mem_base
                0x23f0c24c                do_mem_mtest
                0x23f0c3f4                do_mem_loop
                0x23f0c4ec                do_mem_mw
                0x23f0c5ac                do_mem_cmp
                0x23f0c768                do_mem_cp
                0x23f0ca6c                do_mem_nm
                0x23f0ca8c                do_mem_mm
                0x23f0caac                do_mem_md
 .text          0x23f0cbe4       0x84 common/libcommon.a(cmd_misc.o)
                0x23f0cbe4                do_sleep
 .text          0x23f0cc68      0xebc common/libcommon.a(cmd_nand.o)
                0x23f0ce04                do_nandboot
                0x23f0d370                do_nand
 .text          0x23f0db24      0x3c4 common/libcommon.a(cmd_net.o)
                0x23f0db24                do_ping
                0x23f0deac                do_nfs
                0x23f0deb8                do_dhcp
                0x23f0dec4                do_rarpb
                0x23f0ded0                do_tftpb
                0x23f0dedc                do_bootp
 .text          0x23f0dee8      0x874 common/libcommon.a(cmd_nvedit.o)
                0x23f0dee8                get_env_id
                0x23f0def8                envmatch
                0x23f0df58                getenv_r
                0x23f0e000                do_saveenv
                0x23f0e02c                getenv
                0x23f0e09c                _do_setenv
                0x23f0e508                do_setenv
                0x23f0e534                setenv
                0x23f0e580                do_editenv
                0x23f0e6cc                do_printenv
 .text          0x23f0e75c      0x478 common/libcommon.a(cmd_test.o)
                0x23f0e75c                do_false
                0x23f0e764                do_true
                0x23f0e76c                do_test
 .text          0x23f0ebd4     0x1140 common/libcommon.a(cmd_usb.o)
                0x23f0ebd4                usb_get_class_desc
                0x23f0ec74                usb_display_ep_desc
                0x23f0ed34                usb_display_class_sub
                0x23f0eeb0                do_usbboot
                0x23f0f254                usb_show_tree_graph
                0x23f0f474                usb_show_tree
                0x23f0f4a8                usb_display_desc
                0x23f0f5d8                usb_display_string
                0x23f0f618                usb_display_if_desc
                0x23f0f6a0                usb_display_conf_desc
                0x23f0f74c                usb_display_config
                0x23f0f7d8                do_usb
 .text          0x23f0fd14       0x20 common/libcommon.a(cmd_version.o)
                0x23f0fd14                do_version
 .text          0x23f0fd34      0x2dc common/libcommon.a(cmd_ximg.o)
                0x23f0fd34                do_imgextract
 .text          0x23f10010      0x860 common/libcommon.a(command.o)
                0x23f10010                cmd_get_data_size
                0x23f10060                cmd_usage
                0x23f100c0                var_complete
                0x23f10140                find_cmd_tbl
                0x23f101d4                find_cmd
                0x23f101fc                install_auto_complete
                0x23f10268                _do_help
                0x23f103e4                cmd_auto_complete
 .text          0x23f10870      0x5cc common/libcommon.a(console.o)
                0x23f10910                fgetc
                0x23f10938                ftstc
                0x23f10960                fputc
                0x23f1098c                fputs
                0x23f109b8                disable_ctrlc
                0x23f109d0                had_ctrlc
                0x23f109e0                clear_ctrlc
                0x23f109f4                dbg
                0x23f10a00                getc
                0x23f10a18                tstc
                0x23f10a30                ctrlc
                0x23f10a7c                putc
                0x23f10a98                puts
                0x23f10ab4                console_init_f
                0x23f10ad4                search_device
                0x23f10afc                console_assign
                0x23f10b3c                vprintf
                0x23f10b68                printf
                0x23f10ba8                stdio_print_current_devices
                0x23f10c60                console_init_r
                0x23f10db4                fprintf
                0x23f10dfc                serial_printf
 .text          0x23f10e3c     0x10f0 common/libcommon.a(dlmalloc.o)
                0x23f10e3c                sbrk
                0x23f10e74                malloc_trim
                0x23f10f84                free
                0x23f111a8                cfree
                0x23f111ac                malloc
                0x23f117cc                memalign
                0x23f118dc                pvalloc
                0x23f118f4                valloc
                0x23f11900                malloc_usable_size
                0x23f11944                mallopt
                0x23f119bc                calloc
                0x23f11a9c                mem_malloc_init
                0x23f11ac4                realloc
 .text          0x23f11f2c      0x288 common/libcommon.a(env_common.o)
                0x23f11f2c                env_get_char_memory
                0x23f11f50                env_get_addr
                0x23f11f74                env_get_char
                0x23f11fbc                env_complete
                0x23f120fc                env_crc_update
                0x23f12128                set_default_env
                0x23f1216c                env_relocate
 .text          0x23f121b4       0xa4 common/libcommon.a(env_dataflash.o)
                0x23f121b4                env_init
                0x23f121dc                saveenv
                0x23f1221c                env_relocate_spec
                0x23f12238                env_get_char_spec
 .text          0x23f12258      0x1e4 common/libcommon.a(exports.o)
                0x23f1225c                get_version
                0x23f12264                jumptable_init
 .text          0x23f1243c     0x1e48 common/libcommon.a(hush.o)
                0x23f1243c                simple_itoa
                0x23f124c4                mapset
                0x23f124f0                do_showvar
                0x23f125dc                u_boot_hush_start
                0x23f1264c                new_pipe
                0x23f12904                unset_local_var
                0x23f12ac8                reserved_word
                0x23f1303c                set_local_var
                0x23f131ec                update_ifs_map
                0x23f138f8                parse_file_outer
                0x23f1393c                parse_string_outer
 .text          0x23f14284      0x988 common/libcommon.a(image.o)
                0x23f14284                image_multi_count
                0x23f142a8                get_table_entry_name
                0x23f142d4                genimg_get_os_name
                0x23f1430c                genimg_get_arch_name
                0x23f14344                genimg_get_type_name
                0x23f1437c                genimg_get_comp_name
                0x23f143b4                genimg_has_config
                0x23f143bc                get_table_entry_id
                0x23f14408                genimg_get_comp_id
                0x23f14420                genimg_get_type_id
                0x23f14438                genimg_get_arch_id
                0x23f14450                genimg_get_os_id
                0x23f14468                genimg_get_format
                0x23f144bc                image_multi_getimg
                0x23f14564                genimg_get_image
                0x23f145d8                genimg_print_size
                0x23f14608                image_print_contents
                0x23f14848                memmove_wd
                0x23f14854                getenv_bootm_low
                0x23f14888                getenv_yesno
                0x23f148ac                getenv_bootm_size
                0x23f148e0                image_check_dcrc
                0x23f1492c                image_check_hcrc
                0x23f14994                boot_get_ramdisk
 .text          0x23f14c0c      0x760 common/libcommon.a(lcd.o)
                0x23f14c0c                lcd_setmem
                0x23f14c40                bitmap_plot
                0x23f14f7c                drv_lcd_init
                0x23f15068                lcd_putc
                0x23f152ec                lcd_puts
                0x23f1532c                lcd_printf
 .text          0x23f1536c     0x10c4 common/libcommon.a(main.o)
                0x23f1536c                __show_boot_progress
                0x23f1536c                show_boot_progress
                0x23f15370                parse_line
                0x23f153fc                do_run
                0x23f1546c                run_command
                0x23f15a00                readline_into_buffer
                0x23f16318                readline
                0x23f16334                main_loop
 .text          0x23f16430      0x170 common/libcommon.a(stdio.o)
                0x23f16430                stdio_get_list
                0x23f1643c                stdio_clone
                0x23f16484                stdio_register
                0x23f164c4                stdio_init
                0x23f16554                stdio_get_by_name
 .text          0x23f165a0     0x1664 common/libcommon.a(usb.o)
                0x23f165a0                usb_disable_asynch
                0x23f165b8                usb_maxpacket
                0x23f1664c                usb_set_maxpacket
                0x23f166b0                usb_get_dev_index
                0x23f166e0                usb_hub_reset
                0x23f166f4                usb_hub_allocate
                0x23f16738                usb_alloc_new_device
                0x23f167d8                usb_parse_config
                0x23f16928                usb_submit_int_msg
                0x23f1692c                usb_stop
                0x23f16960                wait_ms
                0x23f16984                usb_bulk_msg
                0x23f169e8                usb_control_msg
                0x23f16ab8                usb_get_port_status
                0x23f16b18                usb_get_hub_status
                0x23f16b6c                usb_set_port_feature
                0x23f16bcc                usb_clear_port_feature
                0x23f16c2c                usb_clear_hub_feature
                0x23f16c80                usb_get_hub_descriptor
                0x23f16ce0                usb_get_string
                0x23f16e5c                usb_string
                0x23f16f5c                usb_get_class_descriptor
                0x23f16fd0                usb_get_report
                0x23f17044                usb_set_idle
                0x23f170a8                usb_set_protocol
                0x23f17108                usb_set_configuration
                0x23f17174                usb_set_interface
                0x23f17234                usb_set_address
                0x23f17278                usb_get_descriptor
                0x23f172e4                usb_get_configuration_no
                0x23f1737c                usb_clear_halt
                0x23f17510                usb_hub_port_connect_change
                0x23f17600                usb_hub_configure
                0x23f17818                usb_hub_probe
                0x23f17874                usb_new_device
                0x23f17b10                usb_scan_devices
                0x23f17b88                usb_init
 .text          0x23f17c04     0x1590 common/libcommon.a(usb_storage.o)
                0x23f17c04                usb_stor_get_dev
                0x23f17c48                usb_show_progress
                0x23f17c54                usb_storage_probe
                0x23f17e84                usb_stor_BBB_clear_endpt_stall
                0x23f180a4                usb_stor_CB_comdat
                0x23f182f0                usb_stor_BBB_comdat
                0x23f183dc                usb_stor_BBB_transport
                0x23f185a4                usb_stor_CBI_get_status
                0x23f18684                usb_stor_CB_transport
                0x23f18874                usb_stor_info
                0x23f189d0                usb_stor_get_info
                0x23f18c4c                usb_stor_scan
                0x23f18db4                usb_stor_read
                0x23f18fa4                usb_stor_write
 .text          0x23f19194      0x974 common/libcommon.a(xyzModem.o)
                0x23f19194                parse_num
                0x23f192c0                xyzModem_error
                0x23f192e0                xyzModem_stream_close
                0x23f19330                CYGACC_COMM_IF_PUTC
                0x23f19338                CYGACC_COMM_IF_GETC_TIMEOUT
                0x23f1938c                xyzModem_stream_terminate
                0x23f19738                xyzModem_stream_read
                0x23f199b4                xyzModem_stream_open
 .text          0x23f19b08      0x5c8 board/atmel/at91sam9263ek/libat91sam9263ek.a(at91sam9263ek.o)
                0x23f19b08                Tl16c752_Send
                0x23f19b24                UartPuts
                0x23f19b5c                Tl16c752_RxChk
                0x23f19b6c                dram_init
                0x23f19b8c                board_eth_init
                0x23f19ba0                reset_phy
                0x23f19ba8                board_init
                0x23f1a018                lcd_show_board_info
                0x23f1a0b0                lcd_disable
                0x23f1a0c0                lcd_enable
 .text          0x23f1a0d0       0x48 lib/libgeneric.a(crc16.o)
                0x23f1a0d0                cyg_crc16
 .text          0x23f1a118      0x104 lib/libgeneric.a(crc32.o)
                0x23f1a118                crc32_no_comp
                0x23f1a204                crc32
                0x23f1a218                crc32_wd
 .text          0x23f1a21c        0x0 lib/libgeneric.a(ctype.o)
 .text          0x23f1a21c      0x2d4 lib/libgeneric.a(display_options.o)
                0x23f1a21c                print_size
                0x23f1a360                display_options
                0x23f1a380                print_buffer
 .text          0x23f1a4f0      0x1bc lib/libgeneric.a(gunzip.o)
                0x23f1a4f0                zunzip
                0x23f1a5e0                gunzip
                0x23f1a694                zfree
                0x23f1a69c                zalloc
 .text          0x23f1a6ac       0x80 lib/libgeneric.a(net_utils.o)
                0x23f1a6ac                string_to_ip
 .text          0x23f1a72c      0x6bc lib/libgeneric.a(string.o)
                0x23f1a72c                strcpy
                0x23f1a748                strncpy
                0x23f1a770                strcat
                0x23f1a7a0                strncat
                0x23f1a7fc                strcmp
                0x23f1a82c                strncmp
                0x23f1a874                strchr
                0x23f1a8a0                strrchr
                0x23f1a8dc                strlen
                0x23f1a8fc                strnlen
                0x23f1a924                strspn
                0x23f1a968                strpbrk
                0x23f1a9a0                strtok
                0x23f1aa6c                strsep
                0x23f1aad0                strswab
                0x23f1ab18                memset
                0x23f1ab8c                bcopy
                0x23f1abb4                memcpy
                0x23f1ac20                memmove
                0x23f1ac7c                memcmp
                0x23f1acb4                memscan
                0x23f1ace4                strstr
                0x23f1ad64                memchr
                0x23f1ad90                strdup
 .text          0x23f1ade8       0x6c lib/libgeneric.a(strmhz.o)
                0x23f1ade8                strmhz
 .text          0x23f1ae54       0x30 lib/libgeneric.a(time.o)
                0x23f1ae54                udelay
 .text          0x23f1ae84      0xdf8 lib/libgeneric.a(vsprintf.o)
                0x23f1ae84                simple_strtoul
                0x23f1af34                simple_strtol
                0x23f1af5c                ustrtoul
                0x23f1afc8                simple_strtoull
                0x23f1b184                panic
                0x23f1b5fc                vsprintf
                0x23f1bc54                sprintf
 .text          0x23f1bc7c     0x279c lib/libgeneric.a(zlib.o)
                0x23f1bc7c                inflate_fast
                0x23f1c1d8                inflate_table
                0x23f1c784                inflateReset
                0x23f1c820                inflateInit2_
                0x23f1c920                inflateInit_
                0x23f1c930                inflateEnd
                0x23f1c9b4                adler32
                0x23f1ccc4                zcfree
                0x23f1cccc                zcalloc
                0x23f1ccd4                inflate
 .text          0x23f1e418       0xf4 lib/libgeneric.a(div64.o)
                0x23f1e418                __div64_32
 .text          0x23f1e50c       0xdc arch/arm/cpu/arm926ejs/at91/libat91.a(at91sam9263_devices.o)
                0x23f1e50c                at91_serial_hw_init
                0x23f1e510                at91_spi0_hw_init
                0x23f1e514                at91_spi1_hw_init
                0x23f1e518                at91_uhp_hw_init
                0x23f1e540                at91_macb_hw_init
 .text          0x23f1e5e8      0x228 arch/arm/cpu/arm926ejs/at91/libat91.a(clock.o)
                0x23f1e5e8                get_cpu_clk_rate
                0x23f1e5f8                get_main_clk_rate
                0x23f1e608                get_mck_clk_rate
                0x23f1e618                get_plla_clk_rate
                0x23f1e628                get_pllb_clk_rate
                0x23f1e638                get_pllb_init
                0x23f1e648                at91_clock_init
 .text          0x23f1e810        0xc arch/arm/cpu/arm926ejs/at91/libat91.a(cpu.o)
                0x23f1e810                arch_cpu_init
 .text          0x23f1e81c       0x18 arch/arm/cpu/arm926ejs/at91/libat91.a(reset.o)
                0x23f1e81c                reset_cpu
 .text          0x23f1e834      0x270 arch/arm/cpu/arm926ejs/at91/libat91.a(timer.o)
                0x23f1e834                get_ticks
                0x23f1e880                reset_timer_masked
                0x23f1e8a4                reset_timer
                0x23f1e8c8                get_tbclk
                0x23f1e8d0                __udelay
                0x23f1e9a8                get_timer_masked
                0x23f1ea28                get_timer
                0x23f1ea3c                timer_init
 .text          0x23f1eaa4      0x1c4 arch/arm/lib/libarm.a(bootm.o)
                0x23f1eaa4                do_bootm_linux
 .text          0x23f1ec68        0x4 arch/arm/lib/libarm.a(cache.o)
                0x23f1ec68                flush_cache
 .text          0x23f1ec6c       0x30 arch/arm/lib/libarm.a(reset.o)
                0x23f1ec6c                do_reset
 .text          0x23f1ec9c     0x13a8 fs/fat/libfat.a(fat.o)
                0x23f1ec9c                disk_read
                0x23f1f368                file_fat_detectfs
                0x23f1f4c8                do_fat_read
                0x23f1ff10                file_fat_read
                0x23f1ff48                file_fat_ls
                0x23f1ff58                fat_register_device
 .text          0x23f20044      0x380 disk/libdisk.a(part.o)
                0x23f20044                dev_print
                0x23f20248                get_partition_info
                0x23f2026c                init_part
                0x23f20288                get_dev
                0x23f202e8                print_part
 .text          0x23f203c4      0x558 disk/libdisk.a(part_dos.o)
                0x23f203c4                test_part_dos
                0x23f206a4                get_partition_info_dos
                0x23f208f0                print_part_dos
 .text          0x23f2091c      0x778 drivers/mtd/libmtd.a(dataflash.o)
                0x23f2091c                AT91F_DataflashSelect
                0x23f20964                addr_dataflash
                0x23f20984                size_dataflash
                0x23f209b8                prot_dataflash
                0x23f20a18                dataflash_real_protect
                0x23f20b34                dataflash_perror
                0x23f20bbc                dataflash_print_info
                0x23f20ce8                write_dataflash
                0x23f20dd0                read_dataflash
                0x23f20e60                AT91F_DataflashSetEnv
                0x23f20ed0                AT91F_DataflashInit
 .text          0x23f21094      0x714 drivers/mtd/libmtd.a(at45.o)
                0x23f21094                AT91F_DataFlashWriteBuffer
                0x23f2117c                AT91F_DataFlashGetStatus
                0x23f211d4                AT91F_DataflashProbe
                0x23f211fc                AT91F_DataFlashWaitReady
                0x23f21240                AT91F_DataFlashSendCommand
                0x23f21350                AT91F_WriteBufferToMain
                0x23f213a0                AT91F_BlockErase
                0x23f213cc                AT91F_PageErase
                0x23f213f4                AT91F_MainMemoryToBufferTransfert
                0x23f21440                AT91F_PartialPageWrite
                0x23f21504                AT91F_DataFlashWrite
                0x23f2167c                AT91F_DataFlashPagePgmBuf
                0x23f216b8                AT91F_DataFlashContinuousRead
                0x23f2170c                AT91F_DataFlashRead
 .text          0x23f217a8      0x75c drivers/mtd/nand/libnand.a(nand_util.o)
                0x23f21840                nand_read_skip_bad
                0x23f21a18                nand_write_skip_bad
                0x23f21bf4                nand_erase_opts
 .text          0x23f21f04      0x754 drivers/net/libnet.a(macb.o)
                0x23f21f8c                macb_eth_initialize
 .text          0x23f22658      0x1c4 drivers/spi/libspi.a(atmel_dataflash_spi.o)
                0x23f22658                AT91F_SpiEnable
                0x23f226d4                AT91F_SpiWrite
                0x23f227ac                AT91F_SpiInit
 .text          0x23f2281c     0x1850 drivers/usb/host/libusb_host.a(ohci-hcd.o)
                0x23f2281c                rh_check_port_status
                0x23f22c40                usb_lowlevel_init
                0x23f22dd0                usb_lowlevel_stop
                0x23f22e00                sohci_submit_job
                0x23f2390c                usb_event_poll
                0x23f23910                submit_common_msg
                0x23f23a54                submit_int_msg
                0x23f23a70                submit_control_msg
                0x23f24054                submit_bulk_msg
 .text          0x23f2406c       0xd8 drivers/usb/host/libusb_host.a(ohci-at91.o)
                0x23f2406c                usb_cpu_stop
                0x23f240b0                usb_cpu_init_fail
                0x23f240f4                usb_cpu_init
 .text          0x23f24144      0x1dc drivers/video/libvideo.a(atmel_lcdfb.o)
                0x23f24144                lcd_setcolreg
                0x23f24170                calc_fbsize
                0x23f24194                lcd_ctrl_init
 .text          0x23f24320        0x0 board/atmel/at91sam9263ek/libat91sam9263ek.a(partition.o)
 .text          0x23f24320       0x20 arch/arm/cpu/arm926ejs/libarm926ejs.a(cpu.o)
                0x23f24320                cleanup_before_linux
 .text          0x23f24340      0x120 arch/arm/lib/libarm.a(cache-cp15.o)
                0x23f24340                icache_enable
                0x23f24380                icache_disable
                0x23f243c0                icache_status
                0x23f243d0                dcache_enable
                0x23f24410                dcache_disable
                0x23f24450                dcache_status
 .text          0x23f24460       0x20 /home/jionfull/u-boot-2010.06/arch/arm/lib/eabi_compat.o
                0x23f24460                __aeabi_unwind_cpp_pr0
                0x23f24464                raise
 .text          0x23f24480      0x114 /opt/FriendlyARM/toolschain/4.4.3/lib/gcc/arm-none-linux-gnueabi/4.4.3/libgcc.a(_udivsi3.o)
                0x23f24480                __udivsi3
                0x23f24480                __aeabi_uidiv
                0x23f2457c                __aeabi_uidivmod
 .text          0x23f24594      0x144 /opt/FriendlyARM/toolschain/4.4.3/lib/gcc/arm-none-linux-gnueabi/4.4.3/libgcc.a(_divsi3.o)
                0x23f24594                __aeabi_idiv
                0x23f24594                __divsi3
                0x23f246c0                __aeabi_idivmod
 .text          0x23f246d8       0x1c /opt/FriendlyARM/toolschain/4.4.3/lib/gcc/arm-none-linux-gnueabi/4.4.3/libgcc.a(_lshrdi3.o)
                0x23f246d8                __aeabi_llsr
                0x23f246d8                __lshrdi3
 .text          0x23f246f4       0x1c /opt/FriendlyARM/toolschain/4.4.3/lib/gcc/arm-none-linux-gnueabi/4.4.3/libgcc.a(_ashrdi3.o)
                0x23f246f4                __ashrdi3
                0x23f246f4                __aeabi_lasr
 .text          0x23f24710       0x1c /opt/FriendlyARM/toolschain/4.4.3/lib/gcc/arm-none-linux-gnueabi/4.4.3/libgcc.a(_ashldi3.o)
                0x23f24710                __ashldi3
                0x23f24710                __aeabi_llsl
 .text          0x23f2472c       0x14 /opt/FriendlyARM/toolschain/4.4.3/lib/gcc/arm-none-linux-gnueabi/4.4.3/libgcc.a(_dvmd_lnx.o)
                0x23f2472c                __div0

.glue_7         0x23f24740        0x0
 .glue_7        0x00000000        0x0 linker stubs

.glue_7t        0x23f24740        0x0
 .glue_7t       0x00000000        0x0 linker stubs

.vfp11_veneer   0x23f24740        0x0
 .vfp11_veneer  0x00000000        0x0 linker stubs

.v4_bx          0x23f24740        0x0
 .v4_bx         0x00000000        0x0 linker stubs
                0x23f24740                . = ALIGN (0x4)

.rodata         0x23f24740     0x8a53
 *(SORT(.rodata*))
 .rodata        0x23f24740       0x30 arch/arm/lib/libarm.a(board.o)
                0x23f24740                version_string
 .rodata        0x23f24770       0x80 arch/arm/lib/libarm.a(interrupts.o)
 .rodata        0x23f247f0        0x8 drivers/mtd/nand/libnand.a(nand.o)
 .rodata        0x23f247f8       0x5c drivers/mtd/nand/libnand.a(nand_base.o)
 .rodata        0x23f24854      0x100 drivers/mtd/nand/libnand.a(nand_ecc.o)
 .rodata        0x23f24954       0x4c common/libcommon.a(cmd_bootm.o)
 .rodata        0x23f249a0       0x58 common/libcommon.a(command.o)
 .rodata        0x23f249f8     0x1000 common/libcommon.a(lcd.o)
 .rodata        0x23f259f8        0x8 common/libcommon.a(usb_storage.o)
 .rodata        0x23f25a00       0x20 common/libcommon.a(xyzModem.o)
 .rodata        0x23f25a20      0x200 lib/libgeneric.a(crc16.o)
 .rodata        0x23f25c20      0x400 lib/libgeneric.a(crc32.o)
 .rodata        0x23f26020        0x8 lib/libgeneric.a(display_options.o)
 .rodata        0x23f26028       0x24 lib/libgeneric.a(vsprintf.o)
                0x23f26038                hex_asc
 .rodata        0x23f2604c      0x9d0 lib/libgeneric.a(zlib.o)
                0x23f269f4                z_errmsg
 .rodata        0x23f26a1c       0x10 disk/libdisk.a(part.o)
 .rodata        0x23f26a2c       0x80 drivers/usb/host/libusb_host.a(ohci-hcd.o)
 .rodata        0x23f26aac        0x7 net/libnet.a(eth.o)
 .rodata        0x23f26ab3        0x7 net/libnet.a(net.o)
 .rodata.str1.1
                0x23f26aba       0x8d arch/arm/lib/libarm.a(board.o)
                                 0x8f (size before relaxing)
 .rodata.str1.1
                0x23f26b47      0x264 arch/arm/lib/libarm.a(interrupts.o)
                                0x27b (size before relaxing)
 .rodata.str1.1
                0x23f26dab       0xc5 net/libnet.a(eth.o)
                                 0xdf (size before relaxing)
 .rodata.str1.1
                0x23f26e70      0x20c net/libnet.a(net.o)
                                0x217 (size before relaxing)
 .rodata.str1.1
                0x23f2707c      0x193 net/libnet.a(nfs.o)
                                0x1a9 (size before relaxing)
 .rodata.str1.1
                0x23f2720f       0x20 net/libnet.a(rarp.o)
                                 0x47 (size before relaxing)
 .rodata.str1.1
                0x23f2722f      0x162 net/libnet.a(tftp.o)
                                0x249 (size before relaxing)
 .rodata.str1.1
                0x23f27391      0x100 net/libnet.a(bootp.o)
                                0x13d (size before relaxing)
 .rodata.str1.1
                0x23f27491        0x8 drivers/mtd/nand/libnand.a(nand.o)
 .rodata.str1.1
                0x23f27499      0x2e3 drivers/mtd/nand/libnand.a(nand_base.o)
 .rodata.str1.1
                0x23f2777c      0x309 drivers/mtd/nand/libnand.a(nand_bbt.o)
 .rodata.str1.1
                0x23f27a85      0x31f drivers/mtd/nand/libnand.a(nand_ids.o)
                                0x335 (size before relaxing)
 .rodata.str1.1
                0x23f27da4       0x15 drivers/serial/libserial.a(atmel_usart.o)
 .rodata.str1.1
                0x23f27db9       0xef common/libcommon.a(cmd_boot.o)
                                 0xf0 (size before relaxing)
 .rodata.str1.1
                0x23f27ea8      0x672 common/libcommon.a(cmd_bootm.o)
                                0x691 (size before relaxing)
 .rodata.str1.1
                0x23f2851a       0x5c common/libcommon.a(cmd_console.o)
                                 0x61 (size before relaxing)
 .rodata.str1.1
                0x23f28576       0x55 common/libcommon.a(cmd_echo.o)
 .rodata.str1.1
                0x23f285cb        0xc common/libcommon.a(cmd_exit.o)
                                 0x12 (size before relaxing)
 .rodata.str1.1
                0x23f285d7      0x396 common/libcommon.a(cmd_fat.o)
                                0x3a5 (size before relaxing)
 .rodata.str1.1
                0x23f2896d      0x507 common/libcommon.a(cmd_flash.o)
                                0x50f (size before relaxing)
 .rodata.str1.1
                0x23f28e74       0x9a common/libcommon.a(cmd_help.o)
                                 0x9b (size before relaxing)
 .rodata.str1.1
                0x23f28f0e       0xb3 common/libcommon.a(cmd_itest.o)
                                 0xb5 (size before relaxing)
 .rodata.str1.1
                0x23f28fc1      0x219 common/libcommon.a(cmd_load.o)
                                0x22f (size before relaxing)
 .rodata.str1.1
                0x23f291da      0x52e common/libcommon.a(cmd_mem.o)
                                0x542 (size before relaxing)
 .rodata.str1.1
                0x23f29708       0x5f common/libcommon.a(cmd_misc.o)
 .rodata.str1.1
                0x23f29767      0x724 common/libcommon.a(cmd_nand.o)
                                0x775 (size before relaxing)
 .rodata.str1.1
                0x23f29e8b      0x1ea common/libcommon.a(cmd_net.o)
                                0x223 (size before relaxing)
 .rodata.str1.1
                0x23f2a075      0x355 common/libcommon.a(cmd_nvedit.o)
                                0x3b9 (size before relaxing)
 .rodata.str1.1
                0x23f2a3ca       0x6e common/libcommon.a(cmd_test.o)
                                 0x96 (size before relaxing)
 .rodata.str1.1
                0x23f2a438      0x82f common/libcommon.a(cmd_usb.o)
                                0x969 (size before relaxing)
 .rodata.str1.1
                0x23f2ac67       0x1b common/libcommon.a(cmd_version.o)
                                 0x24 (size before relaxing)
 .rodata.str1.1
                0x23f2ac82      0x17e common/libcommon.a(cmd_ximg.o)
                                0x22f (size before relaxing)
 .rodata.str1.1
                0x23f2ae00       0x9e common/libcommon.a(command.o)
                                 0xc6 (size before relaxing)
 .rodata.str1.1
                0x23f2ae9e       0x90 common/libcommon.a(console.o)
                                 0xa8 (size before relaxing)
 .rodata.str1.1
                0x23f2af2e       0x33 common/libcommon.a(env_common.o)
                                 0x37 (size before relaxing)
 .rodata.str1.1
                0x23f2af61       0x17 common/libcommon.a(env_dataflash.o)
 .rodata.str1.1
                0x23f2af78      0x237 common/libcommon.a(hush.o)
                                0x26b (size before relaxing)
 .rodata.str1.1
                0x23f2b1af      0x457 common/libcommon.a(image.o)
                                0x4f2 (size before relaxing)
 .rodata.str1.1
                0x23f2b606       0x15 common/libcommon.a(lcd.o)
                                 0x16 (size before relaxing)
 .rodata.str1.1
                0x23f2b61b       0x6f common/libcommon.a(main.o)
                                 0xd6 (size before relaxing)
 .rodata.str1.1
                0x00000000       0x1b common/libcommon.a(stdio.o)
 .rodata.str1.1
                0x23f2b68a      0x28b common/libcommon.a(usb.o)
 .rodata.str1.1
                0x23f2b915      0x1ed common/libcommon.a(usb_storage.o)
                                0x1ff (size before relaxing)
 .rodata.str1.1
                0x23f2bb02       0xe3 common/libcommon.a(xyzModem.o)
                                 0xe5 (size before relaxing)
 .rodata.str1.1
                0x23f2bbe5      0x154 board/atmel/at91sam9263ek/libat91sam9263ek.a(at91sam9263ek.o)
                                0x15a (size before relaxing)
 .rodata.str1.1
                0x23f2bd39       0x1a lib/libgeneric.a(display_options.o)
                                 0x43 (size before relaxing)
 .rodata.str1.1
                0x23f2bd53       0x85 lib/libgeneric.a(gunzip.o)
 .rodata.str1.1
                0x23f2bdd8        0x7 lib/libgeneric.a(strmhz.o)
                                  0xb (size before relaxing)
 .rodata.str1.1
                0x23f2bddf        0xe lib/libgeneric.a(vsprintf.o)
 .rodata.str1.1
                0x23f2bded      0x21c lib/libgeneric.a(zlib.o)
                                0x21d (size before relaxing)
 .rodata.str1.1
                0x23f2c009       0x1b arch/arm/cpu/arm926ejs/at91/libat91.a(timer.o)
 .rodata.str1.1
                0x23f2c024       0x42 arch/arm/lib/libarm.a(bootm.o)
                                 0x4b (size before relaxing)
 .rodata.str1.1
                0x23f2c066        0xf arch/arm/lib/libarm.a(reset.o)
 .rodata.str1.1
                0x23f2c075      0x15f fs/fat/libfat.a(fat.o)
                                0x16d (size before relaxing)
 .rodata.str1.1
                0x23f2c1d4      0x1af disk/libdisk.a(part.o)
                                0x1e0 (size before relaxing)
 .rodata.str1.1
                0x23f2c383       0xe5 disk/libdisk.a(part_dos.o)
                                 0xf1 (size before relaxing)
 .rodata.str1.1
                0x23f2c468      0x177 drivers/mtd/libmtd.a(dataflash.o)
                                0x185 (size before relaxing)
 .rodata.str1.1
                0x23f2c5df      0x24c drivers/mtd/nand/libnand.a(nand_util.o)
                                0x24e (size before relaxing)
 .rodata.str1.1
                0x23f2c82b      0x15c drivers/net/libnet.a(macb.o)
 .rodata.str1.1
                0x23f2c987       0x10 drivers/spi/libspi.a(atmel_dataflash_spi.o)
 .rodata.str1.1
                0x23f2c997      0x7e1 drivers/usb/host/libusb_host.a(ohci-hcd.o)
 .rodata.str1.1
                0x23f2d178       0x1b /home/jionfull/u-boot-2010.06/arch/arm/lib/eabi_compat.o
                0x23f2d194                . = ALIGN (0x4)

.data           0x23f2d194     0x8078
 *(.data)
 .data          0x23f2d194        0x0 arch/arm/cpu/arm926ejs/start.o
 .data          0x23f2d194        0x0 arch/arm/cpu/arm926ejs/at91/libat91.a(led.o)
 .data          0x23f2d194       0x2c arch/arm/lib/libarm.a(board.o)
                0x23f2d194                init_sequence
 .data          0x23f2d1c0        0x0 arch/arm/lib/libarm.a(interrupts.o)
 .data          0x23f2d1c0        0x0 net/libnet.a(eth.o)
 .data          0x23f2d1c0        0xc net/libnet.a(net.o)
                0x23f2d1c0                NetOurVLAN
                0x23f2d1c2                NetOurNativeVLAN
                0x23f2d1c4                NetBcastAddr
 .data          0x23f2d1cc        0x4 net/libnet.a(nfs.o)
 .data          0x23f2d1d0        0x0 net/libnet.a(rarp.o)
 .data          0x23f2d1d0       0x18 net/libnet.a(tftp.o)
                0x23f2d1dc                TftpRRQTimeoutCountMax
                0x23f2d1e4                TftpRRQTimeoutMSecs
 .data          0x23f2d1e8        0x0 net/libnet.a(bootp.o)
 .data          0x23f2d1e8        0x0 drivers/gpio/libgpio.a(at91_gpio.o)
 .data          0x23f2d1e8        0x4 drivers/mtd/nand/libnand.a(nand.o)
                0x23f2d1e8                nand_curr_device
 .data          0x23f2d1ec      0x920 drivers/mtd/nand/libnand.a(nand_base.o)
 .data          0x23f2db0c      0x110 drivers/mtd/nand/libnand.a(nand_bbt.o)
 .data          0x23f2dc1c        0x0 drivers/mtd/nand/libnand.a(nand_ecc.o)
 .data          0x23f2dc1c      0x4a0 drivers/mtd/nand/libnand.a(nand_ids.o)
                0x23f2dc1c                nand_flash_ids
                0x23f2e06c                nand_manuf_ids
 .data          0x23f2e0bc        0x0 drivers/mtd/nand/libnand.a(atmel_nand.o)
 .data          0x23f2e0bc        0x0 drivers/serial/libserial.a(atmel_usart.o)
 .data          0x23f2e0bc        0x0 common/libcommon.a(cmd_boot.o)
 .data          0x23f2e0bc       0xac common/libcommon.a(cmd_bootm.o)
                0x23f2e0bc                load_addr
 .data          0x23f2e168        0x0 common/libcommon.a(cmd_console.o)
 .data          0x23f2e168        0x0 common/libcommon.a(cmd_echo.o)
 .data          0x23f2e168        0x0 common/libcommon.a(cmd_exit.o)
 .data          0x23f2e168        0x0 common/libcommon.a(cmd_fat.o)
 .data          0x23f2e168        0x0 common/libcommon.a(cmd_flash.o)
 .data          0x23f2e168        0x0 common/libcommon.a(cmd_help.o)
 .data          0x23f2e168       0x68 common/libcommon.a(cmd_itest.o)
                0x23f2e168                op_table
 .data          0x23f2e1d0        0x0 common/libcommon.a(cmd_load.o)
 .data          0x23f2e1d0        0x4 common/libcommon.a(cmd_mem.o)
                0x23f2e1d0                dp_last_length
 .data          0x23f2e1d4        0x0 common/libcommon.a(cmd_misc.o)
 .data          0x23f2e1d4        0x0 common/libcommon.a(cmd_nand.o)
 .data          0x23f2e1d4        0x0 common/libcommon.a(cmd_net.o)
 .data          0x23f2e1d4        0x4 common/libcommon.a(cmd_nvedit.o)
 .data          0x23f2e1d8        0x0 common/libcommon.a(cmd_test.o)
 .data          0x23f2e1d8        0x4 common/libcommon.a(cmd_usb.o)
 .data          0x23f2e1dc        0x0 common/libcommon.a(cmd_version.o)
 .data          0x23f2e1dc        0x0 common/libcommon.a(cmd_ximg.o)
 .data          0x23f2e1dc        0x0 common/libcommon.a(command.o)
 .data          0x23f2e1dc        0x0 common/libcommon.a(console.o)
 .data          0x23f2e1dc      0x414 common/libcommon.a(dlmalloc.o)
 .data          0x23f2e5f0       0xb4 common/libcommon.a(env_common.o)
                0x23f2e5f0                default_environment
 .data          0x23f2e6a4        0x4 common/libcommon.a(env_dataflash.o)
                0x23f2e6a4                env_name_spec
 .data          0x23f2e6a8        0x0 common/libcommon.a(exports.o)
 .data          0x23f2e6a8       0x84 common/libcommon.a(hush.o)
 .data          0x23f2e72c      0x204 common/libcommon.a(image.o)
 .data          0x23f2e930     0x666c common/libcommon.a(lcd.o)
                0x23f2e930                bmp_logo_palette
                0x23f2e96c                bmp_logo_bitmap
 .data          0x23f34f9c       0x14 common/libcommon.a(main.o)
 .data          0x23f34fb0        0xc common/libcommon.a(stdio.o)
                0x23f34fb0                stdio_names
 .data          0x23f34fbc        0x0 common/libcommon.a(usb.o)
 .data          0x23f34fbc       0x20 common/libcommon.a(usb_storage.o)
                0x23f34fbc                us_direction
 .data          0x23f34fdc        0x0 common/libcommon.a(xyzModem.o)
 .data          0x23f34fdc       0x34 board/atmel/at91sam9263ek/libat91sam9263ek.a(at91sam9263ek.o)
                0x23f34fdc                panel_info
 .data          0x23f35010        0x0 lib/libgeneric.a(crc16.o)
 .data          0x23f35010        0x0 lib/libgeneric.a(crc32.o)
 .data          0x23f35010      0x100 lib/libgeneric.a(ctype.o)
                0x23f35010                _ctype
 .data          0x23f35110        0x0 lib/libgeneric.a(display_options.o)
 .data          0x23f35110        0x0 lib/libgeneric.a(gunzip.o)
 .data          0x23f35110        0x0 lib/libgeneric.a(net_utils.o)
 .data          0x23f35110        0x0 lib/libgeneric.a(string.o)
 .data          0x23f35110        0x0 lib/libgeneric.a(strmhz.o)
 .data          0x23f35110        0x0 lib/libgeneric.a(time.o)
 .data          0x23f35110        0x0 lib/libgeneric.a(vsprintf.o)
 .data          0x23f35110        0x0 lib/libgeneric.a(zlib.o)
 .data          0x23f35110        0x0 lib/libgeneric.a(div64.o)
 .data          0x23f35110        0x0 arch/arm/cpu/arm926ejs/at91/libat91.a(at91sam9263_devices.o)
 .data          0x23f35110        0x0 arch/arm/cpu/arm926ejs/at91/libat91.a(clock.o)
 .data          0x23f35110        0x0 arch/arm/cpu/arm926ejs/at91/libat91.a(cpu.o)
 .data          0x23f35110        0x0 arch/arm/cpu/arm926ejs/at91/libat91.a(reset.o)
 .data          0x23f35110        0x0 arch/arm/cpu/arm926ejs/at91/libat91.a(timer.o)
 .data          0x23f35110        0x0 arch/arm/lib/libarm.a(bootm.o)
 .data          0x23f35110        0x0 arch/arm/lib/libarm.a(cache.o)
 .data          0x23f35110        0x0 arch/arm/lib/libarm.a(reset.o)
 .data          0x23f35110        0x4 fs/fat/libfat.a(fat.o)
 .data          0x23f35114        0x0 disk/libdisk.a(part.o)
 .data          0x23f35114        0x0 disk/libdisk.a(part_dos.o)
 .data          0x23f35114        0x0 drivers/mtd/libmtd.a(dataflash.o)
 .data          0x23f35114        0x0 drivers/mtd/libmtd.a(at45.o)
 .data          0x23f35114        0x0 drivers/mtd/nand/libnand.a(nand_util.o)
 .data          0x23f35114        0x0 drivers/net/libnet.a(macb.o)
 .data          0x23f35114        0x0 drivers/spi/libspi.a(atmel_dataflash_spi.o)
 .data          0x23f35114       0x50 drivers/usb/host/libusb_host.a(ohci-hcd.o)
 .data          0x23f35164        0x0 drivers/usb/host/libusb_host.a(ohci-at91.o)
 .data          0x23f35164        0x0 drivers/video/libvideo.a(atmel_lcdfb.o)
 .data          0x23f35164       0xa8 board/atmel/at91sam9263ek/libat91sam9263ek.a(partition.o)
                0x23f35164                cs
                0x23f3516c                area_list
 .data          0x23f3520c        0x0 arch/arm/cpu/arm926ejs/libarm926ejs.a(cpu.o)
 .data          0x23f3520c        0x0 arch/arm/lib/libarm.a(cache-cp15.o)
 .data          0x23f3520c        0x0 /home/jionfull/u-boot-2010.06/arch/arm/lib/eabi_compat.o
 .data          0x23f3520c        0x0 /opt/FriendlyARM/toolschain/4.4.3/lib/gcc/arm-none-linux-gnueabi/4.4.3/libgcc.a(_udivsi3.o)
 .data          0x23f3520c        0x0 /opt/FriendlyARM/toolschain/4.4.3/lib/gcc/arm-none-linux-gnueabi/4.4.3/libgcc.a(_divsi3.o)
 .data          0x23f3520c        0x0 /opt/FriendlyARM/toolschain/4.4.3/lib/gcc/arm-none-linux-gnueabi/4.4.3/libgcc.a(_lshrdi3.o)
 .data          0x23f3520c        0x0 /opt/FriendlyARM/toolschain/4.4.3/lib/gcc/arm-none-linux-gnueabi/4.4.3/libgcc.a(_ashrdi3.o)
 .data          0x23f3520c        0x0 /opt/FriendlyARM/toolschain/4.4.3/lib/gcc/arm-none-linux-gnueabi/4.4.3/libgcc.a(_ashldi3.o)
 .data          0x23f3520c        0x0 /opt/FriendlyARM/toolschain/4.4.3/lib/gcc/arm-none-linux-gnueabi/4.4.3/libgcc.a(_dvmd_lnx.o)
                0x23f3520c                . = ALIGN (0x4)

.got
 *(.got)
                0x23f3520c                . = .
                0x23f3520c                __u_boot_cmd_start = .

.u_boot_cmd     0x23f3520c      0x5b0
 *(.u_boot_cmd)
 .u_boot_cmd    0x23f3520c       0x38 common/libcommon.a(cmd_boot.o)
                0x23f3520c                __u_boot_cmd_go
                0x23f35228                __u_boot_cmd_reset
 .u_boot_cmd    0x23f35244       0x54 common/libcommon.a(cmd_bootm.o)
                0x23f35244                __u_boot_cmd_bootm
                0x23f35260                __u_boot_cmd_boot
                0x23f3527c                __u_boot_cmd_bootd
 .u_boot_cmd    0x23f35298       0x1c common/libcommon.a(cmd_console.o)
                0x23f35298                __u_boot_cmd_coninfo
 .u_boot_cmd    0x23f352b4       0x1c common/libcommon.a(cmd_echo.o)
                0x23f352b4                __u_boot_cmd_echo
 .u_boot_cmd    0x23f352d0       0x1c common/libcommon.a(cmd_exit.o)
                0x23f352d0                __u_boot_cmd_exit
 .u_boot_cmd    0x23f352ec       0x54 common/libcommon.a(cmd_fat.o)
                0x23f352ec                __u_boot_cmd_fatload
                0x23f35308                __u_boot_cmd_fatls
                0x23f35324                __u_boot_cmd_fatinfo
 .u_boot_cmd    0x23f35340       0x54 common/libcommon.a(cmd_flash.o)
                0x23f35340                __u_boot_cmd_flinfo
                0x23f3535c                __u_boot_cmd_erase
                0x23f35378                __u_boot_cmd_protect
 .u_boot_cmd    0x23f35394       0x38 common/libcommon.a(cmd_help.o)
                0x23f35394                __u_boot_cmd_help
                0x23f353b0                __u_boot_cmd_question_mark
 .u_boot_cmd    0x23f353cc       0x1c common/libcommon.a(cmd_itest.o)
                0x23f353cc                __u_boot_cmd_itest
 .u_boot_cmd    0x23f353e8       0x38 common/libcommon.a(cmd_load.o)
                0x23f353e8                __u_boot_cmd_loadb
                0x23f35404                __u_boot_cmd_loady
 .u_boot_cmd    0x23f35420      0x118 common/libcommon.a(cmd_mem.o)
                0x23f35420                __u_boot_cmd_md
                0x23f3543c                __u_boot_cmd_mm
                0x23f35458                __u_boot_cmd_nm
                0x23f35474                __u_boot_cmd_mw
                0x23f35490                __u_boot_cmd_cp
                0x23f354ac                __u_boot_cmd_cmp
                0x23f354c8                __u_boot_cmd_crc32
                0x23f354e4                __u_boot_cmd_base
                0x23f35500                __u_boot_cmd_loop
                0x23f3551c                __u_boot_cmd_mtest
 .u_boot_cmd    0x23f35538       0x1c common/libcommon.a(cmd_misc.o)
                0x23f35538                __u_boot_cmd_sleep
 .u_boot_cmd    0x23f35554       0x38 common/libcommon.a(cmd_nand.o)
                0x23f35554                __u_boot_cmd_nand
                0x23f35570                __u_boot_cmd_nboot
 .u_boot_cmd    0x23f3558c       0xa8 common/libcommon.a(cmd_net.o)
                0x23f3558c                __u_boot_cmd_bootp
                0x23f355a8                __u_boot_cmd_tftpboot
                0x23f355c4                __u_boot_cmd_rarpboot
                0x23f355e0                __u_boot_cmd_dhcp
                0x23f355fc                __u_boot_cmd_nfs
                0x23f35618                __u_boot_cmd_ping
 .u_boot_cmd    0x23f35634       0x8c common/libcommon.a(cmd_nvedit.o)
                0x23f35634                __u_boot_cmd_saveenv
                0x23f35650                __u_boot_cmd_editenv
                0x23f3566c                __u_boot_cmd_printenv
                0x23f35688                __u_boot_cmd_setenv
                0x23f356a4                __u_boot_cmd_run
 .u_boot_cmd    0x23f356c0       0x54 common/libcommon.a(cmd_test.o)
                0x23f356c0                __u_boot_cmd_test
                0x23f356dc                __u_boot_cmd_false
                0x23f356f8                __u_boot_cmd_true
 .u_boot_cmd    0x23f35714       0x38 common/libcommon.a(cmd_usb.o)
                0x23f35714                __u_boot_cmd_usb
                0x23f35730                __u_boot_cmd_usbboot
 .u_boot_cmd    0x23f3574c       0x1c common/libcommon.a(cmd_version.o)
                0x23f3574c                __u_boot_cmd_version
 .u_boot_cmd    0x23f35768       0x1c common/libcommon.a(cmd_ximg.o)
                0x23f35768                __u_boot_cmd_imxtract
 .u_boot_cmd    0x23f35784       0x1c common/libcommon.a(hush.o)
                0x23f35784                __u_boot_cmd_showvar
 .u_boot_cmd    0x23f357a0       0x1c common/libcommon.a(lcd.o)
                0x23f357a0                __u_boot_cmd_cls
                0x23f357bc                __u_boot_cmd_end = .
                0x23f357bc                . = ALIGN (0x4)
                0x23f357bc                __bss_start = .

.bss            0x23f35800    0x41804
 *(.bss)
 .bss           0x23f35800        0x0 arch/arm/cpu/arm926ejs/start.o
 .bss           0x23f35800        0x0 arch/arm/cpu/arm926ejs/at91/libat91.a(led.o)
 .bss           0x23f35800        0x4 arch/arm/lib/libarm.a(board.o)
                0x23f35800                monitor_flash_len
 .bss           0x23f35804        0x0 arch/arm/lib/libarm.a(interrupts.o)
 .bss           0x23f35804       0x14 net/libnet.a(eth.o)
 .bss           0x23f35818     0x25e4 net/libnet.a(net.o)
                0x23f35818                NetState
                0x23f3582c                NetIPID
                0x23f35830                NetOurIP
                0x23f35834                NetOurEther
                0x23f3583c                NetPingIP
                0x23f35840                NetRxPacket
                0x23f35844                NetRxPacketLen
                0x23f35848                NetArpWaitPacketIP
                0x23f3584c                NetArpWaitPacketMAC
                0x23f35850                NetArpWaitReplyIP
                0x23f35854                NetArpWaitTxPacket
                0x23f35858                NetArpWaitTxPacketSize
                0x23f3585c                NetServerIP
                0x23f35860                NetServerEther
                0x23f35868                NetTxPacket
                0x23f3586c                NetOurSubnetMask
                0x23f35870                NetOurGatewayIP
                0x23f3587c                NetEtherNullAddr
                0x23f35884                NetArpWaitTry
                0x23f35888                NetArpWaitTimerStart
                0x23f35894                NetRestartWrap
                0x23f3589c                PktBuf
                0x23f376bc                NetRxPackets
                0x23f376cc                NetArpWaitPacketBuf
                0x23f37cf0                NetBootFileXferSize
                0x23f37cf4                NetOurDNSIP
                0x23f37cf8                NetOurNISDomain
                0x23f37d18                NetOurHostName
                0x23f37d38                NetOurRootPath
                0x23f37d78                NetBootFileSize
                0x23f37d7c                BootFile
 .bss           0x23f37dfc      0x8b0 net/libnet.a(nfs.o)
 .bss           0x23f386ac        0x4 net/libnet.a(rarp.o)
                0x23f386ac                RarpTry
 .bss           0x23f386b0       0xb4 net/libnet.a(tftp.o)
 .bss           0x23f38764       0x14 net/libnet.a(bootp.o)
                0x23f38764                dhcp_leasetime
                0x23f38768                NetDHCPServerIP
                0x23f3876c                BootpID
                0x23f38770                dhcp_state
                0x23f38774                BootpTry
 .bss           0x23f38778        0x0 drivers/gpio/libgpio.a(at91_gpio.o)
 .bss           0x23f38778      0x1c8 drivers/mtd/nand/libnand.a(nand.o)
                0x23f38778                nand_info
 .bss           0x23f38940        0x0 drivers/mtd/nand/libnand.a(nand_base.o)
 .bss           0x23f38940        0x0 drivers/mtd/nand/libnand.a(nand_bbt.o)
 .bss           0x23f38940        0x0 drivers/mtd/nand/libnand.a(nand_ecc.o)
 .bss           0x23f38940        0x0 drivers/mtd/nand/libnand.a(nand_ids.o)
 .bss           0x23f38940        0x0 drivers/mtd/nand/libnand.a(atmel_nand.o)
 .bss           0x23f38940        0x0 drivers/serial/libserial.a(atmel_usart.o)
 .bss           0x23f38940        0x0 common/libcommon.a(cmd_boot.o)
 .bss           0x23f38940       0x8c common/libcommon.a(cmd_bootm.o)
 .bss           0x23f389cc        0x0 common/libcommon.a(cmd_console.o)
 .bss           0x23f389cc        0x0 common/libcommon.a(cmd_echo.o)
 .bss           0x23f389cc        0x0 common/libcommon.a(cmd_exit.o)
 .bss           0x23f389cc        0x0 common/libcommon.a(cmd_fat.o)
 .bss           0x23f389cc        0x0 common/libcommon.a(cmd_flash.o)
 .bss           0x23f389cc        0x0 common/libcommon.a(cmd_help.o)
 .bss           0x23f389cc        0x0 common/libcommon.a(cmd_itest.o)
 .bss           0x23f389cc       0x60 common/libcommon.a(cmd_load.o)
                0x23f389dc                os_data_init
                0x23f389ec                os_data_char
                0x23f389f0                his_quote
                0x23f389f4                his_pad_count
                0x23f389f8                his_pad_char
                0x23f389f9                his_eol
                0x23f389fc                send_ptr
                0x23f38a00                send_parms
 .bss           0x23f38a2c       0x14 common/libcommon.a(cmd_mem.o)
                0x23f38a30                mm_last_addr
                0x23f38a34                mm_last_size
                0x23f38a38                dp_last_addr
                0x23f38a3c                dp_last_size
 .bss           0x23f38a40        0x0 common/libcommon.a(cmd_misc.o)
 .bss           0x23f38a40        0x0 common/libcommon.a(cmd_nand.o)
 .bss           0x23f38a40        0x0 common/libcommon.a(cmd_net.o)
 .bss           0x23f38a40        0x0 common/libcommon.a(cmd_nvedit.o)
 .bss           0x23f38a40        0x0 common/libcommon.a(cmd_test.o)
 .bss           0x23f38a40        0x0 common/libcommon.a(cmd_usb.o)
 .bss           0x23f38a40        0x0 common/libcommon.a(cmd_version.o)
 .bss           0x23f38a40        0x0 common/libcommon.a(cmd_ximg.o)
 .bss           0x23f38a40      0x300 common/libcommon.a(command.o)
 .bss           0x23f38d40        0x8 common/libcommon.a(console.o)
 .bss           0x23f38d48       0x44 common/libcommon.a(dlmalloc.o)
                0x23f38d48                mem_malloc_brk
                0x23f38d4c                mem_malloc_start
                0x23f38d50                mem_malloc_end
 .bss           0x23f38d8c        0x0 common/libcommon.a(env_common.o)
 .bss           0x23f38d8c        0x4 common/libcommon.a(env_dataflash.o)
                0x23f38d8c                env_ptr
 .bss           0x23f38d90        0x0 common/libcommon.a(exports.o)
 .bss           0x23f38d90      0x258 common/libcommon.a(hush.o)
                0x23f38fdc                last_return_code
                0x23f38fe4                nesting_level
 .bss           0x23f38fe8        0x0 common/libcommon.a(image.o)
 .bss           0x23f38fe8        0x1 common/libcommon.a(lcd.o)
                0x23f38fe8                lcd_is_enabled
 *fill*         0x23f38fe9        0x3 00
 .bss           0x23f38fec     0x1578 common/libcommon.a(main.o)
                0x23f38ff8                hist_num
                0x23f38ffc                hist_lines
                0x23f3a410                hist_list
                0x23f3a460                console_buffer
 .bss           0x23f3a564       0x48 common/libcommon.a(stdio.o)
                0x23f3a5a0                stdio_devices
 .bss           0x23f3a5ac     0xaa1c common/libcommon.a(usb.o)
                0x23f44fb8                usb_started
 .bss           0x23f44fc8      0x5b8 common/libcommon.a(usb_storage.o)
 .bss           0x23f45580      0x43c common/libcommon.a(xyzModem.o)
 .bss           0x23f459bc        0x0 board/atmel/at91sam9263ek/libat91sam9263ek.a(at91sam9263ek.o)
 .bss           0x23f459bc        0x0 lib/libgeneric.a(crc16.o)
 .bss           0x23f459bc        0x0 lib/libgeneric.a(crc32.o)
 .bss           0x23f459bc        0x0 lib/libgeneric.a(ctype.o)
 .bss           0x23f459bc        0x0 lib/libgeneric.a(display_options.o)
 .bss           0x23f459bc        0x0 lib/libgeneric.a(gunzip.o)
 .bss           0x23f459bc        0x0 lib/libgeneric.a(net_utils.o)
 .bss           0x23f459bc        0x4 lib/libgeneric.a(string.o)
                0x23f459bc                ___strtok
 .bss           0x23f459c0        0x0 lib/libgeneric.a(strmhz.o)
 .bss           0x23f459c0        0x0 lib/libgeneric.a(time.o)
 .bss           0x23f459c0        0x0 lib/libgeneric.a(vsprintf.o)
 .bss           0x23f459c0        0x0 lib/libgeneric.a(zlib.o)
 .bss           0x23f459c0        0x0 lib/libgeneric.a(div64.o)
 .bss           0x23f459c0        0x0 arch/arm/cpu/arm926ejs/at91/libat91.a(at91sam9263_devices.o)
 .bss           0x23f459c0       0x18 arch/arm/cpu/arm926ejs/at91/libat91.a(clock.o)
 .bss           0x23f459d8        0x0 arch/arm/cpu/arm926ejs/at91/libat91.a(cpu.o)
 .bss           0x23f459d8        0x0 arch/arm/cpu/arm926ejs/at91/libat91.a(reset.o)
 .bss           0x23f459d8        0xc arch/arm/cpu/arm926ejs/at91/libat91.a(timer.o)
 .bss           0x23f459e4        0x4 arch/arm/lib/libarm.a(bootm.o)
 .bss           0x23f459e8        0x0 arch/arm/lib/libarm.a(cache.o)
 .bss           0x23f459e8        0x0 arch/arm/lib/libarm.a(reset.o)
 .bss           0x23f459e8    0x30008 fs/fat/libfat.a(fat.o)
                0x23f459f0                get_vfatname_block
                0x23f559f0                do_fat_read_block
                0x23f659f0                get_dentfromdir_block
 .bss           0x23f759f0        0x0 disk/libdisk.a(part.o)
 .bss           0x23f759f0        0x0 disk/libdisk.a(part_dos.o)
 .bss           0x23f759f0        0x8 drivers/mtd/libmtd.a(dataflash.o)
 .bss           0x23f759f8        0x0 drivers/mtd/libmtd.a(at45.o)
 .bss           0x23f759f8        0x0 drivers/mtd/nand/libnand.a(nand_util.o)
 .bss           0x23f759f8        0x0 drivers/net/libnet.a(macb.o)
 .bss           0x23f759f8        0x0 drivers/spi/libspi.a(atmel_dataflash_spi.o)
 *fill*         0x23f759f8        0x8 00
 .bss           0x23f75a00     0x1500 drivers/usb/host/libusb_host.a(ohci-hcd.o)
                0x23f75b48                phcca
                0x23f75c00                ghcca
                0x23f75d00                ohci_dev
                0x23f75ea0                gtd
                0x23f76ee0                ptd
                0x23f76ee8                devgone
 .bss           0x23f76f00        0x0 drivers/usb/host/libusb_host.a(ohci-at91.o)
 .bss           0x23f76f00       0x18 drivers/video/libvideo.a(atmel_lcdfb.o)
                0x23f76f00                lcd_line_length
                0x23f76f04                lcd_color_fg
                0x23f76f08                lcd_color_bg
                0x23f76f0c                lcd_base
                0x23f76f10                lcd_console_address
                0x23f76f14                console_col
                0x23f76f16                console_row
 .bss           0x23f76f18       0xec board/atmel/at91sam9263ek/libat91sam9263ek.a(partition.o)
                0x23f76f18                dataflash_info
 .bss           0x23f77004        0x0 arch/arm/cpu/arm926ejs/libarm926ejs.a(cpu.o)
 .bss           0x23f77004        0x0 arch/arm/lib/libarm.a(cache-cp15.o)
 .bss           0x23f77004        0x0 /home/jionfull/u-boot-2010.06/arch/arm/lib/eabi_compat.o
 .bss           0x23f77004        0x0 /opt/FriendlyARM/toolschain/4.4.3/lib/gcc/arm-none-linux-gnueabi/4.4.3/libgcc.a(_udivsi3.o)
 .bss           0x23f77004        0x0 /opt/FriendlyARM/toolschain/4.4.3/lib/gcc/arm-none-linux-gnueabi/4.4.3/libgcc.a(_divsi3.o)
 .bss           0x23f77004        0x0 /opt/FriendlyARM/toolschain/4.4.3/lib/gcc/arm-none-linux-gnueabi/4.4.3/libgcc.a(_lshrdi3.o)
 .bss           0x23f77004        0x0 /opt/FriendlyARM/toolschain/4.4.3/lib/gcc/arm-none-linux-gnueabi/4.4.3/libgcc.a(_ashrdi3.o)
 .bss           0x23f77004        0x0 /opt/FriendlyARM/toolschain/4.4.3/lib/gcc/arm-none-linux-gnueabi/4.4.3/libgcc.a(_ashldi3.o)
 .bss           0x23f77004        0x0 /opt/FriendlyARM/toolschain/4.4.3/lib/gcc/arm-none-linux-gnueabi/4.4.3/libgcc.a(_dvmd_lnx.o)
                0x23f77004                . = ALIGN (0x4)
                0x23f77004                _end = .
Address of section .text set to 0x23f00000
LOAD arch/arm/cpu/arm926ejs/start.o
START GROUP
LOAD lib/libgeneric.a
LOAD lib/lzma/liblzma.a
LOAD lib/lzo/liblzo.a
LOAD arch/arm/cpu/arm926ejs/libarm926ejs.a
LOAD arch/arm/cpu/arm926ejs/at91/libat91.a
LOAD arch/arm/lib/libarm.a
LOAD fs/cramfs/libcramfs.a
LOAD fs/fat/libfat.a
LOAD fs/fdos/libfdos.a
LOAD fs/jffs2/libjffs2.a
LOAD fs/reiserfs/libreiserfs.a
LOAD fs/ext2/libext2fs.a
LOAD fs/yaffs2/libyaffs2.a
LOAD fs/ubifs/libubifs.a
LOAD net/libnet.a
LOAD disk/libdisk.a
LOAD drivers/bios_emulator/libatibiosemu.a
LOAD drivers/block/libblock.a
LOAD drivers/dma/libdma.a
LOAD drivers/fpga/libfpga.a
LOAD drivers/gpio/libgpio.a
LOAD drivers/hwmon/libhwmon.a
LOAD drivers/i2c/libi2c.a
LOAD drivers/input/libinput.a
LOAD drivers/misc/libmisc.a
LOAD drivers/mmc/libmmc.a
LOAD drivers/mtd/libmtd.a
LOAD drivers/mtd/nand/libnand.a
LOAD drivers/mtd/onenand/libonenand.a
LOAD drivers/mtd/ubi/libubi.a
LOAD drivers/mtd/spi/libspi_flash.a
LOAD drivers/net/libnet.a
LOAD drivers/net/phy/libphy.a
LOAD drivers/pci/libpci.a
LOAD drivers/pcmcia/libpcmcia.a
LOAD drivers/power/libpower.a
LOAD drivers/spi/libspi.a
LOAD drivers/rtc/librtc.a
LOAD drivers/serial/libserial.a
LOAD drivers/twserial/libtws.a
LOAD drivers/usb/gadget/libusb_gadget.a
LOAD drivers/usb/host/libusb_host.a
LOAD drivers/usb/musb/libusb_musb.a
LOAD drivers/usb/phy/libusb_phy.a
LOAD drivers/video/libvideo.a
LOAD drivers/watchdog/libwatchdog.a
LOAD common/libcommon.a
LOAD lib/libfdt/libfdt.a
LOAD api/libapi.a
LOAD post/libpost.a
LOAD board/atmel/at91sam9263ek/libat91sam9263ek.a
END GROUP
LOAD /home/jionfull/u-boot-2010.06/arch/arm/lib/eabi_compat.o
LOAD /opt/FriendlyARM/toolschain/4.4.3/lib/gcc/arm-none-linux-gnueabi/4.4.3/libgcc.a
OUTPUT(u-boot elf32-littlearm)

.ARM.attributes
                0x00000000       0x27
 .ARM.attributes
                0x00000000       0x1b arch/arm/cpu/arm926ejs/start.o
 .ARM.attributes
                0x0000001b       0x2b arch/arm/cpu/arm926ejs/at91/libat91.a(led.o)
 .ARM.attributes
                0x00000046       0x2b arch/arm/lib/libarm.a(board.o)
 .ARM.attributes
                0x00000071       0x2b arch/arm/lib/libarm.a(interrupts.o)
 .ARM.attributes
                0x0000009c       0x2b net/libnet.a(eth.o)
 .ARM.attributes
                0x000000c7       0x2b net/libnet.a(net.o)
 .ARM.attributes
                0x000000f2       0x2b net/libnet.a(nfs.o)
 .ARM.attributes
                0x0000011d       0x2b net/libnet.a(rarp.o)
 .ARM.attributes
                0x00000148       0x2b net/libnet.a(tftp.o)
 .ARM.attributes
                0x00000173       0x2b net/libnet.a(bootp.o)
 .ARM.attributes
                0x0000019e       0x2b drivers/gpio/libgpio.a(at91_gpio.o)
 .ARM.attributes
                0x000001c9       0x2b drivers/mtd/nand/libnand.a(nand.o)
 .ARM.attributes
                0x000001f4       0x2b drivers/mtd/nand/libnand.a(nand_base.o)
 .ARM.attributes
                0x0000021f       0x2b drivers/mtd/nand/libnand.a(nand_bbt.o)
 .ARM.attributes
                0x0000024a       0x2b drivers/mtd/nand/libnand.a(nand_ecc.o)
 .ARM.attributes
                0x00000275       0x2b drivers/mtd/nand/libnand.a(nand_ids.o)
 .ARM.attributes
                0x000002a0       0x2b drivers/mtd/nand/libnand.a(atmel_nand.o)
 .ARM.attributes
                0x000002cb       0x2b drivers/serial/libserial.a(atmel_usart.o)
 .ARM.attributes
                0x000002f6       0x2b common/libcommon.a(cmd_boot.o)
 .ARM.attributes
                0x00000321       0x2b common/libcommon.a(cmd_bootm.o)
 .ARM.attributes
                0x0000034c       0x2b common/libcommon.a(cmd_console.o)
 .ARM.attributes
                0x00000377       0x2b common/libcommon.a(cmd_echo.o)
 .ARM.attributes
                0x000003a2       0x2b common/libcommon.a(cmd_exit.o)
 .ARM.attributes
                0x000003cd       0x2b common/libcommon.a(cmd_fat.o)
 .ARM.attributes
                0x000003f8       0x2b common/libcommon.a(cmd_flash.o)
 .ARM.attributes
                0x00000423       0x2b common/libcommon.a(cmd_help.o)
 .ARM.attributes
                0x0000044e       0x2b common/libcommon.a(cmd_itest.o)
 .ARM.attributes
                0x00000479       0x2b common/libcommon.a(cmd_load.o)
 .ARM.attributes
                0x000004a4       0x2b common/libcommon.a(cmd_mem.o)
 .ARM.attributes
                0x000004cf       0x2b common/libcommon.a(cmd_misc.o)
 .ARM.attributes
                0x000004fa       0x2b common/libcommon.a(cmd_nand.o)
 .ARM.attributes
                0x00000525       0x2b common/libcommon.a(cmd_net.o)
 .ARM.attributes
                0x00000550       0x2b common/libcommon.a(cmd_nvedit.o)
 .ARM.attributes
                0x0000057b       0x2b common/libcommon.a(cmd_test.o)
 .ARM.attributes
                0x000005a6       0x2b common/libcommon.a(cmd_usb.o)
 .ARM.attributes
                0x000005d1       0x2b common/libcommon.a(cmd_version.o)
 .ARM.attributes
                0x000005fc       0x2b common/libcommon.a(cmd_ximg.o)
 .ARM.attributes
                0x00000627       0x2b common/libcommon.a(command.o)
 .ARM.attributes
                0x00000652       0x2b common/libcommon.a(console.o)
 .ARM.attributes
                0x0000067d       0x2b common/libcommon.a(dlmalloc.o)
 .ARM.attributes
                0x000006a8       0x2b common/libcommon.a(env_common.o)
 .ARM.attributes
                0x000006d3       0x2b common/libcommon.a(env_dataflash.o)
 .ARM.attributes
                0x000006fe       0x2b common/libcommon.a(exports.o)
 .ARM.attributes
                0x00000729       0x2b common/libcommon.a(hush.o)
 .ARM.attributes
                0x00000754       0x2b common/libcommon.a(image.o)
 .ARM.attributes
                0x0000077f       0x2b common/libcommon.a(lcd.o)
 .ARM.attributes
                0x000007aa       0x2b common/libcommon.a(main.o)
 .ARM.attributes
                0x000007d5       0x2b common/libcommon.a(stdio.o)
 .ARM.attributes
                0x00000800       0x2b common/libcommon.a(usb.o)
 .ARM.attributes
                0x0000082b       0x2b common/libcommon.a(usb_storage.o)
 .ARM.attributes
                0x00000856       0x2b common/libcommon.a(xyzModem.o)
 .ARM.attributes
                0x00000881       0x2b board/atmel/at91sam9263ek/libat91sam9263ek.a(at91sam9263ek.o)
 .ARM.attributes
                0x000008ac       0x2b lib/libgeneric.a(crc16.o)
 .ARM.attributes
                0x000008d7       0x2b lib/libgeneric.a(crc32.o)
 .ARM.attributes
                0x00000902       0x2b lib/libgeneric.a(ctype.o)
 .ARM.attributes
                0x0000092d       0x2b lib/libgeneric.a(display_options.o)
 .ARM.attributes
                0x00000958       0x2b lib/libgeneric.a(gunzip.o)
 .ARM.attributes
                0x00000983       0x2b lib/libgeneric.a(net_utils.o)
 .ARM.attributes
                0x000009ae       0x2b lib/libgeneric.a(string.o)
 .ARM.attributes
                0x000009d9       0x2b lib/libgeneric.a(strmhz.o)
 .ARM.attributes
                0x00000a04       0x2b lib/libgeneric.a(time.o)
 .ARM.attributes
                0x00000a2f       0x2b lib/libgeneric.a(vsprintf.o)
 .ARM.attributes
                0x00000a5a       0x2b lib/libgeneric.a(zlib.o)
 .ARM.attributes
                0x00000a85       0x2b lib/libgeneric.a(div64.o)
 .ARM.attributes
                0x00000ab0       0x2b arch/arm/cpu/arm926ejs/at91/libat91.a(at91sam9263_devices.o)
 .ARM.attributes
                0x00000adb       0x2b arch/arm/cpu/arm926ejs/at91/libat91.a(clock.o)
 .ARM.attributes
                0x00000b06       0x2b arch/arm/cpu/arm926ejs/at91/libat91.a(cpu.o)
 .ARM.attributes
                0x00000b31       0x2b arch/arm/cpu/arm926ejs/at91/libat91.a(reset.o)
 .ARM.attributes
                0x00000b5c       0x2b arch/arm/cpu/arm926ejs/at91/libat91.a(timer.o)
 .ARM.attributes
                0x00000b87       0x2b arch/arm/lib/libarm.a(bootm.o)
 .ARM.attributes
                0x00000bb2       0x2b arch/arm/lib/libarm.a(cache.o)
 .ARM.attributes
                0x00000bdd       0x2b arch/arm/lib/libarm.a(reset.o)
 .ARM.attributes
                0x00000c08       0x2b fs/fat/libfat.a(fat.o)
 .ARM.attributes
                0x00000c33       0x2b disk/libdisk.a(part.o)
 .ARM.attributes
                0x00000c5e       0x2b disk/libdisk.a(part_dos.o)
 .ARM.attributes
                0x00000c89       0x2b drivers/mtd/libmtd.a(dataflash.o)
 .ARM.attributes
                0x00000cb4       0x2b drivers/mtd/libmtd.a(at45.o)
 .ARM.attributes
                0x00000cdf       0x2b drivers/mtd/nand/libnand.a(nand_util.o)
 .ARM.attributes
                0x00000d0a       0x2b drivers/net/libnet.a(macb.o)
 .ARM.attributes
                0x00000d35       0x2b drivers/spi/libspi.a(atmel_dataflash_spi.o)
 .ARM.attributes
                0x00000d60       0x2b drivers/usb/host/libusb_host.a(ohci-hcd.o)
 .ARM.attributes
                0x00000d8b       0x2b drivers/usb/host/libusb_host.a(ohci-at91.o)
 .ARM.attributes
                0x00000db6       0x2b drivers/video/libvideo.a(atmel_lcdfb.o)
 .ARM.attributes
                0x00000de1       0x2b board/atmel/at91sam9263ek/libat91sam9263ek.a(partition.o)
 .ARM.attributes
                0x00000e0c       0x2b arch/arm/cpu/arm926ejs/libarm926ejs.a(cpu.o)
 .ARM.attributes
                0x00000e37       0x2b arch/arm/lib/libarm.a(cache-cp15.o)
 .ARM.attributes
                0x00000e62       0x2b /home/jionfull/u-boot-2010.06/arch/arm/lib/eabi_compat.o
 .ARM.attributes
                0x00000e8d       0x1a /opt/FriendlyARM/toolschain/4.4.3/lib/gcc/arm-none-linux-gnueabi/4.4.3/libgcc.a(_udivsi3.o)
 .ARM.attributes
                0x00000ea7       0x1a /opt/FriendlyARM/toolschain/4.4.3/lib/gcc/arm-none-linux-gnueabi/4.4.3/libgcc.a(_divsi3.o)
 .ARM.attributes
                0x00000ec1       0x1a /opt/FriendlyARM/toolschain/4.4.3/lib/gcc/arm-none-linux-gnueabi/4.4.3/libgcc.a(_lshrdi3.o)
 .ARM.attributes
                0x00000edb       0x1a /opt/FriendlyARM/toolschain/4.4.3/lib/gcc/arm-none-linux-gnueabi/4.4.3/libgcc.a(_ashrdi3.o)
 .ARM.attributes
                0x00000ef5       0x1a /opt/FriendlyARM/toolschain/4.4.3/lib/gcc/arm-none-linux-gnueabi/4.4.3/libgcc.a(_ashldi3.o)
 .ARM.attributes
                0x00000f0f       0x1a /opt/FriendlyARM/toolschain/4.4.3/lib/gcc/arm-none-linux-gnueabi/4.4.3/libgcc.a(_dvmd_lnx.o)

.comment        0x00000000       0x18
 .comment       0x00000000       0x18 arch/arm/cpu/arm926ejs/at91/libat91.a(led.o)
                                 0x19 (size before relaxing)
 .comment       0x00000000       0x19 arch/arm/lib/libarm.a(board.o)
 .comment       0x00000000       0x19 arch/arm/lib/libarm.a(interrupts.o)
 .comment       0x00000000       0x19 net/libnet.a(eth.o)
 .comment       0x00000000       0x19 net/libnet.a(net.o)
 .comment       0x00000000       0x19 net/libnet.a(nfs.o)
 .comment       0x00000000       0x19 net/libnet.a(rarp.o)
 .comment       0x00000000       0x19 net/libnet.a(tftp.o)
 .comment       0x00000000       0x19 net/libnet.a(bootp.o)
 .comment       0x00000000       0x19 drivers/gpio/libgpio.a(at91_gpio.o)
 .comment       0x00000000       0x19 drivers/mtd/nand/libnand.a(nand.o)
 .comment       0x00000000       0x19 drivers/mtd/nand/libnand.a(nand_base.o)
 .comment       0x00000000       0x19 drivers/mtd/nand/libnand.a(nand_bbt.o)
 .comment       0x00000000       0x19 drivers/mtd/nand/libnand.a(nand_ecc.o)
 .comment       0x00000000       0x19 drivers/mtd/nand/libnand.a(nand_ids.o)
 .comment       0x00000000       0x19 drivers/mtd/nand/libnand.a(atmel_nand.o)
 .comment       0x00000000       0x19 drivers/serial/libserial.a(atmel_usart.o)
 .comment       0x00000000       0x19 common/libcommon.a(cmd_boot.o)
 .comment       0x00000000       0x19 common/libcommon.a(cmd_bootm.o)
 .comment       0x00000000       0x19 common/libcommon.a(cmd_console.o)
 .comment       0x00000000       0x19 common/libcommon.a(cmd_echo.o)
 .comment       0x00000000       0x19 common/libcommon.a(cmd_exit.o)
 .comment       0x00000000       0x19 common/libcommon.a(cmd_fat.o)
 .comment       0x00000000       0x19 common/libcommon.a(cmd_flash.o)
 .comment       0x00000000       0x19 common/libcommon.a(cmd_help.o)
 .comment       0x00000000       0x19 common/libcommon.a(cmd_itest.o)
 .comment       0x00000000       0x19 common/libcommon.a(cmd_load.o)
 .comment       0x00000000       0x19 common/libcommon.a(cmd_mem.o)
 .comment       0x00000000       0x19 common/libcommon.a(cmd_misc.o)
 .comment       0x00000000       0x19 common/libcommon.a(cmd_nand.o)
 .comment       0x00000000       0x19 common/libcommon.a(cmd_net.o)
 .comment       0x00000000       0x19 common/libcommon.a(cmd_nvedit.o)
 .comment       0x00000000       0x19 common/libcommon.a(cmd_test.o)
 .comment       0x00000000       0x19 common/libcommon.a(cmd_usb.o)
 .comment       0x00000000       0x19 common/libcommon.a(cmd_version.o)
 .comment       0x00000000       0x19 common/libcommon.a(cmd_ximg.o)
 .comment       0x00000000       0x19 common/libcommon.a(command.o)
 .comment       0x00000000       0x19 common/libcommon.a(console.o)
 .comment       0x00000000       0x19 common/libcommon.a(dlmalloc.o)
 .comment       0x00000000       0x19 common/libcommon.a(env_common.o)
 .comment       0x00000000       0x19 common/libcommon.a(env_dataflash.o)
 .comment       0x00000000       0x19 common/libcommon.a(exports.o)
 .comment       0x00000000       0x19 common/libcommon.a(hush.o)
 .comment       0x00000000       0x19 common/libcommon.a(image.o)
 .comment       0x00000000       0x19 common/libcommon.a(lcd.o)
 .comment       0x00000000       0x19 common/libcommon.a(main.o)
 .comment       0x00000000       0x19 common/libcommon.a(stdio.o)
 .comment       0x00000000       0x19 common/libcommon.a(usb.o)
 .comment       0x00000000       0x19 common/libcommon.a(usb_storage.o)
 .comment       0x00000000       0x19 common/libcommon.a(xyzModem.o)
 .comment       0x00000000       0x19 board/atmel/at91sam9263ek/libat91sam9263ek.a(at91sam9263ek.o)
 .comment       0x00000000       0x19 lib/libgeneric.a(crc16.o)
 .comment       0x00000000       0x19 lib/libgeneric.a(crc32.o)
 .comment       0x00000000       0x19 lib/libgeneric.a(ctype.o)
 .comment       0x00000000       0x19 lib/libgeneric.a(display_options.o)
 .comment       0x00000000       0x19 lib/libgeneric.a(gunzip.o)
 .comment       0x00000000       0x19 lib/libgeneric.a(net_utils.o)
 .comment       0x00000000       0x19 lib/libgeneric.a(string.o)
 .comment       0x00000000       0x19 lib/libgeneric.a(strmhz.o)
 .comment       0x00000000       0x19 lib/libgeneric.a(time.o)
 .comment       0x00000000       0x19 lib/libgeneric.a(vsprintf.o)
 .comment       0x00000000       0x19 lib/libgeneric.a(zlib.o)
 .comment       0x00000000       0x19 lib/libgeneric.a(div64.o)
 .comment       0x00000000       0x19 arch/arm/cpu/arm926ejs/at91/libat91.a(at91sam9263_devices.o)
 .comment       0x00000000       0x19 arch/arm/cpu/arm926ejs/at91/libat91.a(clock.o)
 .comment       0x00000000       0x19 arch/arm/cpu/arm926ejs/at91/libat91.a(cpu.o)
 .comment       0x00000000       0x19 arch/arm/cpu/arm926ejs/at91/libat91.a(reset.o)
 .comment       0x00000000       0x19 arch/arm/cpu/arm926ejs/at91/libat91.a(timer.o)
 .comment       0x00000000       0x19 arch/arm/lib/libarm.a(bootm.o)
 .comment       0x00000000       0x19 arch/arm/lib/libarm.a(cache.o)
 .comment       0x00000000       0x19 arch/arm/lib/libarm.a(reset.o)
 .comment       0x00000000       0x19 fs/fat/libfat.a(fat.o)
 .comment       0x00000000       0x19 disk/libdisk.a(part.o)
 .comment       0x00000000       0x19 disk/libdisk.a(part_dos.o)
 .comment       0x00000000       0x19 drivers/mtd/libmtd.a(dataflash.o)
 .comment       0x00000000       0x19 drivers/mtd/libmtd.a(at45.o)
 .comment       0x00000000       0x19 drivers/mtd/nand/libnand.a(nand_util.o)
 .comment       0x00000000       0x19 drivers/net/libnet.a(macb.o)
 .comment       0x00000000       0x19 drivers/spi/libspi.a(atmel_dataflash_spi.o)
 .comment       0x00000000       0x19 drivers/usb/host/libusb_host.a(ohci-hcd.o)
 .comment       0x00000000       0x19 drivers/usb/host/libusb_host.a(ohci-at91.o)
 .comment       0x00000000       0x19 drivers/video/libvideo.a(atmel_lcdfb.o)
 .comment       0x00000000       0x19 board/atmel/at91sam9263ek/libat91sam9263ek.a(partition.o)
 .comment       0x00000000       0x19 arch/arm/cpu/arm926ejs/libarm926ejs.a(cpu.o)
 .comment       0x00000000       0x19 arch/arm/lib/libarm.a(cache-cp15.o)
 .comment       0x00000000       0x19 /home/jionfull/u-boot-2010.06/arch/arm/lib/eabi_compat.o

.note.GNU-stack
                0x00000000        0x0
 .note.GNU-stack
                0x00000000        0x0 arch/arm/cpu/arm926ejs/at91/libat91.a(led.o)
 .note.GNU-stack
                0x00000000        0x0 arch/arm/lib/libarm.a(board.o)
 .note.GNU-stack
                0x00000000        0x0 arch/arm/lib/libarm.a(interrupts.o)
 .note.GNU-stack
                0x00000000        0x0 net/libnet.a(eth.o)
 .note.GNU-stack
                0x00000000        0x0 net/libnet.a(net.o)
 .note.GNU-stack
                0x00000000        0x0 net/libnet.a(nfs.o)
 .note.GNU-stack
                0x00000000        0x0 net/libnet.a(rarp.o)
 .note.GNU-stack
                0x00000000        0x0 net/libnet.a(tftp.o)
 .note.GNU-stack
                0x00000000        0x0 net/libnet.a(bootp.o)
 .note.GNU-stack
                0x00000000        0x0 drivers/gpio/libgpio.a(at91_gpio.o)
 .note.GNU-stack
                0x00000000        0x0 drivers/mtd/nand/libnand.a(nand.o)
 .note.GNU-stack
                0x00000000        0x0 drivers/mtd/nand/libnand.a(nand_base.o)
 .note.GNU-stack
                0x00000000        0x0 drivers/mtd/nand/libnand.a(nand_bbt.o)
 .note.GNU-stack
                0x00000000        0x0 drivers/mtd/nand/libnand.a(nand_ecc.o)
 .note.GNU-stack
                0x00000000        0x0 drivers/mtd/nand/libnand.a(nand_ids.o)
 .note.GNU-stack
                0x00000000        0x0 drivers/mtd/nand/libnand.a(atmel_nand.o)
 .note.GNU-stack
                0x00000000        0x0 drivers/serial/libserial.a(atmel_usart.o)
 .note.GNU-stack
                0x00000000        0x0 common/libcommon.a(cmd_boot.o)
 .note.GNU-stack
                0x00000000        0x0 common/libcommon.a(cmd_bootm.o)
 .note.GNU-stack
                0x00000000        0x0 common/libcommon.a(cmd_console.o)
 .note.GNU-stack
                0x00000000        0x0 common/libcommon.a(cmd_echo.o)
 .note.GNU-stack
                0x00000000        0x0 common/libcommon.a(cmd_exit.o)
 .note.GNU-stack
                0x00000000        0x0 common/libcommon.a(cmd_fat.o)
 .note.GNU-stack
                0x00000000        0x0 common/libcommon.a(cmd_flash.o)
 .note.GNU-stack
                0x00000000        0x0 common/libcommon.a(cmd_help.o)
 .note.GNU-stack
                0x00000000        0x0 common/libcommon.a(cmd_itest.o)
 .note.GNU-stack
                0x00000000        0x0 common/libcommon.a(cmd_load.o)
 .note.GNU-stack
                0x00000000        0x0 common/libcommon.a(cmd_mem.o)
 .note.GNU-stack
                0x00000000        0x0 common/libcommon.a(cmd_misc.o)
 .note.GNU-stack
                0x00000000        0x0 common/libcommon.a(cmd_nand.o)
 .note.GNU-stack
                0x00000000        0x0 common/libcommon.a(cmd_net.o)
 .note.GNU-stack
                0x00000000        0x0 common/libcommon.a(cmd_nvedit.o)
 .note.GNU-stack
                0x00000000        0x0 common/libcommon.a(cmd_test.o)
 .note.GNU-stack
                0x00000000        0x0 common/libcommon.a(cmd_usb.o)
 .note.GNU-stack
                0x00000000        0x0 common/libcommon.a(cmd_version.o)
 .note.GNU-stack
                0x00000000        0x0 common/libcommon.a(cmd_ximg.o)
 .note.GNU-stack
                0x00000000        0x0 common/libcommon.a(command.o)
 .note.GNU-stack
                0x00000000        0x0 common/libcommon.a(console.o)
 .note.GNU-stack
                0x00000000        0x0 common/libcommon.a(dlmalloc.o)
 .note.GNU-stack
                0x00000000        0x0 common/libcommon.a(env_common.o)
 .note.GNU-stack
                0x00000000        0x0 common/libcommon.a(env_dataflash.o)
 .note.GNU-stack
                0x00000000        0x0 common/libcommon.a(exports.o)
 .note.GNU-stack
                0x00000000        0x0 common/libcommon.a(hush.o)
 .note.GNU-stack
                0x00000000        0x0 common/libcommon.a(image.o)
 .note.GNU-stack
                0x00000000        0x0 common/libcommon.a(lcd.o)
 .note.GNU-stack
                0x00000000        0x0 common/libcommon.a(main.o)
 .note.GNU-stack
                0x00000000        0x0 common/libcommon.a(stdio.o)
 .note.GNU-stack
                0x00000000        0x0 common/libcommon.a(usb.o)
 .note.GNU-stack
                0x00000000        0x0 common/libcommon.a(usb_storage.o)
 .note.GNU-stack
                0x00000000        0x0 common/libcommon.a(xyzModem.o)
 .note.GNU-stack
                0x00000000        0x0 board/atmel/at91sam9263ek/libat91sam9263ek.a(at91sam9263ek.o)
 .note.GNU-stack
                0x00000000        0x0 lib/libgeneric.a(crc16.o)
 .note.GNU-stack
                0x00000000        0x0 lib/libgeneric.a(crc32.o)
 .note.GNU-stack
                0x00000000        0x0 lib/libgeneric.a(ctype.o)
 .note.GNU-stack
                0x00000000        0x0 lib/libgeneric.a(display_options.o)
 .note.GNU-stack
                0x00000000        0x0 lib/libgeneric.a(gunzip.o)
 .note.GNU-stack
                0x00000000        0x0 lib/libgeneric.a(net_utils.o)
 .note.GNU-stack
                0x00000000        0x0 lib/libgeneric.a(string.o)
 .note.GNU-stack
                0x00000000        0x0 lib/libgeneric.a(strmhz.o)
 .note.GNU-stack
                0x00000000        0x0 lib/libgeneric.a(time.o)
 .note.GNU-stack
                0x00000000        0x0 lib/libgeneric.a(vsprintf.o)
 .note.GNU-stack
                0x00000000        0x0 lib/libgeneric.a(zlib.o)
 .note.GNU-stack
                0x00000000        0x0 lib/libgeneric.a(div64.o)
 .note.GNU-stack
                0x00000000        0x0 arch/arm/cpu/arm926ejs/at91/libat91.a(at91sam9263_devices.o)
 .note.GNU-stack
                0x00000000        0x0 arch/arm/cpu/arm926ejs/at91/libat91.a(clock.o)
 .note.GNU-stack
                0x00000000        0x0 arch/arm/cpu/arm926ejs/at91/libat91.a(cpu.o)
 .note.GNU-stack
                0x00000000        0x0 arch/arm/cpu/arm926ejs/at91/libat91.a(reset.o)
 .note.GNU-stack
                0x00000000        0x0 arch/arm/cpu/arm926ejs/at91/libat91.a(timer.o)
 .note.GNU-stack
                0x00000000        0x0 arch/arm/lib/libarm.a(bootm.o)
 .note.GNU-stack