Archive member included because of file (symbol)

arch/arm/cpu/arm926ejs/at91/libat91.a(led.o)
                              arch/arm/cpu/arm926ejs/start.o (red_LED_on)
arch/arm/lib/libarm.a(board.o)
                              arch/arm/cpu/arm926ejs/start.o (start_armboot)
arch/arm/lib/libarm.a(interrupts.o)
                              arch/arm/lib/libarm.a(board.o) (enable_interrupts)
net/libnet.a(eth.o)           arch/arm/lib/libarm.a(board.o) (eth_initialize)
net/libnet.a(net.o)           arch/arm/lib/libarm.a(board.o) (copy_filename)
net/libnet.a(nfs.o)           net/libnet.a(net.o) (NfsStart)
net/libnet.a(rarp.o)          net/libnet.a(net.o) (RarpRequest)
net/libnet.a(tftp.o)          net/libnet.a(net.o) (TftpStart)
net/libnet.a(bootp.o)         net/libnet.a(net.o) (BootpRequest)
drivers/gpio/libgpio.a(at91_gpio.o)
                              arch/arm/cpu/arm926ejs/at91/libat91.a(led.o) (at91_set_pio_value)
drivers/mtd/nand/libnand.a(nand.o)
                              arch/arm/lib/libarm.a(board.o) (nand_init)
drivers/mtd/nand/libnand.a(nand_base.o)
                              drivers/mtd/nand/libnand.a(nand.o) (nand_scan)
drivers/mtd/nand/libnand.a(nand_bbt.o)
                              drivers/mtd/nand/libnand.a(nand_base.o) (nand_isbad_bbt)
drivers/mtd/nand/libnand.a(nand_ecc.o)
                              drivers/mtd/nand/libnand.a(nand_base.o) (nand_calculate_ecc)
drivers/mtd/nand/libnand.a(nand_ids.o)
                              drivers/mtd/nand/libnand.a(nand_base.o) (nand_flash_ids)
drivers/mtd/nand/libnand.a(atmel_nand.o)
                              drivers/mtd/nand/libnand.a(nand.o) (board_nand_init)
drivers/serial/libserial.a(atmel_usart.o)
                              arch/arm/lib/libarm.a(board.o) (serial_init)
common/libcommon.a(cmd_boot.o)
                              (__u_boot_cmd_go)
common/libcommon.a(cmd_bootm.o)
                              arch/arm/lib/libarm.a(board.o) (load_addr)
common/libcommon.a(cmd_console.o)
                              (__u_boot_cmd_coninfo)
common/libcommon.a(cmd_echo.o)
                              (__u_boot_cmd_echo)
common/libcommon.a(cmd_exit.o)
                              (__u_boot_cmd_exit)
common/libcommon.a(cmd_fat.o)
                              (__u_boot_cmd_fatload)
common/libcommon.a(cmd_flash.o)
                              (__u_boot_cmd_flinfo)
common/libcommon.a(cmd_help.o)
                              (__u_boot_cmd_help)
common/libcommon.a(cmd_itest.o)
                              (__u_boot_cmd_itest)
common/libcommon.a(cmd_load.o)
                              (__u_boot_cmd_loadb)
common/libcommon.a(cmd_mem.o)
                              (__u_boot_cmd_md)
common/libcommon.a(cmd_misc.o)
                              (__u_boot_cmd_sleep)
common/libcommon.a(cmd_nand.o)
                              (__u_boot_cmd_nand)
common/libcommon.a(cmd_net.o)
                              (__u_boot_cmd_bootp)
common/libcommon.a(cmd_nvedit.o)
                              net/libnet.a(eth.o) (get_env_id)
common/libcommon.a(cmd_test.o)
                              (__u_boot_cmd_test)
common/libcommon.a(cmd_usb.o)
                              (__u_boot_cmd_usb)
common/libcommon.a(cmd_version.o)
                              (__u_boot_cmd_version)
common/libcommon.a(cmd_ximg.o)
                              (__u_boot_cmd_imxtract)
common/libcommon.a(command.o)
                              common/libcommon.a(cmd_itest.o) (cmd_get_data_size)
common/libcommon.a(console.o)
                              arch/arm/lib/libarm.a(board.o) (printf)
common/libcommon.a(dlmalloc.o)
                              drivers/mtd/nand/libnand.a(nand_base.o) (free)
common/libcommon.a(env_common.o)
                              common/libcommon.a(cmd_nvedit.o) (env_get_addr)
common/libcommon.a(env_dataflash.o)
                              arch/arm/lib/libarm.a(board.o) (env_init)
common/libcommon.a(exports.o)
                              arch/arm/lib/libarm.a(board.o) (jumptable_init)
common/libcommon.a(hush.o)    common/libcommon.a(cmd_bootm.o) (parse_string_outer)
common/libcommon.a(image.o)   common/libcommon.a(cmd_ximg.o) (image_multi_count)
common/libcommon.a(lcd.o)     arch/arm/lib/libarm.a(board.o) (lcd_setmem)
common/libcommon.a(main.o)    common/libcommon.a(cmd_nvedit.o) (do_run)
common/libcommon.a(stdio.o)   common/libcommon.a(cmd_console.o) (stdio_get_list)
common/libcommon.a(usb.o)     common/libcommon.a(cmd_usb.o) (usb_get_dev_index)
common/libcommon.a(usb_storage.o)
                              common/libcommon.a(cmd_usb.o) (usb_stor_get_dev)
common/libcommon.a(xyzModem.o)
                              common/libcommon.a(cmd_load.o) (xyzModem_error)
board/atmel/at91sam9263ek/libat91sam9263ek.a(at91sam9263ek.o)
                              arch/arm/lib/libarm.a(board.o) (UartPuts)
lib/libgeneric.a(crc16.o)     common/libcommon.a(xyzModem.o) (cyg_crc16)
lib/libgeneric.a(crc32.o)     common/libcommon.a(cmd_mem.o) (crc32)
[...]
Memory Configuration

Name             Origin             Length             Attributes
*default*        0x00000000         0xffffffff

Linker script and memory map

                0x00000000                . = 0x0
                0x00000000                . = ALIGN (0x4)

.text           0x23f00000    0x24aac
 arch/arm/cpu/arm926ejs/start.o(.text)
 .text          0x23f00000      0x360 arch/arm/cpu/arm926ejs/start.o
                0x23f00000                _start
                0x23f00044                _armboot_start
                0x23f00048                _bss_start
                0x23f0004c                _bss_end
 *(.text)
 .text          0x23f00360       0x60 arch/arm/cpu/arm926ejs/at91/libat91.a(led.o)
                0x23f00360                yellow_LED_off
                0x23f00370                yellow_LED_on
                0x23f00380                green_LED_off
                0x23f00390                green_LED_on
                0x23f003a0                red_LED_off
                0x23f003b0                red_LED_on
 .text          0x23f003c0      0x294 arch/arm/lib/libarm.a(board.o)
                0x23f003c0                coloured_LED_init
                0x23f003c0                __coloured_LED_init
                0x23f003c4                __red_LED_on
                0x23f003c8                __red_LED_off
                0x23f003cc                __green_LED_on
                0x23f003d0                __green_LED_off
                0x23f003d4                __yellow_LED_on
                0x23f003d8                __yellow_LED_off
                0x23f003dc                blue_LED_on
                0x23f003dc                __blue_LED_on
                0x23f003e0                blue_LED_off
                0x23f003e0                __blue_LED_off
                0x23f003e4                hang
                0x23f004b8                start_armboot
 .text          0x23f00654      0x264 arch/arm/lib/libarm.a(interrupts.o)
                0x23f00654                enable_interrupts
                0x23f00658                disable_interrupts
                0x23f00660                show_regs
                0x23f007a0                bad_mode
                0x23f007bc                do_irq
                0x23f007e0                do_fiq
                0x23f00804                do_not_used
                0x23f00828                do_data_abort
                0x23f0084c                do_prefetch_abort
                0x23f00870                do_software_interrupt
                0x23f00894                do_undefined_instruction
 .text          0x23f008b8      0x7fc net/libnet.a(eth.o)
                0x23f008b8                cpu_eth_init
                0x23f008c0                eth_get_dev
                0x23f008d0                eth_get_dev_by_index
                0x23f00914                eth_get_dev_index
                0x23f00960                eth_halt
                0x23f00994                eth_send
                0x23f009c8                eth_rx
                0x23f009f4                eth_get_name
                0x23f00a14                eth_get_dev_by_name
                0x23f00a64                eth_set_current
                0x23f00b04                eth_try_another
                0x23f00bb4                eth_register
                0x23f00c40                eth_setenv_enetaddr
                0x23f00c78                eth_parse_enetaddr
                0x23f00cd8                eth_getenv_enetaddr
                0x23f00d30                eth_getenv_enetaddr_by_index
                0x23f00d7c                eth_init
                0x23f00e40                eth_initialize
 .text          0x23f010b4     0x1484 net/libnet.a(net.o)
                0x23f010cc                NetSetHandler
                0x23f010dc                NetCksumOk
                0x23f01134                NetCksum
                0x23f0117c                copy_filename
                0x23f011d4                string_to_VLAN
                0x23f01228                getenv_VLAN
                0x23f01238                NetEthHdrSize
                0x23f0127c                VLAN_to_string
                0x23f012c8                ip_to_string
                0x23f01318                random_port
                0x23f01334                NetSetTimeout
                0x23f0136c                NetSetIP
                0x23f0148c                NetSetEther
                0x23f01574                NetSendPacket
                0x23f01578                NetReceive
                0x23f01b90                ArpRequest
                0x23f01c94                PingSend
                0x23f01e44                NetSendUDPPacket
                0x23f01fa0                NetStartAgain
                0x23f020ac                ArpTimeoutCheck
                0x23f02130                NetLoop
 .text          0x23f02538      0xfdc net/libnet.a(nfs.o)
                0x23f02e10                NfsStart
 .text          0x23f03514      0x1a0 net/libnet.a(rarp.o)
                0x23f03514                RarpRequest
 .text          0x23f036b4      0x7d4 net/libnet.a(tftp.o)
                0x23f03854                TftpStart
 .text          0x23f03e88      0x9e0 net/libnet.a(bootp.o)
                0x23f04650                BootpRequest
                0x23f0481c                DhcpRequest
 .text          0x23f04868      0x26c drivers/gpio/libgpio.a(at91_gpio.o)
                0x23f04868                at91_set_pio_pullup
                0x23f0489c                at91_set_pio_periph
                0x23f048e0                at91_set_a_periph
                0x23f04928                at91_set_b_periph
                0x23f04970                at91_set_pio_input
                0x23f049c0                at91_set_pio_output
                0x23f04a0c                at91_set_pio_deglitch
                0x23f04a48                at91_set_pio_multi_drive
                0x23f04a74                at91_set_pio_value
                0x23f04aa0                at91_get_pio_value
 .text          0x23f04ad4       0xb4 drivers/mtd/nand/libnand.a(nand.o)
                0x23f04ad4                nand_init
 .text          0x23f04b88     0x3ba0 drivers/mtd/nand/libnand.a(nand_base.o)
                0x23f05e9c                nand_release
                0x23f05ee4                nand_scan_tail
                0x23f066fc                nand_scan_ident
                0x23f06ca0                nand_scan
                0x23f0763c                nand_erase_nand
                0x23f07b4c                nand_wait_ready
 .text          0x23f08728     0x1954 drivers/mtd/nand/libnand.a(nand_bbt.o)
                0x23f08728                nand_isbad_bbt
                0x23f097c8                nand_update_bbt
                0x23f09a94                nand_scan_bbt
                0x23f09f80                nand_default_bbt
 .text          0x23f0a07c      0x214 drivers/mtd/nand/libnand.a(nand_ecc.o)
                0x23f0a07c                nand_calculate_ecc
                0x23f0a170                nand_correct_data
 .text          0x23f0a290        0x0 drivers/mtd/nand/libnand.a(nand_ids.o)
 .text          0x23f0a290       0x94 drivers/mtd/nand/libnand.a(atmel_nand.o)
                0x23f0a290                board_nand_init
 .text          0x23f0a324       0xf0 drivers/serial/libserial.a(atmel_usart.o)
                0x23f0a324                lonPlat_init
                0x23f0a328                lonPlat_putc
                0x23f0a344                lonPlat_getc
                0x23f0a360                lonPlat_tstc
                0x23f0a370                serial_setbrg
                0x23f0a374                serial_putc
                0x23f0a3a8                serial_puts
                0x23f0a3d0                serial_getc
                0x23f0a3ec                serial_tstc
                0x23f0a3fc                serial_init
 .text          0x23f0a414       0x90 common/libcommon.a(cmd_boot.o)
                0x23f0a414                do_go_exec
                0x23f0a42c                do_go
 .text          0x23f0a4a4      0xad8 common/libcommon.a(cmd_bootm.o)
                0x23f0a4a4                arch_preboot_os
                0x23f0a4a4                __arch_preboot_os
                0x23f0a4a8                do_bootd
                0x23f0ab40                do_bootm_subcommand
                0x23f0ace8                do_bootm
 .text          0x23f0af7c       0xe0 common/libcommon.a(cmd_console.o)
                0x23f0af7c                do_coninfo
 .text          0x23f0b05c       0x84 common/libcommon.a(cmd_echo.o)
                0x23f0b05c                do_echo
 .text          0x23f0b0e0       0x30 common/libcommon.a(cmd_exit.o)
                0x23f0b0e0                do_exit
 .text          0x23f0b110      0x364 common/libcommon.a(cmd_fat.o)
                0x23f0b110                do_fat_fsinfo
                0x23f0b1e8                do_fat_ls
                0x23f0b2f0                do_fat_fsload
 .text          0x23f0b474      0x144 common/libcommon.a(cmd_flash.o)
                0x23f0b474                do_flerase
                0x23f0b47c                do_protect
                0x23f0b5a8                do_flinfo
 .text          0x23f0b5b8       0x48 common/libcommon.a(cmd_help.o)
                0x23f0b5b8                do_help
 .text          0x23f0b600      0x310 common/libcommon.a(cmd_itest.o)
                0x23f0b66c                binary_test
                0x23f0b874                do_itest
 .text          0x23f0b910      0xa98 common/libcommon.a(cmd_load.o)
                0x23f0b910                ktrans
                0x23f0b930                chk1
                0x23f0b998                k_data_init
                0x23f0b9b8                k_data_save
                0x23f0b9dc                k_data_restore
                0x23f0ba00                k_data_char
                0x23f0ba74                send_pad
                0x23f0baa4                s1_sendpacket
                0x23f0bad0                handle_send_packet
                0x23f0bccc                send_nack
                0x23f0bd44                send_ack
                0x23f0bedc                do_load_serial_bin
 .text          0x23f0c3a8      0xa88 common/libcommon.a(cmd_mem.o)
                0x23f0c3a8                do_mem_crc
                0x23f0c454                do_mem_base
                0x23f0c498                do_mem_mtest
                0x23f0c640                do_mem_loop
                0x23f0c738                do_mem_mw
                0x23f0c7f8                do_mem_cmp
                0x23f0c9b4                do_mem_cp
                0x23f0ccb8                do_mem_nm
                0x23f0ccd8                do_mem_mm
                0x23f0ccf8                do_mem_md
 .text          0x23f0ce30       0x84 common/libcommon.a(cmd_misc.o)
                0x23f0ce30                do_sleep
 .text          0x23f0ceb4      0xf68 common/libcommon.a(cmd_nand.o)
                0x23f0d050                do_nandboot
                0x23f0d5bc                do_nand
 .text          0x23f0de1c      0x3c4 common/libcommon.a(cmd_net.o)
                0x23f0de1c                do_ping
                0x23f0e1a4                do_nfs
                0x23f0e1b0                do_dhcp
                0x23f0e1bc                do_rarpb
                0x23f0e1c8                do_tftpb
                0x23f0e1d4                do_bootp
 .text          0x23f0e1e0      0x874 common/libcommon.a(cmd_nvedit.o)
                0x23f0e1e0                get_env_id
                0x23f0e1f0                envmatch
                0x23f0e250                getenv_r
                0x23f0e2f8                do_saveenv
                0x23f0e324                getenv
                0x23f0e394                _do_setenv
                0x23f0e800                do_setenv
                0x23f0e82c                setenv
                0x23f0e878                do_editenv
                0x23f0e9c4                do_printenv
 .text          0x23f0ea54      0x478 common/libcommon.a(cmd_test.o)
                0x23f0ea54                do_false
                0x23f0ea5c                do_true
                0x23f0ea64                do_test
 .text          0x23f0eecc     0x1140 common/libcommon.a(cmd_usb.o)
                0x23f0eecc                usb_get_class_desc
                0x23f0ef6c                usb_display_ep_desc
                0x23f0f02c                usb_display_class_sub
                0x23f0f1a8                do_usbboot
                0x23f0f54c                usb_show_tree_graph
                0x23f0f76c                usb_show_tree
                0x23f0f7a0                usb_display_desc
                0x23f0f8d0                usb_display_string
                0x23f0f910                usb_display_if_desc
                0x23f0f998                usb_display_conf_desc
                0x23f0fa44                usb_display_config
                0x23f0fad0                do_usb
 .text          0x23f1000c       0x20 common/libcommon.a(cmd_version.o)
                0x23f1000c                do_version
 .text          0x23f1002c      0x2dc common/libcommon.a(cmd_ximg.o)
                0x23f1002c                do_imgextract
 .text          0x23f10308      0x860 common/libcommon.a(command.o)
                0x23f10308                cmd_get_data_size
                0x23f10358                cmd_usage
                0x23f103b8                var_complete
                0x23f10438                find_cmd_tbl
                0x23f104cc                find_cmd
                0x23f104f4                install_auto_complete
                0x23f10560                _do_help
                0x23f106dc                cmd_auto_complete
 .text          0x23f10b68      0x5cc common/libcommon.a(console.o)
                0x23f10c08                fgetc
                0x23f10c30                ftstc
                0x23f10c58                fputc
                0x23f10c84                fputs
                0x23f10cb0                disable_ctrlc
                0x23f10cc8                had_ctrlc
                0x23f10cd8                clear_ctrlc
                0x23f10cec                dbg
                0x23f10cf8                getc
                0x23f10d10                tstc
                0x23f10d28                ctrlc
                0x23f10d74                putc
                0x23f10d90                puts
                0x23f10dac                console_init_f
                0x23f10dcc                search_device
                0x23f10df4                console_assign
                0x23f10e34                vprintf
                0x23f10e60                printf
                0x23f10ea0                stdio_print_current_devices
                0x23f10f58                console_init_r
                0x23f110ac                fprintf
                0x23f110f4                serial_printf
 .text          0x23f11134     0x10f0 common/libcommon.a(dlmalloc.o)
                0x23f11134                sbrk
                0x23f1116c                malloc_trim
                0x23f1127c                free
                0x23f114a0                cfree
                0x23f114a4                malloc
                0x23f11ac4                memalign
                0x23f11bd4                pvalloc
                0x23f11bec                valloc
                0x23f11bf8                malloc_usable_size
                0x23f11c3c                mallopt
                0x23f11cb4                calloc
                0x23f11d94                mem_malloc_init
                0x23f11dbc                realloc
 .text          0x23f12224      0x288 common/libcommon.a(env_common.o)
                0x23f12224                env_get_char_memory
                0x23f12248                env_get_addr
                0x23f1226c                env_get_char
                0x23f122b4                env_complete
                0x23f123f4                env_crc_update
                0x23f12420                set_default_env
                0x23f12464                env_relocate
 .text          0x23f124ac       0xa4 common/libcommon.a(env_dataflash.o)
                0x23f124ac                env_init
                0x23f124d4                saveenv
                0x23f12514                env_relocate_spec
                0x23f12530                env_get_char_spec
 .text          0x23f12550      0x1e4 common/libcommon.a(exports.o)
                0x23f12554                get_version
                0x23f1255c                jumptable_init
 .text          0x23f12734     0x1e48 common/libcommon.a(hush.o)
                0x23f12734                simple_itoa
                0x23f127bc                mapset
                0x23f127e8                do_showvar
                0x23f128d4                u_boot_hush_start
                0x23f12944                new_pipe
                0x23f12bfc                unset_local_var
                0x23f12dc0                reserved_word
                0x23f13334                set_local_var
                0x23f134e4                update_ifs_map
                0x23f13bf0                parse_file_outer
                0x23f13c34                parse_string_outer
 .text          0x23f1457c      0x988 common/libcommon.a(image.o)
                0x23f1457c                image_multi_count
                0x23f145a0                get_table_entry_name
                0x23f145cc                genimg_get_os_name
                0x23f14604                genimg_get_arch_name
                0x23f1463c                genimg_get_type_name
                0x23f14674                genimg_get_comp_name
                0x23f146ac                genimg_has_config
                0x23f146b4                get_table_entry_id
                0x23f14700                genimg_get_comp_id
                0x23f14718                genimg_get_type_id
                0x23f14730                genimg_get_arch_id
                0x23f14748                genimg_get_os_id
                0x23f14760                genimg_get_format
                0x23f147b4                image_multi_getimg
                0x23f1485c                genimg_get_image
                0x23f148d0                genimg_print_size
                0x23f14900                image_print_contents
                0x23f14b40                memmove_wd
                0x23f14b4c                getenv_bootm_low
                0x23f14b80                getenv_yesno
                0x23f14ba4                getenv_bootm_size
                0x23f14bd8                image_check_dcrc
                0x23f14c24                image_check_hcrc
                0x23f14c8c                boot_get_ramdisk
 .text          0x23f14f04      0x760 common/libcommon.a(lcd.o)
                0x23f14f04                lcd_setmem
                0x23f14f38                bitmap_plot
                0x23f15274                drv_lcd_init
                0x23f15360                lcd_putc
                0x23f155e4                lcd_puts
                0x23f15624                lcd_printf
 .text          0x23f15664     0x10c4 common/libcommon.a(main.o)
                0x23f15664                __show_boot_progress
                0x23f15664                show_boot_progress
                0x23f15668                parse_line
                0x23f156f4                do_run
                0x23f15764                run_command
                0x23f15cf8                readline_into_buffer
                0x23f16610                readline
                0x23f1662c                main_loop
 .text          0x23f16728      0x170 common/libcommon.a(stdio.o)
                0x23f16728                stdio_get_list
                0x23f16734                stdio_clone
                0x23f1677c                stdio_register
                0x23f167bc                stdio_init
                0x23f1684c                stdio_get_by_name
 .text          0x23f16898     0x1664 common/libcommon.a(usb.o)
                0x23f16898                usb_disable_asynch
                0x23f168b0                usb_maxpacket
                0x23f16944                usb_set_maxpacket
                0x23f169a8                usb_get_dev_index
                0x23f169d8                usb_hub_reset
                0x23f169ec                usb_hub_allocate
                0x23f16a30                usb_alloc_new_device
                0x23f16ad0                usb_parse_config
                0x23f16c20                usb_submit_int_msg
                0x23f16c24                usb_stop
                0x23f16c58                wait_ms
                0x23f16c7c                usb_bulk_msg
                0x23f16ce0                usb_control_msg
                0x23f16db0                usb_get_port_status
                0x23f16e10                usb_get_hub_status
                0x23f16e64                usb_set_port_feature
                0x23f16ec4                usb_clear_port_feature
                0x23f16f24                usb_clear_hub_feature
                0x23f16f78                usb_get_hub_descriptor
                0x23f16fd8                usb_get_string
                0x23f17154                usb_string
                0x23f17254                usb_get_class_descriptor
                0x23f172c8                usb_get_report
                0x23f1733c                usb_set_idle
                0x23f173a0                usb_set_protocol
                0x23f17400                usb_set_configuration
                0x23f1746c                usb_set_interface
                0x23f1752c                usb_set_address
                0x23f17570                usb_get_descriptor
                0x23f175dc                usb_get_configuration_no
                0x23f17674                usb_clear_halt
                0x23f17808                usb_hub_port_connect_change
                0x23f178f8                usb_hub_configure
                0x23f17b10                usb_hub_probe
                0x23f17b6c                usb_new_device
                0x23f17e08                usb_scan_devices
                0x23f17e80                usb_init
 .text          0x23f17efc     0x1590 common/libcommon.a(usb_storage.o)
                0x23f17efc                usb_stor_get_dev
                0x23f17f40                usb_show_progress
                0x23f17f4c                usb_storage_probe
                0x23f1817c                usb_stor_BBB_clear_endpt_stall
                0x23f1839c                usb_stor_CB_comdat
                0x23f185e8                usb_stor_BBB_comdat
                0x23f186d4                usb_stor_BBB_transport
                0x23f1889c                usb_stor_CBI_get_status
                0x23f1897c                usb_stor_CB_transport
                0x23f18b6c                usb_stor_info
                0x23f18cc8                usb_stor_get_info
                0x23f18f44                usb_stor_scan
                0x23f190ac                usb_stor_read
                0x23f1929c                usb_stor_write
 .text          0x23f1948c      0x974 common/libcommon.a(xyzModem.o)
                0x23f1948c                parse_num
                0x23f195b8                xyzModem_error
                0x23f195d8                xyzModem_stream_close
                0x23f19628                CYGACC_COMM_IF_PUTC
                0x23f19630                CYGACC_COMM_IF_GETC_TIMEOUT
                0x23f19684                xyzModem_stream_terminate
                0x23f19a30                xyzModem_stream_read
                0x23f19cac                xyzModem_stream_open
 .text          0x23f19e00      0x5c8 board/atmel/at91sam9263ek/libat91sam9263ek.a(at91sam9263ek.o)
                0x23f19e00                Tl16c752_Send
                0x23f19e1c                UartPuts
                0x23f19e54                Tl16c752_RxChk
                0x23f19e64                dram_init
                0x23f19e84                board_eth_init
                0x23f19e98                reset_phy
                0x23f19ea0                board_init
                0x23f1a310                lcd_show_board_info
                0x23f1a3a8                lcd_disable
                0x23f1a3b8                lcd_enable
 .text          0x23f1a3c8       0x48 lib/libgeneric.a(crc16.o)
                0x23f1a3c8                cyg_crc16
 .text          0x23f1a410      0x104 lib/libgeneric.a(crc32.o)
                0x23f1a410                crc32_no_comp
                0x23f1a4fc                crc32
                0x23f1a510                crc32_wd
 .text          0x23f1a514        0x0 lib/libgeneric.a(ctype.o)
 .text          0x23f1a514      0x2d4 lib/libgeneric.a(display_options.o)
                0x23f1a514                print_size
                0x23f1a658                display_options
                0x23f1a678                print_buffer
 .text          0x23f1a7e8      0x1bc lib/libgeneric.a(gunzip.o)
                0x23f1a7e8                zunzip
                0x23f1a8d8                gunzip
                0x23f1a98c                zfree
                0x23f1a994                zalloc
 .text          0x23f1a9a4       0x80 lib/libgeneric.a(net_utils.o)
                0x23f1a9a4                string_to_ip
 .text          0x23f1aa24      0x6bc lib/libgeneric.a(string.o)
                0x23f1aa24                strcpy
                0x23f1aa40                strncpy
                0x23f1aa68                strcat
                0x23f1aa98                strncat
                0x23f1aaf4                strcmp
                0x23f1ab24                strncmp
                0x23f1ab6c                strchr
                0x23f1ab98                strrchr
                0x23f1abd4                strlen
                0x23f1abf4                strnlen
                0x23f1ac1c                strspn
                0x23f1ac60                strpbrk
                0x23f1ac98                strtok
                0x23f1ad64                strsep
                0x23f1adc8                strswab
                0x23f1ae10                memset
                0x23f1ae84                bcopy
                0x23f1aeac                memcpy
                0x23f1af18                memmove
                0x23f1af74                memcmp
                0x23f1afac                memscan
                0x23f1afdc                strstr
                0x23f1b05c                memchr
                0x23f1b088                strdup
 .text          0x23f1b0e0       0x6c lib/libgeneric.a(strmhz.o)
                0x23f1b0e0                strmhz
 .text          0x23f1b14c       0x30 lib/libgeneric.a(time.o)
                0x23f1b14c                udelay
 .text          0x23f1b17c      0xdf8 lib/libgeneric.a(vsprintf.o)
                0x23f1b17c                simple_strtoul
                0x23f1b22c                simple_strtol
                0x23f1b254                ustrtoul
                0x23f1b2c0                simple_strtoull
                0x23f1b47c                panic
                0x23f1b8f4                vsprintf
                0x23f1bf4c                sprintf
 .text          0x23f1bf74     0x279c lib/libgeneric.a(zlib.o)
                0x23f1bf74                inflate_fast
                0x23f1c4d0                inflate_table
                0x23f1ca7c                inflateReset
                0x23f1cb18                inflateInit2_
                0x23f1cc18                inflateInit_
                0x23f1cc28                inflateEnd
                0x23f1ccac                adler32
                0x23f1cfbc                zcfree
                0x23f1cfc4                zcalloc
                0x23f1cfcc                inflate
 .text          0x23f1e710       0xf4 lib/libgeneric.a(div64.o)
                0x23f1e710                __div64_32
 .text          0x23f1e804       0xdc arch/arm/cpu/arm926ejs/at91/libat91.a(at91sam9263_devices.o)
                0x23f1e804                at91_serial_hw_init
                0x23f1e808                at91_spi0_hw_init
                0x23f1e80c                at91_spi1_hw_init
                0x23f1e810                at91_uhp_hw_init
                0x23f1e838                at91_macb_hw_init
 .text          0x23f1e8e0      0x228 arch/arm/cpu/arm926ejs/at91/libat91.a(clock.o)
                0x23f1e8e0                get_cpu_clk_rate
                0x23f1e8f0                get_main_clk_rate
                0x23f1e900                get_mck_clk_rate
                0x23f1e910                get_plla_clk_rate
                0x23f1e920                get_pllb_clk_rate
                0x23f1e930                get_pllb_init
                0x23f1e940                at91_clock_init
 .text          0x23f1eb08        0xc arch/arm/cpu/arm926ejs/at91/libat91.a(cpu.o)
                0x23f1eb08                arch_cpu_init
 .text          0x23f1eb14       0x18 arch/arm/cpu/arm926ejs/at91/libat91.a(reset.o)
                0x23f1eb14                reset_cpu
 .text          0x23f1eb2c      0x270 arch/arm/cpu/arm926ejs/at91/libat91.a(timer.o)
                0x23f1eb2c                get_ticks
                0x23f1eb78                reset_timer_masked
                0x23f1eb9c                reset_timer
                0x23f1ebc0                get_tbclk
                0x23f1ebc8                __udelay
                0x23f1eca0                get_timer_masked
                0x23f1ed20                get_timer
                0x23f1ed34                timer_init
 .text          0x23f1ed9c      0x1c4 arch/arm/lib/libarm.a(bootm.o)
                0x23f1ed9c                do_bootm_linux
 .text          0x23f1ef60        0x4 arch/arm/lib/libarm.a(cache.o)
                0x23f1ef60                flush_cache
 .text          0x23f1ef64       0x30 arch/arm/lib/libarm.a(reset.o)
                0x23f1ef64                do_reset
 .text          0x23f1ef94     0x13a8 fs/fat/libfat.a(fat.o)
                0x23f1ef94                disk_read
                0x23f1f660                file_fat_detectfs
                0x23f1f7c0                do_fat_read
                0x23f20208                file_fat_read
                0x23f20240                file_fat_ls
                0x23f20250                fat_register_device
 .text          0x23f2033c      0x380 disk/libdisk.a(part.o)
                0x23f2033c                dev_print
                0x23f20540                get_partition_info
                0x23f20564                init_part
                0x23f20580                get_dev
                0x23f205e0                print_part
 .text          0x23f206bc      0x558 disk/libdisk.a(part_dos.o)
                0x23f206bc                test_part_dos
                0x23f2099c                get_partition_info_dos
                0x23f20be8                print_part_dos
 .text          0x23f20c14      0x778 drivers/mtd/libmtd.a(dataflash.o)
                0x23f20c14                AT91F_DataflashSelect
                0x23f20c5c                addr_dataflash
                0x23f20c7c                size_dataflash
                0x23f20cb0                prot_dataflash
                0x23f20d10                dataflash_real_protect
                0x23f20e2c                dataflash_perror
                0x23f20eb4                dataflash_print_info
                0x23f20fe0                write_dataflash
                0x23f210c8                read_dataflash
                0x23f21158                AT91F_DataflashSetEnv
                0x23f211c8                AT91F_DataflashInit
 .text          0x23f2138c      0x714 drivers/mtd/libmtd.a(at45.o)
                0x23f2138c                AT91F_DataFlashWriteBuffer
                0x23f21474                AT91F_DataFlashGetStatus
                0x23f214cc                AT91F_DataflashProbe
                0x23f214f4                AT91F_DataFlashWaitReady
                0x23f21538                AT91F_DataFlashSendCommand
                0x23f21648                AT91F_WriteBufferToMain
                0x23f21698                AT91F_BlockErase
                0x23f216c4                AT91F_PageErase
                0x23f216ec                AT91F_MainMemoryToBufferTransfert
                0x23f21738                AT91F_PartialPageWrite
                0x23f217fc                AT91F_DataFlashWrite
                0x23f21974                AT91F_DataFlashPagePgmBuf
                0x23f219b0                AT91F_DataFlashContinuousRead
                0x23f21a04                AT91F_DataFlashRead
 .text          0x23f21aa0      0x7d0 drivers/mtd/nand/libnand.a(nand_util.o)
                0x23f21b38                nand_read_skip_bad
                0x23f21d10                nand_write_skip_bad
                0x23f21eec                nand_erase_opts
 .text          0x23f22270      0x754 drivers/net/libnet.a(macb.o)
                0x23f222f8                macb_eth_initialize
 .text          0x23f229c4      0x1c4 drivers/spi/libspi.a(atmel_dataflash_spi.o)
                0x23f229c4                AT91F_SpiEnable
                0x23f22a40                AT91F_SpiWrite
                0x23f22b18                AT91F_SpiInit
 .text          0x23f22b88     0x1850 drivers/usb/host/libusb_host.a(ohci-hcd.o)
                0x23f22b88                rh_check_port_status
                0x23f22fac                usb_lowlevel_init
                0x23f2313c                usb_lowlevel_stop
                0x23f2316c                sohci_submit_job
                0x23f23c78                usb_event_poll
                0x23f23c7c                submit_common_msg
                0x23f23dc0                submit_int_msg
                0x23f23ddc                submit_control_msg
                0x23f243c0                submit_bulk_msg
 .text          0x23f243d8       0xd8 drivers/usb/host/libusb_host.a(ohci-at91.o)
                0x23f243d8                usb_cpu_stop
                0x23f2441c                usb_cpu_init_fail
                0x23f24460                usb_cpu_init
 .text          0x23f244b0      0x1dc drivers/video/libvideo.a(atmel_lcdfb.o)
                0x23f244b0                lcd_setcolreg
                0x23f244dc                calc_fbsize
                0x23f24500                lcd_ctrl_init
 .text          0x23f2468c        0x0 board/atmel/at91sam9263ek/libat91sam9263ek.a(partition.o)
 .text          0x23f2468c       0x20 arch/arm/cpu/arm926ejs/libarm926ejs.a(cpu.o)
                0x23f2468c                cleanup_before_linux
 .text          0x23f246ac      0x120 arch/arm/lib/libarm.a(cache-cp15.o)
                0x23f246ac                icache_enable
                0x23f246ec                icache_disable
                0x23f2472c                icache_status
                0x23f2473c                dcache_enable
                0x23f2477c                dcache_disable
                0x23f247bc                dcache_status
 .text          0x23f247cc       0x20 /home/jionfull/u-boot-2010.06/arch/arm/lib/eabi_compat.o
                0x23f247cc                __aeabi_unwind_cpp_pr0
                0x23f247d0                raise
 .text          0x23f247ec      0x114 /opt/FriendlyARM/toolschain/4.4.3/lib/gcc/arm-none-linux-gnueabi/4.4.3/libgcc.a(_udivsi3.o)
                0x23f247ec                __udivsi3
                0x23f247ec                __aeabi_uidiv
                0x23f248e8                __aeabi_uidivmod
 .text          0x23f24900      0x144 /opt/FriendlyARM/toolschain/4.4.3/lib/gcc/arm-none-linux-gnueabi/4.4.3/libgcc.a(_divsi3.o)
                0x23f24900                __aeabi_idiv
                0x23f24900                __divsi3
                0x23f24a2c                __aeabi_idivmod
 .text          0x23f24a44       0x1c /opt/FriendlyARM/toolschain/4.4.3/lib/gcc/arm-none-linux-gnueabi/4.4.3/libgcc.a(_lshrdi3.o)
                0x23f24a44                __aeabi_llsr
                0x23f24a44                __lshrdi3
 .text          0x23f24a60       0x1c /opt/FriendlyARM/toolschain/4.4.3/lib/gcc/arm-none-linux-gnueabi/4.4.3/libgcc.a(_ashrdi3.o)
                0x23f24a60                __ashrdi3
                0x23f24a60                __aeabi_lasr
 .text          0x23f24a7c       0x1c /opt/FriendlyARM/toolschain/4.4.3/lib/gcc/arm-none-linux-gnueabi/4.4.3/libgcc.a(_ashldi3.o)
                0x23f24a7c                __ashldi3
                0x23f24a7c                __aeabi_llsl
 .text          0x23f24a98       0x14 /opt/FriendlyARM/toolschain/4.4.3/lib/gcc/arm-none-linux-gnueabi/4.4.3/libgcc.a(_dvmd_lnx.o)
                0x23f24a98                __div0

.glue_7         0x23f24aac        0x0
 .glue_7        0x00000000        0x0 linker stubs

.glue_7t        0x23f24aac        0x0
 .glue_7t       0x00000000        0x0 linker stubs

.vfp11_veneer   0x23f24aac        0x0
 .vfp11_veneer  0x00000000        0x0 linker stubs

.v4_bx          0x23f24aac        0x0
 .v4_bx         0x00000000        0x0 linker stubs
                0x23f24aac                . = ALIGN (0x4)

.rodata         0x23f24aac     0x8e2d
 *(SORT(.rodata*))
 .rodata        0x23f24aac       0x30 arch/arm/lib/libarm.a(board.o)
                0x23f24aac                version_string
 .rodata        0x23f24adc       0x80 arch/arm/lib/libarm.a(interrupts.o)
 .rodata        0x23f24b5c        0x8 drivers/mtd/nand/libnand.a(nand.o)
 .rodata        0x23f24b64       0x5c drivers/mtd/nand/libnand.a(nand_base.o)
 .rodata        0x23f24bc0      0x100 drivers/mtd/nand/libnand.a(nand_ecc.o)
 .rodata        0x23f24cc0       0x4c common/libcommon.a(cmd_bootm.o)
 .rodata        0x23f24d0c       0x58 common/libcommon.a(command.o)
 .rodata        0x23f24d64     0x1000 common/libcommon.a(lcd.o)
 .rodata        0x23f25d64        0x8 common/libcommon.a(usb_storage.o)
 .rodata        0x23f25d6c       0x20 common/libcommon.a(xyzModem.o)
 .rodata        0x23f25d8c      0x200 lib/libgeneric.a(crc16.o)
 .rodata        0x23f25f8c      0x400 lib/libgeneric.a(crc32.o)
 .rodata        0x23f2638c        0x8 lib/libgeneric.a(display_options.o)
 .rodata        0x23f26394       0x24 lib/libgeneric.a(vsprintf.o)
                0x23f263a4                hex_asc
 .rodata        0x23f263b8      0x9d0 lib/libgeneric.a(zlib.o)
                0x23f26d60                z_errmsg
 .rodata        0x23f26d88       0x10 disk/libdisk.a(part.o)
 .rodata        0x23f26d98       0x80 drivers/usb/host/libusb_host.a(ohci-hcd.o)
 .rodata        0x23f26e18        0x7 net/libnet.a(eth.o)
 .rodata        0x23f26e1f        0x7 net/libnet.a(net.o)
 .rodata.str1.1
                0x23f26e26       0x8d arch/arm/lib/libarm.a(board.o)
                                 0x8f (size before relaxing)
 .rodata.str1.1
                0x23f26eb3      0x264 arch/arm/lib/libarm.a(interrupts.o)
                                0x27b (size before relaxing)
 .rodata.str1.1
                0x23f27117       0xc5 net/libnet.a(eth.o)
                                 0xdf (size before relaxing)
 .rodata.str1.1
                0x23f271dc      0x20c net/libnet.a(net.o)
                                0x217 (size before relaxing)
 .rodata.str1.1
                0x23f273e8      0x193 net/libnet.a(nfs.o)
                                0x1a9 (size before relaxing)
 .rodata.str1.1
                0x23f2757b       0x20 net/libnet.a(rarp.o)
                                 0x47 (size before relaxing)
 .rodata.str1.1
                0x23f2759b      0x162 net/libnet.a(tftp.o)
                                0x249 (size before relaxing)
 .rodata.str1.1
                0x23f276fd      0x100 net/libnet.a(bootp.o)
                                0x13d (size before relaxing)
 .rodata.str1.1
                0x23f277fd        0x8 drivers/mtd/nand/libnand.a(nand.o)
 .rodata.str1.1
                0x23f27805      0x485 drivers/mtd/nand/libnand.a(nand_base.o)
 .rodata.str1.1
                0x23f27c8a      0x46a drivers/mtd/nand/libnand.a(nand_bbt.o)
 .rodata.str1.1
                0x23f280f4      0x31f drivers/mtd/nand/libnand.a(nand_ids.o)
                                0x335 (size before relaxing)
 .rodata.str1.1
                0x23f28413       0x15 drivers/serial/libserial.a(atmel_usart.o)
 .rodata.str1.1
                0x23f28428       0xef common/libcommon.a(cmd_boot.o)
                                 0xf0 (size before relaxing)
 .rodata.str1.1
                0x23f28517      0x672 common/libcommon.a(cmd_bootm.o)
                                0x691 (size before relaxing)
 .rodata.str1.1
                0x23f28b89       0x5c common/libcommon.a(cmd_console.o)
                                 0x61 (size before relaxing)
 .rodata.str1.1
                0x23f28be5       0x55 common/libcommon.a(cmd_echo.o)
 .rodata.str1.1
                0x23f28c3a        0xc common/libcommon.a(cmd_exit.o)
                                 0x12 (size before relaxing)
 .rodata.str1.1
                0x23f28c46      0x396 common/libcommon.a(cmd_fat.o)
                                0x3a5 (size before relaxing)
 .rodata.str1.1
                0x23f28fdc      0x507 common/libcommon.a(cmd_flash.o)
                                0x50f (size before relaxing)
 .rodata.str1.1
                0x23f294e3       0x9a common/libcommon.a(cmd_help.o)
                                 0x9b (size before relaxing)
 .rodata.str1.1
                0x23f2957d       0xb3 common/libcommon.a(cmd_itest.o)
                                 0xb5 (size before relaxing)
 .rodata.str1.1
                0x23f29630      0x219 common/libcommon.a(cmd_load.o)
                                0x22f (size before relaxing)
 .rodata.str1.1
                0x23f29849      0x52e common/libcommon.a(cmd_mem.o)
                                0x542 (size before relaxing)
 .rodata.str1.1
                0x23f29d77       0x5f common/libcommon.a(cmd_misc.o)
 .rodata.str1.1
                0x23f29dd6      0x747 common/libcommon.a(cmd_nand.o)
                                0x79b (size before relaxing)
 .rodata.str1.1
                0x23f2a51d      0x1ea common/libcommon.a(cmd_net.o)
                                0x223 (size before relaxing)
 .rodata.str1.1
                0x23f2a707      0x355 common/libcommon.a(cmd_nvedit.o)
                                0x3b9 (size before relaxing)
 .rodata.str1.1
                0x23f2aa5c       0x6e common/libcommon.a(cmd_test.o)
                                 0x96 (size before relaxing)
 .rodata.str1.1
                0x23f2aaca      0x82f common/libcommon.a(cmd_usb.o)
                                0x969 (size before relaxing)
 .rodata.str1.1
                0x23f2b2f9       0x1b common/libcommon.a(cmd_version.o)
                                 0x24 (size before relaxing)
 .rodata.str1.1
                0x23f2b314      0x17e common/libcommon.a(cmd_ximg.o)
                                0x22f (size before relaxing)
 .rodata.str1.1
                0x23f2b492       0x9e common/libcommon.a(command.o)
                                 0xc6 (size before relaxing)
 .rodata.str1.1
                0x23f2b530       0x90 common/libcommon.a(console.o)
                                 0xa8 (size before relaxing)
 .rodata.str1.1
                0x23f2b5c0       0x33 common/libcommon.a(env_common.o)
                                 0x37 (size before relaxing)
 .rodata.str1.1
                0x23f2b5f3       0x17 common/libcommon.a(env_dataflash.o)
 .rodata.str1.1
                0x23f2b60a      0x237 common/libcommon.a(hush.o)
                                0x26b (size before relaxing)
 .rodata.str1.1
                0x23f2b841      0x457 common/libcommon.a(image.o)
                                0x4f2 (size before relaxing)
 .rodata.str1.1
                0x23f2bc98       0x15 common/libcommon.a(lcd.o)
                                 0x16 (size before relaxing)
 .rodata.str1.1
                0x23f2bcad       0x6f common/libcommon.a(main.o)
                                 0xd6 (size before relaxing)
 .rodata.str1.1
                0x00000000       0x1b common/libcommon.a(stdio.o)
 .rodata.str1.1
                0x23f2bd1c      0x28b common/libcommon.a(usb.o)
 .rodata.str1.1
                0x23f2bfa7      0x1ed common/libcommon.a(usb_storage.o)
                                0x1ff (size before relaxing)
 .rodata.str1.1
                0x23f2c194       0xe3 common/libcommon.a(xyzModem.o)
                                 0xe5 (size before relaxing)
 .rodata.str1.1
                0x23f2c277      0x154 board/atmel/at91sam9263ek/libat91sam9263ek.a(at91sam9263ek.o)
                                0x15a (size before relaxing)
 .rodata.str1.1
                0x23f2c3cb       0x1a lib/libgeneric.a(display_options.o)
                                 0x43 (size before relaxing)
 .rodata.str1.1
                0x23f2c3e5       0x85 lib/libgeneric.a(gunzip.o)
 .rodata.str1.1
                0x23f2c46a        0x7 lib/libgeneric.a(strmhz.o)
                                  0xb (size before relaxing)
 .rodata.str1.1
                0x23f2c471        0xe lib/libgeneric.a(vsprintf.o)
 .rodata.str1.1
                0x23f2c47f      0x21c lib/libgeneric.a(zlib.o)
                                0x21d (size before relaxing)
 .rodata.str1.1
                0x23f2c69b       0x1b arch/arm/cpu/arm926ejs/at91/libat91.a(timer.o)
 .rodata.str1.1
                0x23f2c6b6       0x42 arch/arm/lib/libarm.a(bootm.o)
                                 0x4b (size before relaxing)
 .rodata.str1.1
                0x23f2c6f8        0xf arch/arm/lib/libarm.a(reset.o)
 .rodata.str1.1
                0x23f2c707      0x15f fs/fat/libfat.a(fat.o)
                                0x16d (size before relaxing)
 .rodata.str1.1
                0x23f2c866      0x1af disk/libdisk.a(part.o)
                                0x1e0 (size before relaxing)
 .rodata.str1.1
                0x23f2ca15       0xe5 disk/libdisk.a(part_dos.o)
                                 0xf1 (size before relaxing)
 .rodata.str1.1
                0x23f2cafa      0x177 drivers/mtd/libmtd.a(dataflash.o)
                                0x185 (size before relaxing)
 .rodata.str1.1
                0x23f2cc71      0x300 drivers/mtd/nand/libnand.a(nand_util.o)
                                0x302 (size before relaxing)
 .rodata.str1.1
                0x23f2cf71      0x15c drivers/net/libnet.a(macb.o)
 .rodata.str1.1
                0x23f2d0cd       0x10 drivers/spi/libspi.a(atmel_dataflash_spi.o)
 .rodata.str1.1
                0x23f2d0dd      0x7e1 drivers/usb/host/libusb_host.a(ohci-hcd.o)
 .rodata.str1.1
                0x23f2d8be       0x1b /home/jionfull/u-boot-2010.06/arch/arm/lib/eabi_compat.o
                0x23f2d8dc                . = ALIGN (0x4)

.data           0x23f2d8dc     0x8078
 *(.data)
 .data          0x23f2d8dc        0x0 arch/arm/cpu/arm926ejs/start.o
 .data          0x23f2d8dc        0x0 arch/arm/cpu/arm926ejs/at91/libat91.a(led.o)
 .data          0x23f2d8dc       0x2c arch/arm/lib/libarm.a(board.o)
                0x23f2d8dc                init_sequence
 .data          0x23f2d908        0x0 arch/arm/lib/libarm.a(interrupts.o)
 .data          0x23f2d908        0x0 net/libnet.a(eth.o)
 .data          0x23f2d908        0xc net/libnet.a(net.o)
                0x23f2d908                NetOurVLAN
                0x23f2d90a                NetOurNativeVLAN
                0x23f2d90c                NetBcastAddr
 .data          0x23f2d914        0x4 net/libnet.a(nfs.o)
 .data          0x23f2d918        0x0 net/libnet.a(rarp.o)
 .data          0x23f2d918       0x18 net/libnet.a(tftp.o)
                0x23f2d924                TftpRRQTimeoutCountMax
                0x23f2d92c                TftpRRQTimeoutMSecs
 .data          0x23f2d930        0x0 net/libnet.a(bootp.o)
 .data          0x23f2d930        0x0 drivers/gpio/libgpio.a(at91_gpio.o)
 .data          0x23f2d930        0x4 drivers/mtd/nand/libnand.a(nand.o)
                0x23f2d930                nand_curr_device
 .data          0x23f2d934      0x920 drivers/mtd/nand/libnand.a(nand_base.o)
 .data          0x23f2e254      0x110 drivers/mtd/nand/libnand.a(nand_bbt.o)
 .data          0x23f2e364        0x0 drivers/mtd/nand/libnand.a(nand_ecc.o)
 .data          0x23f2e364      0x4a0 drivers/mtd/nand/libnand.a(nand_ids.o)
                0x23f2e364                nand_flash_ids
                0x23f2e7b4                nand_manuf_ids
 .data          0x23f2e804        0x0 drivers/mtd/nand/libnand.a(atmel_nand.o)
 .data          0x23f2e804        0x0 drivers/serial/libserial.a(atmel_usart.o)
 .data          0x23f2e804        0x0 common/libcommon.a(cmd_boot.o)
 .data          0x23f2e804       0xac common/libcommon.a(cmd_bootm.o)
                0x23f2e804                load_addr
 .data          0x23f2e8b0        0x0 common/libcommon.a(cmd_console.o)
 .data          0x23f2e8b0        0x0 common/libcommon.a(cmd_echo.o)
 .data          0x23f2e8b0        0x0 common/libcommon.a(cmd_exit.o)
 .data          0x23f2e8b0        0x0 common/libcommon.a(cmd_fat.o)
 .data          0x23f2e8b0        0x0 common/libcommon.a(cmd_flash.o)
 .data          0x23f2e8b0        0x0 common/libcommon.a(cmd_help.o)
 .data          0x23f2e8b0       0x68 common/libcommon.a(cmd_itest.o)
                0x23f2e8b0                op_table
 .data          0x23f2e918        0x0 common/libcommon.a(cmd_load.o)
 .data          0x23f2e918        0x4 common/libcommon.a(cmd_mem.o)
                0x23f2e918                dp_last_length
 .data          0x23f2e91c        0x0 common/libcommon.a(cmd_misc.o)
 .data          0x23f2e91c        0x0 common/libcommon.a(cmd_nand.o)
 .data          0x23f2e91c        0x0 common/libcommon.a(cmd_net.o)
 .data          0x23f2e91c        0x4 common/libcommon.a(cmd_nvedit.o)
 .data          0x23f2e920        0x0 common/libcommon.a(cmd_test.o)
 .data          0x23f2e920        0x4 common/libcommon.a(cmd_usb.o)
 .data          0x23f2e924        0x0 common/libcommon.a(cmd_version.o)
 .data          0x23f2e924        0x0 common/libcommon.a(cmd_ximg.o)
 .data          0x23f2e924        0x0 common/libcommon.a(command.o)
 .data          0x23f2e924        0x0 common/libcommon.a(console.o)
 .data          0x23f2e924      0x414 common/libcommon.a(dlmalloc.o)
 .data          0x23f2ed38       0xb4 common/libcommon.a(env_common.o)
                0x23f2ed38                default_environment
 .data          0x23f2edec        0x4 common/libcommon.a(env_dataflash.o)
                0x23f2edec                env_name_spec
 .data          0x23f2edf0        0x0 common/libcommon.a(exports.o)
 .data          0x23f2edf0       0x84 common/libcommon.a(hush.o)
 .data          0x23f2ee74      0x204 common/libcommon.a(image.o)
 .data          0x23f2f078     0x666c common/libcommon.a(lcd.o)
                0x23f2f078                bmp_logo_palette
                0x23f2f0b4                bmp_logo_bitmap
 .data          0x23f356e4       0x14 common/libcommon.a(main.o)
 .data          0x23f356f8        0xc common/libcommon.a(stdio.o)
                0x23f356f8                stdio_names
 .data          0x23f35704        0x0 common/libcommon.a(usb.o)
 .data          0x23f35704       0x20 common/libcommon.a(usb_storage.o)
                0x23f35704                us_direction
 .data          0x23f35724        0x0 common/libcommon.a(xyzModem.o)
 .data          0x23f35724       0x34 board/atmel/at91sam9263ek/libat91sam9263ek.a(at91sam9263ek.o)
                0x23f35724                panel_info
 .data          0x23f35758        0x0 lib/libgeneric.a(crc16.o)
 .data          0x23f35758        0x0 lib/libgeneric.a(crc32.o)
 .data          0x23f35758      0x100 lib/libgeneric.a(ctype.o)
                0x23f35758                _ctype
 .data          0x23f35858        0x0 lib/libgeneric.a(display_options.o)
 .data          0x23f35858        0x0 lib/libgeneric.a(gunzip.o)
 .data          0x23f35858        0x0 lib/libgeneric.a(net_utils.o)
 .data          0x23f35858        0x0 lib/libgeneric.a(string.o)
 .data          0x23f35858        0x0 lib/libgeneric.a(strmhz.o)
 .data          0x23f35858        0x0 lib/libgeneric.a(time.o)
 .data          0x23f35858        0x0 lib/libgeneric.a(vsprintf.o)
 .data          0x23f35858        0x0 lib/libgeneric.a(zlib.o)
 .data          0x23f35858        0x0 lib/libgeneric.a(div64.o)
 .data          0x23f35858        0x0 arch/arm/cpu/arm926ejs/at91/libat91.a(at91sam9263_devices.o)
 .data          0x23f35858        0x0 arch/arm/cpu/arm926ejs/at91/libat91.a(clock.o)
 .data          0x23f35858        0x0 arch/arm/cpu/arm926ejs/at91/libat91.a(cpu.o)
 .data          0x23f35858        0x0 arch/arm/cpu/arm926ejs/at91/libat91.a(reset.o)
 .data          0x23f35858        0x0 arch/arm/cpu/arm926ejs/at91/libat91.a(timer.o)
 .data          0x23f35858        0x0 arch/arm/lib/libarm.a(bootm.o)
 .data          0x23f35858        0x0 arch/arm/lib/libarm.a(cache.o)
 .data          0x23f35858        0x0 arch/arm/lib/libarm.a(reset.o)
 .data          0x23f35858        0x4 fs/fat/libfat.a(fat.o)
 .data          0x23f3585c        0x0 disk/libdisk.a(part.o)
 .data          0x23f3585c        0x0 disk/libdisk.a(part_dos.o)
 .data          0x23f3585c        0x0 drivers/mtd/libmtd.a(dataflash.o)
 .data          0x23f3585c        0x0 drivers/mtd/libmtd.a(at45.o)
 .data          0x23f3585c        0x0 drivers/mtd/nand/libnand.a(nand_util.o)
 .data          0x23f3585c        0x0 drivers/net/libnet.a(macb.o)
 .data          0x23f3585c        0x0 drivers/spi/libspi.a(atmel_dataflash_spi.o)
 .data          0x23f3585c       0x50 drivers/usb/host/libusb_host.a(ohci-hcd.o)
 .data          0x23f358ac        0x0 drivers/usb/host/libusb_host.a(ohci-at91.o)
 .data          0x23f358ac        0x0 drivers/video/libvideo.a(atmel_lcdfb.o)
 .data          0x23f358ac       0xa8 board/atmel/at91sam9263ek/libat91sam9263ek.a(partition.o)
                0x23f358ac                cs
                0x23f358b4                area_list
 .data          0x23f35954        0x0 arch/arm/cpu/arm926ejs/libarm926ejs.a(cpu.o)
 .data          0x23f35954        0x0 arch/arm/lib/libarm.a(cache-cp15.o)
 .data          0x23f35954        0x0 /home/jionfull/u-boot-2010.06/arch/arm/lib/eabi_compat.o
 .data          0x23f35954        0x0 /opt/FriendlyARM/toolschain/4.4.3/lib/gcc/arm-none-linux-gnueabi/4.4.3/libgcc.a(_udivsi3.o)
 .data          0x23f35954        0x0 /opt/FriendlyARM/toolschain/4.4.3/lib/gcc/arm-none-linux-gnueabi/4.4.3/libgcc.a(_divsi3.o)
 .data          0x23f35954        0x0 /opt/FriendlyARM/toolschain/4.4.3/lib/gcc/arm-none-linux-gnueabi/4.4.3/libgcc.a(_lshrdi3.o)
 .data          0x23f35954        0x0 /opt/FriendlyARM/toolschain/4.4.3/lib/gcc/arm-none-linux-gnueabi/4.4.3/libgcc.a(_ashrdi3.o)
 .data          0x23f35954        0x0 /opt/FriendlyARM/toolschain/4.4.3/lib/gcc/arm-none-linux-gnueabi/4.4.3/libgcc.a(_ashldi3.o)
 .data          0x23f35954        0x0 /opt/FriendlyARM/toolschain/4.4.3/lib/gcc/arm-none-linux-gnueabi/4.4.3/libgcc.a(_dvmd_lnx.o)
                0x23f35954                . = ALIGN (0x4)

.got
 *(.got)
                0x23f35954                . = .
                0x23f35954                __u_boot_cmd_start = .

.u_boot_cmd     0x23f35954      0x5b0
 *(.u_boot_cmd)
 .u_boot_cmd    0x23f35954       0x38 common/libcommon.a(cmd_boot.o)
                0x23f35954                __u_boot_cmd_go
                0x23f35970                __u_boot_cmd_reset
 .u_boot_cmd    0x23f3598c       0x54 common/libcommon.a(cmd_bootm.o)
                0x23f3598c                __u_boot_cmd_bootm
                0x23f359a8                __u_boot_cmd_boot
                0x23f359c4                __u_boot_cmd_bootd
 .u_boot_cmd    0x23f359e0       0x1c common/libcommon.a(cmd_console.o)
                0x23f359e0                __u_boot_cmd_coninfo
 .u_boot_cmd    0x23f359fc       0x1c common/libcommon.a(cmd_echo.o)
                0x23f359fc                __u_boot_cmd_echo
 .u_boot_cmd    0x23f35a18       0x1c common/libcommon.a(cmd_exit.o)
                0x23f35a18                __u_boot_cmd_exit
 .u_boot_cmd    0x23f35a34       0x54 common/libcommon.a(cmd_fat.o)
                0x23f35a34                __u_boot_cmd_fatload
                0x23f35a50                __u_boot_cmd_fatls
                0x23f35a6c                __u_boot_cmd_fatinfo
 .u_boot_cmd    0x23f35a88       0x54 common/libcommon.a(cmd_flash.o)
                0x23f35a88                __u_boot_cmd_flinfo
                0x23f35aa4                __u_boot_cmd_erase
                0x23f35ac0                __u_boot_cmd_protect
 .u_boot_cmd    0x23f35adc       0x38 common/libcommon.a(cmd_help.o)
                0x23f35adc                __u_boot_cmd_help
                0x23f35af8                __u_boot_cmd_question_mark
 .u_boot_cmd    0x23f35b14       0x1c common/libcommon.a(cmd_itest.o)
                0x23f35b14                __u_boot_cmd_itest
 .u_boot_cmd    0x23f35b30       0x38 common/libcommon.a(cmd_load.o)
                0x23f35b30                __u_boot_cmd_loadb
                0x23f35b4c                __u_boot_cmd_loady
 .u_boot_cmd    0x23f35b68      0x118 common/libcommon.a(cmd_mem.o)
                0x23f35b68                __u_boot_cmd_md
                0x23f35b84                __u_boot_cmd_mm
                0x23f35ba0                __u_boot_cmd_nm
                0x23f35bbc                __u_boot_cmd_mw
                0x23f35bd8                __u_boot_cmd_cp
                0x23f35bf4                __u_boot_cmd_cmp
                0x23f35c10                __u_boot_cmd_crc32
                0x23f35c2c                __u_boot_cmd_base
                0x23f35c48                __u_boot_cmd_loop
                0x23f35c64                __u_boot_cmd_mtest
 .u_boot_cmd    0x23f35c80       0x1c common/libcommon.a(cmd_misc.o)
                0x23f35c80                __u_boot_cmd_sleep
 .u_boot_cmd    0x23f35c9c       0x38 common/libcommon.a(cmd_nand.o)
                0x23f35c9c                __u_boot_cmd_nand
                0x23f35cb8                __u_boot_cmd_nboot
 .u_boot_cmd    0x23f35cd4       0xa8 common/libcommon.a(cmd_net.o)
                0x23f35cd4                __u_boot_cmd_bootp
                0x23f35cf0                __u_boot_cmd_tftpboot
                0x23f35d0c                __u_boot_cmd_rarpboot
                0x23f35d28                __u_boot_cmd_dhcp
                0x23f35d44                __u_boot_cmd_nfs
                0x23f35d60                __u_boot_cmd_ping
 .u_boot_cmd    0x23f35d7c       0x8c common/libcommon.a(cmd_nvedit.o)
                0x23f35d7c                __u_boot_cmd_saveenv
                0x23f35d98                __u_boot_cmd_editenv
                0x23f35db4                __u_boot_cmd_printenv
                0x23f35dd0                __u_boot_cmd_setenv
                0x23f35dec                __u_boot_cmd_run
 .u_boot_cmd    0x23f35e08       0x54 common/libcommon.a(cmd_test.o)
                0x23f35e08                __u_boot_cmd_test
                0x23f35e24                __u_boot_cmd_false
                0x23f35e40                __u_boot_cmd_true
 .u_boot_cmd    0x23f35e5c       0x38 common/libcommon.a(cmd_usb.o)
                0x23f35e5c                __u_boot_cmd_usb
                0x23f35e78                __u_boot_cmd_usbboot
 .u_boot_cmd    0x23f35e94       0x1c common/libcommon.a(cmd_version.o)
                0x23f35e94                __u_boot_cmd_version
 .u_boot_cmd    0x23f35eb0       0x1c common/libcommon.a(cmd_ximg.o)
                0x23f35eb0                __u_boot_cmd_imxtract
 .u_boot_cmd    0x23f35ecc       0x1c common/libcommon.a(hush.o)
                0x23f35ecc                __u_boot_cmd_showvar
 .u_boot_cmd    0x23f35ee8       0x1c common/libcommon.a(lcd.o)
                0x23f35ee8                __u_boot_cmd_cls
                0x23f35f04                __u_boot_cmd_end = .
                0x23f35f04                . = ALIGN (0x4)
                0x23f35f04                __bss_start = .

.bss            0x23f36000    0x41804
 *(.bss)
 .bss           0x23f36000        0x0 arch/arm/cpu/arm926ejs/start.o
 .bss           0x23f36000        0x0 arch/arm/cpu/arm926ejs/at91/libat91.a(led.o)
 .bss           0x23f36000        0x4 arch/arm/lib/libarm.a(board.o)
                0x23f36000                monitor_flash_len
 .bss           0x23f36004        0x0 arch/arm/lib/libarm.a(interrupts.o)
 .bss           0x23f36004       0x14 net/libnet.a(eth.o)
 .bss           0x23f36018     0x25e4 net/libnet.a(net.o)
                0x23f36018                NetState
                0x23f3602c                NetIPID
                0x23f36030                NetOurIP
                0x23f36034                NetOurEther
                0x23f3603c                NetPingIP
                0x23f36040                NetRxPacket
                0x23f36044                NetRxPacketLen
                0x23f36048                NetArpWaitPacketIP
                0x23f3604c                NetArpWaitPacketMAC
                0x23f36050                NetArpWaitReplyIP
                0x23f36054                NetArpWaitTxPacket
                0x23f36058                NetArpWaitTxPacketSize
                0x23f3605c                NetServerIP
                0x23f36060                NetServerEther
                0x23f36068                NetTxPacket
                0x23f3606c                NetOurSubnetMask
                0x23f36070                NetOurGatewayIP
                0x23f3607c                NetEtherNullAddr
                0x23f36084                NetArpWaitTry
                0x23f36088                NetArpWaitTimerStart
                0x23f36094                NetRestartWrap
                0x23f3609c                PktBuf
                0x23f37ebc                NetRxPackets
                0x23f37ecc                NetArpWaitPacketBuf
                0x23f384f0                NetBootFileXferSize
                0x23f384f4                NetOurDNSIP
                0x23f384f8                NetOurNISDomain
                0x23f38518                NetOurHostName
                0x23f38538                NetOurRootPath
                0x23f38578                NetBootFileSize
                0x23f3857c                BootFile
 .bss           0x23f385fc      0x8b0 net/libnet.a(nfs.o)
 .bss           0x23f38eac        0x4 net/libnet.a(rarp.o)
                0x23f38eac                RarpTry
 .bss           0x23f38eb0       0xb4 net/libnet.a(tftp.o)
 .bss           0x23f38f64       0x14 net/libnet.a(bootp.o)
                0x23f38f64                dhcp_leasetime
                0x23f38f68                NetDHCPServerIP
                0x23f38f6c                BootpID
                0x23f38f70                dhcp_state
                0x23f38f74                BootpTry
 .bss           0x23f38f78        0x0 drivers/gpio/libgpio.a(at91_gpio.o)
 .bss           0x23f38f78      0x1c8 drivers/mtd/nand/libnand.a(nand.o)
                0x23f38f78                nand_info
 .bss           0x23f39140        0x0 drivers/mtd/nand/libnand.a(nand_base.o)
 .bss           0x23f39140        0x0 drivers/mtd/nand/libnand.a(nand_bbt.o)
 .bss           0x23f39140        0x0 drivers/mtd/nand/libnand.a(nand_ecc.o)
 .bss           0x23f39140        0x0 drivers/mtd/nand/libnand.a(nand_ids.o)
 .bss           0x23f39140        0x0 drivers/mtd/nand/libnand.a(atmel_nand.o)
 .bss           0x23f39140        0x0 drivers/serial/libserial.a(atmel_usart.o)
 .bss           0x23f39140        0x0 common/libcommon.a(cmd_boot.o)
 .bss           0x23f39140       0x8c common/libcommon.a(cmd_bootm.o)
 .bss           0x23f391cc        0x0 common/libcommon.a(cmd_console.o)
 .bss           0x23f391cc        0x0 common/libcommon.a(cmd_echo.o)
 .bss           0x23f391cc        0x0 common/libcommon.a(cmd_exit.o)
 .bss           0x23f391cc        0x0 common/libcommon.a(cmd_fat.o)
 .bss           0x23f391cc        0x0 common/libcommon.a(cmd_flash.o)
 .bss           0x23f391cc        0x0 common/libcommon.a(cmd_help.o)
 .bss           0x23f391cc        0x0 common/libcommon.a(cmd_itest.o)
 .bss           0x23f391cc       0x60 common/libcommon.a(cmd_load.o)
                0x23f391dc                os_data_init
                0x23f391ec                os_data_char
                0x23f391f0                his_quote
                0x23f391f4                his_pad_count
                0x23f391f8                his_pad_char
                0x23f391f9                his_eol
                0x23f391fc                send_ptr
                0x23f39200                send_parms
 .bss           0x23f3922c       0x14 common/libcommon.a(cmd_mem.o)
                0x23f39230                mm_last_addr
                0x23f39234                mm_last_size
                0x23f39238                dp_last_addr
                0x23f3923c                dp_last_size
 .bss           0x23f39240        0x0 common/libcommon.a(cmd_misc.o)
 .bss           0x23f39240        0x0 common/libcommon.a(cmd_nand.o)
 .bss           0x23f39240        0x0 common/libcommon.a(cmd_net.o)
 .bss           0x23f39240        0x0 common/libcommon.a(cmd_nvedit.o)
 .bss           0x23f39240        0x0 common/libcommon.a(cmd_test.o)
 .bss           0x23f39240        0x0 common/libcommon.a(cmd_usb.o)
 .bss           0x23f39240        0x0 common/libcommon.a(cmd_version.o)
 .bss           0x23f39240        0x0 common/libcommon.a(cmd_ximg.o)
 .bss           0x23f39240      0x300 common/libcommon.a(command.o)
 .bss           0x23f39540        0x8 common/libcommon.a(console.o)
 .bss           0x23f39548       0x44 common/libcommon.a(dlmalloc.o)
                0x23f39548                mem_malloc_brk
                0x23f3954c                mem_malloc_start
                0x23f39550                mem_malloc_end
 .bss           0x23f3958c        0x0 common/libcommon.a(env_common.o)
 .bss           0x23f3958c        0x4 common/libcommon.a(env_dataflash.o)
                0x23f3958c                env_ptr
 .bss           0x23f39590        0x0 common/libcommon.a(exports.o)
 .bss           0x23f39590      0x258 common/libcommon.a(hush.o)
                0x23f397dc                last_return_code
                0x23f397e4                nesting_level
 .bss           0x23f397e8        0x0 common/libcommon.a(image.o)
 .bss           0x23f397e8        0x1 common/libcommon.a(lcd.o)
                0x23f397e8                lcd_is_enabled
 *fill*         0x23f397e9        0x3 00
 .bss           0x23f397ec     0x1578 common/libcommon.a(main.o)
                0x23f397f8                hist_num
                0x23f397fc                hist_lines
                0x23f3ac10                hist_list
                0x23f3ac60                console_buffer
 .bss           0x23f3ad64       0x48 common/libcommon.a(stdio.o)
                0x23f3ada0                stdio_devices
 .bss           0x23f3adac     0xaa1c common/libcommon.a(usb.o)
                0x23f457b8                usb_started
 .bss           0x23f457c8      0x5b8 common/libcommon.a(usb_storage.o)
 .bss           0x23f45d80      0x43c common/libcommon.a(xyzModem.o)
 .bss           0x23f461bc        0x0 board/atmel/at91sam9263ek/libat91sam9263ek.a(at91sam9263ek.o)
 .bss           0x23f461bc        0x0 lib/libgeneric.a(crc16.o)
 .bss           0x23f461bc        0x0 lib/libgeneric.a(crc32.o)
 .bss           0x23f461bc        0x0 lib/libgeneric.a(ctype.o)
 .bss           0x23f461bc        0x0 lib/libgeneric.a(display_options.o)
 .bss           0x23f461bc        0x0 lib/libgeneric.a(gunzip.o)
 .bss           0x23f461bc        0x0 lib/libgeneric.a(net_utils.o)
 .bss           0x23f461bc        0x4 lib/libgeneric.a(string.o)
                0x23f461bc                ___strtok
 .bss           0x23f461c0        0x0 lib/libgeneric.a(strmhz.o)
 .bss           0x23f461c0        0x0 lib/libgeneric.a(time.o)
 .bss           0x23f461c0        0x0 lib/libgeneric.a(vsprintf.o)
 .bss           0x23f461c0        0x0 lib/libgeneric.a(zlib.o)
 .bss           0x23f461c0        0x0 lib/libgeneric.a(div64.o)
 .bss           0x23f461c0        0x0 arch/arm/cpu/arm926ejs/at91/libat91.a(at91sam9263_devices.o)
 .bss           0x23f461c0       0x18 arch/arm/cpu/arm926ejs/at91/libat91.a(clock.o)
 .bss           0x23f461d8        0x0 arch/arm/cpu/arm926ejs/at91/libat91.a(cpu.o)
 .bss           0x23f461d8        0x0 arch/arm/cpu/arm926ejs/at91/libat91.a(reset.o)
 .bss           0x23f461d8        0xc arch/arm/cpu/arm926ejs/at91/libat91.a(timer.o)
 .bss           0x23f461e4        0x4 arch/arm/lib/libarm.a(bootm.o)
 .bss           0x23f461e8        0x0 arch/arm/lib/libarm.a(cache.o)
 .bss           0x23f461e8        0x0 arch/arm/lib/libarm.a(reset.o)
 .bss           0x23f461e8    0x30008 fs/fat/libfat.a(fat.o)
                0x23f461f0                get_vfatname_block
                0x23f561f0                do_fat_read_block
                0x23f661f0                get_dentfromdir_block
 .bss           0x23f761f0        0x0 disk/libdisk.a(part.o)
 .bss           0x23f761f0        0x0 disk/libdisk.a(part_dos.o)
 .bss           0x23f761f0        0x8 drivers/mtd/libmtd.a(dataflash.o)
 .bss           0x23f761f8        0x0 drivers/mtd/libmtd.a(at45.o)
 .bss           0x23f761f8        0x0 drivers/mtd/nand/libnand.a(nand_util.o)
 .bss           0x23f761f8        0x0 drivers/net/libnet.a(macb.o)
 .bss           0x23f761f8        0x0 drivers/spi/libspi.a(atmel_dataflash_spi.o)
 *fill*         0x23f761f8        0x8 00
 .bss           0x23f76200     0x1500 drivers/usb/host/libusb_host.a(ohci-hcd.o)
                0x23f76348                phcca
                0x23f76400                ghcca
                0x23f76500                ohci_dev
                0x23f766a0                gtd
                0x23f776e0                ptd
                0x23f776e8                devgone
 .bss           0x23f77700        0x0 drivers/usb/host/libusb_host.a(ohci-at91.o)
 .bss           0x23f77700       0x18 drivers/video/libvideo.a(atmel_lcdfb.o)
                0x23f77700                lcd_line_length
                0x23f77704                lcd_color_fg
                0x23f77708                lcd_color_bg
                0x23f7770c                lcd_base
                0x23f77710                lcd_console_address
                0x23f77714                console_col
                0x23f77716                console_row
 .bss           0x23f77718       0xec board/atmel/at91sam9263ek/libat91sam9263ek.a(partition.o)
                0x23f77718                dataflash_info
 .bss           0x23f77804        0x0 arch/arm/cpu/arm926ejs/libarm926ejs.a(cpu.o)
 .bss           0x23f77804        0x0 arch/arm/lib/libarm.a(cache-cp15.o)
 .bss           0x23f77804        0x0 /home/jionfull/u-boot-2010.06/arch/arm/lib/eabi_compat.o
 .bss           0x23f77804        0x0 /opt/FriendlyARM/toolschain/4.4.3/lib/gcc/arm-none-linux-gnueabi/4.4.3/libgcc.a(_udivsi3.o)
 .bss           0x23f77804        0x0 /opt/FriendlyARM/toolschain/4.4.3/lib/gcc/arm-none-linux-gnueabi/4.4.3/libgcc.a(_divsi3.o)
 .bss           0x23f77804        0x0 /opt/FriendlyARM/toolschain/4.4.3/lib/gcc/arm-none-linux-gnueabi/4.4.3/libgcc.a(_lshrdi3.o)
 .bss           0x23f77804        0x0 /opt/FriendlyARM/toolschain/4.4.3/lib/gcc/arm-none-linux-gnueabi/4.4.3/libgcc.a(_ashrdi3.o)
 .bss           0x23f77804        0x0 /opt/FriendlyARM/toolschain/4.4.3/lib/gcc/arm-none-linux-gnueabi/4.4.3/libgcc.a(_ashldi3.o)
 .bss           0x23f77804        0x0 /opt/FriendlyARM/toolschain/4.4.3/lib/gcc/arm-none-linux-gnueabi/4.4.3/libgcc.a(_dvmd_lnx.o)
                0x23f77804                . = ALIGN (0x4)
                0x23f77804                _end = .
Address of section .text set to 0x23f00000
LOAD arch/arm/cpu/arm926ejs/start.o
START GROUP
LOAD lib/libgeneric.a
LOAD lib/lzma/liblzma.a
LOAD lib/lzo/liblzo.a
LOAD arch/arm/cpu/arm926ejs/libarm926ejs.a
LOAD arch/arm/cpu/arm926ejs/at91/libat91.a
LOAD arch/arm/lib/libarm.a
LOAD fs/cramfs/libcramfs.a
LOAD fs/fat/libfat.a
LOAD fs/fdos/libfdos.a
LOAD fs/jffs2/libjffs2.a
LOAD fs/reiserfs/libreiserfs.a
LOAD fs/ext2/libext2fs.a
LOAD fs/yaffs2/libyaffs2.a
LOAD fs/ubifs/libubifs.a
LOAD net/libnet.a
LOAD disk/libdisk.a
LOAD drivers/bios_emulator/libatibiosemu.a
LOAD drivers/block/libblock.a
LOAD drivers/dma/libdma.a
LOAD drivers/fpga/libfpga.a
LOAD drivers/gpio/libgpio.a
LOAD drivers/hwmon/libhwmon.a
LOAD drivers/i2c/libi2c.a
LOAD drivers/input/libinput.a
LOAD drivers/misc/libmisc.a
LOAD drivers/mmc/libmmc.a
LOAD drivers/mtd/libmtd.a
LOAD drivers/mtd/nand/libnand.a
LOAD drivers/mtd/onenand/libonenand.a
LOAD drivers/mtd/ubi/libubi.a
LOAD drivers/mtd/spi/libspi_flash.a
LOAD drivers/net/libnet.a
LOAD drivers/net/phy/libphy.a
LOAD drivers/pci/libpci.a
LOAD drivers/pcmcia/libpcmcia.a
LOAD drivers/power/libpower.a
LOAD drivers/spi/libspi.a
LOAD drivers/rtc/librtc.a
LOAD drivers/serial/libserial.a
LOAD drivers/twserial/libtws.a
LOAD drivers/usb/gadget/libusb_gadget.a
LOAD drivers/usb/host/libusb_host.a
LOAD drivers/usb/musb/libusb_musb.a
LOAD drivers/usb/phy/libusb_phy.a
LOAD drivers/video/libvideo.a
LOAD drivers/watchdog/libwatchdog.a
LOAD common/libcommon.a
LOAD lib/libfdt/libfdt.a
LOAD api/libapi.a
LOAD post/libpost.a
LOAD board/atmel/at91sam9263ek/libat91sam9263ek.a
END GROUP
LOAD /home/jionfull/u-boot-2010.06/arch/arm/lib/eabi_compat.o
LOAD /opt/FriendlyARM/toolschain/4.4.3/lib/gcc/arm-none-linux-gnueabi/4.4.3/libgcc.a
OUTPUT(u-boot elf32-littlearm)

.ARM.attributes
                0x00000000       0x27
 .ARM.attributes
                0x00000000       0x1b arch/arm/cpu/arm926ejs/start.o
 .ARM.attributes
                0x0000001b       0x2b arch/arm/cpu/arm926ejs/at91/libat91.a(led.o)
 .ARM.attributes
                0x00000046       0x2b arch/arm/lib/libarm.a(board.o)
 .ARM.attributes
                0x00000071       0x2b arch/arm/lib/libarm.a(interrupts.o)
 .ARM.attributes
                0x0000009c       0x2b net/libnet.a(eth.o)
 .ARM.attributes
                0x000000c7       0x2b net/libnet.a(net.o)
 .ARM.attributes
                0x000000f2       0x2b net/libnet.a(nfs.o)
 .ARM.attributes
                0x0000011d       0x2b net/libnet.a(rarp.o)
 .ARM.attributes
                0x00000148       0x2b net/libnet.a(tftp.o)
 .ARM.attributes
                0x00000173       0x2b net/libnet.a(bootp.o)
 .ARM.attributes
                0x0000019e       0x2b drivers/gpio/libgpio.a(at91_gpio.o)
 .ARM.attributes
                0x000001c9       0x2b drivers/mtd/nand/libnand.a(nand.o)
 .ARM.attributes
                0x000001f4       0x2b drivers/mtd/nand/libnand.a(nand_base.o)
 .ARM.attributes
                0x0000021f       0x2b drivers/mtd/nand/libnand.a(nand_bbt.o)
 .ARM.attributes
                0x0000024a       0x2b drivers/mtd/nand/libnand.a(nand_ecc.o)
 .ARM.attributes
                0x00000275       0x2b drivers/mtd/nand/libnand.a(nand_ids.o)
 .ARM.attributes
                0x000002a0       0x2b drivers/mtd/nand/libnand.a(atmel_nand.o)
 .ARM.attributes
                0x000002cb       0x2b drivers/serial/libserial.a(atmel_usart.o)
 .ARM.attributes
                0x000002f6       0x2b common/libcommon.a(cmd_boot.o)
 .ARM.attributes
                0x00000321       0x2b common/libcommon.a(cmd_bootm.o)
 .ARM.attributes
                0x0000034c       0x2b common/libcommon.a(cmd_console.o)
 .ARM.attributes
                0x00000377       0x2b common/libcommon.a(cmd_echo.o)
 .ARM.attributes
                0x000003a2       0x2b common/libcommon.a(cmd_exit.o)
 .ARM.attributes
                0x000003cd       0x2b common/libcommon.a(cmd_fat.o)
 .ARM.attributes
                0x000003f8       0x2b common/libcommon.a(cmd_flash.o)
 .ARM.attributes
                0x00000423       0x2b common/libcommon.a(cmd_help.o)
 .ARM.attributes
                0x0000044e       0x2b common/libcommon.a(cmd_itest.o)
 .ARM.attributes
                0x00000479       0x2b common/libcommon.a(cmd_load.o)
 .ARM.attributes
                0x000004a4       0x2b common/libcommon.a(cmd_mem.o)
 .ARM.attributes
                0x000004cf       0x2b common/libcommon.a(cmd_misc.o)
 .ARM.attributes
                0x000004fa       0x2b common/libcommon.a(cmd_nand.o)
 .ARM.attributes
                0x00000525       0x2b common/libcommon.a(cmd_net.o)
 .ARM.attributes
                0x00000550       0x2b common/libcommon.a(cmd_nvedit.o)
 .ARM.attributes
                0x0000057b       0x2b common/libcommon.a(cmd_test.o)
 .ARM.attributes
                0x000005a6       0x2b common/libcommon.a(cmd_usb.o)
 .ARM.attributes
                0x000005d1       0x2b common/libcommon.a(cmd_version.o)
 .ARM.attributes
                0x000005fc       0x2b common/libcommon.a(cmd_ximg.o)
 .ARM.attributes
                0x00000627       0x2b common/libcommon.a(command.o)
 .ARM.attributes
                0x00000652       0x2b common/libcommon.a(console.o)
 .ARM.attributes
                0x0000067d       0x2b common/libcommon.a(dlmalloc.o)
 .ARM.attributes
                0x000006a8       0x2b common/libcommon.a(env_common.o)
 .ARM.attributes
                0x000006d3       0x2b common/libcommon.a(env_dataflash.o)
 .ARM.attributes
                0x000006fe       0x2b common/libcommon.a(exports.o)
 .ARM.attributes
                0x00000729       0x2b common/libcommon.a(hush.o)
 .ARM.attributes
                0x00000754       0x2b common/libcommon.a(image.o)
 .ARM.attributes
                0x0000077f       0x2b common/libcommon.a(lcd.o)
 .ARM.attributes
                0x000007aa       0x2b common/libcommon.a(main.o)
 .ARM.attributes
                0x000007d5       0x2b common/libcommon.a(stdio.o)
 .ARM.attributes
                0x00000800       0x2b common/libcommon.a(usb.o)
 .ARM.attributes
                0x0000082b       0x2b common/libcommon.a(usb_storage.o)
 .ARM.attributes
                0x00000856       0x2b common/libcommon.a(xyzModem.o)
 .ARM.attributes
                0x00000881       0x2b board/atmel/at91sam9263ek/libat91sam9263ek.a(at91sam9263ek.o)
 .ARM.attributes
                0x000008ac       0x2b lib/libgeneric.a(crc16.o)
 .ARM.attributes
                0x000008d7       0x2b lib/libgeneric.a(crc32.o)
 .ARM.attributes
                0x00000902       0x2b lib/libgeneric.a(ctype.o)
 .ARM.attributes
                0x0000092d       0x2b lib/libgeneric.a(display_options.o)
 .ARM.attributes
                0x00000958       0x2b lib/libgeneric.a(gunzip.o)
 .ARM.attributes
                0x00000983       0x2b lib/libgeneric.a(net_utils.o)
 .ARM.attributes
                0x000009ae       0x2b lib/libgeneric.a(string.o)
 .ARM.attributes
                0x000009d9       0x2b lib/libgeneric.a(strmhz.o)
 .ARM.attributes
                0x00000a04       0x2b lib/libgeneric.a(time.o)
 .ARM.attributes
                0x00000a2f       0x2b lib/libgeneric.a(vsprintf.o)
 .ARM.attributes
                0x00000a5a       0x2b lib/libgeneric.a(zlib.o)
 .ARM.attributes
                0x00000a85       0x2b lib/libgeneric.a(div64.o)
 .ARM.attributes
                0x00000ab0       0x2b arch/arm/cpu/arm926ejs/at91/libat91.a(at91sam9263_devices.o)
 .ARM.attributes
                0x00000adb       0x2b arch/arm/cpu/arm926ejs/at91/libat91.a(clock.o)
 .ARM.attributes
                0x00000b06       0x2b arch/arm/cpu/arm926ejs/at91/libat91.a(cpu.o)
 .ARM.attributes
                0x00000b31       0x2b arch/arm/cpu/arm926ejs/at91/libat91.a(reset.o)
 .ARM.attributes
                0x00000b5c       0x2b arch/arm/cpu/arm926ejs/at91/libat91.a(timer.o)
 .ARM.attributes
                0x00000b87       0x2b arch/arm/lib/libarm.a(bootm.o)
 .ARM.attributes
                0x00000bb2       0x2b arch/arm/lib/libarm.a(cache.o)
 .ARM.attributes
                0x00000bdd       0x2b arch/arm/lib/libarm.a(reset.o)
 .ARM.attributes
                0x00000c08       0x2b fs/fat/libfat.a(fat.o)
 .ARM.attributes
                0x00000c33       0x2b disk/libdisk.a(part.o)
 .ARM.attributes
                0x00000c5e       0x2b disk/libdisk.a(part_dos.o)
 .ARM.attributes
                0x00000c89       0x2b drivers/mtd/libmtd.a(dataflash.o)
 .ARM.attributes
                0x00000cb4       0x2b drivers/mtd/libmtd.a(at45.o)
 .ARM.attributes
                0x00000cdf       0x2b drivers/mtd/nand/libnand.a(nand_util.o)
 .ARM.attributes
                0x00000d0a       0x2b drivers/net/libnet.a(macb.o)
 .ARM.attributes
                0x00000d35       0x2b drivers/spi/libspi.a(atmel_dataflash_spi.o)
 .ARM.attributes
                0x00000d60       0x2b drivers/usb/host/libusb_host.a(ohci-hcd.o)
 .ARM.attributes
                0x00000d8b       0x2b drivers/usb/host/libusb_host.a(ohci-at91.o)
 .ARM.attributes
                0x00000db6       0x2b drivers/video/libvideo.a(atmel_lcdfb.o)
 .ARM.attributes
                0x00000de1       0x2b board/atmel/at91sam9263ek/libat91sam9263ek.a(partition.o)
 .ARM.attributes
                0x00000e0c       0x2b arch/arm/cpu/arm926ejs/libarm926ejs.a(cpu.o)
 .ARM.attributes
                0x00000e37       0x2b arch/arm/lib/libarm.a(cache-cp15.o)
 .ARM.attributes
                0x00000e62       0x2b /home/jionfull/u-boot-2010.06/arch/arm/lib/eabi_compat.o
 .ARM.attributes
                0x00000e8d       0x1a /opt/FriendlyARM/toolschain/4.4.3/lib/gcc/arm-none-linux-gnueabi/4.4.3/libgcc.a(_udivsi3.o)
 .ARM.attributes
                0x00000ea7       0x1a /opt/FriendlyARM/toolschain/4.4.3/lib/gcc/arm-none-linux-gnueabi/4.4.3/libgcc.a(_divsi3.o)
 .ARM.attributes
                0x00000ec1       0x1a /opt/FriendlyARM/toolschain/4.4.3/lib/gcc/arm-none-linux-gnueabi/4.4.3/libgcc.a(_lshrdi3.o)
 .ARM.attributes
                0x00000edb       0x1a /opt/FriendlyARM/toolschain/4.4.3/lib/gcc/arm-none-linux-gnueabi/4.4.3/libgcc.a(_ashrdi3.o)
 .ARM.attributes
                0x00000ef5       0x1a /opt/FriendlyARM/toolschain/4.4.3/lib/gcc/arm-none-linux-gnueabi/4.4.3/libgcc.a(_ashldi3.o)
 .ARM.attributes
                0x00000f0f       0x1a /opt/FriendlyARM/toolschain/4.4.3/lib/gcc/arm-none-linux-gnueabi/4.4.3/libgcc.a(_dvmd_lnx.o)

.comment        0x00000000       0x18
 .comment       0x00000000       0x18 arch/arm/cpu/arm926ejs/at91/libat91.a(led.o)
                                 0x19 (size before relaxing)
 .comment       0x00000000       0x19 arch/arm/lib/libarm.a(board.o)
 .comment       0x00000000       0x19 arch/arm/lib/libarm.a(interrupts.o)
 .comment       0x00000000       0x19 net/libnet.a(eth.o)
 .comment       0x00000000       0x19 net/libnet.a(net.o)
 .comment       0x00000000       0x19 net/libnet.a(nfs.o)
 .comment       0x00000000       0x19 net/libnet.a(rarp.o)
 .comment       0x00000000       0x19 net/libnet.a(tftp.o)
 .comment       0x00000000       0x19 net/libnet.a(bootp.o)
 .comment       0x00000000       0x19 drivers/gpio/libgpio.a(at91_gpio.o)
 .comment       0x00000000       0x19 drivers/mtd/nand/libnand.a(nand.o)
 .comment       0x00000000       0x19 drivers/mtd/nand/libnand.a(nand_base.o)
 .comment       0x00000000       0x19 drivers/mtd/nand/libnand.a(nand_bbt.o)
 .comment       0x00000000       0x19 drivers/mtd/nand/libnand.a(nand_ecc.o)
 .comment       0x00000000       0x19 drivers/mtd/nand/libnand.a(nand_ids.o)
 .comment       0x00000000       0x19 drivers/mtd/nand/libnand.a(atmel_nand.o)
 .comment       0x00000000       0x19 drivers/serial/libserial.a(atmel_usart.o)
 .comment       0x00000000       0x19 common/libcommon.a(cmd_boot.o)
 .comment       0x00000000       0x19 common/libcommon.a(cmd_bootm.o)
 .comment       0x00000000       0x19 common/libcommon.a(cmd_console.o)
 .comment       0x00000000       0x19 common/libcommon.a(cmd_echo.o)
 .comment       0x00000000       0x19 common/libcommon.a(cmd_exit.o)
 .comment       0x00000000       0x19 common/libcommon.a(cmd_fat.o)
 .comment       0x00000000       0x19 common/libcommon.a(cmd_flash.o)
 .comment       0x00000000       0x19 common/libcommon.a(cmd_help.o)
 .comment       0x00000000       0x19 common/libcommon.a(cmd_itest.o)
 .comment       0x00000000       0x19 common/libcommon.a(cmd_load.o)
 .comment       0x00000000       0x19 common/libcommon.a(cmd_mem.o)
 .comment       0x00000000       0x19 common/libcommon.a(cmd_misc.o)
 .comment       0x00000000       0x19 common/libcommon.a(cmd_nand.o)
 .comment       0x00000000       0x19 common/libcommon.a(cmd_net.o)
 .comment       0x00000000       0x19 common/libcommon.a(cmd_nvedit.o)
 .comment       0x00000000       0x19 common/libcommon.a(cmd_test.o)
 .comment       0x00000000       0x19 common/libcommon.a(cmd_usb.o)
 .comment       0x00000000       0x19 common/libcommon.a(cmd_version.o)
 .comment       0x00000000       0x19 common/libcommon.a(cmd_ximg.o)
 .comment       0x00000000       0x19 common/libcommon.a(command.o)
 .comment       0x00000000       0x19 common/libcommon.a(console.o)
 .comment       0x00000000       0x19 common/libcommon.a(dlmalloc.o)
 .comment       0x00000000       0x19 common/libcommon.a(env_common.o)
 .comment       0x00000000       0x19 common/libcommon.a(env_dataflash.o)
 .comment       0x00000000       0x19 common/libcommon.a(exports.o)
 .comment       0x00000000       0x19 common/libcommon.a(hush.o)
 .comment       0x00000000       0x19 common/libcommon.a(image.o)
 .comment       0x00000000       0x19 common/libcommon.a(lcd.o)
 .comment       0x00000000       0x19 common/libcommon.a(main.o)
 .comment       0x00000000       0x19 common/libcommon.a(stdio.o)
 .comment       0x00000000       0x19 common/libcommon.a(usb.o)
 .comment       0x00000000       0x19 common/libcommon.a(usb_storage.o)
 .comment       0x00000000       0x19 common/libcommon.a(xyzModem.o)
 .comment       0x00000000       0x19 board/atmel/at91sam9263ek/libat91sam9263ek.a(at91sam9263ek.o)
 .comment       0x00000000       0x19 lib/libgeneric.a(crc16.o)
 .comment       0x00000000       0x19 lib/libgeneric.a(crc32.o)
 .comment       0x00000000       0x19 lib/libgeneric.a(ctype.o)
 .comment       0x00000000       0x19 lib/libgeneric.a(display_options.o)
 .comment       0x00000000       0x19 lib/libgeneric.a(gunzip.o)
 .comment       0x00000000       0x19 lib/libgeneric.a(net_utils.o)
 .comment       0x00000000       0x19 lib/libgeneric.a(string.o)
 .comment       0x00000000       0x19 lib/libgeneric.a(strmhz.o)
 .comment       0x00000000       0x19 lib/libgeneric.a(time.o)
 .comment       0x00000000       0x19 lib/libgeneric.a(vsprintf.o)
 .comment       0x00000000       0x19 lib/libgeneric.a(zlib.o)
 .comment       0x00000000       0x19 lib/libgeneric.a(div64.o)
 .comment       0x00000000       0x19 arch/arm/cpu/arm926ejs/at91/libat91.a(at91sam9263_devices.o)
 .comment       0x00000000       0x19 arch/arm/cpu/arm926ejs/at91/libat91.a(clock.o)
 .comment       0x00000000       0x19 arch/arm/cpu/arm926ejs/at91/libat91.a(cpu.o)
 .comment       0x00000000       0x19 arch/arm/cpu/arm926ejs/at91/libat91.a(reset.o)
 .comment       0x00000000       0x19 arch/arm/cpu/arm926ejs/at91/libat91.a(timer.o)
 .comment       0x00000000       0x19 arch/arm/lib/libarm.a(bootm.o)
 .comment       0x00000000       0x19 arch/arm/lib/libarm.a(cache.o)
 .comment       0x00000000       0x19 arch/arm/lib/libarm.a(reset.o)
 .comment       0x00000000       0x19 fs/fat/libfat.a(fat.o)
 .comment       0x00000000       0x19 disk/libdisk.a(part.o)
 .comment       0x00000000       0x19 disk/libdisk.a(part_dos.o)
 .comment       0x00000000       0x19 drivers/mtd/libmtd.a(dataflash.o)
 .comment       0x00000000       0x19 drivers/mtd/libmtd.a(at45.o)
 .comment       0x00000000       0x19 drivers/mtd/nand/libnand.a(nand_util.o)
 .comment       0x00000000       0x19 drivers/net/libnet.a(macb.o)
 .comment       0x00000000       0x19 drivers/spi/libspi.a(atmel_dataflash_spi.o)
 .comment       0x00000000       0x19 drivers/usb/host/libusb_host.a(ohci-hcd.o)
 .comment       0x00000000       0x19 drivers/usb/host/libusb_host.a(ohci-at91.o)
 .comment       0x00000000       0x19 drivers/video/libvideo.a(atmel_lcdfb.o)
 .comment       0x00000000       0x19 board/atmel/at91sam9263ek/libat91sam9263ek.a(partition.o)
 .comment       0x00000000       0x19 arch/arm/cpu/arm926ejs/libarm926ejs.a(cpu.o)
 .comment       0x00000000       0x19 arch/arm/lib/libarm.a(cache-cp15.o)
 .comment       0x00000000       0x19 /home/jionfull/u-boot-2010.06/arch/arm/lib/eabi_compat.o

.note.GNU-stack
                0x00000000        0x0
 .note.GNU-stack
                0x00000000        0x0 arch/arm/cpu/arm926ejs/at91/libat91.a(led.o)
 .note.GNU-stack
                0x00000000        0x0 arch/arm/lib/libarm.a(board.o)
 .note.GNU-stack
                0x00000000        0x0 arch/arm/lib/libarm.a(interrupts.o)
 .note.GNU-stack
                0x00000000        0x0 net/libnet.a(eth.o)
 .note.GNU-stack
                0x00000000        0x0 net/libnet.a(net.o)
 .note.GNU-stack
                0x00000000        0x0 net/libnet.a(nfs.o)
 .note.GNU-stack
                0x00000000        0x0 net/libnet.a(rarp.o)
 .note.GNU-stack
                0x00000000        0x0 net/libnet.a(tftp.o)
 .note.GNU-stack
                0x00000000        0x0 net/libnet.a(bootp.o)
 .note.GNU-stack
                0x00000000        0x0 drivers/gpio/libgpio.a(at91_gpio.o)
 .note.GNU-stack
                0x00000000        0x0 drivers/mtd/nand/libnand.a(nand.o)
 .note.GNU-stack
                0x00000000        0x0 drivers/mtd/nand/libnand.a(nand_base.o)
 .note.GNU-stack
                0x00000000        0x0 drivers/mtd/nand/libnand.a(nand_bbt.o)
 .note.GNU-stack
                0x00000000        0x0 drivers/mtd/nand/libnand.a(nand_ecc.o)
 .note.GNU-stack
                0x00000000        0x0 drivers/mtd/nand/libnand.a(nand_ids.o)
 .note.GNU-stack
                0x00000000        0x0 drivers/mtd/nand/libnand.a(atmel_nand.o)
 .note.GNU-stack
                0x00000000        0x0 drivers/serial/libserial.a(atmel_usart.o)
 .note.GNU-stack
                0x00000000        0x0 common/libcommon.a(cmd_boot.o)
 .note.GNU-stack
                0x00000000        0x0 common/libcommon.a(cmd_bootm.o)
 .note.GNU-stack
                0x00000000        0x0 common/libcommon.a(cmd_console.o)
 .note.GNU-stack
                0x00000000        0x0 common/libcommon.a(cmd_echo.o)
 .note.GNU-stack
                0x00000000        0x0 common/libcommon.a(cmd_exit.o)
 .note.GNU-stack
                0x00000000        0x0 common/libcommon.a(cmd_fat.o)
 .note.GNU-stack
                0x00000000        0x0 common/libcommon.a(cmd_flash.o)
 .note.GNU-stack
                0x00000000        0x0 common/libcommon.a(cmd_help.o)
 .note.GNU-stack
                0x00000000        0x0 common/libcommon.a(cmd_itest.o)
 .note.GNU-stack
                0x00000000        0x0 common/libcommon.a(cmd_load.o)
 .note.GNU-stack
                0x00000000        0x0 common/libcommon.a(cmd_mem.o)
 .note.GNU-stack
                0x00000000        0x0 common/libcommon.a(cmd_misc.o)
 .note.GNU-stack
                0x00000000        0x0 common/libcommon.a(cmd_nand.o)
 .note.GNU-stack
                0x00000000        0x0 common/libcommon.a(cmd_net.o)
 .note.GNU-stack
                0x00000000        0x0 common/libcommon.a(cmd_nvedit.o)
 .note.GNU-stack
                0x00000000        0x0 common/libcommon.a(cmd_test.o)
 .note.GNU-stack
                0x00000000        0x0 common/libcommon.a(cmd_usb.o)
 .note.GNU-stack
                0x00000000        0x0 common/libcommon.a(cmd_version.o)
 .note.GNU-stack
                0x00000000        0x0 common/libcommon.a(cmd_ximg.o)
 .note.GNU-stack
                0x00000000        0x0 common/libcommon.a(command.o)
 .note.GNU-stack
                0x00000000        0x0 common/libcommon.a(console.o)
 .note.GNU-stack
                0x00000000        0x0 common/libcommon.a(dlmalloc.o)
 .note.GNU-stack
                0x00000000        0x0 common/libcommon.a(env_common.o)
 .note.GNU-stack
                0x00000000        0x0 common/libcommon.a(env_dataflash.o)
 .note.GNU-stack
                0x00000000        0x0 common/libcommon.a(exports.o)
 .note.GNU-stack
                0x00000000        0x0 common/libcommon.a(hush.o)
 .note.GNU-stack
                0x00000000        0x0 common/libcommon.a(image.o)
 .note.GNU-stack
                0x00000000        0x0 common/libcommon.a(lcd.o)
 .note.GNU-stack
                0x00000000        0x0 common/libcommon.a(main.o)
 .note.GNU-stack
                0x00000000        0x0 common/libcommon.a(stdio.o)
 .note.GNU-stack
                0x00000000        0x0 common/libcommon.a(usb.o)
 .note.GNU-stack
                0x00000000        0x0 common/libcommon.a(usb_storage.o)
 .note.GNU-stack
                0x00000000        0x0 common/libcommon.a(xyzModem.o)
 .note.GNU-stack
                0x00000000        0x0 board/atmel/at91sam9263ek/libat91sam9263ek.a(at91sam9263ek.o)
 .note.GNU-stack
                0x00000000        0x0 lib/libgeneric.a(crc16.o)
 .note.GNU-stack
                0x00000000        0x0 lib/libgeneric.a(crc32.o)
 .note.GNU-stack
                0x00000000        0x0 lib/libgeneric.a(ctype.o)
 .note.GNU-stack
                0x00000000        0x0 lib/libgeneric.a(display_options.o)
 .note.GNU-stack
                0x00000000        0x0 lib/libgeneric.a(gunzip.o)
 .note.GNU-stack
                0x00000000        0x0 lib/libgeneric.a(net_utils.o)
 .note.GNU-stack
                0x00000000        0x0 lib/libgeneric.a(string.o)
 .note.GNU-stack
                0x00000000        0x0 lib/libgeneric.a(strmhz.o)
 .note.GNU-stack
                0x00000000        0x0 lib/libgeneric.a(time.o)
 .note.GNU-stack
                0x00000000        0x0 lib/libgeneric.a(vsprintf.o)
 .note.GNU-stack
                0x00000000        0x0 lib/libgeneric.a(zlib.o)
 .note.GNU-stack
                0x00000000        0x0 lib/libgeneric.a(div64.o)
 .note.GNU-stack
                0x00000000        0x0 arch/arm/cpu/arm926ejs/at91/libat91.a(at91sam9263_devices.o)
 .note.GNU-stack
                0x00000000        0x0 arch/arm/cpu/arm926ejs/at91/libat91.a(clock.o)
 .note.GNU-stack
                0x00000000        0x0 arch/arm/cpu/arm926ejs/at91/libat91.a(cpu.o)
 .note.GNU-stack
                0x00000000        0x0 arch/arm/cpu/arm926ejs/at91/libat91.a(reset.o)
 .note.GNU-stack
                0x00000000        0x0 arch/arm/cpu/arm926ejs/at91/libat91.a(timer.o)
 .note.GNU-stack
                0x00000000        0x0 arch/arm/lib/libarm.a(bootm.o)
 .note.GNU-stack