Archive member included because of file (symbol)

arch/arm/cpu/arm926ejs/at91/libat91.a(led.o)
                              arch/arm/cpu/arm926ejs/start.o (red_LED_on)
arch/arm/lib/libarm.a(board.o)
                              arch/arm/cpu/arm926ejs/start.o (start_armboot)
arch/arm/lib/libarm.a(interrupts.o)
                              arch/arm/lib/libarm.a(board.o) (enable_interrupts)
net/libnet.a(eth.o)           arch/arm/lib/libarm.a(board.o) (eth_initialize)
net/libnet.a(net.o)           arch/arm/lib/libarm.a(board.o) (copy_filename)
net/libnet.a(nfs.o)           net/libnet.a(net.o) (NfsStart)
net/libnet.a(rarp.o)          net/libnet.a(net.o) (RarpRequest)
net/libnet.a(tftp.o)          net/libnet.a(net.o) (TftpStart)
net/libnet.a(bootp.o)         net/libnet.a(net.o) (BootpRequest)
drivers/gpio/libgpio.a(at91_gpio.o)
                              arch/arm/cpu/arm926ejs/at91/libat91.a(led.o) (at91_set_pio_value)
drivers/mtd/nand/libnand.a(nand.o)
                              arch/arm/lib/libarm.a(board.o) (nand_init)
drivers/mtd/nand/libnand.a(nand_base.o)
                              drivers/mtd/nand/libnand.a(nand.o) (nand_scan)
drivers/mtd/nand/libnand.a(nand_bbt.o)
                              drivers/mtd/nand/libnand.a(nand_base.o) (nand_isbad_bbt)
drivers/mtd/nand/libnand.a(nand_ecc.o)
                              drivers/mtd/nand/libnand.a(nand_base.o) (nand_calculate_ecc)
drivers/mtd/nand/libnand.a(nand_ids.o)
                              drivers/mtd/nand/libnand.a(nand_base.o) (nand_flash_ids)
drivers/mtd/nand/libnand.a(atmel_nand.o)
                              drivers/mtd/nand/libnand.a(nand.o) (board_nand_init)
drivers/serial/libserial.a(atmel_usart.o)
                              arch/arm/lib/libarm.a(board.o) (serial_init)
common/libcommon.a(cmd_boot.o)
                              (__u_boot_cmd_go)
common/libcommon.a(cmd_bootm.o)
                              arch/arm/lib/libarm.a(board.o) (load_addr)
common/libcommon.a(cmd_console.o)
                              (__u_boot_cmd_coninfo)
common/libcommon.a(cmd_echo.o)
                              (__u_boot_cmd_echo)
common/libcommon.a(cmd_exit.o)
                              (__u_boot_cmd_exit)
common/libcommon.a(cmd_fat.o)
                              (__u_boot_cmd_fatload)
common/libcommon.a(cmd_flash.o)
                              (__u_boot_cmd_flinfo)
common/libcommon.a(cmd_help.o)
                              (__u_boot_cmd_help)
common/libcommon.a(cmd_itest.o)
                              (__u_boot_cmd_itest)
common/libcommon.a(cmd_load.o)
                              (__u_boot_cmd_loadb)
common/libcommon.a(cmd_mem.o)
                              (__u_boot_cmd_md)
common/libcommon.a(cmd_misc.o)
                              (__u_boot_cmd_sleep)
common/libcommon.a(cmd_nand.o)
                              (__u_boot_cmd_nand)
common/libcommon.a(cmd_net.o)
                              (__u_boot_cmd_bootp)
common/libcommon.a(cmd_nvedit.o)
                              net/libnet.a(eth.o) (get_env_id)
common/libcommon.a(cmd_test.o)
                              (__u_boot_cmd_test)
common/libcommon.a(cmd_usb.o)
                              (__u_boot_cmd_usb)
common/libcommon.a(cmd_version.o)
                              (__u_boot_cmd_version)
common/libcommon.a(cmd_ximg.o)
                              (__u_boot_cmd_imxtract)
common/libcommon.a(command.o)
                              common/libcommon.a(cmd_itest.o) (cmd_get_data_size)
common/libcommon.a(console.o)
                              arch/arm/lib/libarm.a(board.o) (printf)
common/libcommon.a(dlmalloc.o)
                              drivers/mtd/nand/libnand.a(nand_base.o) (free)
common/libcommon.a(env_common.o)
                              common/libcommon.a(cmd_nvedit.o) (env_get_addr)
common/libcommon.a(env_dataflash.o)
                              arch/arm/lib/libarm.a(board.o) (env_init)
common/libcommon.a(exports.o)
                              arch/arm/lib/libarm.a(board.o) (jumptable_init)
common/libcommon.a(hush.o)    common/libcommon.a(cmd_bootm.o) (parse_string_outer)
common/libcommon.a(image.o)   common/libcommon.a(cmd_ximg.o) (image_multi_count)
common/libcommon.a(lcd.o)     arch/arm/lib/libarm.a(board.o) (lcd_setmem)
common/libcommon.a(main.o)    common/libcommon.a(cmd_nvedit.o) (do_run)
common/libcommon.a(stdio.o)   common/libcommon.a(cmd_console.o) (stdio_get_list)
common/libcommon.a(usb.o)     common/libcommon.a(cmd_usb.o) (usb_get_dev_index)
common/libcommon.a(usb_storage.o)
                              common/libcommon.a(cmd_usb.o) (usb_stor_get_dev)
common/libcommon.a(xyzModem.o)
                              common/libcommon.a(cmd_load.o) (xyzModem_error)
board/atmel/at91sam9263ek/libat91sam9263ek.a(at91sam9263ek.o)
                              arch/arm/lib/libarm.a(board.o) (UartPuts)
lib/libgeneric.a(crc16.o)     common/libcommon.a(xyzModem.o) (cyg_crc16)
lib/libgeneric.a(crc32.o)     common/libcommon.a(cmd_mem.o) (crc32)
[...]
Memory Configuration

Name             Origin             Length             Attributes
*default*        0x00000000         0xffffffff

Linker script and memory map

                0x00000000                . = 0x0
                0x00000000                . = ALIGN (0x4)

.text           0x23f00000    0x23794
 arch/arm/cpu/arm926ejs/start.o(.text)
 .text          0x23f00000      0x360 arch/arm/cpu/arm926ejs/start.o
                0x23f00048                _bss_start
                0x23f0004c                _bss_end
                0x23f00044                _armboot_start
                0x23f00000                _start
 *(.text)
 .text          0x23f00360       0x60 arch/arm/cpu/arm926ejs/at91/libat91.a(led.o)
                0x23f00390                green_LED_on
                0x23f00370                yellow_LED_on
                0x23f00360                yellow_LED_off
                0x23f003a0                red_LED_off
                0x23f00380                green_LED_off
                0x23f003b0                red_LED_on
 .text          0x23f003c0      0x294 arch/arm/lib/libarm.a(board.o)
                0x23f003d8                __yellow_LED_off
                0x23f003e4                hang
                0x23f003cc                __green_LED_on
                0x23f003d4                __yellow_LED_on
                0x23f003d0                __green_LED_off
                0x23f003c8                __red_LED_off
                0x23f004b8                start_armboot
                0x23f003e0                blue_LED_off
                0x23f003c0                coloured_LED_init
                0x23f003e0                __blue_LED_off
                0x23f003dc                blue_LED_on
                0x23f003c0                __coloured_LED_init
                0x23f003dc                __blue_LED_on
                0x23f003c4                __red_LED_on
 .text          0x23f00654      0x264 arch/arm/lib/libarm.a(interrupts.o)
                0x23f007e0                do_fiq
                0x23f00894                do_undefined_instruction
                0x23f00660                show_regs
                0x23f007bc                do_irq
                0x23f007a0                bad_mode
                0x23f0084c                do_prefetch_abort
                0x23f00658                disable_interrupts
                0x23f00804                do_not_used
                0x23f00828                do_data_abort
                0x23f00870                do_software_interrupt
                0x23f00654                enable_interrupts
 .text          0x23f008b8      0x7e0 net/libnet.a(eth.o)
                0x23f00a58                eth_get_dev_by_name
                0x23f009a4                eth_halt
                0x23f00900                cpu_eth_init
                0x23f00c00                eth_register
                0x23f00d20                eth_getenv_enetaddr
                0x23f00908                eth_get_dev
                0x23f00cc4                eth_parse_enetaddr
                0x23f00b50                eth_try_another
                0x23f00d40                eth_getenv_enetaddr_by_index
                0x23f00e4c                eth_initialize
                0x23f00aac                eth_set_current
                0x23f00a0c                eth_rx
                0x23f00958                eth_get_dev_index
                0x23f00d8c                eth_init
                0x23f00c8c                eth_setenv_enetaddr
                0x23f00a38                eth_get_name
                0x23f00918                eth_get_dev_by_index
                0x23f009d8                eth_send
 .text          0x23f01098     0x1368 net/libnet.a(net.o)
                0x23f0111c                NetCksumOk
                0x23f012fc                NetSetTimeout
                0x23f01140                copy_filename
                0x23f011f4                NetEthHdrSize
                0x23f01290                ip_to_string
                0x23f01f48                ArpTimeoutCheck
                0x23f01548                NetReceive
                0x23f01ce4                NetSendUDPPacket
                0x23f0142c                NetSetEther
                0x23f01fcc                NetLoop
                0x23f01abc                ArpRequest
                0x23f012e0                random_port
                0x23f01238                VLAN_to_string
                0x23f011e4                getenv_VLAN
                0x23f010d4                NetCksum
                0x23f01334                NetSetIP
                0x23f01198                string_to_VLAN
                0x23f01e3c                NetStartAgain
                0x23f010c4                NetSetHandler
                0x23f01ba8                PingSend
                0x23f01544                NetSendPacket
 .text          0x23f02400      0xec0 net/libnet.a(nfs.o)
                0x23f02c20                NfsStart
 .text          0x23f032c0      0x1ac net/libnet.a(rarp.o)
                0x23f032c0                RarpRequest
 .text          0x23f0346c      0x7bc net/libnet.a(tftp.o)
                0x23f03610                TftpStart
 .text          0x23f03c28      0x9fc net/libnet.a(bootp.o)
                0x23f0426c                DhcpRequest
                0x23f040a4                BootpRequest
 .text          0x23f04624      0x250 drivers/gpio/libgpio.a(at91_gpio.o)
                0x23f047ac                at91_set_pio_deglitch
                0x23f04624                at91_set_pio_pullup
                0x23f04658                at91_set_pio_periph
                0x23f04840                at91_get_pio_value
                0x23f04694                at91_set_a_periph
                0x23f04714                at91_set_pio_input
                0x23f046d4                at91_set_b_periph
                0x23f047e8                at91_set_pio_multi_drive
                0x23f04814                at91_set_pio_value
                0x23f0475c                at91_set_pio_output
 .text          0x23f04874       0xb4 drivers/mtd/nand/libnand.a(nand.o)
                0x23f04874                nand_init
 .text          0x23f04928     0x3c90 drivers/mtd/nand/libnand.a(nand_base.o)
                0x23f079b4                nand_wait_ready
                0x23f05dc0                nand_scan_ident
                0x23f06934                nand_scan
                0x23f07444                nand_erase_nand
                0x23f06368                nand_scan_tail
                0x23f05ca8                nand_release
 .text          0x23f085b8      0xc28 drivers/mtd/nand/libnand.a(nand_bbt.o)
                0x23f085b8                nand_isbad_bbt
                0x23f09134                nand_default_bbt
                0x23f08c5c                nand_update_bbt
                0x23f08db4                nand_scan_bbt
 .text          0x23f091e0      0x224 drivers/mtd/nand/libnand.a(nand_ecc.o)
                0x23f092d8                nand_correct_data
                0x23f091e0                nand_calculate_ecc
 .text          0x23f09404        0x0 drivers/mtd/nand/libnand.a(nand_ids.o)
 .text          0x23f09404       0x94 drivers/mtd/nand/libnand.a(atmel_nand.o)
                0x23f09404                board_nand_init
 .text          0x23f09498       0xb4 drivers/serial/libserial.a(atmel_usart.o)
                0x23f09498                lonPlat_init
                0x23f094cc                lonPlat_tstc
                0x23f094dc                serial_setbrg
                0x23f094b4                lonPlat_getc
                0x23f09530                serial_tstc
                0x23f0949c                lonPlat_putc
                0x23f094e0                serial_putc
                0x23f09534                serial_init
                0x23f09504                serial_puts
                0x23f0952c                serial_getc
 .text          0x23f0954c       0x90 common/libcommon.a(cmd_boot.o)
                0x23f09564                do_go
                0x23f0954c                do_go_exec
 .text          0x23f095dc      0xab8 common/libcommon.a(cmd_bootm.o)
                0x23f09608                do_bootd
                0x23f09604                arch_preboot_os
                0x23f09e10                do_bootm
                0x23f09c60                do_bootm_subcommand
                0x23f09604                __arch_preboot_os
 .text          0x23f0a094       0xf0 common/libcommon.a(cmd_console.o)
                0x23f0a094                do_coninfo
 .text          0x23f0a184       0x80 common/libcommon.a(cmd_echo.o)
                0x23f0a184                do_echo
 .text          0x23f0a204       0x30 common/libcommon.a(cmd_exit.o)
                0x23f0a204                do_exit
 .text          0x23f0a234      0x364 common/libcommon.a(cmd_fat.o)
                0x23f0a414                do_fat_fsload
                0x23f0a234                do_fat_fsinfo
                0x23f0a30c                do_fat_ls
 .text          0x23f0a598      0x14c common/libcommon.a(cmd_flash.o)
                0x23f0a6d4                do_flinfo
                0x23f0a5a0                do_protect
                0x23f0a598                do_flerase
 .text          0x23f0a6e4       0x4c common/libcommon.a(cmd_help.o)
                0x23f0a6e4                do_help
 .text          0x23f0a730      0x304 common/libcommon.a(cmd_itest.o)
                0x23f0a7b8                binary_test
                0x23f0a998                do_itest
 .text          0x23f0aa34      0x9a8 common/libcommon.a(cmd_load.o)
                0x23f0aac0                k_data_init
                0x23f0aba4                s1_sendpacket
                0x23f0abd0                handle_send_packet
                0x23f0ab00                k_data_restore
                0x23f0ad94                send_nack
                0x23f0af7c                do_load_serial_bin
                0x23f0ab24                k_data_char
                0x23f0aa54                chk1
                0x23f0aae0                k_data_save
                0x23f0aa34                ktrans
                0x23f0ab74                send_pad
                0x23f0adf4                send_ack
 .text          0x23f0b3dc      0xab0 common/libcommon.a(cmd_mem.o)
                0x23f0b48c                do_mem_base
                0x23f0b770                do_mem_mw
                0x23f0b3dc                do_mem_crc
                0x23f0bd08                do_mem_nm
                0x23f0bd28                do_mem_mm
                0x23f0ba00                do_mem_cp
                0x23f0b4d0                do_mem_mtest
                0x23f0b838                do_mem_cmp
                0x23f0b678                do_mem_loop
                0x23f0bd48                do_mem_md
 .text          0x23f0be8c       0x84 common/libcommon.a(cmd_misc.o)
                0x23f0be8c                do_sleep
 .text          0x23f0bf10      0xf44 common/libcommon.a(cmd_nand.o)
                0x23f0c090                do_nandboot
                0x23f0c5ec                do_nand
 .text          0x23f0ce54      0x3d4 common/libcommon.a(cmd_net.o)
                0x23f0d204                do_rarpb
                0x23f0ce54                do_ping
                0x23f0d210                do_tftpb
                0x23f0d1f8                do_dhcp
                0x23f0d21c                do_bootp
                0x23f0d1ec                do_nfs
 .text          0x23f0d228      0x89c common/libcommon.a(cmd_nvedit.o)
                0x23f0d368                getenv
                0x23f0d3d0                _do_setenv
                0x23f0d298                getenv_r
                0x23f0da30                do_printenv
                0x23f0d88c                setenv
                0x23f0d228                get_env_id
                0x23f0d33c                do_saveenv
                0x23f0d860                do_setenv
                0x23f0d8d8                do_editenv
                0x23f0d238                envmatch
 .text          0x23f0dac4      0x48c common/libcommon.a(cmd_test.o)
                0x23f0dad4                do_test
                0x23f0dac4                do_false
                0x23f0dacc                do_true
 .text          0x23f0df50     0x116c common/libcommon.a(cmd_usb.o)
                0x23f0ea48                usb_display_conf_desc
                0x23f0e5f4                usb_show_tree_graph
                0x23f0df50                usb_get_class_desc
                0x23f0dff8                usb_display_ep_desc
                0x23f0e850                usb_display_desc
                0x23f0e0cc                usb_display_class_sub
                0x23f0e81c                usb_show_tree
                0x23f0e980                usb_display_string
                0x23f0e9c0                usb_display_if_desc
                0x23f0eaf4                usb_display_config
                0x23f0e240                do_usbboot
                0x23f0eb84                do_usb
 .text          0x23f0f0bc       0x20 common/libcommon.a(cmd_version.o)
                0x23f0f0bc                do_version
 .text          0x23f0f0dc      0x2d8 common/libcommon.a(cmd_ximg.o)
                0x23f0f0dc                do_imgextract
 .text          0x23f0f3b4      0x890 common/libcommon.a(command.o)
                0x23f0f514                find_cmd_tbl
                0x23f0f42c                cmd_usage
                0x23f0f5d4                cmd_auto_complete
                0x23f0f5ac                find_cmd
                0x23f0f3b4                cmd_get_data_size
                0x23f0fac4                _do_help
                0x23f0fa74                install_auto_complete
                0x23f0f48c                var_complete
 .text          0x23f0fc44      0x5ec common/libcommon.a(console.o)
                0x23f1004c                console_init_r
                0x23f0ff50                printf
                0x23f0fee0                console_assign
                0x23f0fde0                getc
                0x23f0feb8                search_device
                0x23f0fe7c                puts
                0x23f0fdd4                dbg
                0x23f101ec                serial_printf
                0x23f0fd18                ftstc
                0x23f101a0                fprintf
                0x23f0fdf8                tstc
                0x23f0ff20                vprintf
                0x23f0fe10                ctrlc
                0x23f0fe60                putc
                0x23f0fd98                disable_ctrlc
                0x23f0fcf0                fgetc
                0x23f0fdb0                had_ctrlc
                0x23f0fd40                fputc
                0x23f0fe98                console_init_f
                0x23f0fdc0                clear_ctrlc
                0x23f0ff94                stdio_print_current_devices
                0x23f0fd6c                fputs
 .text          0x23f10230     0x10d4 common/libcommon.a(dlmalloc.o)
                0x23f10570                malloc
                0x23f10c9c                pvalloc
                0x23f10d7c                calloc
                0x23f10cc0                malloc_usable_size
                0x23f10e5c                mem_malloc_init
                0x23f10e88                realloc
                0x23f10264                malloc_trim
                0x23f10230                sbrk
                0x23f10d04                mallopt
                0x23f10b8c                memalign
                0x23f1056c                cfree
                0x23f10cb4                valloc
                0x23f10330                free
 .text          0x23f11304      0x268 common/libcommon.a(env_common.o)
                0x23f11344                env_get_char
                0x23f11324                env_get_addr
                0x23f114d4                set_default_env
                0x23f11374                env_complete
                0x23f11524                env_relocate
                0x23f114a8                env_crc_update
                0x23f11304                env_get_char_memory
 .text          0x23f1156c       0xa4 common/libcommon.a(env_dataflash.o)
                0x23f115d4                env_relocate_spec
                0x23f11594                saveenv
                0x23f115f0                env_get_char_spec
                0x23f1156c                env_init
 .text          0x23f11610      0x1d4 common/libcommon.a(exports.o)
                0x23f1161c                jumptable_init
                0x23f11614                get_version
 .text          0x23f117e4     0x1d9c common/libcommon.a(hush.o)
                0x23f11ab8                new_pipe
                0x23f11924                mapset
                0x23f12cf4                parse_string_outer
                0x23f12660                update_ifs_map
                0x23f124ac                set_local_var
                0x23f12cb0                parse_file_outer
                0x23f11800                simple_itoa
                0x23f11db8                unset_local_var
                0x23f1195c                do_showvar
                0x23f11f7c                reserved_word
                0x23f11a48                u_boot_hush_start
 .text          0x23f13580      0x82c common/libcommon.a(image.o)
                0x23f13a88                getenv_bootm_size
                0x23f13890                image_print_contents
                0x23f136c0                genimg_get_comp_id
                0x23f13708                genimg_get_os_id
                0x23f135e4                get_table_entry_name
                0x23f1366c                genimg_has_config
                0x23f136f0                genimg_get_arch_id
                0x23f13624                genimg_get_arch_name
                0x23f13b58                boot_get_ramdisk
                0x23f13b04                image_check_hcrc
                0x23f1360c                genimg_get_os_name
                0x23f1363c                genimg_get_type_name
                0x23f13744                genimg_get_format
                0x23f13654                genimg_get_comp_name
                0x23f13abc                image_check_dcrc
                0x23f13860                genimg_print_size
                0x23f13a30                getenv_bootm_low
                0x23f137ec                genimg_get_image
                0x23f136d8                genimg_get_type_id
                0x23f135bc                image_multi_count
                0x23f13a24                memmove_wd
                0x23f13674                get_table_entry_id
                0x23f13768                image_multi_getimg
                0x23f13a64                getenv_yesno
 .text          0x23f13dac      0x700 common/libcommon.a(lcd.o)
                0x23f14468                lcd_printf
                0x23f13e44                lcd_setmem
                0x23f142ac                lcd_putc
                0x23f13e7c                bitmap_plot
                0x23f141c0                drv_lcd_init
                0x23f14428                lcd_puts
 .text          0x23f144ac     0x1160 common/libcommon.a(main.o)
                0x23f144ac                __show_boot_progress
                0x23f145ac                run_command
                0x23f1453c                do_run
                0x23f144b0                parse_line
                0x23f154ec                readline
                0x23f144ac                show_boot_progress
                0x23f15508                main_loop
                0x23f14bb8                readline_into_buffer
 .text          0x23f1560c      0x178 common/libcommon.a(stdio.o)
                0x23f15618                stdio_clone
                0x23f1560c                stdio_get_list
                0x23f15730                stdio_get_by_name
                0x23f156a0                stdio_init
                0x23f15660                stdio_register
 .text          0x23f15784     0x16dc common/libcommon.a(usb.o)
                0x23f16268                usb_set_idle
                0x23f1579c                usb_maxpacket
                0x23f16a5c                usb_hub_probe
                0x23f15b20                usb_stop
                0x23f16de4                usb_init
                0x23f15784                usb_disable_asynch
                0x23f165b4                usb_clear_halt
                0x23f15b80                usb_bulk_msg
                0x23f16188                usb_get_class_descriptor
                0x23f16d68                usb_scan_devices
                0x23f15e9c                usb_get_hub_descriptor
                0x23f15cd4                usb_get_port_status
                0x23f15b1c                usb_submit_int_msg
                0x23f159c8                usb_parse_config
                0x23f15be4                usb_control_msg
                0x23f162cc                usb_set_protocol
                0x23f1674c                usb_hub_port_connect_change
                0x23f163a0                usb_set_interface
                0x23f158e0                usb_hub_allocate
                0x23f16088                usb_string
                0x23f161f8                usb_get_report
                0x23f164b0                usb_get_descriptor
                0x23f16844                usb_hub_configure
                0x23f15ef8                usb_get_string
                0x23f15b5c                wait_ms
                0x23f15e48                usb_clear_hub_feature
                0x23f1651c                usb_get_configuration_no
                0x23f15de8                usb_clear_port_feature
                0x23f15d88                usb_set_port_feature
                0x23f16abc                usb_new_device
                0x23f15d34                usb_get_hub_status
                0x23f1632c                usb_set_configuration
                0x23f15838                usb_set_maxpacket
                0x23f1646c                usb_set_address
                0x23f15924                usb_alloc_new_device
                0x23f158cc                usb_hub_reset
                0x23f1589c                usb_get_dev_index
 .text          0x23f16e60     0x15d8 common/libcommon.a(usb_storage.o)
                0x23f1724c                usb_storage_probe
                0x23f181d0                usb_stor_CB_transport
                0x23f17c1c                usb_stor_CB_comdat
                0x23f17694                usb_stor_write
                0x23f16e80                usb_stor_get_dev
                0x23f178a8                usb_stor_read
                0x23f16ec4                usb_show_progress
                0x23f17abc                usb_stor_scan
                0x23f17e48                usb_stor_BBB_comdat
                0x23f183c8                usb_stor_info
                0x23f16fa8                usb_stor_get_info
                0x23f1747c                usb_stor_BBB_clear_endpt_stall
                0x23f18100                usb_stor_CBI_get_status
                0x23f17f34                usb_stor_BBB_transport
 .text          0x23f18438      0x9e4 common/libcommon.a(xyzModem.o)
                0x23f18560                xyzModem_error
                0x23f185fc                xyzModem_stream_close
                0x23f18650                CYGACC_COMM_IF_GETC_TIMEOUT
                0x23f18438                parse_num
                0x23f186d4                xyzModem_stream_terminate
                0x23f18cb8                xyzModem_stream_open
                0x23f18648                CYGACC_COMM_IF_PUTC
                0x23f18a2c                xyzModem_stream_read
 .text          0x23f18e1c      0x444 board/atmel/at91sam9263ek/libat91sam9263ek.a(at91sam9263ek.o)
                0x23f18e6c                dram_init
                0x23f18e5c                Tl16c752_RxChk
                0x23f18e34                UartPuts
                0x23f18e8c                board_eth_init
                0x23f19250                lcd_enable
                0x23f18ea8                board_init
                0x23f19240                lcd_disable
                0x23f18ea0                reset_phy
                0x23f191a8                lcd_show_board_info
                0x23f18e1c                Tl16c752_Send
 .text          0x23f19260       0x48 lib/libgeneric.a(crc16.o)
                0x23f19260                cyg_crc16
 .text          0x23f192a8      0x110 lib/libgeneric.a(crc32.o)
                0x23f193a0                crc32
                0x23f193b4                crc32_wd
                0x23f192a8                crc32_no_comp
 .text          0x23f193b8        0x0 lib/libgeneric.a(ctype.o)
 .text          0x23f193b8      0x2cc lib/libgeneric.a(display_options.o)
                0x23f19524                print_buffer
                0x23f19504                display_options
                0x23f193b8                print_size
 .text          0x23f19684      0x1d4 lib/libgeneric.a(gunzip.o)
                0x23f19778                gunzip
                0x23f19840                zfree
                0x23f19684                zunzip
                0x23f19848                zalloc
 .text          0x23f19858       0x78 lib/libgeneric.a(net_utils.o)
                0x23f19858                string_to_ip
 .text          0x23f198d0      0x64c lib/libgeneric.a(string.o)
                0x23f198d0                strcpy
                0x23f19e24                memscan
                0x23f19d88                memmove
                0x23f19d0c                memcpy
                0x23f19c18                strswab
                0x23f19ab8                strnlen
                0x23f19a80                strrchr
                0x23f19914                strcat
                0x23f19eb8                memchr
                0x23f19e54                strstr
                0x23f199e4                strncmp
                0x23f198ec                strncpy
                0x23f19ce0                bcopy
                0x23f19b64                strtok
                0x23f19de4                memcmp
                0x23f19948                strncat
                0x23f19ee8                strdup
                0x23f19c64                memset
                0x23f199ac                strcmp
                0x23f19be4                strsep
                0x23f19ae0                strspn
                0x23f19a60                strlen
                0x23f19a34                strchr
                0x23f19b24                strpbrk
 .text          0x23f19f1c       0x6c lib/libgeneric.a(strmhz.o)
                0x23f19f1c                strmhz
 .text          0x23f19f88       0x2c lib/libgeneric.a(time.o)
                0x23f19f88                udelay
 .text          0x23f19fb4      0xec4 lib/libgeneric.a(vsprintf.o)
                0x23f1a7d8                vsprintf
                0x23f1a0dc                ustrtoul
                0x23f1a0b4                simple_strtol
                0x23f1a340                panic
                0x23f1ae50                sprintf
                0x23f19ffc                simple_strtoul
                0x23f1a150                simple_strtoull
 .text          0x23f1ae78     0x27c8 lib/libgeneric.a(zlib.o)
                0x23f1bef4                inflate
                0x23f1ae78                inflate_fast
                0x23f1bb10                inflateInit_
                0x23f1bba8                adler32
                0x23f1bee4                zcfree
                0x23f1b96c                inflateReset
                0x23f1beec                zcalloc
                0x23f1bb20                inflateEnd
                0x23f1ba08                inflateInit2_
                0x23f1b3d4                inflate_table
 .text          0x23f1d640       0xf4 lib/libgeneric.a(div64.o)
                0x23f1d640                __div64_32
 .text          0x23f1d734       0xdc arch/arm/cpu/arm926ejs/at91/libat91.a(at91sam9263_devices.o)
                0x23f1d738                at91_spi0_hw_init
                0x23f1d73c                at91_spi1_hw_init
                0x23f1d768                at91_macb_hw_init
                0x23f1d734                at91_serial_hw_init
                0x23f1d740                at91_uhp_hw_init
 .text          0x23f1d810      0x220 arch/arm/cpu/arm926ejs/at91/libat91.a(clock.o)
                0x23f1d830                get_mck_clk_rate
                0x23f1d8b8                at91_clock_init
                0x23f1d850                get_pllb_clk_rate
                0x23f1d860                get_pllb_init
                0x23f1d820                get_main_clk_rate
                0x23f1d810                get_cpu_clk_rate
                0x23f1d840                get_plla_clk_rate
 .text          0x23f1da30        0xc arch/arm/cpu/arm926ejs/at91/libat91.a(cpu.o)
                0x23f1da30                arch_cpu_init
 .text          0x23f1da3c       0x18 arch/arm/cpu/arm926ejs/at91/libat91.a(reset.o)
                0x23f1da3c                reset_cpu
 .text          0x23f1da54      0x1b0 arch/arm/cpu/arm926ejs/at91/libat91.a(timer.o)
                0x23f1dacc                __udelay
                0x23f1dac0                reset_timer
                0x23f1dac4                get_tbclk
                0x23f1db94                get_timer
                0x23f1daa0                reset_timer_masked
                0x23f1dba8                timer_init
                0x23f1db3c                get_timer_masked
                0x23f1da54                get_ticks
 .text          0x23f1dc04      0x1c8 arch/arm/lib/libarm.a(bootm.o)
                0x23f1dc04                do_bootm_linux
 .text          0x23f1ddcc        0x4 arch/arm/lib/libarm.a(cache.o)
                0x23f1ddcc                flush_cache
 .text          0x23f1ddd0       0x30 arch/arm/lib/libarm.a(reset.o)
                0x23f1ddd0                do_reset
 .text          0x23f1de00     0x12e8 fs/fat/libfat.a(fat.o)
                0x23f1efb4                file_fat_read
                0x23f1e664                do_fat_read
                0x23f1efec                file_fat_ls
                0x23f1e504                file_fat_detectfs
                0x23f1de2c                disk_read
                0x23f1effc                fat_register_device
 .text          0x23f1f0e8      0x378 disk/libdisk.a(part.o)
                0x23f1f1c4                dev_print
                0x23f1f0e8                print_part
                0x23f1f408                get_dev
                0x23f1f3c8                get_partition_info
                0x23f1f3ec                init_part
 .text          0x23f1f460      0x4dc disk/libdisk.a(part_dos.o)
                0x23f1f738                get_partition_info_dos
                0x23f1f910                print_part_dos
                0x23f1f4a8                test_part_dos
 .text          0x23f1f93c      0x6fc drivers/mtd/libmtd.a(dataflash.o)
                0x23f1fe28                AT91F_DataflashInit
                0x23f1fb00                dataflash_perror
                0x23f1f93c                AT91F_DataflashSelect
                0x23f1fb94                dataflash_print_info
                0x23f1f9dc                prot_dataflash
                0x23f1f988                addr_dataflash
                0x23f1f9a8                size_dataflash
                0x23f1fa3c                dataflash_real_protect
                0x23f1fcc8                write_dataflash
                0x23f1fd50                read_dataflash
                0x23f1fdb4                AT91F_DataflashSetEnv
 .text          0x23f20038      0x728 drivers/mtd/libmtd.a(at45.o)
                0x23f20634                AT91F_DataFlashPagePgmBuf
                0x23f20670                AT91F_DataFlashContinuousRead
                0x23f202f8                AT91F_WriteBufferToMain
                0x23f201a4                AT91F_DataFlashWaitReady
                0x23f20354                AT91F_BlockErase
                0x23f206cc                AT91F_DataFlashRead
                0x23f20124                AT91F_DataFlashGetStatus
                0x23f20380                AT91F_PageErase
                0x23f203a8                AT91F_MainMemoryToBufferTransfert
                0x23f2017c                AT91F_DataflashProbe
                0x23f20038                AT91F_DataFlashWriteBuffer
                0x23f204b8                AT91F_DataFlashWrite
                0x23f201e8                AT91F_DataFlashSendCommand
                0x23f203f4                AT91F_PartialPageWrite
 .text          0x23f20760      0x800 drivers/mtd/nand/libnand.a(nand_util.o)
                0x23f20a20                nand_write_skip_bad
                0x23f20868                nand_read_skip_bad
                0x23f20c00                nand_erase_opts
                0x23f207d0                nand_upbbt_opts
 .text          0x23f20f60      0x704 drivers/net/libnet.a(macb.o)
                0x23f210b8                macb_eth_initialize
 .text          0x23f21664      0x1c8 drivers/spi/libspi.a(atmel_dataflash_spi.o)
                0x23f216e0                AT91F_SpiWrite
                0x23f21664                AT91F_SpiEnable
                0x23f217bc                AT91F_SpiInit
 .text          0x23f2182c     0x1910 drivers/usb/host/libusb_host.a(ohci-hcd.o)
                0x23f218b4                rh_check_port_status
                0x23f21cc4                usb_lowlevel_stop
                0x23f22420                sohci_submit_job
                0x23f22254                usb_event_poll
                0x23f22a98                submit_int_msg
                0x23f23124                submit_bulk_msg
                0x23f22ab4                submit_control_msg
                0x23f22258                usb_lowlevel_init
                0x23f2294c                submit_common_msg
 .text          0x23f2313c       0x98 drivers/usb/host/libusb_host.a(ohci-at91.o)
                0x23f23184                usb_cpu_init
                0x23f2313c                usb_cpu_stop
                0x23f23180                usb_cpu_init_fail
 .text          0x23f231d4      0x1f4 drivers/video/libvideo.a(atmel_lcdfb.o)
                0x23f231d4                lcd_setcolreg
                0x23f23200                calc_fbsize
                0x23f2322c                lcd_ctrl_init
 .text          0x23f233c8        0x0 board/atmel/at91sam9263ek/libat91sam9263ek.a(partition.o)
 .text          0x23f233c8       0x20 arch/arm/cpu/arm926ejs/libarm926ejs.a(cpu.o)
                0x23f233c8                cleanup_before_linux
 .text          0x23f233e8       0xc8 arch/arm/lib/libarm.a(cache-cp15.o)
                0x23f2348c                dcache_enable
                0x23f23468                icache_enable
                0x23f23470                icache_disable
                0x23f2349c                dcache_status
                0x23f23478                icache_status
                0x23f23494                dcache_disable
 .text          0x23f234b0       0x20 /home/jionfull/prog/u-boot-2010.06/arch/arm/lib/eabi_compat.o
                0x23f234b0                __aeabi_unwind_cpp_pr0
                0x23f234b4                raise
 .text          0x23f234d0      0x114 /usr/local/arm/4.3.2/bin/../lib/gcc/arm-none-linux-gnueabi/4.3.2/armv4t/libgcc.a(_udivsi3.o)
                0x23f234d0                __udivsi3
                0x23f234d0                __aeabi_uidiv
                0x23f235c4                __aeabi_uidivmod
 .text          0x23f235e4      0x148 /usr/local/arm/4.3.2/bin/../lib/gcc/arm-none-linux-gnueabi/4.3.2/armv4t/libgcc.a(_divsi3.o)
                0x23f235e4                __aeabi_idiv
                0x23f235e4                __divsi3
                0x23f2370c                __aeabi_idivmod
 .text          0x23f2372c       0x1c /usr/local/arm/4.3.2/bin/../lib/gcc/arm-none-linux-gnueabi/4.3.2/armv4t/libgcc.a(_lshrdi3.o)
                0x23f2372c                __aeabi_llsr
                0x23f2372c                __lshrdi3
 .text          0x23f23748       0x1c /usr/local/arm/4.3.2/bin/../lib/gcc/arm-none-linux-gnueabi/4.3.2/armv4t/libgcc.a(_ashrdi3.o)
                0x23f23748                __ashrdi3
                0x23f23748                __aeabi_lasr
 .text          0x23f23764       0x1c /usr/local/arm/4.3.2/bin/../lib/gcc/arm-none-linux-gnueabi/4.3.2/armv4t/libgcc.a(_ashldi3.o)
                0x23f23764                __ashldi3
                0x23f23764                __aeabi_llsl
 .text          0x23f23780       0x14 /usr/local/arm/4.3.2/bin/../lib/gcc/arm-none-linux-gnueabi/4.3.2/armv4t/libgcc.a(_dvmd_lnx.o)
                0x23f23780                __aeabi_ldiv0
                0x23f23780                __aeabi_idiv0

.glue_7         0x23f23794        0x0
 .glue_7        0x23f23794        0x0 arch/arm/cpu/arm926ejs/start.o
 .glue_7        0x23f23794        0x0 arch/arm/cpu/arm926ejs/at91/libat91.a(led.o)
 .glue_7        0x23f23794        0x0 arch/arm/lib/libarm.a(board.o)
 .glue_7        0x23f23794        0x0 arch/arm/lib/libarm.a(interrupts.o)
 .glue_7        0x23f23794        0x0 net/libnet.a(eth.o)
 .glue_7        0x23f23794        0x0 net/libnet.a(net.o)
 .glue_7        0x23f23794        0x0 net/libnet.a(nfs.o)
 .glue_7        0x23f23794        0x0 net/libnet.a(rarp.o)
 .glue_7        0x23f23794        0x0 net/libnet.a(tftp.o)
 .glue_7        0x23f23794        0x0 net/libnet.a(bootp.o)
 .glue_7        0x23f23794        0x0 drivers/gpio/libgpio.a(at91_gpio.o)
 .glue_7        0x23f23794        0x0 drivers/mtd/nand/libnand.a(nand.o)
 .glue_7        0x23f23794        0x0 drivers/mtd/nand/libnand.a(nand_base.o)
 .glue_7        0x23f23794        0x0 drivers/mtd/nand/libnand.a(nand_bbt.o)
 .glue_7        0x23f23794        0x0 drivers/mtd/nand/libnand.a(nand_ecc.o)
 .glue_7        0x23f23794        0x0 drivers/mtd/nand/libnand.a(nand_ids.o)
 .glue_7        0x23f23794        0x0 drivers/mtd/nand/libnand.a(atmel_nand.o)
 .glue_7        0x23f23794        0x0 drivers/serial/libserial.a(atmel_usart.o)
 .glue_7        0x23f23794        0x0 common/libcommon.a(cmd_boot.o)
 .glue_7        0x23f23794        0x0 common/libcommon.a(cmd_bootm.o)
 .glue_7        0x23f23794        0x0 common/libcommon.a(cmd_console.o)
 .glue_7        0x23f23794        0x0 common/libcommon.a(cmd_echo.o)
 .glue_7        0x23f23794        0x0 common/libcommon.a(cmd_exit.o)
 .glue_7        0x23f23794        0x0 common/libcommon.a(cmd_fat.o)
 .glue_7        0x23f23794        0x0 common/libcommon.a(cmd_flash.o)
 .glue_7        0x23f23794        0x0 common/libcommon.a(cmd_help.o)
 .glue_7        0x23f23794        0x0 common/libcommon.a(cmd_itest.o)
 .glue_7        0x23f23794        0x0 common/libcommon.a(cmd_load.o)
 .glue_7        0x23f23794        0x0 common/libcommon.a(cmd_mem.o)
 .glue_7        0x23f23794        0x0 common/libcommon.a(cmd_misc.o)
 .glue_7        0x23f23794        0x0 common/libcommon.a(cmd_nand.o)
 .glue_7        0x23f23794        0x0 common/libcommon.a(cmd_net.o)
 .glue_7        0x23f23794        0x0 common/libcommon.a(cmd_nvedit.o)
 .glue_7        0x23f23794        0x0 common/libcommon.a(cmd_test.o)
 .glue_7        0x23f23794        0x0 common/libcommon.a(cmd_usb.o)
 .glue_7        0x23f23794        0x0 common/libcommon.a(cmd_version.o)
 .glue_7        0x23f23794        0x0 common/libcommon.a(cmd_ximg.o)
 .glue_7        0x23f23794        0x0 common/libcommon.a(command.o)
 .glue_7        0x23f23794        0x0 common/libcommon.a(console.o)
 .glue_7        0x23f23794        0x0 common/libcommon.a(dlmalloc.o)
 .glue_7        0x23f23794        0x0 common/libcommon.a(env_common.o)
 .glue_7        0x23f23794        0x0 common/libcommon.a(env_dataflash.o)
 .glue_7        0x23f23794        0x0 common/libcommon.a(exports.o)
 .glue_7        0x23f23794        0x0 common/libcommon.a(hush.o)
 .glue_7        0x23f23794        0x0 common/libcommon.a(image.o)
 .glue_7        0x23f23794        0x0 common/libcommon.a(lcd.o)
 .glue_7        0x23f23794        0x0 common/libcommon.a(main.o)
 .glue_7        0x23f23794        0x0 common/libcommon.a(stdio.o)
 .glue_7        0x23f23794        0x0 common/libcommon.a(usb.o)
 .glue_7        0x23f23794        0x0 common/libcommon.a(usb_storage.o)
 .glue_7        0x23f23794        0x0 common/libcommon.a(xyzModem.o)
 .glue_7        0x23f23794        0x0 board/atmel/at91sam9263ek/libat91sam9263ek.a(at91sam9263ek.o)
 .glue_7        0x23f23794        0x0 lib/libgeneric.a(crc16.o)
 .glue_7        0x23f23794        0x0 lib/libgeneric.a(crc32.o)
 .glue_7        0x23f23794        0x0 lib/libgeneric.a(ctype.o)
 .glue_7        0x23f23794        0x0 lib/libgeneric.a(display_options.o)
 .glue_7        0x23f23794        0x0 lib/libgeneric.a(gunzip.o)
 .glue_7        0x23f23794        0x0 lib/libgeneric.a(net_utils.o)
 .glue_7        0x23f23794        0x0 lib/libgeneric.a(string.o)
 .glue_7        0x23f23794        0x0 lib/libgeneric.a(strmhz.o)
 .glue_7        0x23f23794        0x0 lib/libgeneric.a(time.o)
 .glue_7        0x23f23794        0x0 lib/libgeneric.a(vsprintf.o)
 .glue_7        0x23f23794        0x0 lib/libgeneric.a(zlib.o)
 .glue_7        0x23f23794        0x0 lib/libgeneric.a(div64.o)
 .glue_7        0x23f23794        0x0 arch/arm/cpu/arm926ejs/at91/libat91.a(at91sam9263_devices.o)
 .glue_7        0x23f23794        0x0 arch/arm/cpu/arm926ejs/at91/libat91.a(clock.o)
 .glue_7        0x23f23794        0x0 arch/arm/cpu/arm926ejs/at91/libat91.a(cpu.o)
 .glue_7        0x23f23794        0x0 arch/arm/cpu/arm926ejs/at91/libat91.a(reset.o)
 .glue_7        0x23f23794        0x0 arch/arm/cpu/arm926ejs/at91/libat91.a(timer.o)
 .glue_7        0x23f23794        0x0 arch/arm/lib/libarm.a(bootm.o)
 .glue_7        0x23f23794        0x0 arch/arm/lib/libarm.a(cache.o)
 .glue_7        0x23f23794        0x0 arch/arm/lib/libarm.a(reset.o)
 .glue_7        0x23f23794        0x0 fs/fat/libfat.a(fat.o)
 .glue_7        0x23f23794        0x0 disk/libdisk.a(part.o)
 .glue_7        0x23f23794        0x0 disk/libdisk.a(part_dos.o)
 .glue_7        0x23f23794        0x0 drivers/mtd/libmtd.a(dataflash.o)
 .glue_7        0x23f23794        0x0 drivers/mtd/libmtd.a(at45.o)
 .glue_7        0x23f23794        0x0 drivers/mtd/nand/libnand.a(nand_util.o)
 .glue_7        0x23f23794        0x0 drivers/net/libnet.a(macb.o)
 .glue_7        0x23f23794        0x0 drivers/spi/libspi.a(atmel_dataflash_spi.o)
 .glue_7        0x23f23794        0x0 drivers/usb/host/libusb_host.a(ohci-hcd.o)
 .glue_7        0x23f23794        0x0 drivers/usb/host/libusb_host.a(ohci-at91.o)
 .glue_7        0x23f23794        0x0 drivers/video/libvideo.a(atmel_lcdfb.o)
 .glue_7        0x23f23794        0x0 board/atmel/at91sam9263ek/libat91sam9263ek.a(partition.o)
 .glue_7        0x23f23794        0x0 arch/arm/cpu/arm926ejs/libarm926ejs.a(cpu.o)
 .glue_7        0x23f23794        0x0 arch/arm/lib/libarm.a(cache-cp15.o)
 .glue_7        0x23f23794        0x0 /home/jionfull/prog/u-boot-2010.06/arch/arm/lib/eabi_compat.o
 .glue_7        0x23f23794        0x0 /usr/local/arm/4.3.2/bin/../lib/gcc/arm-none-linux-gnueabi/4.3.2/armv4t/libgcc.a(_udivsi3.o)
 .glue_7        0x23f23794        0x0 /usr/local/arm/4.3.2/bin/../lib/gcc/arm-none-linux-gnueabi/4.3.2/armv4t/libgcc.a(_divsi3.o)
 .glue_7        0x23f23794        0x0 /usr/local/arm/4.3.2/bin/../lib/gcc/arm-none-linux-gnueabi/4.3.2/armv4t/libgcc.a(_lshrdi3.o)
 .glue_7        0x23f23794        0x0 /usr/local/arm/4.3.2/bin/../lib/gcc/arm-none-linux-gnueabi/4.3.2/armv4t/libgcc.a(_ashrdi3.o)
 .glue_7        0x23f23794        0x0 /usr/local/arm/4.3.2/bin/../lib/gcc/arm-none-linux-gnueabi/4.3.2/armv4t/libgcc.a(_ashldi3.o)
 .glue_7        0x23f23794        0x0 /usr/local/arm/4.3.2/bin/../lib/gcc/arm-none-linux-gnueabi/4.3.2/armv4t/libgcc.a(_dvmd_lnx.o)

.glue_7t        0x23f23794        0x0
 .glue_7t       0x23f23794        0x0 arch/arm/cpu/arm926ejs/start.o
 .glue_7t       0x23f23794        0x0 arch/arm/cpu/arm926ejs/at91/libat91.a(led.o)
 .glue_7t       0x23f23794        0x0 arch/arm/lib/libarm.a(board.o)
 .glue_7t       0x23f23794        0x0 arch/arm/lib/libarm.a(interrupts.o)
 .glue_7t       0x23f23794        0x0 net/libnet.a(eth.o)
 .glue_7t       0x23f23794        0x0 net/libnet.a(net.o)
 .glue_7t       0x23f23794        0x0 net/libnet.a(nfs.o)
 .glue_7t       0x23f23794        0x0 net/libnet.a(rarp.o)
 .glue_7t       0x23f23794        0x0 net/libnet.a(tftp.o)
 .glue_7t       0x23f23794        0x0 net/libnet.a(bootp.o)
 .glue_7t       0x23f23794        0x0 drivers/gpio/libgpio.a(at91_gpio.o)
 .glue_7t       0x23f23794        0x0 drivers/mtd/nand/libnand.a(nand.o)
 .glue_7t       0x23f23794        0x0 drivers/mtd/nand/libnand.a(nand_base.o)
 .glue_7t       0x23f23794        0x0 drivers/mtd/nand/libnand.a(nand_bbt.o)
 .glue_7t       0x23f23794        0x0 drivers/mtd/nand/libnand.a(nand_ecc.o)
 .glue_7t       0x23f23794        0x0 drivers/mtd/nand/libnand.a(nand_ids.o)
 .glue_7t       0x23f23794        0x0 drivers/mtd/nand/libnand.a(atmel_nand.o)
 .glue_7t       0x23f23794        0x0 drivers/serial/libserial.a(atmel_usart.o)
 .glue_7t       0x23f23794        0x0 common/libcommon.a(cmd_boot.o)
 .glue_7t       0x23f23794        0x0 common/libcommon.a(cmd_bootm.o)
 .glue_7t       0x23f23794        0x0 common/libcommon.a(cmd_console.o)
 .glue_7t       0x23f23794        0x0 common/libcommon.a(cmd_echo.o)
 .glue_7t       0x23f23794        0x0 common/libcommon.a(cmd_exit.o)
 .glue_7t       0x23f23794        0x0 common/libcommon.a(cmd_fat.o)
 .glue_7t       0x23f23794        0x0 common/libcommon.a(cmd_flash.o)
 .glue_7t       0x23f23794        0x0 common/libcommon.a(cmd_help.o)
 .glue_7t       0x23f23794        0x0 common/libcommon.a(cmd_itest.o)
 .glue_7t       0x23f23794        0x0 common/libcommon.a(cmd_load.o)
 .glue_7t       0x23f23794        0x0 common/libcommon.a(cmd_mem.o)
 .glue_7t       0x23f23794        0x0 common/libcommon.a(cmd_misc.o)
 .glue_7t       0x23f23794        0x0 common/libcommon.a(cmd_nand.o)
 .glue_7t       0x23f23794        0x0 common/libcommon.a(cmd_net.o)
 .glue_7t       0x23f23794        0x0 common/libcommon.a(cmd_nvedit.o)
 .glue_7t       0x23f23794        0x0 common/libcommon.a(cmd_test.o)
 .glue_7t       0x23f23794        0x0 common/libcommon.a(cmd_usb.o)
 .glue_7t       0x23f23794        0x0 common/libcommon.a(cmd_version.o)
 .glue_7t       0x23f23794        0x0 common/libcommon.a(cmd_ximg.o)
 .glue_7t       0x23f23794        0x0 common/libcommon.a(command.o)
 .glue_7t       0x23f23794        0x0 common/libcommon.a(console.o)
 .glue_7t       0x23f23794        0x0 common/libcommon.a(dlmalloc.o)
 .glue_7t       0x23f23794        0x0 common/libcommon.a(env_common.o)
 .glue_7t       0x23f23794        0x0 common/libcommon.a(env_dataflash.o)
 .glue_7t       0x23f23794        0x0 common/libcommon.a(exports.o)
 .glue_7t       0x23f23794        0x0 common/libcommon.a(hush.o)
 .glue_7t       0x23f23794        0x0 common/libcommon.a(image.o)
 .glue_7t       0x23f23794        0x0 common/libcommon.a(lcd.o)
 .glue_7t       0x23f23794        0x0 common/libcommon.a(main.o)
 .glue_7t       0x23f23794        0x0 common/libcommon.a(stdio.o)
 .glue_7t       0x23f23794        0x0 common/libcommon.a(usb.o)
 .glue_7t       0x23f23794        0x0 common/libcommon.a(usb_storage.o)
 .glue_7t       0x23f23794        0x0 common/libcommon.a(xyzModem.o)
 .glue_7t       0x23f23794        0x0 board/atmel/at91sam9263ek/libat91sam9263ek.a(at91sam9263ek.o)
 .glue_7t       0x23f23794        0x0 lib/libgeneric.a(crc16.o)
 .glue_7t       0x23f23794        0x0 lib/libgeneric.a(crc32.o)
 .glue_7t       0x23f23794        0x0 lib/libgeneric.a(ctype.o)
 .glue_7t       0x23f23794        0x0 lib/libgeneric.a(display_options.o)
 .glue_7t       0x23f23794        0x0 lib/libgeneric.a(gunzip.o)
 .glue_7t       0x23f23794        0x0 lib/libgeneric.a(net_utils.o)
 .glue_7t       0x23f23794        0x0 lib/libgeneric.a(string.o)
 .glue_7t       0x23f23794        0x0 lib/libgeneric.a(strmhz.o)
 .glue_7t       0x23f23794        0x0 lib/libgeneric.a(time.o)
 .glue_7t       0x23f23794        0x0 lib/libgeneric.a(vsprintf.o)
 .glue_7t       0x23f23794        0x0 lib/libgeneric.a(zlib.o)
 .glue_7t       0x23f23794        0x0 lib/libgeneric.a(div64.o)
 .glue_7t       0x23f23794        0x0 arch/arm/cpu/arm926ejs/at91/libat91.a(at91sam9263_devices.o)
 .glue_7t       0x23f23794        0x0 arch/arm/cpu/arm926ejs/at91/libat91.a(clock.o)
 .glue_7t       0x23f23794        0x0 arch/arm/cpu/arm926ejs/at91/libat91.a(cpu.o)
 .glue_7t       0x23f23794        0x0 arch/arm/cpu/arm926ejs/at91/libat91.a(reset.o)
 .glue_7t       0x23f23794        0x0 arch/arm/cpu/arm926ejs/at91/libat91.a(timer.o)
 .glue_7t       0x23f23794        0x0 arch/arm/lib/libarm.a(bootm.o)
 .glue_7t       0x23f23794        0x0 arch/arm/lib/libarm.a(cache.o)
 .glue_7t       0x23f23794        0x0 arch/arm/lib/libarm.a(reset.o)
 .glue_7t       0x23f23794        0x0 fs/fat/libfat.a(fat.o)
 .glue_7t       0x23f23794        0x0 disk/libdisk.a(part.o)
 .glue_7t       0x23f23794        0x0 disk/libdisk.a(part_dos.o)
 .glue_7t       0x23f23794        0x0 drivers/mtd/libmtd.a(dataflash.o)
 .glue_7t       0x23f23794        0x0 drivers/mtd/libmtd.a(at45.o)
 .glue_7t       0x23f23794        0x0 drivers/mtd/nand/libnand.a(nand_util.o)
 .glue_7t       0x23f23794        0x0 drivers/net/libnet.a(macb.o)
 .glue_7t       0x23f23794        0x0 drivers/spi/libspi.a(atmel_dataflash_spi.o)
 .glue_7t       0x23f23794        0x0 drivers/usb/host/libusb_host.a(ohci-hcd.o)
 .glue_7t       0x23f23794        0x0 drivers/usb/host/libusb_host.a(ohci-at91.o)
 .glue_7t       0x23f23794        0x0 drivers/video/libvideo.a(atmel_lcdfb.o)
 .glue_7t       0x23f23794        0x0 board/atmel/at91sam9263ek/libat91sam9263ek.a(partition.o)
 .glue_7t       0x23f23794        0x0 arch/arm/cpu/arm926ejs/libarm926ejs.a(cpu.o)
 .glue_7t       0x23f23794        0x0 arch/arm/lib/libarm.a(cache-cp15.o)
 .glue_7t       0x23f23794        0x0 /home/jionfull/prog/u-boot-2010.06/arch/arm/lib/eabi_compat.o
 .glue_7t       0x23f23794        0x0 /usr/local/arm/4.3.2/bin/../lib/gcc/arm-none-linux-gnueabi/4.3.2/armv4t/libgcc.a(_udivsi3.o)
 .glue_7t       0x23f23794        0x0 /usr/local/arm/4.3.2/bin/../lib/gcc/arm-none-linux-gnueabi/4.3.2/armv4t/libgcc.a(_divsi3.o)
 .glue_7t       0x23f23794        0x0 /usr/local/arm/4.3.2/bin/../lib/gcc/arm-none-linux-gnueabi/4.3.2/armv4t/libgcc.a(_lshrdi3.o)
 .glue_7t       0x23f23794        0x0 /usr/local/arm/4.3.2/bin/../lib/gcc/arm-none-linux-gnueabi/4.3.2/armv4t/libgcc.a(_ashrdi3.o)
 .glue_7t       0x23f23794        0x0 /usr/local/arm/4.3.2/bin/../lib/gcc/arm-none-linux-gnueabi/4.3.2/armv4t/libgcc.a(_ashldi3.o)
 .glue_7t       0x23f23794        0x0 /usr/local/arm/4.3.2/bin/../lib/gcc/arm-none-linux-gnueabi/4.3.2/armv4t/libgcc.a(_dvmd_lnx.o)

.vfp11_veneer   0x23f23794        0x0
 .vfp11_veneer  0x23f23794        0x0 arch/arm/cpu/arm926ejs/start.o
 .vfp11_veneer  0x23f23794        0x0 arch/arm/cpu/arm926ejs/at91/libat91.a(led.o)
 .vfp11_veneer  0x23f23794        0x0 arch/arm/lib/libarm.a(board.o)
 .vfp11_veneer  0x23f23794        0x0 arch/arm/lib/libarm.a(interrupts.o)
 .vfp11_veneer  0x23f23794        0x0 net/libnet.a(eth.o)
 .vfp11_veneer  0x23f23794        0x0 net/libnet.a(net.o)
 .vfp11_veneer  0x23f23794        0x0 net/libnet.a(nfs.o)
 .vfp11_veneer  0x23f23794        0x0 net/libnet.a(rarp.o)
 .vfp11_veneer  0x23f23794        0x0 net/libnet.a(tftp.o)
 .vfp11_veneer  0x23f23794        0x0 net/libnet.a(bootp.o)
 .vfp11_veneer  0x23f23794        0x0 drivers/gpio/libgpio.a(at91_gpio.o)
 .vfp11_veneer  0x23f23794        0x0 drivers/mtd/nand/libnand.a(nand.o)
 .vfp11_veneer  0x23f23794        0x0 drivers/mtd/nand/libnand.a(nand_base.o)
 .vfp11_veneer  0x23f23794        0x0 drivers/mtd/nand/libnand.a(nand_bbt.o)
 .vfp11_veneer  0x23f23794        0x0 drivers/mtd/nand/libnand.a(nand_ecc.o)
 .vfp11_veneer  0x23f23794        0x0 drivers/mtd/nand/libnand.a(nand_ids.o)
 .vfp11_veneer  0x23f23794        0x0 drivers/mtd/nand/libnand.a(atmel_nand.o)
 .vfp11_veneer  0x23f23794        0x0 drivers/serial/libserial.a(atmel_usart.o)
 .vfp11_veneer  0x23f23794        0x0 common/libcommon.a(cmd_boot.o)
 .vfp11_veneer  0x23f23794        0x0 common/libcommon.a(cmd_bootm.o)
 .vfp11_veneer  0x23f23794        0x0 common/libcommon.a(cmd_console.o)
 .vfp11_veneer  0x23f23794        0x0 common/libcommon.a(cmd_echo.o)
 .vfp11_veneer  0x23f23794        0x0 common/libcommon.a(cmd_exit.o)
 .vfp11_veneer  0x23f23794        0x0 common/libcommon.a(cmd_fat.o)
 .vfp11_veneer  0x23f23794        0x0 common/libcommon.a(cmd_flash.o)
 .vfp11_veneer  0x23f23794        0x0 common/libcommon.a(cmd_help.o)
 .vfp11_veneer  0x23f23794        0x0 common/libcommon.a(cmd_itest.o)
 .vfp11_veneer  0x23f23794        0x0 common/libcommon.a(cmd_load.o)
 .vfp11_veneer  0x23f23794        0x0 common/libcommon.a(cmd_mem.o)
 .vfp11_veneer  0x23f23794        0x0 common/libcommon.a(cmd_misc.o)
 .vfp11_veneer  0x23f23794        0x0 common/libcommon.a(cmd_nand.o)
 .vfp11_veneer  0x23f23794        0x0 common/libcommon.a(cmd_net.o)
 .vfp11_veneer  0x23f23794        0x0 common/libcommon.a(cmd_nvedit.o)
 .vfp11_veneer  0x23f23794        0x0 common/libcommon.a(cmd_test.o)
 .vfp11_veneer  0x23f23794        0x0 common/libcommon.a(cmd_usb.o)
 .vfp11_veneer  0x23f23794        0x0 common/libcommon.a(cmd_version.o)
 .vfp11_veneer  0x23f23794        0x0 common/libcommon.a(cmd_ximg.o)
 .vfp11_veneer  0x23f23794        0x0 common/libcommon.a(command.o)
 .vfp11_veneer  0x23f23794        0x0 common/libcommon.a(console.o)
 .vfp11_veneer  0x23f23794        0x0 common/libcommon.a(dlmalloc.o)
 .vfp11_veneer  0x23f23794        0x0 common/libcommon.a(env_common.o)
 .vfp11_veneer  0x23f23794        0x0 common/libcommon.a(env_dataflash.o)
 .vfp11_veneer  0x23f23794        0x0 common/libcommon.a(exports.o)
 .vfp11_veneer  0x23f23794        0x0 common/libcommon.a(hush.o)
 .vfp11_veneer  0x23f23794        0x0 common/libcommon.a(image.o)
 .vfp11_veneer  0x23f23794        0x0 common/libcommon.a(lcd.o)
 .vfp11_veneer  0x23f23794        0x0 common/libcommon.a(main.o)
 .vfp11_veneer  0x23f23794        0x0 common/libcommon.a(stdio.o)
 .vfp11_veneer  0x23f23794        0x0 common/libcommon.a(usb.o)
 .vfp11_veneer  0x23f23794        0x0 common/libcommon.a(usb_storage.o)
 .vfp11_veneer  0x23f23794        0x0 common/libcommon.a(xyzModem.o)
 .vfp11_veneer  0x23f23794        0x0 board/atmel/at91sam9263ek/libat91sam9263ek.a(at91sam9263ek.o)
 .vfp11_veneer  0x23f23794        0x0 lib/libgeneric.a(crc16.o)
 .vfp11_veneer  0x23f23794        0x0 lib/libgeneric.a(crc32.o)
 .vfp11_veneer  0x23f23794        0x0 lib/libgeneric.a(ctype.o)
 .vfp11_veneer  0x23f23794        0x0 lib/libgeneric.a(display_options.o)
 .vfp11_veneer  0x23f23794        0x0 lib/libgeneric.a(gunzip.o)
 .vfp11_veneer  0x23f23794        0x0 lib/libgeneric.a(net_utils.o)
 .vfp11_veneer  0x23f23794        0x0 lib/libgeneric.a(string.o)
 .vfp11_veneer  0x23f23794        0x0 lib/libgeneric.a(strmhz.o)
 .vfp11_veneer  0x23f23794        0x0 lib/libgeneric.a(time.o)
 .vfp11_veneer  0x23f23794        0x0 lib/libgeneric.a(vsprintf.o)
 .vfp11_veneer  0x23f23794        0x0 lib/libgeneric.a(zlib.o)
 .vfp11_veneer  0x23f23794        0x0 lib/libgeneric.a(div64.o)
 .vfp11_veneer  0x23f23794        0x0 arch/arm/cpu/arm926ejs/at91/libat91.a(at91sam9263_devices.o)
 .vfp11_veneer  0x23f23794        0x0 arch/arm/cpu/arm926ejs/at91/libat91.a(clock.o)
 .vfp11_veneer  0x23f23794        0x0 arch/arm/cpu/arm926ejs/at91/libat91.a(cpu.o)
 .vfp11_veneer  0x23f23794        0x0 arch/arm/cpu/arm926ejs/at91/libat91.a(reset.o)
 .vfp11_veneer  0x23f23794        0x0 arch/arm/cpu/arm926ejs/at91/libat91.a(timer.o)
 .vfp11_veneer  0x23f23794        0x0 arch/arm/lib/libarm.a(bootm.o)
 .vfp11_veneer  0x23f23794        0x0 arch/arm/lib/libarm.a(cache.o)
 .vfp11_veneer  0x23f23794        0x0 arch/arm/lib/libarm.a(reset.o)
 .vfp11_veneer  0x23f23794        0x0 fs/fat/libfat.a(fat.o)
 .vfp11_veneer  0x23f23794        0x0 disk/libdisk.a(part.o)
 .vfp11_veneer  0x23f23794        0x0 disk/libdisk.a(part_dos.o)
 .vfp11_veneer  0x23f23794        0x0 drivers/mtd/libmtd.a(dataflash.o)
 .vfp11_veneer  0x23f23794        0x0 drivers/mtd/libmtd.a(at45.o)
 .vfp11_veneer  0x23f23794        0x0 drivers/mtd/nand/libnand.a(nand_util.o)
 .vfp11_veneer  0x23f23794        0x0 drivers/net/libnet.a(macb.o)
 .vfp11_veneer  0x23f23794        0x0 drivers/spi/libspi.a(atmel_dataflash_spi.o)
 .vfp11_veneer  0x23f23794        0x0 drivers/usb/host/libusb_host.a(ohci-hcd.o)
 .vfp11_veneer  0x23f23794        0x0 drivers/usb/host/libusb_host.a(ohci-at91.o)
 .vfp11_veneer  0x23f23794        0x0 drivers/video/libvideo.a(atmel_lcdfb.o)
 .vfp11_veneer  0x23f23794        0x0 board/atmel/at91sam9263ek/libat91sam9263ek.a(partition.o)
 .vfp11_veneer  0x23f23794        0x0 arch/arm/cpu/arm926ejs/libarm926ejs.a(cpu.o)
 .vfp11_veneer  0x23f23794        0x0 arch/arm/lib/libarm.a(cache-cp15.o)
 .vfp11_veneer  0x23f23794        0x0 /home/jionfull/prog/u-boot-2010.06/arch/arm/lib/eabi_compat.o
 .vfp11_veneer  0x23f23794        0x0 /usr/local/arm/4.3.2/bin/../lib/gcc/arm-none-linux-gnueabi/4.3.2/armv4t/libgcc.a(_udivsi3.o)
 .vfp11_veneer  0x23f23794        0x0 /usr/local/arm/4.3.2/bin/../lib/gcc/arm-none-linux-gnueabi/4.3.2/armv4t/libgcc.a(_divsi3.o)
 .vfp11_veneer  0x23f23794        0x0 /usr/local/arm/4.3.2/bin/../lib/gcc/arm-none-linux-gnueabi/4.3.2/armv4t/libgcc.a(_lshrdi3.o)
 .vfp11_veneer  0x23f23794        0x0 /usr/local/arm/4.3.2/bin/../lib/gcc/arm-none-linux-gnueabi/4.3.2/armv4t/libgcc.a(_ashrdi3.o)
 .vfp11_veneer  0x23f23794        0x0 /usr/local/arm/4.3.2/bin/../lib/gcc/arm-none-linux-gnueabi/4.3.2/armv4t/libgcc.a(_ashldi3.o)
 .vfp11_veneer  0x23f23794        0x0 /usr/local/arm/4.3.2/bin/../lib/gcc/arm-none-linux-gnueabi/4.3.2/armv4t/libgcc.a(_dvmd_lnx.o)

.janus_2cc_veneer
                0x23f23794        0x0
 .janus_2cc_veneer
                0x23f23794        0x0 arch/arm/cpu/arm926ejs/start.o
 .janus_2cc_veneer
                0x23f23794        0x0 arch/arm/cpu/arm926ejs/at91/libat91.a(led.o)
 .janus_2cc_veneer
                0x23f23794        0x0 arch/arm/lib/libarm.a(board.o)
 .janus_2cc_veneer
                0x23f23794        0x0 arch/arm/lib/libarm.a(interrupts.o)
 .janus_2cc_veneer
                0x23f23794        0x0 net/libnet.a(eth.o)
 .janus_2cc_veneer
                0x23f23794        0x0 net/libnet.a(net.o)
 .janus_2cc_veneer
                0x23f23794        0x0 net/libnet.a(nfs.o)
 .janus_2cc_veneer
                0x23f23794        0x0 net/libnet.a(rarp.o)
 .janus_2cc_veneer
                0x23f23794        0x0 net/libnet.a(tftp.o)
 .janus_2cc_veneer
                0x23f23794        0x0 net/libnet.a(bootp.o)
 .janus_2cc_veneer
                0x23f23794        0x0 drivers/gpio/libgpio.a(at91_gpio.o)
 .janus_2cc_veneer
                0x23f23794        0x0 drivers/mtd/nand/libnand.a(nand.o)
 .janus_2cc_veneer
                0x23f23794        0x0 drivers/mtd/nand/libnand.a(nand_base.o)
 .janus_2cc_veneer
                0x23f23794        0x0 drivers/mtd/nand/libnand.a(nand_bbt.o)
 .janus_2cc_veneer
                0x23f23794        0x0 drivers/mtd/nand/libnand.a(nand_ecc.o)
 .janus_2cc_veneer
                0x23f23794        0x0 drivers/mtd/nand/libnand.a(nand_ids.o)
 .janus_2cc_veneer
                0x23f23794        0x0 drivers/mtd/nand/libnand.a(atmel_nand.o)
 .janus_2cc_veneer
                0x23f23794        0x0 drivers/serial/libserial.a(atmel_usart.o)
 .janus_2cc_veneer
                0x23f23794        0x0 common/libcommon.a(cmd_boot.o)
 .janus_2cc_veneer
                0x23f23794        0x0 common/libcommon.a(cmd_bootm.o)
 .janus_2cc_veneer
                0x23f23794        0x0 common/libcommon.a(cmd_console.o)
 .janus_2cc_veneer
                0x23f23794        0x0 common/libcommon.a(cmd_echo.o)
 .janus_2cc_veneer
                0x23f23794        0x0 common/libcommon.a(cmd_exit.o)
 .janus_2cc_veneer
                0x23f23794        0x0 common/libcommon.a(cmd_fat.o)
 .janus_2cc_veneer
                0x23f23794        0x0 common/libcommon.a(cmd_flash.o)
 .janus_2cc_veneer
                0x23f23794        0x0 common/libcommon.a(cmd_help.o)
 .janus_2cc_veneer
                0x23f23794        0x0 common/libcommon.a(cmd_itest.o)
 .janus_2cc_veneer
                0x23f23794        0x0 common/libcommon.a(cmd_load.o)
 .janus_2cc_veneer
                0x23f23794        0x0 common/libcommon.a(cmd_mem.o)
 .janus_2cc_veneer
                0x23f23794        0x0 common/libcommon.a(cmd_misc.o)
 .janus_2cc_veneer
                0x23f23794        0x0 common/libcommon.a(cmd_nand.o)
 .janus_2cc_veneer
                0x23f23794        0x0 common/libcommon.a(cmd_net.o)
 .janus_2cc_veneer
                0x23f23794        0x0 common/libcommon.a(cmd_nvedit.o)
 .janus_2cc_veneer
                0x23f23794        0x0 common/libcommon.a(cmd_test.o)
 .janus_2cc_veneer
                0x23f23794        0x0 common/libcommon.a(cmd_usb.o)
 .janus_2cc_veneer
                0x23f23794        0x0 common/libcommon.a(cmd_version.o)
 .janus_2cc_veneer
                0x23f23794        0x0 common/libcommon.a(cmd_ximg.o)
 .janus_2cc_veneer
                0x23f23794        0x0 common/libcommon.a(command.o)
 .janus_2cc_veneer
                0x23f23794        0x0 common/libcommon.a(console.o)
 .janus_2cc_veneer
                0x23f23794        0x0 common/libcommon.a(dlmalloc.o)
 .janus_2cc_veneer
                0x23f23794        0x0 common/libcommon.a(env_common.o)
 .janus_2cc_veneer
                0x23f23794        0x0 common/libcommon.a(env_dataflash.o)
 .janus_2cc_veneer
                0x23f23794        0x0 common/libcommon.a(exports.o)
 .janus_2cc_veneer
                0x23f23794        0x0 common/libcommon.a(hush.o)
 .janus_2cc_veneer
                0x23f23794        0x0 common/libcommon.a(image.o)
 .janus_2cc_veneer
                0x23f23794        0x0 common/libcommon.a(lcd.o)
 .janus_2cc_veneer
                0x23f23794        0x0 common/libcommon.a(main.o)
 .janus_2cc_veneer
                0x23f23794        0x0 common/libcommon.a(stdio.o)
 .janus_2cc_veneer
                0x23f23794        0x0 common/libcommon.a(usb.o)
 .janus_2cc_veneer
                0x23f23794        0x0 common/libcommon.a(usb_storage.o)
 .janus_2cc_veneer
                0x23f23794        0x0 common/libcommon.a(xyzModem.o)
 .janus_2cc_veneer
                0x23f23794        0x0 board/atmel/at91sam9263ek/libat91sam9263ek.a(at91sam9263ek.o)
 .janus_2cc_veneer
                0x23f23794        0x0 lib/libgeneric.a(crc16.o)
 .janus_2cc_veneer
                0x23f23794        0x0 lib/libgeneric.a(crc32.o)
 .janus_2cc_veneer
                0x23f23794        0x0 lib/libgeneric.a(ctype.o)
 .janus_2cc_veneer
                0x23f23794        0x0 lib/libgeneric.a(display_options.o)
 .janus_2cc_veneer
                0x23f23794        0x0 lib/libgeneric.a(gunzip.o)
 .janus_2cc_veneer
                0x23f23794        0x0 lib/libgeneric.a(net_utils.o)
 .janus_2cc_veneer
                0x23f23794        0x0 lib/libgeneric.a(string.o)
 .janus_2cc_veneer
                0x23f23794        0x0 lib/libgeneric.a(strmhz.o)
 .janus_2cc_veneer
                0x23f23794        0x0 lib/libgeneric.a(time.o)
 .janus_2cc_veneer
                0x23f23794        0x0 lib/libgeneric.a(vsprintf.o)
 .janus_2cc_veneer
                0x23f23794        0x0 lib/libgeneric.a(zlib.o)
 .janus_2cc_veneer
                0x23f23794        0x0 lib/libgeneric.a(div64.o)
 .janus_2cc_veneer
                0x23f23794        0x0 arch/arm/cpu/arm926ejs/at91/libat91.a(at91sam9263_devices.o)
 .janus_2cc_veneer
                0x23f23794        0x0 arch/arm/cpu/arm926ejs/at91/libat91.a(clock.o)
 .janus_2cc_veneer
                0x23f23794        0x0 arch/arm/cpu/arm926ejs/at91/libat91.a(cpu.o)
 .janus_2cc_veneer
                0x23f23794        0x0 arch/arm/cpu/arm926ejs/at91/libat91.a(reset.o)
 .janus_2cc_veneer
                0x23f23794        0x0 arch/arm/cpu/arm926ejs/at91/libat91.a(timer.o)
 .janus_2cc_veneer
                0x23f23794        0x0 arch/arm/lib/libarm.a(bootm.o)
 .janus_2cc_veneer
                0x23f23794        0x0 arch/arm/lib/libarm.a(cache.o)
 .janus_2cc_veneer
                0x23f23794        0x0 arch/arm/lib/libarm.a(reset.o)
 .janus_2cc_veneer
                0x23f23794        0x0 fs/fat/libfat.a(fat.o)
 .janus_2cc_veneer
                0x23f23794        0x0 disk/libdisk.a(part.o)
 .janus_2cc_veneer
                0x23f23794        0x0 disk/libdisk.a(part_dos.o)
 .janus_2cc_veneer
                0x23f23794        0x0 drivers/mtd/libmtd.a(dataflash.o)
 .janus_2cc_veneer
                0x23f23794        0x0 drivers/mtd/libmtd.a(at45.o)
 .janus_2cc_veneer
                0x23f23794        0x0 drivers/mtd/nand/libnand.a(nand_util.o)
 .janus_2cc_veneer
                0x23f23794        0x0 drivers/net/libnet.a(macb.o)
 .janus_2cc_veneer
                0x23f23794        0x0 drivers/spi/libspi.a(atmel_dataflash_spi.o)
 .janus_2cc_veneer
                0x23f23794        0x0 drivers/usb/host/libusb_host.a(ohci-hcd.o)
 .janus_2cc_veneer
                0x23f23794        0x0 drivers/usb/host/libusb_host.a(ohci-at91.o)
 .janus_2cc_veneer
                0x23f23794        0x0 drivers/video/libvideo.a(atmel_lcdfb.o)
 .janus_2cc_veneer
                0x23f23794        0x0 board/atmel/at91sam9263ek/libat91sam9263ek.a(partition.o)
 .janus_2cc_veneer
                0x23f23794        0x0 arch/arm/cpu/arm926ejs/libarm926ejs.a(cpu.o)
 .janus_2cc_veneer
                0x23f23794        0x0 arch/arm/lib/libarm.a(cache-cp15.o)
 .janus_2cc_veneer
                0x23f23794        0x0 /home/jionfull/prog/u-boot-2010.06/arch/arm/lib/eabi_compat.o
 .janus_2cc_veneer
                0x23f23794        0x0 /usr/local/arm/4.3.2/bin/../lib/gcc/arm-none-linux-gnueabi/4.3.2/armv4t/libgcc.a(_udivsi3.o)
 .janus_2cc_veneer
                0x23f23794        0x0 /usr/local/arm/4.3.2/bin/../lib/gcc/arm-none-linux-gnueabi/4.3.2/armv4t/libgcc.a(_divsi3.o)
 .janus_2cc_veneer
                0x23f23794        0x0 /usr/local/arm/4.3.2/bin/../lib/gcc/arm-none-linux-gnueabi/4.3.2/armv4t/libgcc.a(_lshrdi3.o)
 .janus_2cc_veneer
                0x23f23794        0x0 /usr/local/arm/4.3.2/bin/../lib/gcc/arm-none-linux-gnueabi/4.3.2/armv4t/libgcc.a(_ashrdi3.o)
 .janus_2cc_veneer
                0x23f23794        0x0 /usr/local/arm/4.3.2/bin/../lib/gcc/arm-none-linux-gnueabi/4.3.2/armv4t/libgcc.a(_ashldi3.o)
 .janus_2cc_veneer
                0x23f23794        0x0 /usr/local/arm/4.3.2/bin/../lib/gcc/arm-none-linux-gnueabi/4.3.2/armv4t/libgcc.a(_dvmd_lnx.o)

.v4_bx          0x23f23794        0x0
 .v4_bx         0x23f23794        0x0 arch/arm/cpu/arm926ejs/start.o
 .v4_bx         0x23f23794        0x0 arch/arm/cpu/arm926ejs/at91/libat91.a(led.o)
 .v4_bx         0x23f23794        0x0 arch/arm/lib/libarm.a(board.o)
 .v4_bx         0x23f23794        0x0 arch/arm/lib/libarm.a(interrupts.o)
 .v4_bx         0x23f23794        0x0 net/libnet.a(eth.o)
 .v4_bx         0x23f23794        0x0 net/libnet.a(net.o)
 .v4_bx         0x23f23794        0x0 net/libnet.a(nfs.o)
 .v4_bx         0x23f23794        0x0 net/libnet.a(rarp.o)
 .v4_bx         0x23f23794        0x0 net/libnet.a(tftp.o)
 .v4_bx         0x23f23794        0x0 net/libnet.a(bootp.o)
 .v4_bx         0x23f23794        0x0 drivers/gpio/libgpio.a(at91_gpio.o)
 .v4_bx         0x23f23794        0x0 drivers/mtd/nand/libnand.a(nand.o)
 .v4_bx         0x23f23794        0x0 drivers/mtd/nand/libnand.a(nand_base.o)
 .v4_bx         0x23f23794        0x0 drivers/mtd/nand/libnand.a(nand_bbt.o)
 .v4_bx         0x23f23794        0x0 drivers/mtd/nand/libnand.a(nand_ecc.o)
 .v4_bx         0x23f23794        0x0 drivers/mtd/nand/libnand.a(nand_ids.o)
 .v4_bx         0x23f23794        0x0 drivers/mtd/nand/libnand.a(atmel_nand.o)
 .v4_bx         0x23f23794        0x0 drivers/serial/libserial.a(atmel_usart.o)
 .v4_bx         0x23f23794        0x0 common/libcommon.a(cmd_boot.o)
 .v4_bx         0x23f23794        0x0 common/libcommon.a(cmd_bootm.o)
 .v4_bx         0x23f23794        0x0 common/libcommon.a(cmd_console.o)
 .v4_bx         0x23f23794        0x0 common/libcommon.a(cmd_echo.o)
 .v4_bx         0x23f23794        0x0 common/libcommon.a(cmd_exit.o)
 .v4_bx         0x23f23794        0x0 common/libcommon.a(cmd_fat.o)
 .v4_bx         0x23f23794        0x0 common/libcommon.a(cmd_flash.o)
 .v4_bx         0x23f23794        0x0 common/libcommon.a(cmd_help.o)
 .v4_bx         0x23f23794        0x0 common/libcommon.a(cmd_itest.o)
 .v4_bx         0x23f23794        0x0 common/libcommon.a(cmd_load.o)
 .v4_bx         0x23f23794        0x0 common/libcommon.a(cmd_mem.o)
 .v4_bx         0x23f23794        0x0 common/libcommon.a(cmd_misc.o)
 .v4_bx         0x23f23794        0x0 common/libcommon.a(cmd_nand.o)
 .v4_bx         0x23f23794        0x0 common/libcommon.a(cmd_net.o)
 .v4_bx         0x23f23794        0x0 common/libcommon.a(cmd_nvedit.o)
 .v4_bx         0x23f23794        0x0 common/libcommon.a(cmd_test.o)
 .v4_bx         0x23f23794        0x0 common/libcommon.a(cmd_usb.o)
 .v4_bx         0x23f23794        0x0 common/libcommon.a(cmd_version.o)
 .v4_bx         0x23f23794        0x0 common/libcommon.a(cmd_ximg.o)
 .v4_bx         0x23f23794        0x0 common/libcommon.a(command.o)
 .v4_bx         0x23f23794        0x0 common/libcommon.a(console.o)
 .v4_bx         0x23f23794        0x0 common/libcommon.a(dlmalloc.o)
 .v4_bx         0x23f23794        0x0 common/libcommon.a(env_common.o)
 .v4_bx         0x23f23794        0x0 common/libcommon.a(env_dataflash.o)
 .v4_bx         0x23f23794        0x0 common/libcommon.a(exports.o)
 .v4_bx         0x23f23794        0x0 common/libcommon.a(hush.o)
 .v4_bx         0x23f23794        0x0 common/libcommon.a(image.o)
 .v4_bx         0x23f23794        0x0 common/libcommon.a(lcd.o)
 .v4_bx         0x23f23794        0x0 common/libcommon.a(main.o)
 .v4_bx         0x23f23794        0x0 common/libcommon.a(stdio.o)
 .v4_bx         0x23f23794        0x0 common/libcommon.a(usb.o)
 .v4_bx         0x23f23794        0x0 common/libcommon.a(usb_storage.o)
 .v4_bx         0x23f23794        0x0 common/libcommon.a(xyzModem.o)
 .v4_bx         0x23f23794        0x0 board/atmel/at91sam9263ek/libat91sam9263ek.a(at91sam9263ek.o)
 .v4_bx         0x23f23794        0x0 lib/libgeneric.a(crc16.o)
 .v4_bx         0x23f23794        0x0 lib/libgeneric.a(crc32.o)
 .v4_bx         0x23f23794        0x0 lib/libgeneric.a(ctype.o)
 .v4_bx         0x23f23794        0x0 lib/libgeneric.a(display_options.o)
 .v4_bx         0x23f23794        0x0 lib/libgeneric.a(gunzip.o)
 .v4_bx         0x23f23794        0x0 lib/libgeneric.a(net_utils.o)
 .v4_bx         0x23f23794        0x0 lib/libgeneric.a(string.o)
 .v4_bx         0x23f23794        0x0 lib/libgeneric.a(strmhz.o)
 .v4_bx         0x23f23794        0x0 lib/libgeneric.a(time.o)
 .v4_bx         0x23f23794        0x0 lib/libgeneric.a(vsprintf.o)
 .v4_bx         0x23f23794        0x0 lib/libgeneric.a(zlib.o)
 .v4_bx         0x23f23794        0x0 lib/libgeneric.a(div64.o)
 .v4_bx         0x23f23794        0x0 arch/arm/cpu/arm926ejs/at91/libat91.a(at91sam9263_devices.o)
 .v4_bx         0x23f23794        0x0 arch/arm/cpu/arm926ejs/at91/libat91.a(clock.o)
 .v4_bx         0x23f23794        0x0 arch/arm/cpu/arm926ejs/at91/libat91.a(cpu.o)
 .v4_bx         0x23f23794        0x0 arch/arm/cpu/arm926ejs/at91/libat91.a(reset.o)
 .v4_bx         0x23f23794        0x0 arch/arm/cpu/arm926ejs/at91/libat91.a(timer.o)
 .v4_bx         0x23f23794        0x0 arch/arm/lib/libarm.a(bootm.o)
 .v4_bx         0x23f23794        0x0 arch/arm/lib/libarm.a(cache.o)
 .v4_bx         0x23f23794        0x0 arch/arm/lib/libarm.a(reset.o)
 .v4_bx         0x23f23794        0x0 fs/fat/libfat.a(fat.o)
 .v4_bx         0x23f23794        0x0 disk/libdisk.a(part.o)
 .v4_bx         0x23f23794        0x0 disk/libdisk.a(part_dos.o)
 .v4_bx         0x23f23794        0x0 drivers/mtd/libmtd.a(dataflash.o)
 .v4_bx         0x23f23794        0x0 drivers/mtd/libmtd.a(at45.o)
 .v4_bx         0x23f23794        0x0 drivers/mtd/nand/libnand.a(nand_util.o)
 .v4_bx         0x23f23794        0x0 drivers/net/libnet.a(macb.o)
 .v4_bx         0x23f23794        0x0 drivers/spi/libspi.a(atmel_dataflash_spi.o)
 .v4_bx         0x23f23794        0x0 drivers/usb/host/libusb_host.a(ohci-hcd.o)
 .v4_bx         0x23f23794        0x0 drivers/usb/host/libusb_host.a(ohci-at91.o)
 .v4_bx         0x23f23794        0x0 drivers/video/libvideo.a(atmel_lcdfb.o)
 .v4_bx         0x23f23794        0x0 board/atmel/at91sam9263ek/libat91sam9263ek.a(partition.o)
 .v4_bx         0x23f23794        0x0 arch/arm/cpu/arm926ejs/libarm926ejs.a(cpu.o)
 .v4_bx         0x23f23794        0x0 arch/arm/lib/libarm.a(cache-cp15.o)
 .v4_bx         0x23f23794        0x0 /home/jionfull/prog/u-boot-2010.06/arch/arm/lib/eabi_compat.o
 .v4_bx         0x23f23794        0x0 /usr/local/arm/4.3.2/bin/../lib/gcc/arm-none-linux-gnueabi/4.3.2/armv4t/libgcc.a(_udivsi3.o)
 .v4_bx         0x23f23794        0x0 /usr/local/arm/4.3.2/bin/../lib/gcc/arm-none-linux-gnueabi/4.3.2/armv4t/libgcc.a(_divsi3.o)
 .v4_bx         0x23f23794        0x0 /usr/local/arm/4.3.2/bin/../lib/gcc/arm-none-linux-gnueabi/4.3.2/armv4t/libgcc.a(_lshrdi3.o)
 .v4_bx         0x23f23794        0x0 /usr/local/arm/4.3.2/bin/../lib/gcc/arm-none-linux-gnueabi/4.3.2/armv4t/libgcc.a(_ashrdi3.o)
 .v4_bx         0x23f23794        0x0 /usr/local/arm/4.3.2/bin/../lib/gcc/arm-none-linux-gnueabi/4.3.2/armv4t/libgcc.a(_ashldi3.o)
 .v4_bx         0x23f23794        0x0 /usr/local/arm/4.3.2/bin/../lib/gcc/arm-none-linux-gnueabi/4.3.2/armv4t/libgcc.a(_dvmd_lnx.o)
                0x23f23794                . = ALIGN (0x4)

.rodata         0x23f23798     0x8a3f
 *(SORT(.rodata*))
 .rodata        0x23f23798       0x60 drivers/mtd/nand/libnand.a(nand_base.o)
 .rodata        0x23f237f8       0x80 arch/arm/lib/libarm.a(interrupts.o)
 .rodata        0x23f23878       0x4c common/libcommon.a(cmd_bootm.o)
 .rodata        0x23f238c4       0x14 common/libcommon.a(cmd_nvedit.o)
 .rodata        0x23f238d8      0x400 lib/libgeneric.a(crc32.o)
 .rodata        0x23f23cd8      0x9cc lib/libgeneric.a(zlib.o)
                0x23f2467c                z_errmsg
 .rodata        0x23f246a4       0x10 disk/libdisk.a(part.o)
 .rodata        0x23f246b4       0x80 drivers/usb/host/libusb_host.a(ohci-hcd.o)
 .rodata        0x23f24734      0x200 lib/libgeneric.a(crc16.o)
 .rodata        0x23f24934       0x2e arch/arm/lib/libarm.a(board.o)
                0x23f24934                version_string
 .rodata        0x23f24962        0x7 net/libnet.a(eth.o)
 .rodata        0x23f24969        0x7 net/libnet.a(net.o)
 .rodata        0x23f24970        0x5 drivers/mtd/nand/libnand.a(nand.o)
 .rodata        0x23f24975      0x100 drivers/mtd/nand/libnand.a(nand_ecc.o)
 .rodata        0x23f24a75     0x1000 common/libcommon.a(lcd.o)
 .rodata        0x23f25a75        0x6 lib/libgeneric.a(display_options.o)
 .rodata        0x23f25a7b       0x21 lib/libgeneric.a(vsprintf.o)
                0x23f25a7b                hex_asc
 .rodata.str1.1
                0x23f25a9c       0x8d arch/arm/lib/libarm.a(board.o)
                                 0x8f (size before relaxing)
 .rodata.str1.1
                0x23f25b29      0x264 arch/arm/lib/libarm.a(interrupts.o)
                                0x27b (size before relaxing)
 .rodata.str1.1
                0x23f25d8d       0xc5 net/libnet.a(eth.o)
                                 0xdf (size before relaxing)
 .rodata.str1.1
                0x23f25e52      0x20c net/libnet.a(net.o)
                                0x217 (size before relaxing)
 .rodata.str1.1
                0x23f2605e      0x193 net/libnet.a(nfs.o)
                                0x1a9 (size before relaxing)
 .rodata.str1.1
                0x23f261f1       0x20 net/libnet.a(rarp.o)
                                 0x47 (size before relaxing)
 .rodata.str1.1
                0x23f26211      0x162 net/libnet.a(tftp.o)
                                0x249 (size before relaxing)
 .rodata.str1.1
                0x23f26373      0x100 net/libnet.a(bootp.o)
                                0x13d (size before relaxing)
 .rodata.str1.1
                0x23f26473        0x8 drivers/mtd/nand/libnand.a(nand.o)
 .rodata.str1.1
                0x23f2647b      0x3e9 drivers/mtd/nand/libnand.a(nand_base.o)
 .rodata.str1.1
                0x23f26864      0x1e9 drivers/mtd/nand/libnand.a(nand_bbt.o)
 .rodata.str1.1
                0x23f26a4d      0x31f drivers/mtd/nand/libnand.a(nand_ids.o)
                                0x335 (size before relaxing)
 .rodata.str1.1
                0x23f26d6c       0x15 drivers/serial/libserial.a(atmel_usart.o)
 .rodata.str1.1
                0x23f26d81       0xef common/libcommon.a(cmd_boot.o)
                                 0xf0 (size before relaxing)
 .rodata.str1.1
                0x23f26e70      0x672 common/libcommon.a(cmd_bootm.o)
                                0x691 (size before relaxing)
 .rodata.str1.1
                0x23f274e2       0x5c common/libcommon.a(cmd_console.o)
                                 0x61 (size before relaxing)
 .rodata.str1.1
                0x23f2753e       0x55 common/libcommon.a(cmd_echo.o)
 .rodata.str1.1
                0x23f27593        0xc common/libcommon.a(cmd_exit.o)
                                 0x12 (size before relaxing)
 .rodata.str1.1
                0x23f2759f      0x396 common/libcommon.a(cmd_fat.o)
                                0x3a5 (size before relaxing)
 .rodata.str1.1
                0x23f27935      0x507 common/libcommon.a(cmd_flash.o)
                                0x50f (size before relaxing)
 .rodata.str1.1
                0x23f27e3c       0x9a common/libcommon.a(cmd_help.o)
                                 0x9b (size before relaxing)
 .rodata.str1.1
                0x23f27ed6       0xb3 common/libcommon.a(cmd_itest.o)
                                 0xb5 (size before relaxing)
 .rodata.str1.1
                0x23f27f89      0x219 common/libcommon.a(cmd_load.o)
                                0x22f (size before relaxing)
 .rodata.str1.1
                0x23f281a2      0x52e common/libcommon.a(cmd_mem.o)
                                0x542 (size before relaxing)
 .rodata.str1.1
                0x23f286d0       0x5f common/libcommon.a(cmd_misc.o)
 .rodata.str1.1
                0x23f2872f      0x738 common/libcommon.a(cmd_nand.o)
                                0x78c (size before relaxing)
 .rodata.str1.1
                0x23f28e67      0x1ea common/libcommon.a(cmd_net.o)
                                0x223 (size before relaxing)
 .rodata.str1.1
                0x23f29051      0x355 common/libcommon.a(cmd_nvedit.o)
                                0x3b9 (size before relaxing)
 .rodata.str1.1
                0x23f293a6       0x6e common/libcommon.a(cmd_test.o)
                                 0x96 (size before relaxing)
 .rodata.str1.1
                0x23f29414      0x82f common/libcommon.a(cmd_usb.o)
                                0x969 (size before relaxing)
 .rodata.str1.1
                0x23f29c43       0x1b common/libcommon.a(cmd_version.o)
                                 0x24 (size before relaxing)
 .rodata.str1.1
                0x23f29c5e      0x17e common/libcommon.a(cmd_ximg.o)
                                0x22f (size before relaxing)
 .rodata.str1.1
                0x23f29ddc       0x9e common/libcommon.a(command.o)
                                 0xc6 (size before relaxing)
 .rodata.str1.1
                0x23f29e7a       0x90 common/libcommon.a(console.o)
                                 0xa8 (size before relaxing)
 .rodata.str1.1
                0x23f29f0a       0x33 common/libcommon.a(env_common.o)
                                 0x37 (size before relaxing)
 .rodata.str1.1
                0x23f29f3d       0x17 common/libcommon.a(env_dataflash.o)
 .rodata.str1.1
                0x23f29f54      0x237 common/libcommon.a(hush.o)
                                0x26b (size before relaxing)
 .rodata.str1.1
                0x23f2a18b      0x457 common/libcommon.a(image.o)
                                0x4f2 (size before relaxing)
 .rodata.str1.1
                0x23f2a5e2       0x15 common/libcommon.a(lcd.o)
                                 0x16 (size before relaxing)
 .rodata.str1.1
                0x23f2a5f7       0x8a common/libcommon.a(main.o)
                                 0xf1 (size before relaxing)
 .rodata.str1.1
                0x00000000       0x1b common/libcommon.a(stdio.o)
 .rodata.str1.1
                0x23f2a681      0x28b common/libcommon.a(usb.o)
 .rodata.str1.1
                0x23f2a90c      0x1ed common/libcommon.a(usb_storage.o)
                                0x1ff (size before relaxing)
 .rodata.str1.1
                0x23f2aaf9       0xe3 common/libcommon.a(xyzModem.o)
                                 0xe5 (size before relaxing)
 .rodata.str1.1
                0x23f2abdc      0x154 board/atmel/at91sam9263ek/libat91sam9263ek.a(at91sam9263ek.o)
                                0x15a (size before relaxing)
 .rodata.str1.1
                0x23f2ad30       0x1a lib/libgeneric.a(display_options.o)
                                 0x43 (size before relaxing)
 .rodata.str1.1
                0x23f2ad4a       0x85 lib/libgeneric.a(gunzip.o)
 .rodata.str1.1
                0x23f2adcf        0x7 lib/libgeneric.a(strmhz.o)
                                  0xb (size before relaxing)
 .rodata.str1.1
                0x23f2add6        0xe lib/libgeneric.a(vsprintf.o)
 .rodata.str1.1
                0x23f2ade4      0x21c lib/libgeneric.a(zlib.o)
                                0x21d (size before relaxing)
 .rodata.str1.1
                0x23f2b000       0x1b arch/arm/cpu/arm926ejs/at91/libat91.a(timer.o)
 .rodata.str1.1
                0x23f2b01b       0x42 arch/arm/lib/libarm.a(bootm.o)
                                 0x4b (size before relaxing)
 .rodata.str1.1
                0x23f2b05d        0xf arch/arm/lib/libarm.a(reset.o)
 .rodata.str1.1
                0x23f2b06c      0x15f fs/fat/libfat.a(fat.o)
                                0x16d (size before relaxing)
 .rodata.str1.1
                0x23f2b1cb      0x1af disk/libdisk.a(part.o)
                                0x1e0 (size before relaxing)
 .rodata.str1.1
                0x23f2b37a       0xe5 disk/libdisk.a(part_dos.o)
                                 0xf1 (size before relaxing)
 .rodata.str1.1
                0x23f2b45f      0x177 drivers/mtd/libmtd.a(dataflash.o)
                                0x185 (size before relaxing)
 .rodata.str1.1
                0x23f2b5d6      0x299 drivers/mtd/nand/libnand.a(nand_util.o)
                                0x29b (size before relaxing)
 .rodata.str1.1
                0x23f2b86f      0x15c drivers/net/libnet.a(macb.o)
 .rodata.str1.1
                0x23f2b9cb       0x10 drivers/spi/libspi.a(atmel_dataflash_spi.o)
 .rodata.str1.1
                0x23f2b9db      0x7e1 drivers/usb/host/libusb_host.a(ohci-hcd.o)
 .rodata.str1.1
                0x23f2c1bc       0x1b /home/jionfull/prog/u-boot-2010.06/arch/arm/lib/eabi_compat.o
                0x23f2c1d8                . = ALIGN (0x4)

.data           0x23f2c1d8     0x80b8
 *(.data)
 .data          0x23f2c1d8        0x0 arch/arm/cpu/arm926ejs/start.o
 .data          0x23f2c1d8        0x0 arch/arm/cpu/arm926ejs/at91/libat91.a(led.o)
 .data          0x23f2c1d8       0x2c arch/arm/lib/libarm.a(board.o)
                0x23f2c1d8                init_sequence
 .data          0x23f2c204        0x0 arch/arm/lib/libarm.a(interrupts.o)
 .data          0x23f2c204        0x0 net/libnet.a(eth.o)
 .data          0x23f2c204        0xa net/libnet.a(net.o)
                0x23f2c208                NetBcastAddr
                0x23f2c206                NetOurNativeVLAN
                0x23f2c204                NetOurVLAN
 *fill*         0x23f2c20e        0x2 00
 .data          0x23f2c210        0x4 net/libnet.a(nfs.o)
 .data          0x23f2c214        0x0 net/libnet.a(rarp.o)
 .data          0x23f2c214       0x18 net/libnet.a(tftp.o)
                0x23f2c228                TftpRRQTimeoutMSecs
                0x23f2c220                TftpRRQTimeoutCountMax
 .data          0x23f2c22c        0x0 net/libnet.a(bootp.o)
 .data          0x23f2c22c        0x0 drivers/gpio/libgpio.a(at91_gpio.o)
 .data          0x23f2c22c        0x4 drivers/mtd/nand/libnand.a(nand.o)
                0x23f2c22c                nand_curr_device
 .data          0x23f2c230      0x920 drivers/mtd/nand/libnand.a(nand_base.o)
 .data          0x23f2cb50       0xe4 drivers/mtd/nand/libnand.a(nand_bbt.o)
 .data          0x23f2cc34        0x0 drivers/mtd/nand/libnand.a(nand_ecc.o)
 .data          0x23f2cc34      0x4a0 drivers/mtd/nand/libnand.a(nand_ids.o)
                0x23f2d084                nand_manuf_ids
                0x23f2cc34                nand_flash_ids
 .data          0x23f2d0d4        0x0 drivers/mtd/nand/libnand.a(atmel_nand.o)
 .data          0x23f2d0d4        0x0 drivers/serial/libserial.a(atmel_usart.o)
 .data          0x23f2d0d4        0x0 common/libcommon.a(cmd_boot.o)
 .data          0x23f2d0d4       0xac common/libcommon.a(cmd_bootm.o)
                0x23f2d0d4                load_addr
 .data          0x23f2d180        0x0 common/libcommon.a(cmd_console.o)
 .data          0x23f2d180        0x0 common/libcommon.a(cmd_echo.o)
 .data          0x23f2d180        0x0 common/libcommon.a(cmd_exit.o)
 .data          0x23f2d180        0x0 common/libcommon.a(cmd_fat.o)
 .data          0x23f2d180        0x0 common/libcommon.a(cmd_flash.o)
 .data          0x23f2d180        0x0 common/libcommon.a(cmd_help.o)
 .data          0x23f2d180       0x68 common/libcommon.a(cmd_itest.o)
                0x23f2d180                op_table
 .data          0x23f2d1e8        0x0 common/libcommon.a(cmd_load.o)
 .data          0x23f2d1e8        0x4 common/libcommon.a(cmd_mem.o)
                0x23f2d1e8                dp_last_length
 .data          0x23f2d1ec        0x0 common/libcommon.a(cmd_misc.o)
 .data          0x23f2d1ec        0x0 common/libcommon.a(cmd_nand.o)
 .data          0x23f2d1ec        0x0 common/libcommon.a(cmd_net.o)
 .data          0x23f2d1ec        0x4 common/libcommon.a(cmd_nvedit.o)
 .data          0x23f2d1f0        0x0 common/libcommon.a(cmd_test.o)
 .data          0x23f2d1f0        0x4 common/libcommon.a(cmd_usb.o)
 .data          0x23f2d1f4        0x0 common/libcommon.a(cmd_version.o)
 .data          0x23f2d1f4        0x0 common/libcommon.a(cmd_ximg.o)
 .data          0x23f2d1f4        0x0 common/libcommon.a(command.o)
 .data          0x23f2d1f4        0x0 common/libcommon.a(console.o)
 .data          0x23f2d1f4      0x414 common/libcommon.a(dlmalloc.o)
 .data          0x23f2d608       0xf9 common/libcommon.a(env_common.o)
                0x23f2d608                default_environment
 *fill*         0x23f2d701        0x3 00
 .data          0x23f2d704        0x4 common/libcommon.a(env_dataflash.o)
                0x23f2d704                env_name_spec
 .data          0x23f2d708        0x0 common/libcommon.a(exports.o)
 .data          0x23f2d708       0xac common/libcommon.a(hush.o)
 .data          0x23f2d7b4      0x204 common/libcommon.a(image.o)
 .data          0x23f2d9b8     0x666c common/libcommon.a(lcd.o)
                0x23f2d9f4                bmp_logo_bitmap
                0x23f2d9b8                bmp_logo_palette
 .data          0x23f34024       0x14 common/libcommon.a(main.o)
 .data          0x23f34038        0xc common/libcommon.a(stdio.o)
                0x23f34038                stdio_names
 .data          0x23f34044        0x0 common/libcommon.a(usb.o)
 .data          0x23f34044       0x20 common/libcommon.a(usb_storage.o)
                0x23f34044                us_direction
 .data          0x23f34064        0x0 common/libcommon.a(xyzModem.o)
 .data          0x23f34064       0x34 board/atmel/at91sam9263ek/libat91sam9263ek.a(at91sam9263ek.o)
                0x23f34064                panel_info
 .data          0x23f34098        0x0 lib/libgeneric.a(crc16.o)
 .data          0x23f34098        0x0 lib/libgeneric.a(crc32.o)
 .data          0x23f34098      0x100 lib/libgeneric.a(ctype.o)
                0x23f34098                _ctype
 .data          0x23f34198        0x0 lib/libgeneric.a(display_options.o)
 .data          0x23f34198        0x0 lib/libgeneric.a(gunzip.o)
 .data          0x23f34198        0x0 lib/libgeneric.a(net_utils.o)
 .data          0x23f34198        0x0 lib/libgeneric.a(string.o)
 .data          0x23f34198        0x0 lib/libgeneric.a(strmhz.o)
 .data          0x23f34198        0x0 lib/libgeneric.a(time.o)
 .data          0x23f34198        0x0 lib/libgeneric.a(vsprintf.o)
 .data          0x23f34198        0x0 lib/libgeneric.a(zlib.o)
 .data          0x23f34198        0x0 lib/libgeneric.a(div64.o)
 .data          0x23f34198        0x0 arch/arm/cpu/arm926ejs/at91/libat91.a(at91sam9263_devices.o)
 .data          0x23f34198        0x0 arch/arm/cpu/arm926ejs/at91/libat91.a(clock.o)
 .data          0x23f34198        0x0 arch/arm/cpu/arm926ejs/at91/libat91.a(cpu.o)
 .data          0x23f34198        0x0 arch/arm/cpu/arm926ejs/at91/libat91.a(reset.o)
 .data          0x23f34198        0x0 arch/arm/cpu/arm926ejs/at91/libat91.a(timer.o)
 .data          0x23f34198        0x0 arch/arm/lib/libarm.a(bootm.o)
 .data          0x23f34198        0x0 arch/arm/lib/libarm.a(cache.o)
 .data          0x23f34198        0x0 arch/arm/lib/libarm.a(reset.o)
 .data          0x23f34198        0x4 fs/fat/libfat.a(fat.o)
 .data          0x23f3419c        0x0 disk/libdisk.a(part.o)
 .data          0x23f3419c        0x0 disk/libdisk.a(part_dos.o)
 .data          0x23f3419c        0x0 drivers/mtd/libmtd.a(dataflash.o)
 .data          0x23f3419c        0x0 drivers/mtd/libmtd.a(at45.o)
 .data          0x23f3419c        0x0 drivers/mtd/nand/libnand.a(nand_util.o)
 .data          0x23f3419c        0x0 drivers/net/libnet.a(macb.o)
 .data          0x23f3419c        0x0 drivers/spi/libspi.a(atmel_dataflash_spi.o)
 .data          0x23f3419c       0x4b drivers/usb/host/libusb_host.a(ohci-hcd.o)
 .data          0x23f341e7        0x0 drivers/usb/host/libusb_host.a(ohci-at91.o)
 .data          0x23f341e7        0x0 drivers/video/libvideo.a(atmel_lcdfb.o)
 *fill*         0x23f341e7        0x1 00
 .data          0x23f341e8       0xa8 board/atmel/at91sam9263ek/libat91sam9263ek.a(partition.o)
                0x23f341e8                cs
                0x23f341f0                area_list
 .data          0x23f34290        0x0 arch/arm/cpu/arm926ejs/libarm926ejs.a(cpu.o)
 .data          0x23f34290        0x0 arch/arm/lib/libarm.a(cache-cp15.o)
 .data          0x23f34290        0x0 /home/jionfull/prog/u-boot-2010.06/arch/arm/lib/eabi_compat.o
 .data          0x23f34290        0x0 /usr/local/arm/4.3.2/bin/../lib/gcc/arm-none-linux-gnueabi/4.3.2/armv4t/libgcc.a(_udivsi3.o)
 .data          0x23f34290        0x0 /usr/local/arm/4.3.2/bin/../lib/gcc/arm-none-linux-gnueabi/4.3.2/armv4t/libgcc.a(_divsi3.o)
 .data          0x23f34290        0x0 /usr/local/arm/4.3.2/bin/../lib/gcc/arm-none-linux-gnueabi/4.3.2/armv4t/libgcc.a(_lshrdi3.o)
 .data          0x23f34290        0x0 /usr/local/arm/4.3.2/bin/../lib/gcc/arm-none-linux-gnueabi/4.3.2/armv4t/libgcc.a(_ashrdi3.o)
 .data          0x23f34290        0x0 /usr/local/arm/4.3.2/bin/../lib/gcc/arm-none-linux-gnueabi/4.3.2/armv4t/libgcc.a(_ashldi3.o)
 .data          0x23f34290        0x0 /usr/local/arm/4.3.2/bin/../lib/gcc/arm-none-linux-gnueabi/4.3.2/armv4t/libgcc.a(_dvmd_lnx.o)
                0x23f34290                . = ALIGN (0x4)

.got
 *(.got)
                0x23f34290                . = .
                0x23f34290                __u_boot_cmd_start = .

.u_boot_cmd     0x23f34290      0x5b0
 *(.u_boot_cmd)
 .u_boot_cmd    0x23f34290       0x38 common/libcommon.a(cmd_boot.o)
                0x23f342ac                __u_boot_cmd_reset
                0x23f34290                __u_boot_cmd_go
 .u_boot_cmd    0x23f342c8       0x54 common/libcommon.a(cmd_bootm.o)
                0x23f342c8                __u_boot_cmd_bootm
                0x23f34300                __u_boot_cmd_bootd
                0x23f342e4                __u_boot_cmd_boot
 .u_boot_cmd    0x23f3431c       0x1c common/libcommon.a(cmd_console.o)
                0x23f3431c                __u_boot_cmd_coninfo
 .u_boot_cmd    0x23f34338       0x1c common/libcommon.a(cmd_echo.o)
                0x23f34338                __u_boot_cmd_echo
 .u_boot_cmd    0x23f34354       0x1c common/libcommon.a(cmd_exit.o)
                0x23f34354                __u_boot_cmd_exit
 .u_boot_cmd    0x23f34370       0x54 common/libcommon.a(cmd_fat.o)
                0x23f343a8                __u_boot_cmd_fatinfo
                0x23f34370                __u_boot_cmd_fatload
                0x23f3438c                __u_boot_cmd_fatls
 .u_boot_cmd    0x23f343c4       0x54 common/libcommon.a(cmd_flash.o)
                0x23f343c4                __u_boot_cmd_flinfo
                0x23f343e0                __u_boot_cmd_erase
                0x23f343fc                __u_boot_cmd_protect
 .u_boot_cmd    0x23f34418       0x38 common/libcommon.a(cmd_help.o)
                0x23f34434                __u_boot_cmd_question_mark
                0x23f34418                __u_boot_cmd_help
 .u_boot_cmd    0x23f34450       0x1c common/libcommon.a(cmd_itest.o)
                0x23f34450                __u_boot_cmd_itest
 .u_boot_cmd    0x23f3446c       0x38 common/libcommon.a(cmd_load.o)
                0x23f34488                __u_boot_cmd_loady
                0x23f3446c                __u_boot_cmd_loadb
 .u_boot_cmd    0x23f344a4      0x118 common/libcommon.a(cmd_mem.o)
                0x23f344a4                __u_boot_cmd_md
                0x23f34530                __u_boot_cmd_cmp
                0x23f344f8                __u_boot_cmd_mw
                0x23f34584                __u_boot_cmd_loop
                0x23f34568                __u_boot_cmd_base
                0x23f344c0                __u_boot_cmd_mm
                0x23f3454c                __u_boot_cmd_crc32
                0x23f344dc                __u_boot_cmd_nm
                0x23f345a0                __u_boot_cmd_mtest
                0x23f34514                __u_boot_cmd_cp