Archive member included because of file (symbol)

arch/arm/cpu/arm926ejs/at91/libat91.a(led.o)
                              arch/arm/cpu/arm926ejs/start.o (red_LED_on)
arch/arm/lib/libarm.a(board.o)
                              arch/arm/cpu/arm926ejs/start.o (start_armboot)
arch/arm/lib/libarm.a(interrupts.o)
                              arch/arm/lib/libarm.a(board.o) (enable_interrupts)
net/libnet.a(eth.o)           arch/arm/lib/libarm.a(board.o) (eth_initialize)
net/libnet.a(net.o)           arch/arm/lib/libarm.a(board.o) (copy_filename)
net/libnet.a(nfs.o)           net/libnet.a(net.o) (NfsStart)
net/libnet.a(rarp.o)          net/libnet.a(net.o) (RarpRequest)
net/libnet.a(tftp.o)          net/libnet.a(net.o) (TftpStart)
net/libnet.a(bootp.o)         net/libnet.a(net.o) (BootpRequest)
drivers/gpio/libgpio.a(at91_gpio.o)
                              arch/arm/cpu/arm926ejs/at91/libat91.a(led.o) (at91_set_pio_value)
drivers/mtd/nand/libnand.a(nand.o)
                              arch/arm/lib/libarm.a(board.o) (nand_init)
drivers/mtd/nand/libnand.a(nand_base.o)
                              drivers/mtd/nand/libnand.a(nand.o) (nand_scan)
drivers/mtd/nand/libnand.a(nand_bbt.o)
                              drivers/mtd/nand/libnand.a(nand_base.o) (nand_isbad_bbt)
drivers/mtd/nand/libnand.a(nand_ecc.o)
                              drivers/mtd/nand/libnand.a(nand_base.o) (nand_calculate_ecc)
drivers/mtd/nand/libnand.a(nand_ids.o)
                              drivers/mtd/nand/libnand.a(nand_base.o) (nand_flash_ids)
drivers/mtd/nand/libnand.a(atmel_nand.o)
                              drivers/mtd/nand/libnand.a(nand.o) (board_nand_init)
drivers/serial/libserial.a(atmel_usart.o)
                              arch/arm/lib/libarm.a(board.o) (serial_init)
common/libcommon.a(cmd_boot.o)
                              (__u_boot_cmd_go)
common/libcommon.a(cmd_bootm.o)
                              arch/arm/lib/libarm.a(board.o) (load_addr)
common/libcommon.a(cmd_console.o)
                              (__u_boot_cmd_coninfo)
common/libcommon.a(cmd_echo.o)
                              (__u_boot_cmd_echo)
common/libcommon.a(cmd_exit.o)
                              (__u_boot_cmd_exit)
common/libcommon.a(cmd_fat.o)
                              (__u_boot_cmd_fatload)
common/libcommon.a(cmd_flash.o)
                              (__u_boot_cmd_flinfo)
common/libcommon.a(cmd_help.o)
                              (__u_boot_cmd_help)
common/libcommon.a(cmd_itest.o)
                              (__u_boot_cmd_itest)
common/libcommon.a(cmd_load.o)
                              (__u_boot_cmd_loadb)
common/libcommon.a(cmd_mem.o)
                              (__u_boot_cmd_md)
common/libcommon.a(cmd_misc.o)
                              (__u_boot_cmd_sleep)
common/libcommon.a(cmd_nand.o)
                              (__u_boot_cmd_nand)
common/libcommon.a(cmd_net.o)
                              (__u_boot_cmd_bootp)
common/libcommon.a(cmd_nvedit.o)
                              net/libnet.a(eth.o) (get_env_id)
common/libcommon.a(cmd_test.o)
                              (__u_boot_cmd_test)
common/libcommon.a(cmd_usb.o)
                              (__u_boot_cmd_usb)
common/libcommon.a(cmd_version.o)
                              (__u_boot_cmd_version)
common/libcommon.a(cmd_ximg.o)
                              (__u_boot_cmd_imxtract)
common/libcommon.a(command.o)
                              common/libcommon.a(cmd_itest.o) (cmd_get_data_size)
common/libcommon.a(console.o)
                              arch/arm/lib/libarm.a(board.o) (printf)
common/libcommon.a(dlmalloc.o)
                              drivers/mtd/nand/libnand.a(nand_base.o) (free)
common/libcommon.a(env_common.o)
                              common/libcommon.a(cmd_nvedit.o) (env_get_addr)
common/libcommon.a(env_dataflash.o)
                              arch/arm/lib/libarm.a(board.o) (env_init)
common/libcommon.a(exports.o)
                              arch/arm/lib/libarm.a(board.o) (jumptable_init)
common/libcommon.a(hush.o)    common/libcommon.a(cmd_bootm.o) (parse_string_outer)
common/libcommon.a(image.o)   common/libcommon.a(cmd_ximg.o) (image_multi_count)
common/libcommon.a(lcd.o)     arch/arm/lib/libarm.a(board.o) (lcd_setmem)
common/libcommon.a(main.o)    common/libcommon.a(cmd_nvedit.o) (do_run)
common/libcommon.a(stdio.o)   common/libcommon.a(cmd_console.o) (stdio_get_list)
common/libcommon.a(usb.o)     common/libcommon.a(cmd_usb.o) (usb_get_dev_index)
common/libcommon.a(usb_storage.o)
                              common/libcommon.a(cmd_usb.o) (usb_stor_get_dev)
common/libcommon.a(xyzModem.o)
                              common/libcommon.a(cmd_load.o) (xyzModem_error)
board/atmel/at91sam9263ek/libat91sam9263ek.a(at91sam9263ek.o)
                              arch/arm/lib/libarm.a(board.o) (UartPuts)
lib/libgeneric.a(crc16.o)     common/libcommon.a(xyzModem.o) (cyg_crc16)
lib/libgeneric.a(crc32.o)     common/libcommon.a(cmd_mem.o) (crc32)
[...]
Memory Configuration

Name             Origin             Length             Attributes
*default*        0x00000000         0xffffffff

Linker script and memory map

                0x00000000                . = 0x0
                0x00000000                . = ALIGN (0x4)

.text           0x23f00000    0x24b84
 arch/arm/cpu/arm926ejs/start.o(.text)
 .text          0x23f00000      0x360 arch/arm/cpu/arm926ejs/start.o
                0x23f00000                _start
                0x23f00044                _armboot_start
                0x23f00048                _bss_start
                0x23f0004c                _bss_end
 *(.text)
 .text          0x23f00360       0x60 arch/arm/cpu/arm926ejs/at91/libat91.a(led.o)
                0x23f00360                yellow_LED_off
                0x23f00370                yellow_LED_on
                0x23f00380                green_LED_off
                0x23f00390                green_LED_on
                0x23f003a0                red_LED_off
                0x23f003b0                red_LED_on
 .text          0x23f003c0      0x294 arch/arm/lib/libarm.a(board.o)
                0x23f003c0                coloured_LED_init
                0x23f003c0                __coloured_LED_init
                0x23f003c4                __red_LED_on
                0x23f003c8                __red_LED_off
                0x23f003cc                __green_LED_on
                0x23f003d0                __green_LED_off
                0x23f003d4                __yellow_LED_on
                0x23f003d8                __yellow_LED_off
                0x23f003dc                blue_LED_on
                0x23f003dc                __blue_LED_on
                0x23f003e0                blue_LED_off
                0x23f003e0                __blue_LED_off
                0x23f003e4                hang
                0x23f004b8                start_armboot
 .text          0x23f00654      0x264 arch/arm/lib/libarm.a(interrupts.o)
                0x23f00654                enable_interrupts
                0x23f00658                disable_interrupts
                0x23f00660                show_regs
                0x23f007a0                bad_mode
                0x23f007bc                do_irq
                0x23f007e0                do_fiq
                0x23f00804                do_not_used
                0x23f00828                do_data_abort
                0x23f0084c                do_prefetch_abort
                0x23f00870                do_software_interrupt
                0x23f00894                do_undefined_instruction
 .text          0x23f008b8      0x7fc net/libnet.a(eth.o)
                0x23f008b8                cpu_eth_init
                0x23f008c0                eth_get_dev
                0x23f008d0                eth_get_dev_by_index
                0x23f00914                eth_get_dev_index
                0x23f00960                eth_halt
                0x23f00994                eth_send
                0x23f009c8                eth_rx
                0x23f009f4                eth_get_name
                0x23f00a14                eth_get_dev_by_name
                0x23f00a64                eth_set_current
                0x23f00b04                eth_try_another
                0x23f00bb4                eth_register
                0x23f00c40                eth_setenv_enetaddr
                0x23f00c78                eth_parse_enetaddr
                0x23f00cd8                eth_getenv_enetaddr
                0x23f00d30                eth_getenv_enetaddr_by_index
                0x23f00d7c                eth_init
                0x23f00e40                eth_initialize
 .text          0x23f010b4     0x1484 net/libnet.a(net.o)
                0x23f010cc                NetSetHandler
                0x23f010dc                NetCksumOk
                0x23f01134                NetCksum
                0x23f0117c                copy_filename
                0x23f011d4                string_to_VLAN
                0x23f01228                getenv_VLAN
                0x23f01238                NetEthHdrSize
                0x23f0127c                VLAN_to_string
                0x23f012c8                ip_to_string
                0x23f01318                random_port
                0x23f01334                NetSetTimeout
                0x23f0136c                NetSetIP
                0x23f0148c                NetSetEther
                0x23f01574                NetSendPacket
                0x23f01578                NetReceive
                0x23f01b90                ArpRequest
                0x23f01c94                PingSend
                0x23f01e44                NetSendUDPPacket
                0x23f01fa0                NetStartAgain
                0x23f020ac                ArpTimeoutCheck
                0x23f02130                NetLoop
 .text          0x23f02538      0xfdc net/libnet.a(nfs.o)
                0x23f02e10                NfsStart
 .text          0x23f03514      0x1a0 net/libnet.a(rarp.o)
                0x23f03514                RarpRequest
 .text          0x23f036b4      0x7d4 net/libnet.a(tftp.o)
                0x23f03854                TftpStart
 .text          0x23f03e88      0x9e0 net/libnet.a(bootp.o)
                0x23f04650                BootpRequest
                0x23f0481c                DhcpRequest
 .text          0x23f04868      0x26c drivers/gpio/libgpio.a(at91_gpio.o)
                0x23f04868                at91_set_pio_pullup
                0x23f0489c                at91_set_pio_periph
                0x23f048e0                at91_set_a_periph
                0x23f04928                at91_set_b_periph
                0x23f04970                at91_set_pio_input
                0x23f049c0                at91_set_pio_output
                0x23f04a0c                at91_set_pio_deglitch
                0x23f04a48                at91_set_pio_multi_drive
                0x23f04a74                at91_set_pio_value
                0x23f04aa0                at91_get_pio_value
 .text          0x23f04ad4       0xb4 drivers/mtd/nand/libnand.a(nand.o)
                0x23f04ad4                nand_init
 .text          0x23f04b88     0x3bb0 drivers/mtd/nand/libnand.a(nand_base.o)
                0x23f05e9c                nand_release
                0x23f05ee4                nand_scan_tail
                0x23f066fc                nand_scan_ident
                0x23f06ca0                nand_scan
                0x23f07648                nand_erase_nand
                0x23f07b5c                nand_wait_ready
 .text          0x23f08738     0x1a0c drivers/mtd/nand/libnand.a(nand_bbt.o)
                0x23f08738                nand_isbad_bbt
                0x23f09858                nand_update_bbt
                0x23f09b24                nand_scan_bbt
                0x23f0a060                nand_default_bbt
 .text          0x23f0a144      0x214 drivers/mtd/nand/libnand.a(nand_ecc.o)
                0x23f0a144                nand_calculate_ecc
                0x23f0a238                nand_correct_data
 .text          0x23f0a358        0x0 drivers/mtd/nand/libnand.a(nand_ids.o)
 .text          0x23f0a358       0xa0 drivers/mtd/nand/libnand.a(atmel_nand.o)
                0x23f0a358                board_nand_init
 .text          0x23f0a3f8       0xf0 drivers/serial/libserial.a(atmel_usart.o)
                0x23f0a3f8                lonPlat_init
                0x23f0a3fc                lonPlat_putc
                0x23f0a418                lonPlat_getc
                0x23f0a434                lonPlat_tstc
                0x23f0a444                serial_setbrg
                0x23f0a448                serial_putc
                0x23f0a47c                serial_puts
                0x23f0a4a4                serial_getc
                0x23f0a4c0                serial_tstc
                0x23f0a4d0                serial_init
 .text          0x23f0a4e8       0x90 common/libcommon.a(cmd_boot.o)
                0x23f0a4e8                do_go_exec
                0x23f0a500                do_go
 .text          0x23f0a578      0xad8 common/libcommon.a(cmd_bootm.o)
                0x23f0a578                arch_preboot_os
                0x23f0a578                __arch_preboot_os
                0x23f0a57c                do_bootd
                0x23f0ac14                do_bootm_subcommand
                0x23f0adbc                do_bootm
 .text          0x23f0b050       0xe0 common/libcommon.a(cmd_console.o)
                0x23f0b050                do_coninfo
 .text          0x23f0b130       0x84 common/libcommon.a(cmd_echo.o)
                0x23f0b130                do_echo
 .text          0x23f0b1b4       0x30 common/libcommon.a(cmd_exit.o)
                0x23f0b1b4                do_exit
 .text          0x23f0b1e4      0x364 common/libcommon.a(cmd_fat.o)
                0x23f0b1e4                do_fat_fsinfo
                0x23f0b2bc                do_fat_ls
                0x23f0b3c4                do_fat_fsload
 .text          0x23f0b548      0x144 common/libcommon.a(cmd_flash.o)
                0x23f0b548                do_flerase
                0x23f0b550                do_protect
                0x23f0b67c                do_flinfo
 .text          0x23f0b68c       0x48 common/libcommon.a(cmd_help.o)
                0x23f0b68c                do_help
 .text          0x23f0b6d4      0x310 common/libcommon.a(cmd_itest.o)
                0x23f0b740                binary_test
                0x23f0b948                do_itest
 .text          0x23f0b9e4      0xa98 common/libcommon.a(cmd_load.o)
                0x23f0b9e4                ktrans
                0x23f0ba04                chk1
                0x23f0ba6c                k_data_init
                0x23f0ba8c                k_data_save
                0x23f0bab0                k_data_restore
                0x23f0bad4                k_data_char
                0x23f0bb48                send_pad
                0x23f0bb78                s1_sendpacket
                0x23f0bba4                handle_send_packet
                0x23f0bda0                send_nack
                0x23f0be18                send_ack
                0x23f0bfb0                do_load_serial_bin
 .text          0x23f0c47c      0xa88 common/libcommon.a(cmd_mem.o)
                0x23f0c47c                do_mem_crc
                0x23f0c528                do_mem_base
                0x23f0c56c                do_mem_mtest
                0x23f0c714                do_mem_loop
                0x23f0c80c                do_mem_mw
                0x23f0c8cc                do_mem_cmp
                0x23f0ca88                do_mem_cp
                0x23f0cd8c                do_mem_nm
                0x23f0cdac                do_mem_mm
                0x23f0cdcc                do_mem_md
 .text          0x23f0cf04       0x84 common/libcommon.a(cmd_misc.o)
                0x23f0cf04                do_sleep
 .text          0x23f0cf88      0xf68 common/libcommon.a(cmd_nand.o)
                0x23f0d124                do_nandboot
                0x23f0d690                do_nand
 .text          0x23f0def0      0x3c4 common/libcommon.a(cmd_net.o)
                0x23f0def0                do_ping
                0x23f0e278                do_nfs
                0x23f0e284                do_dhcp
                0x23f0e290                do_rarpb
                0x23f0e29c                do_tftpb
                0x23f0e2a8                do_bootp
 .text          0x23f0e2b4      0x874 common/libcommon.a(cmd_nvedit.o)
                0x23f0e2b4                get_env_id
                0x23f0e2c4                envmatch
                0x23f0e324                getenv_r
                0x23f0e3cc                do_saveenv
                0x23f0e3f8                getenv
                0x23f0e468                _do_setenv
                0x23f0e8d4                do_setenv
                0x23f0e900                setenv
                0x23f0e94c                do_editenv
                0x23f0ea98                do_printenv
 .text          0x23f0eb28      0x478 common/libcommon.a(cmd_test.o)
                0x23f0eb28                do_false
                0x23f0eb30                do_true
                0x23f0eb38                do_test
 .text          0x23f0efa0     0x1140 common/libcommon.a(cmd_usb.o)
                0x23f0efa0                usb_get_class_desc
                0x23f0f040                usb_display_ep_desc
                0x23f0f100                usb_display_class_sub
                0x23f0f27c                do_usbboot
                0x23f0f620                usb_show_tree_graph
                0x23f0f840                usb_show_tree
                0x23f0f874                usb_display_desc
                0x23f0f9a4                usb_display_string
                0x23f0f9e4                usb_display_if_desc
                0x23f0fa6c                usb_display_conf_desc
                0x23f0fb18                usb_display_config
                0x23f0fba4                do_usb
 .text          0x23f100e0       0x20 common/libcommon.a(cmd_version.o)
                0x23f100e0                do_version
 .text          0x23f10100      0x2dc common/libcommon.a(cmd_ximg.o)
                0x23f10100                do_imgextract
 .text          0x23f103dc      0x860 common/libcommon.a(command.o)
                0x23f103dc                cmd_get_data_size
                0x23f1042c                cmd_usage
                0x23f1048c                var_complete
                0x23f1050c                find_cmd_tbl
                0x23f105a0                find_cmd
                0x23f105c8                install_auto_complete
                0x23f10634                _do_help
                0x23f107b0                cmd_auto_complete
 .text          0x23f10c3c      0x5cc common/libcommon.a(console.o)
                0x23f10cdc                fgetc
                0x23f10d04                ftstc
                0x23f10d2c                fputc
                0x23f10d58                fputs
                0x23f10d84                disable_ctrlc
                0x23f10d9c                had_ctrlc
                0x23f10dac                clear_ctrlc
                0x23f10dc0                dbg
                0x23f10dcc                getc
                0x23f10de4                tstc
                0x23f10dfc                ctrlc
                0x23f10e48                putc
                0x23f10e64                puts
                0x23f10e80                console_init_f
                0x23f10ea0                search_device
                0x23f10ec8                console_assign
                0x23f10f08                vprintf
                0x23f10f34                printf
                0x23f10f74                stdio_print_current_devices
                0x23f1102c                console_init_r
                0x23f11180                fprintf
                0x23f111c8                serial_printf
 .text          0x23f11208     0x10f0 common/libcommon.a(dlmalloc.o)
                0x23f11208                sbrk
                0x23f11240                malloc_trim
                0x23f11350                free
                0x23f11574                cfree
                0x23f11578                malloc
                0x23f11b98                memalign
                0x23f11ca8                pvalloc
                0x23f11cc0                valloc
                0x23f11ccc                malloc_usable_size
                0x23f11d10                mallopt
                0x23f11d88                calloc
                0x23f11e68                mem_malloc_init
                0x23f11e90                realloc
 .text          0x23f122f8      0x288 common/libcommon.a(env_common.o)
                0x23f122f8                env_get_char_memory
                0x23f1231c                env_get_addr
                0x23f12340                env_get_char
                0x23f12388                env_complete
                0x23f124c8                env_crc_update
                0x23f124f4                set_default_env
                0x23f12538                env_relocate
 .text          0x23f12580       0xa4 common/libcommon.a(env_dataflash.o)
                0x23f12580                env_init
                0x23f125a8                saveenv
                0x23f125e8                env_relocate_spec
                0x23f12604                env_get_char_spec
 .text          0x23f12624      0x1e4 common/libcommon.a(exports.o)
                0x23f12628                get_version
                0x23f12630                jumptable_init
 .text          0x23f12808     0x1e48 common/libcommon.a(hush.o)
                0x23f12808                simple_itoa
                0x23f12890                mapset
                0x23f128bc                do_showvar
                0x23f129a8                u_boot_hush_start
                0x23f12a18                new_pipe
                0x23f12cd0                unset_local_var
                0x23f12e94                reserved_word
                0x23f13408                set_local_var
                0x23f135b8                update_ifs_map
                0x23f13cc4                parse_file_outer
                0x23f13d08                parse_string_outer
 .text          0x23f14650      0x988 common/libcommon.a(image.o)
                0x23f14650                image_multi_count
                0x23f14674                get_table_entry_name
                0x23f146a0                genimg_get_os_name
                0x23f146d8                genimg_get_arch_name
                0x23f14710                genimg_get_type_name
                0x23f14748                genimg_get_comp_name
                0x23f14780                genimg_has_config
                0x23f14788                get_table_entry_id
                0x23f147d4                genimg_get_comp_id
                0x23f147ec                genimg_get_type_id
                0x23f14804                genimg_get_arch_id
                0x23f1481c                genimg_get_os_id
                0x23f14834                genimg_get_format
                0x23f14888                image_multi_getimg
                0x23f14930                genimg_get_image
                0x23f149a4                genimg_print_size
                0x23f149d4                image_print_contents
                0x23f14c14                memmove_wd
                0x23f14c20                getenv_bootm_low
                0x23f14c54                getenv_yesno
                0x23f14c78                getenv_bootm_size
                0x23f14cac                image_check_dcrc
                0x23f14cf8                image_check_hcrc
                0x23f14d60                boot_get_ramdisk
 .text          0x23f14fd8      0x760 common/libcommon.a(lcd.o)
                0x23f14fd8                lcd_setmem
                0x23f1500c                bitmap_plot
                0x23f15348                drv_lcd_init
                0x23f15434                lcd_putc
                0x23f156b8                lcd_puts
                0x23f156f8                lcd_printf
 .text          0x23f15738     0x10c4 common/libcommon.a(main.o)
                0x23f15738                __show_boot_progress
                0x23f15738                show_boot_progress
                0x23f1573c                parse_line
                0x23f157c8                do_run
                0x23f15838                run_command
                0x23f15dcc                readline_into_buffer
                0x23f166e4                readline
                0x23f16700                main_loop
 .text          0x23f167fc      0x170 common/libcommon.a(stdio.o)
                0x23f167fc                stdio_get_list
                0x23f16808                stdio_clone
                0x23f16850                stdio_register
                0x23f16890                stdio_init
                0x23f16920                stdio_get_by_name
 .text          0x23f1696c     0x1664 common/libcommon.a(usb.o)
                0x23f1696c                usb_disable_asynch
                0x23f16984                usb_maxpacket
                0x23f16a18                usb_set_maxpacket
                0x23f16a7c                usb_get_dev_index
                0x23f16aac                usb_hub_reset
                0x23f16ac0                usb_hub_allocate
                0x23f16b04                usb_alloc_new_device
                0x23f16ba4                usb_parse_config
                0x23f16cf4                usb_submit_int_msg
                0x23f16cf8                usb_stop
                0x23f16d2c                wait_ms
                0x23f16d50                usb_bulk_msg
                0x23f16db4                usb_control_msg
                0x23f16e84                usb_get_port_status
                0x23f16ee4                usb_get_hub_status
                0x23f16f38                usb_set_port_feature
                0x23f16f98                usb_clear_port_feature
                0x23f16ff8                usb_clear_hub_feature
                0x23f1704c                usb_get_hub_descriptor
                0x23f170ac                usb_get_string
                0x23f17228                usb_string
                0x23f17328                usb_get_class_descriptor
                0x23f1739c                usb_get_report
                0x23f17410                usb_set_idle
                0x23f17474                usb_set_protocol
                0x23f174d4                usb_set_configuration
                0x23f17540                usb_set_interface
                0x23f17600                usb_set_address
                0x23f17644                usb_get_descriptor
                0x23f176b0                usb_get_configuration_no
                0x23f17748                usb_clear_halt
                0x23f178dc                usb_hub_port_connect_change
                0x23f179cc                usb_hub_configure
                0x23f17be4                usb_hub_probe
                0x23f17c40                usb_new_device
                0x23f17edc                usb_scan_devices
                0x23f17f54                usb_init
 .text          0x23f17fd0     0x1590 common/libcommon.a(usb_storage.o)
                0x23f17fd0                usb_stor_get_dev
                0x23f18014                usb_show_progress
                0x23f18020                usb_storage_probe
                0x23f18250                usb_stor_BBB_clear_endpt_stall
                0x23f18470                usb_stor_CB_comdat
                0x23f186bc                usb_stor_BBB_comdat
                0x23f187a8                usb_stor_BBB_transport
                0x23f18970                usb_stor_CBI_get_status
                0x23f18a50                usb_stor_CB_transport
                0x23f18c40                usb_stor_info
                0x23f18d9c                usb_stor_get_info
                0x23f19018                usb_stor_scan
                0x23f19180                usb_stor_read
                0x23f19370                usb_stor_write
 .text          0x23f19560      0x974 common/libcommon.a(xyzModem.o)
                0x23f19560                parse_num
                0x23f1968c                xyzModem_error
                0x23f196ac                xyzModem_stream_close
                0x23f196fc                CYGACC_COMM_IF_PUTC
                0x23f19704                CYGACC_COMM_IF_GETC_TIMEOUT
                0x23f19758                xyzModem_stream_terminate
                0x23f19b04                xyzModem_stream_read
                0x23f19d80                xyzModem_stream_open
 .text          0x23f19ed4      0x5c8 board/atmel/at91sam9263ek/libat91sam9263ek.a(at91sam9263ek.o)
                0x23f19ed4                Tl16c752_Send
                0x23f19ef0                UartPuts
                0x23f19f28                Tl16c752_RxChk
                0x23f19f38                dram_init
                0x23f19f58                board_eth_init
                0x23f19f6c                reset_phy
                0x23f19f74                board_init
                0x23f1a3e4                lcd_show_board_info
                0x23f1a47c                lcd_disable
                0x23f1a48c                lcd_enable
 .text          0x23f1a49c       0x48 lib/libgeneric.a(crc16.o)
                0x23f1a49c                cyg_crc16
 .text          0x23f1a4e4      0x104 lib/libgeneric.a(crc32.o)
                0x23f1a4e4                crc32_no_comp
                0x23f1a5d0                crc32
                0x23f1a5e4                crc32_wd
 .text          0x23f1a5e8        0x0 lib/libgeneric.a(ctype.o)
 .text          0x23f1a5e8      0x2d4 lib/libgeneric.a(display_options.o)
                0x23f1a5e8                print_size
                0x23f1a72c                display_options
                0x23f1a74c                print_buffer
 .text          0x23f1a8bc      0x1bc lib/libgeneric.a(gunzip.o)
                0x23f1a8bc                zunzip
                0x23f1a9ac                gunzip
                0x23f1aa60                zfree
                0x23f1aa68                zalloc
 .text          0x23f1aa78       0x80 lib/libgeneric.a(net_utils.o)
                0x23f1aa78                string_to_ip
 .text          0x23f1aaf8      0x6bc lib/libgeneric.a(string.o)
                0x23f1aaf8                strcpy
                0x23f1ab14                strncpy
                0x23f1ab3c                strcat
                0x23f1ab6c                strncat
                0x23f1abc8                strcmp
                0x23f1abf8                strncmp
                0x23f1ac40                strchr
                0x23f1ac6c                strrchr
                0x23f1aca8                strlen
                0x23f1acc8                strnlen
                0x23f1acf0                strspn
                0x23f1ad34                strpbrk
                0x23f1ad6c                strtok
                0x23f1ae38                strsep
                0x23f1ae9c                strswab
                0x23f1aee4                memset
                0x23f1af58                bcopy
                0x23f1af80                memcpy
                0x23f1afec                memmove
                0x23f1b048                memcmp
                0x23f1b080                memscan
                0x23f1b0b0                strstr
                0x23f1b130                memchr
                0x23f1b15c                strdup
 .text          0x23f1b1b4       0x6c lib/libgeneric.a(strmhz.o)
                0x23f1b1b4                strmhz
 .text          0x23f1b220       0x30 lib/libgeneric.a(time.o)
                0x23f1b220                udelay
 .text          0x23f1b250      0xdf8 lib/libgeneric.a(vsprintf.o)
                0x23f1b250                simple_strtoul
                0x23f1b300                simple_strtol
                0x23f1b328                ustrtoul
                0x23f1b394                simple_strtoull
                0x23f1b550                panic
                0x23f1b9c8                vsprintf
                0x23f1c020                sprintf
 .text          0x23f1c048     0x279c lib/libgeneric.a(zlib.o)
                0x23f1c048                inflate_fast
                0x23f1c5a4                inflate_table
                0x23f1cb50                inflateReset
                0x23f1cbec                inflateInit2_
                0x23f1ccec                inflateInit_
                0x23f1ccfc                inflateEnd
                0x23f1cd80                adler32
                0x23f1d090                zcfree
                0x23f1d098                zcalloc
                0x23f1d0a0                inflate
 .text          0x23f1e7e4       0xf4 lib/libgeneric.a(div64.o)
                0x23f1e7e4                __div64_32
 .text          0x23f1e8d8       0xdc arch/arm/cpu/arm926ejs/at91/libat91.a(at91sam9263_devices.o)
                0x23f1e8d8                at91_serial_hw_init
                0x23f1e8dc                at91_spi0_hw_init
                0x23f1e8e0                at91_spi1_hw_init
                0x23f1e8e4                at91_uhp_hw_init
                0x23f1e90c                at91_macb_hw_init
 .text          0x23f1e9b4      0x228 arch/arm/cpu/arm926ejs/at91/libat91.a(clock.o)
                0x23f1e9b4                get_cpu_clk_rate
                0x23f1e9c4                get_main_clk_rate
                0x23f1e9d4                get_mck_clk_rate
                0x23f1e9e4                get_plla_clk_rate
                0x23f1e9f4                get_pllb_clk_rate
                0x23f1ea04                get_pllb_init
                0x23f1ea14                at91_clock_init
 .text          0x23f1ebdc        0xc arch/arm/cpu/arm926ejs/at91/libat91.a(cpu.o)
                0x23f1ebdc                arch_cpu_init
 .text          0x23f1ebe8       0x18 arch/arm/cpu/arm926ejs/at91/libat91.a(reset.o)
                0x23f1ebe8                reset_cpu
 .text          0x23f1ec00      0x270 arch/arm/cpu/arm926ejs/at91/libat91.a(timer.o)
                0x23f1ec00                get_ticks
                0x23f1ec4c                reset_timer_masked
                0x23f1ec70                reset_timer
                0x23f1ec94                get_tbclk
                0x23f1ec9c                __udelay
                0x23f1ed74                get_timer_masked
                0x23f1edf4                get_timer
                0x23f1ee08                timer_init
 .text          0x23f1ee70      0x1c4 arch/arm/lib/libarm.a(bootm.o)
                0x23f1ee70                do_bootm_linux
 .text          0x23f1f034        0x4 arch/arm/lib/libarm.a(cache.o)
                0x23f1f034                flush_cache
 .text          0x23f1f038       0x30 arch/arm/lib/libarm.a(reset.o)
                0x23f1f038                do_reset
 .text          0x23f1f068     0x13a8 fs/fat/libfat.a(fat.o)
                0x23f1f068                disk_read
                0x23f1f734                file_fat_detectfs
                0x23f1f894                do_fat_read
                0x23f202dc                file_fat_read
                0x23f20314                file_fat_ls
                0x23f20324                fat_register_device
 .text          0x23f20410      0x380 disk/libdisk.a(part.o)
                0x23f20410                dev_print
                0x23f20614                get_partition_info
                0x23f20638                init_part
                0x23f20654                get_dev
                0x23f206b4                print_part
 .text          0x23f20790      0x558 disk/libdisk.a(part_dos.o)
                0x23f20790                test_part_dos
                0x23f20a70                get_partition_info_dos
                0x23f20cbc                print_part_dos
 .text          0x23f20ce8      0x778 drivers/mtd/libmtd.a(dataflash.o)
                0x23f20ce8                AT91F_DataflashSelect
                0x23f20d30                addr_dataflash
                0x23f20d50                size_dataflash
                0x23f20d84                prot_dataflash
                0x23f20de4                dataflash_real_protect
                0x23f20f00                dataflash_perror
                0x23f20f88                dataflash_print_info
                0x23f210b4                write_dataflash
                0x23f2119c                read_dataflash
                0x23f2122c                AT91F_DataflashSetEnv
                0x23f2129c                AT91F_DataflashInit
 .text          0x23f21460      0x714 drivers/mtd/libmtd.a(at45.o)
                0x23f21460                AT91F_DataFlashWriteBuffer
                0x23f21548                AT91F_DataFlashGetStatus
                0x23f215a0                AT91F_DataflashProbe
                0x23f215c8                AT91F_DataFlashWaitReady
                0x23f2160c                AT91F_DataFlashSendCommand
                0x23f2171c                AT91F_WriteBufferToMain
                0x23f2176c                AT91F_BlockErase
                0x23f21798                AT91F_PageErase
                0x23f217c0                AT91F_MainMemoryToBufferTransfert
                0x23f2180c                AT91F_PartialPageWrite
                0x23f218d0                AT91F_DataFlashWrite
                0x23f21a48                AT91F_DataFlashPagePgmBuf
                0x23f21a84                AT91F_DataFlashContinuousRead
                0x23f21ad8                AT91F_DataFlashRead
 .text          0x23f21b74      0x7d4 drivers/mtd/nand/libnand.a(nand_util.o)
                0x23f21b7c                nand_upbbt_opts
                0x23f21c10                nand_read_skip_bad
                0x23f21de8                nand_write_skip_bad
                0x23f21fc4                nand_erase_opts
 .text          0x23f22348      0x754 drivers/net/libnet.a(macb.o)
                0x23f223d0                macb_eth_initialize
 .text          0x23f22a9c      0x1c4 drivers/spi/libspi.a(atmel_dataflash_spi.o)
                0x23f22a9c                AT91F_SpiEnable
                0x23f22b18                AT91F_SpiWrite
                0x23f22bf0                AT91F_SpiInit
 .text          0x23f22c60     0x1850 drivers/usb/host/libusb_host.a(ohci-hcd.o)
                0x23f22c60                rh_check_port_status
                0x23f23084                usb_lowlevel_init
                0x23f23214                usb_lowlevel_stop
                0x23f23244                sohci_submit_job
                0x23f23d50                usb_event_poll
                0x23f23d54                submit_common_msg
                0x23f23e98                submit_int_msg
                0x23f23eb4                submit_control_msg
                0x23f24498                submit_bulk_msg
 .text          0x23f244b0       0xd8 drivers/usb/host/libusb_host.a(ohci-at91.o)
                0x23f244b0                usb_cpu_stop
                0x23f244f4                usb_cpu_init_fail
                0x23f24538                usb_cpu_init
 .text          0x23f24588      0x1dc drivers/video/libvideo.a(atmel_lcdfb.o)
                0x23f24588                lcd_setcolreg
                0x23f245b4                calc_fbsize
                0x23f245d8                lcd_ctrl_init
 .text          0x23f24764        0x0 board/atmel/at91sam9263ek/libat91sam9263ek.a(partition.o)
 .text          0x23f24764       0x20 arch/arm/cpu/arm926ejs/libarm926ejs.a(cpu.o)
                0x23f24764                cleanup_before_linux
 .text          0x23f24784      0x120 arch/arm/lib/libarm.a(cache-cp15.o)
                0x23f24784                icache_enable
                0x23f247c4                icache_disable
                0x23f24804                icache_status
                0x23f24814                dcache_enable
                0x23f24854                dcache_disable
                0x23f24894                dcache_status
 .text          0x23f248a4       0x20 /home/jionfull/u-boot-2010.06/arch/arm/lib/eabi_compat.o
                0x23f248a4                __aeabi_unwind_cpp_pr0
                0x23f248a8                raise
 .text          0x23f248c4      0x114 /opt/FriendlyARM/toolschain/4.4.3/lib/gcc/arm-none-linux-gnueabi/4.4.3/libgcc.a(_udivsi3.o)
                0x23f248c4                __udivsi3
                0x23f248c4                __aeabi_uidiv
                0x23f249c0                __aeabi_uidivmod
 .text          0x23f249d8      0x144 /opt/FriendlyARM/toolschain/4.4.3/lib/gcc/arm-none-linux-gnueabi/4.4.3/libgcc.a(_divsi3.o)
                0x23f249d8                __aeabi_idiv
                0x23f249d8                __divsi3
                0x23f24b04                __aeabi_idivmod
 .text          0x23f24b1c       0x1c /opt/FriendlyARM/toolschain/4.4.3/lib/gcc/arm-none-linux-gnueabi/4.4.3/libgcc.a(_lshrdi3.o)
                0x23f24b1c                __aeabi_llsr
                0x23f24b1c                __lshrdi3
 .text          0x23f24b38       0x1c /opt/FriendlyARM/toolschain/4.4.3/lib/gcc/arm-none-linux-gnueabi/4.4.3/libgcc.a(_ashrdi3.o)
                0x23f24b38                __ashrdi3
                0x23f24b38                __aeabi_lasr
 .text          0x23f24b54       0x1c /opt/FriendlyARM/toolschain/4.4.3/lib/gcc/arm-none-linux-gnueabi/4.4.3/libgcc.a(_ashldi3.o)
                0x23f24b54                __ashldi3
                0x23f24b54                __aeabi_llsl
 .text          0x23f24b70       0x14 /opt/FriendlyARM/toolschain/4.4.3/lib/gcc/arm-none-linux-gnueabi/4.4.3/libgcc.a(_dvmd_lnx.o)
                0x23f24b70                __div0

.glue_7         0x23f24b84        0x0
 .glue_7        0x00000000        0x0 linker stubs

.glue_7t        0x23f24b84        0x0
 .glue_7t       0x00000000        0x0 linker stubs

.vfp11_veneer   0x23f24b84        0x0
 .vfp11_veneer  0x00000000        0x0 linker stubs

.v4_bx          0x23f24b84        0x0
 .v4_bx         0x00000000        0x0 linker stubs
                0x23f24b84                . = ALIGN (0x4)

.rodata         0x23f24b84     0x8f85
 *(SORT(.rodata*))
 .rodata        0x23f24b84       0x30 arch/arm/lib/libarm.a(board.o)
                0x23f24b84                version_string
 .rodata        0x23f24bb4       0x80 arch/arm/lib/libarm.a(interrupts.o)
 .rodata        0x23f24c34        0x8 drivers/mtd/nand/libnand.a(nand.o)
 .rodata        0x23f24c3c       0x5c drivers/mtd/nand/libnand.a(nand_base.o)
 .rodata        0x23f24c98      0x100 drivers/mtd/nand/libnand.a(nand_ecc.o)
 .rodata        0x23f24d98       0x4c common/libcommon.a(cmd_bootm.o)
 .rodata        0x23f24de4       0x58 common/libcommon.a(command.o)
 .rodata        0x23f24e3c     0x1000 common/libcommon.a(lcd.o)
 .rodata        0x23f25e3c        0x8 common/libcommon.a(usb_storage.o)
 .rodata        0x23f25e44       0x20 common/libcommon.a(xyzModem.o)
 .rodata        0x23f25e64      0x200 lib/libgeneric.a(crc16.o)
 .rodata        0x23f26064      0x400 lib/libgeneric.a(crc32.o)
 .rodata        0x23f26464        0x8 lib/libgeneric.a(display_options.o)
 .rodata        0x23f2646c       0x24 lib/libgeneric.a(vsprintf.o)
                0x23f2647c                hex_asc
 .rodata        0x23f26490      0x9d0 lib/libgeneric.a(zlib.o)
                0x23f26e38                z_errmsg
 .rodata        0x23f26e60       0x10 disk/libdisk.a(part.o)
 .rodata        0x23f26e70       0x80 drivers/usb/host/libusb_host.a(ohci-hcd.o)
 .rodata        0x23f26ef0        0x7 net/libnet.a(eth.o)
 .rodata        0x23f26ef7        0x7 net/libnet.a(net.o)
 .rodata.str1.1
                0x23f26efe       0x8d arch/arm/lib/libarm.a(board.o)
                                 0x8f (size before relaxing)
 .rodata.str1.1
                0x23f26f8b      0x264 arch/arm/lib/libarm.a(interrupts.o)
                                0x27b (size before relaxing)
 .rodata.str1.1
                0x23f271ef       0xc5 net/libnet.a(eth.o)
                                 0xdf (size before relaxing)
 .rodata.str1.1
                0x23f272b4      0x20c net/libnet.a(net.o)
                                0x217 (size before relaxing)
 .rodata.str1.1
                0x23f274c0      0x193 net/libnet.a(nfs.o)
                                0x1a9 (size before relaxing)
 .rodata.str1.1
                0x23f27653       0x20 net/libnet.a(rarp.o)
                                 0x47 (size before relaxing)
 .rodata.str1.1
                0x23f27673      0x162 net/libnet.a(tftp.o)
                                0x249 (size before relaxing)
 .rodata.str1.1
                0x23f277d5      0x100 net/libnet.a(bootp.o)
                                0x13d (size before relaxing)
 .rodata.str1.1
                0x23f278d5        0x8 drivers/mtd/nand/libnand.a(nand.o)
 .rodata.str1.1
                0x23f278dd      0x485 drivers/mtd/nand/libnand.a(nand_base.o)
 .rodata.str1.1
                0x23f27d62      0x5c2 drivers/mtd/nand/libnand.a(nand_bbt.o)
                                0x5c4 (size before relaxing)
 .rodata.str1.1
                0x23f28324      0x31f drivers/mtd/nand/libnand.a(nand_ids.o)
                                0x335 (size before relaxing)
 .rodata.str1.1
                0x23f28643       0x15 drivers/serial/libserial.a(atmel_usart.o)
 .rodata.str1.1
                0x23f28658       0xef common/libcommon.a(cmd_boot.o)
                                 0xf0 (size before relaxing)
 .rodata.str1.1
                0x23f28747      0x672 common/libcommon.a(cmd_bootm.o)
                                0x691 (size before relaxing)
 .rodata.str1.1
                0x23f28db9       0x5c common/libcommon.a(cmd_console.o)
                                 0x61 (size before relaxing)
 .rodata.str1.1
                0x23f28e15       0x55 common/libcommon.a(cmd_echo.o)
 .rodata.str1.1
                0x23f28e6a        0xc common/libcommon.a(cmd_exit.o)
                                 0x12 (size before relaxing)
 .rodata.str1.1
                0x23f28e76      0x396 common/libcommon.a(cmd_fat.o)
                                0x3a5 (size before relaxing)
 .rodata.str1.1
                0x23f2920c      0x507 common/libcommon.a(cmd_flash.o)
                                0x50f (size before relaxing)
 .rodata.str1.1
                0x23f29713       0x9a common/libcommon.a(cmd_help.o)
                                 0x9b (size before relaxing)
 .rodata.str1.1
                0x23f297ad       0xb3 common/libcommon.a(cmd_itest.o)
                                 0xb5 (size before relaxing)
 .rodata.str1.1
                0x23f29860      0x219 common/libcommon.a(cmd_load.o)
                                0x22f (size before relaxing)
 .rodata.str1.1
                0x23f29a79      0x52e common/libcommon.a(cmd_mem.o)
                                0x542 (size before relaxing)
 .rodata.str1.1
                0x23f29fa7       0x5f common/libcommon.a(cmd_misc.o)
 .rodata.str1.1
                0x23f2a006      0x747 common/libcommon.a(cmd_nand.o)
                                0x79b (size before relaxing)
 .rodata.str1.1
                0x23f2a74d      0x1ea common/libcommon.a(cmd_net.o)
                                0x223 (size before relaxing)
 .rodata.str1.1
                0x23f2a937      0x355 common/libcommon.a(cmd_nvedit.o)
                                0x3b9 (size before relaxing)
 .rodata.str1.1
                0x23f2ac8c       0x6e common/libcommon.a(cmd_test.o)
                                 0x96 (size before relaxing)
 .rodata.str1.1
                0x23f2acfa      0x82f common/libcommon.a(cmd_usb.o)
                                0x969 (size before relaxing)
 .rodata.str1.1
                0x23f2b529       0x1b common/libcommon.a(cmd_version.o)
                                 0x24 (size before relaxing)
 .rodata.str1.1
                0x23f2b544      0x17e common/libcommon.a(cmd_ximg.o)
                                0x22f (size before relaxing)
 .rodata.str1.1
                0x23f2b6c2       0x9e common/libcommon.a(command.o)
                                 0xc6 (size before relaxing)
 .rodata.str1.1
                0x23f2b760       0x90 common/libcommon.a(console.o)
                                 0xa8 (size before relaxing)
 .rodata.str1.1
                0x23f2b7f0       0x33 common/libcommon.a(env_common.o)
                                 0x37 (size before relaxing)
 .rodata.str1.1
                0x23f2b823       0x17 common/libcommon.a(env_dataflash.o)
 .rodata.str1.1
                0x23f2b83a      0x237 common/libcommon.a(hush.o)
                                0x26b (size before relaxing)
 .rodata.str1.1
                0x23f2ba71      0x457 common/libcommon.a(image.o)
                                0x4f2 (size before relaxing)
 .rodata.str1.1
                0x23f2bec8       0x15 common/libcommon.a(lcd.o)
                                 0x16 (size before relaxing)
 .rodata.str1.1
                0x23f2bedd       0x6f common/libcommon.a(main.o)
                                 0xd6 (size before relaxing)
 .rodata.str1.1
                0x00000000       0x1b common/libcommon.a(stdio.o)
 .rodata.str1.1
                0x23f2bf4c      0x28b common/libcommon.a(usb.o)
 .rodata.str1.1
                0x23f2c1d7      0x1ed common/libcommon.a(usb_storage.o)
                                0x1ff (size before relaxing)
 .rodata.str1.1
                0x23f2c3c4       0xe3 common/libcommon.a(xyzModem.o)
                                 0xe5 (size before relaxing)
 .rodata.str1.1
                0x23f2c4a7      0x154 board/atmel/at91sam9263ek/libat91sam9263ek.a(at91sam9263ek.o)
                                0x15a (size before relaxing)
 .rodata.str1.1
                0x23f2c5fb       0x1a lib/libgeneric.a(display_options.o)
                                 0x43 (size before relaxing)
 .rodata.str1.1
                0x23f2c615       0x85 lib/libgeneric.a(gunzip.o)
 .rodata.str1.1
                0x23f2c69a        0x7 lib/libgeneric.a(strmhz.o)
                                  0xb (size before relaxing)
 .rodata.str1.1
                0x23f2c6a1        0xe lib/libgeneric.a(vsprintf.o)
 .rodata.str1.1
                0x23f2c6af      0x21c lib/libgeneric.a(zlib.o)
                                0x21d (size before relaxing)
 .rodata.str1.1
                0x23f2c8cb       0x1b arch/arm/cpu/arm926ejs/at91/libat91.a(timer.o)
 .rodata.str1.1
                0x23f2c8e6       0x42 arch/arm/lib/libarm.a(bootm.o)
                                 0x4b (size before relaxing)
 .rodata.str1.1
                0x23f2c928        0xf arch/arm/lib/libarm.a(reset.o)
 .rodata.str1.1
                0x23f2c937      0x15f fs/fat/libfat.a(fat.o)
                                0x16d (size before relaxing)
 .rodata.str1.1
                0x23f2ca96      0x1af disk/libdisk.a(part.o)
                                0x1e0 (size before relaxing)
 .rodata.str1.1
                0x23f2cc45       0xe5 disk/libdisk.a(part_dos.o)
                                 0xf1 (size before relaxing)
 .rodata.str1.1
                0x23f2cd2a      0x177 drivers/mtd/libmtd.a(dataflash.o)
                                0x185 (size before relaxing)
 .rodata.str1.1
                0x23f2cea1      0x300 drivers/mtd/nand/libnand.a(nand_util.o)
                                0x302 (size before relaxing)
 .rodata.str1.1
                0x23f2d1a1      0x15c drivers/net/libnet.a(macb.o)
 .rodata.str1.1
                0x23f2d2fd       0x10 drivers/spi/libspi.a(atmel_dataflash_spi.o)
 .rodata.str1.1
                0x23f2d30d      0x7e1 drivers/usb/host/libusb_host.a(ohci-hcd.o)
 .rodata.str1.1
                0x23f2daee       0x1b /home/jionfull/u-boot-2010.06/arch/arm/lib/eabi_compat.o
                0x23f2db0c                . = ALIGN (0x4)

.data           0x23f2db0c     0x804c
 *(.data)
 .data          0x23f2db0c        0x0 arch/arm/cpu/arm926ejs/start.o
 .data          0x23f2db0c        0x0 arch/arm/cpu/arm926ejs/at91/libat91.a(led.o)
 .data          0x23f2db0c       0x2c arch/arm/lib/libarm.a(board.o)
                0x23f2db0c                init_sequence
 .data          0x23f2db38        0x0 arch/arm/lib/libarm.a(interrupts.o)
 .data          0x23f2db38        0x0 net/libnet.a(eth.o)
 .data          0x23f2db38        0xc net/libnet.a(net.o)
                0x23f2db38                NetOurVLAN
                0x23f2db3a                NetOurNativeVLAN
                0x23f2db3c                NetBcastAddr
 .data          0x23f2db44        0x4 net/libnet.a(nfs.o)
 .data          0x23f2db48        0x0 net/libnet.a(rarp.o)
 .data          0x23f2db48       0x18 net/libnet.a(tftp.o)
                0x23f2db54                TftpRRQTimeoutCountMax
                0x23f2db5c                TftpRRQTimeoutMSecs
 .data          0x23f2db60        0x0 net/libnet.a(bootp.o)
 .data          0x23f2db60        0x0 drivers/gpio/libgpio.a(at91_gpio.o)
 .data          0x23f2db60        0x4 drivers/mtd/nand/libnand.a(nand.o)
                0x23f2db60                nand_curr_device
 .data          0x23f2db64      0x920 drivers/mtd/nand/libnand.a(nand_base.o)
 .data          0x23f2e484       0xe4 drivers/mtd/nand/libnand.a(nand_bbt.o)
 .data          0x23f2e568        0x0 drivers/mtd/nand/libnand.a(nand_ecc.o)
 .data          0x23f2e568      0x4a0 drivers/mtd/nand/libnand.a(nand_ids.o)
                0x23f2e568                nand_flash_ids
                0x23f2e9b8                nand_manuf_ids
 .data          0x23f2ea08        0x0 drivers/mtd/nand/libnand.a(atmel_nand.o)
 .data          0x23f2ea08        0x0 drivers/serial/libserial.a(atmel_usart.o)
 .data          0x23f2ea08        0x0 common/libcommon.a(cmd_boot.o)
 .data          0x23f2ea08       0xac common/libcommon.a(cmd_bootm.o)
                0x23f2ea08                load_addr
 .data          0x23f2eab4        0x0 common/libcommon.a(cmd_console.o)
 .data          0x23f2eab4        0x0 common/libcommon.a(cmd_echo.o)
 .data          0x23f2eab4        0x0 common/libcommon.a(cmd_exit.o)
 .data          0x23f2eab4        0x0 common/libcommon.a(cmd_fat.o)
 .data          0x23f2eab4        0x0 common/libcommon.a(cmd_flash.o)
 .data          0x23f2eab4        0x0 common/libcommon.a(cmd_help.o)
 .data          0x23f2eab4       0x68 common/libcommon.a(cmd_itest.o)
                0x23f2eab4                op_table
 .data          0x23f2eb1c        0x0 common/libcommon.a(cmd_load.o)
 .data          0x23f2eb1c        0x4 common/libcommon.a(cmd_mem.o)
                0x23f2eb1c                dp_last_length
 .data          0x23f2eb20        0x0 common/libcommon.a(cmd_misc.o)
 .data          0x23f2eb20        0x0 common/libcommon.a(cmd_nand.o)
 .data          0x23f2eb20        0x0 common/libcommon.a(cmd_net.o)
 .data          0x23f2eb20        0x4 common/libcommon.a(cmd_nvedit.o)
 .data          0x23f2eb24        0x0 common/libcommon.a(cmd_test.o)
 .data          0x23f2eb24        0x4 common/libcommon.a(cmd_usb.o)
 .data          0x23f2eb28        0x0 common/libcommon.a(cmd_version.o)
 .data          0x23f2eb28        0x0 common/libcommon.a(cmd_ximg.o)
 .data          0x23f2eb28        0x0 common/libcommon.a(command.o)
 .data          0x23f2eb28        0x0 common/libcommon.a(console.o)
 .data          0x23f2eb28      0x414 common/libcommon.a(dlmalloc.o)
 .data          0x23f2ef3c       0xb4 common/libcommon.a(env_common.o)
                0x23f2ef3c                default_environment
 .data          0x23f2eff0        0x4 common/libcommon.a(env_dataflash.o)
                0x23f2eff0                env_name_spec
 .data          0x23f2eff4        0x0 common/libcommon.a(exports.o)
 .data          0x23f2eff4       0x84 common/libcommon.a(hush.o)
 .data          0x23f2f078      0x204 common/libcommon.a(image.o)
 .data          0x23f2f27c     0x666c common/libcommon.a(lcd.o)
                0x23f2f27c                bmp_logo_palette
                0x23f2f2b8                bmp_logo_bitmap
 .data          0x23f358e8       0x14 common/libcommon.a(main.o)
 .data          0x23f358fc        0xc common/libcommon.a(stdio.o)
                0x23f358fc                stdio_names
 .data          0x23f35908        0x0 common/libcommon.a(usb.o)
 .data          0x23f35908       0x20 common/libcommon.a(usb_storage.o)
                0x23f35908                us_direction
 .data          0x23f35928        0x0 common/libcommon.a(xyzModem.o)
 .data          0x23f35928       0x34 board/atmel/at91sam9263ek/libat91sam9263ek.a(at91sam9263ek.o)
                0x23f35928                panel_info
 .data          0x23f3595c        0x0 lib/libgeneric.a(crc16.o)
 .data          0x23f3595c        0x0 lib/libgeneric.a(crc32.o)
 .data          0x23f3595c      0x100 lib/libgeneric.a(ctype.o)
                0x23f3595c                _ctype
 .data          0x23f35a5c        0x0 lib/libgeneric.a(display_options.o)
 .data          0x23f35a5c        0x0 lib/libgeneric.a(gunzip.o)
 .data          0x23f35a5c        0x0 lib/libgeneric.a(net_utils.o)
 .data          0x23f35a5c        0x0 lib/libgeneric.a(string.o)
 .data          0x23f35a5c        0x0 lib/libgeneric.a(strmhz.o)
 .data          0x23f35a5c        0x0 lib/libgeneric.a(time.o)
 .data          0x23f35a5c        0x0 lib/libgeneric.a(vsprintf.o)
 .data          0x23f35a5c        0x0 lib/libgeneric.a(zlib.o)
 .data          0x23f35a5c        0x0 lib/libgeneric.a(div64.o)
 .data          0x23f35a5c        0x0 arch/arm/cpu/arm926ejs/at91/libat91.a(at91sam9263_devices.o)
 .data          0x23f35a5c        0x0 arch/arm/cpu/arm926ejs/at91/libat91.a(clock.o)
 .data          0x23f35a5c        0x0 arch/arm/cpu/arm926ejs/at91/libat91.a(cpu.o)
 .data          0x23f35a5c        0x0 arch/arm/cpu/arm926ejs/at91/libat91.a(reset.o)
 .data          0x23f35a5c        0x0 arch/arm/cpu/arm926ejs/at91/libat91.a(timer.o)
 .data          0x23f35a5c        0x0 arch/arm/lib/libarm.a(bootm.o)
 .data          0x23f35a5c        0x0 arch/arm/lib/libarm.a(cache.o)
 .data          0x23f35a5c        0x0 arch/arm/lib/libarm.a(reset.o)
 .data          0x23f35a5c        0x4 fs/fat/libfat.a(fat.o)
 .data          0x23f35a60        0x0 disk/libdisk.a(part.o)
 .data          0x23f35a60        0x0 disk/libdisk.a(part_dos.o)
 .data          0x23f35a60        0x0 drivers/mtd/libmtd.a(dataflash.o)
 .data          0x23f35a60        0x0 drivers/mtd/libmtd.a(at45.o)
 .data          0x23f35a60        0x0 drivers/mtd/nand/libnand.a(nand_util.o)
 .data          0x23f35a60        0x0 drivers/net/libnet.a(macb.o)
 .data          0x23f35a60        0x0 drivers/spi/libspi.a(atmel_dataflash_spi.o)
 .data          0x23f35a60       0x50 drivers/usb/host/libusb_host.a(ohci-hcd.o)
 .data          0x23f35ab0        0x0 drivers/usb/host/libusb_host.a(ohci-at91.o)
 .data          0x23f35ab0        0x0 drivers/video/libvideo.a(atmel_lcdfb.o)
 .data          0x23f35ab0       0xa8 board/atmel/at91sam9263ek/libat91sam9263ek.a(partition.o)
                0x23f35ab0                cs
                0x23f35ab8                area_list
 .data          0x23f35b58        0x0 arch/arm/cpu/arm926ejs/libarm926ejs.a(cpu.o)
 .data          0x23f35b58        0x0 arch/arm/lib/libarm.a(cache-cp15.o)
 .data          0x23f35b58        0x0 /home/jionfull/u-boot-2010.06/arch/arm/lib/eabi_compat.o
 .data          0x23f35b58        0x0 /opt/FriendlyARM/toolschain/4.4.3/lib/gcc/arm-none-linux-gnueabi/4.4.3/libgcc.a(_udivsi3.o)
 .data          0x23f35b58        0x0 /opt/FriendlyARM/toolschain/4.4.3/lib/gcc/arm-none-linux-gnueabi/4.4.3/libgcc.a(_divsi3.o)
 .data          0x23f35b58        0x0 /opt/FriendlyARM/toolschain/4.4.3/lib/gcc/arm-none-linux-gnueabi/4.4.3/libgcc.a(_lshrdi3.o)
 .data          0x23f35b58        0x0 /opt/FriendlyARM/toolschain/4.4.3/lib/gcc/arm-none-linux-gnueabi/4.4.3/libgcc.a(_ashrdi3.o)
 .data          0x23f35b58        0x0 /opt/FriendlyARM/toolschain/4.4.3/lib/gcc/arm-none-linux-gnueabi/4.4.3/libgcc.a(_ashldi3.o)
 .data          0x23f35b58        0x0 /opt/FriendlyARM/toolschain/4.4.3/lib/gcc/arm-none-linux-gnueabi/4.4.3/libgcc.a(_dvmd_lnx.o)
                0x23f35b58                . = ALIGN (0x4)

.got
 *(.got)
                0x23f35b58                . = .
                0x23f35b58                __u_boot_cmd_start = .

.u_boot_cmd     0x23f35b58      0x5b0
 *(.u_boot_cmd)
 .u_boot_cmd    0x23f35b58       0x38 common/libcommon.a(cmd_boot.o)
                0x23f35b58                __u_boot_cmd_go
                0x23f35b74                __u_boot_cmd_reset
 .u_boot_cmd    0x23f35b90       0x54 common/libcommon.a(cmd_bootm.o)
                0x23f35b90                __u_boot_cmd_bootm
                0x23f35bac                __u_boot_cmd_boot
                0x23f35bc8                __u_boot_cmd_bootd
 .u_boot_cmd    0x23f35be4       0x1c common/libcommon.a(cmd_console.o)
                0x23f35be4                __u_boot_cmd_coninfo
 .u_boot_cmd    0x23f35c00       0x1c common/libcommon.a(cmd_echo.o)
                0x23f35c00                __u_boot_cmd_echo
 .u_boot_cmd    0x23f35c1c       0x1c common/libcommon.a(cmd_exit.o)
                0x23f35c1c                __u_boot_cmd_exit
 .u_boot_cmd    0x23f35c38       0x54 common/libcommon.a(cmd_fat.o)
                0x23f35c38                __u_boot_cmd_fatload
                0x23f35c54                __u_boot_cmd_fatls
                0x23f35c70                __u_boot_cmd_fatinfo
 .u_boot_cmd    0x23f35c8c       0x54 common/libcommon.a(cmd_flash.o)
                0x23f35c8c                __u_boot_cmd_flinfo
                0x23f35ca8                __u_boot_cmd_erase
                0x23f35cc4                __u_boot_cmd_protect
 .u_boot_cmd    0x23f35ce0       0x38 common/libcommon.a(cmd_help.o)
                0x23f35ce0                __u_boot_cmd_help
                0x23f35cfc                __u_boot_cmd_question_mark
 .u_boot_cmd    0x23f35d18       0x1c common/libcommon.a(cmd_itest.o)
                0x23f35d18                __u_boot_cmd_itest
 .u_boot_cmd    0x23f35d34       0x38 common/libcommon.a(cmd_load.o)
                0x23f35d34                __u_boot_cmd_loadb
                0x23f35d50                __u_boot_cmd_loady
 .u_boot_cmd    0x23f35d6c      0x118 common/libcommon.a(cmd_mem.o)
                0x23f35d6c                __u_boot_cmd_md
                0x23f35d88                __u_boot_cmd_mm
                0x23f35da4                __u_boot_cmd_nm
                0x23f35dc0                __u_boot_cmd_mw
                0x23f35ddc                __u_boot_cmd_cp
                0x23f35df8                __u_boot_cmd_cmp
                0x23f35e14                __u_boot_cmd_crc32
                0x23f35e30                __u_boot_cmd_base
                0x23f35e4c                __u_boot_cmd_loop
                0x23f35e68                __u_boot_cmd_mtest
 .u_boot_cmd    0x23f35e84       0x1c common/libcommon.a(cmd_misc.o)
                0x23f35e84                __u_boot_cmd_sleep
 .u_boot_cmd    0x23f35ea0       0x38 common/libcommon.a(cmd_nand.o)
                0x23f35ea0                __u_boot_cmd_nand
                0x23f35ebc                __u_boot_cmd_nboot
 .u_boot_cmd    0x23f35ed8       0xa8 common/libcommon.a(cmd_net.o)
                0x23f35ed8                __u_boot_cmd_bootp
                0x23f35ef4                __u_boot_cmd_tftpboot
                0x23f35f10                __u_boot_cmd_rarpboot
                0x23f35f2c                __u_boot_cmd_dhcp
                0x23f35f48                __u_boot_cmd_nfs
                0x23f35f64                __u_boot_cmd_ping
 .u_boot_cmd    0x23f35f80       0x8c common/libcommon.a(cmd_nvedit.o)
                0x23f35f80                __u_boot_cmd_saveenv
                0x23f35f9c                __u_boot_cmd_editenv
                0x23f35fb8                __u_boot_cmd_printenv
                0x23f35fd4                __u_boot_cmd_setenv
                0x23f35ff0                __u_boot_cmd_run
 .u_boot_cmd    0x23f3600c       0x54 common/libcommon.a(cmd_test.o)
                0x23f3600c                __u_boot_cmd_test
                0x23f36028                __u_boot_cmd_false
                0x23f36044                __u_boot_cmd_true
 .u_boot_cmd    0x23f36060       0x38 common/libcommon.a(cmd_usb.o)
                0x23f36060                __u_boot_cmd_usb
                0x23f3607c                __u_boot_cmd_usbboot
 .u_boot_cmd    0x23f36098       0x1c common/libcommon.a(cmd_version.o)
                0x23f36098                __u_boot_cmd_version
 .u_boot_cmd    0x23f360b4       0x1c common/libcommon.a(cmd_ximg.o)
                0x23f360b4                __u_boot_cmd_imxtract
 .u_boot_cmd    0x23f360d0       0x1c common/libcommon.a(hush.o)
                0x23f360d0                __u_boot_cmd_showvar
 .u_boot_cmd    0x23f360ec       0x1c common/libcommon.a(lcd.o)
                0x23f360ec                __u_boot_cmd_cls
                0x23f36108                __u_boot_cmd_end = .
                0x23f36108                . = ALIGN (0x4)
                0x23f36108                __bss_start = .

.bss            0x23f36200    0x41804
 *(.bss)
 .bss           0x23f36200        0x0 arch/arm/cpu/arm926ejs/start.o
 .bss           0x23f36200        0x0 arch/arm/cpu/arm926ejs/at91/libat91.a(led.o)
 .bss           0x23f36200        0x4 arch/arm/lib/libarm.a(board.o)
                0x23f36200                monitor_flash_len
 .bss           0x23f36204        0x0 arch/arm/lib/libarm.a(interrupts.o)
 .bss           0x23f36204       0x14 net/libnet.a(eth.o)
 .bss           0x23f36218     0x25e4 net/libnet.a(net.o)
                0x23f36218                NetState
                0x23f3622c                NetIPID
                0x23f36230                NetOurIP
                0x23f36234                NetOurEther
                0x23f3623c                NetPingIP
                0x23f36240                NetRxPacket
                0x23f36244                NetRxPacketLen
                0x23f36248                NetArpWaitPacketIP
                0x23f3624c                NetArpWaitPacketMAC
                0x23f36250                NetArpWaitReplyIP
                0x23f36254                NetArpWaitTxPacket
                0x23f36258                NetArpWaitTxPacketSize
                0x23f3625c                NetServerIP
                0x23f36260                NetServerEther
                0x23f36268                NetTxPacket
                0x23f3626c                NetOurSubnetMask
                0x23f36270                NetOurGatewayIP
                0x23f3627c                NetEtherNullAddr
                0x23f36284                NetArpWaitTry
                0x23f36288                NetArpWaitTimerStart
                0x23f36294                NetRestartWrap
                0x23f3629c                PktBuf
                0x23f380bc                NetRxPackets
                0x23f380cc                NetArpWaitPacketBuf
                0x23f386f0                NetBootFileXferSize
                0x23f386f4                NetOurDNSIP
                0x23f386f8                NetOurNISDomain
                0x23f38718                NetOurHostName
                0x23f38738                NetOurRootPath
                0x23f38778                NetBootFileSize
                0x23f3877c                BootFile
 .bss           0x23f387fc      0x8b0 net/libnet.a(nfs.o)
 .bss           0x23f390ac        0x4 net/libnet.a(rarp.o)
                0x23f390ac                RarpTry
 .bss           0x23f390b0       0xb4 net/libnet.a(tftp.o)
 .bss           0x23f39164       0x14 net/libnet.a(bootp.o)
                0x23f39164                dhcp_leasetime
                0x23f39168                NetDHCPServerIP
                0x23f3916c                BootpID
                0x23f39170                dhcp_state
                0x23f39174                BootpTry
 .bss           0x23f39178        0x0 drivers/gpio/libgpio.a(at91_gpio.o)
 .bss           0x23f39178      0x1c8 drivers/mtd/nand/libnand.a(nand.o)
                0x23f39178                nand_info
 .bss           0x23f39340        0x0 drivers/mtd/nand/libnand.a(nand_base.o)
 .bss           0x23f39340        0x0 drivers/mtd/nand/libnand.a(nand_bbt.o)
 .bss           0x23f39340        0x0 drivers/mtd/nand/libnand.a(nand_ecc.o)
 .bss           0x23f39340        0x0 drivers/mtd/nand/libnand.a(nand_ids.o)
 .bss           0x23f39340        0x0 drivers/mtd/nand/libnand.a(atmel_nand.o)
 .bss           0x23f39340        0x0 drivers/serial/libserial.a(atmel_usart.o)
 .bss           0x23f39340        0x0 common/libcommon.a(cmd_boot.o)
 .bss           0x23f39340       0x8c common/libcommon.a(cmd_bootm.o)
 .bss           0x23f393cc        0x0 common/libcommon.a(cmd_console.o)
 .bss           0x23f393cc        0x0 common/libcommon.a(cmd_echo.o)
 .bss           0x23f393cc        0x0 common/libcommon.a(cmd_exit.o)
 .bss           0x23f393cc        0x0 common/libcommon.a(cmd_fat.o)
 .bss           0x23f393cc        0x0 common/libcommon.a(cmd_flash.o)
 .bss           0x23f393cc        0x0 common/libcommon.a(cmd_help.o)
 .bss           0x23f393cc        0x0 common/libcommon.a(cmd_itest.o)
 .bss           0x23f393cc       0x60 common/libcommon.a(cmd_load.o)
                0x23f393dc                os_data_init
                0x23f393ec                os_data_char
                0x23f393f0                his_quote
                0x23f393f4                his_pad_count
                0x23f393f8                his_pad_char
                0x23f393f9                his_eol
                0x23f393fc                send_ptr
                0x23f39400                send_parms
 .bss           0x23f3942c       0x14 common/libcommon.a(cmd_mem.o)
                0x23f39430                mm_last_addr
                0x23f39434                mm_last_size
                0x23f39438                dp_last_addr
                0x23f3943c                dp_last_size
 .bss           0x23f39440        0x0 common/libcommon.a(cmd_misc.o)
 .bss           0x23f39440        0x0 common/libcommon.a(cmd_nand.o)
 .bss           0x23f39440        0x0 common/libcommon.a(cmd_net.o)
 .bss           0x23f39440        0x0 common/libcommon.a(cmd_nvedit.o)
 .bss           0x23f39440        0x0 common/libcommon.a(cmd_test.o)
 .bss           0x23f39440        0x0 common/libcommon.a(cmd_usb.o)
 .bss           0x23f39440        0x0 common/libcommon.a(cmd_version.o)
 .bss           0x23f39440        0x0 common/libcommon.a(cmd_ximg.o)
 .bss           0x23f39440      0x300 common/libcommon.a(command.o)
 .bss           0x23f39740        0x8 common/libcommon.a(console.o)
 .bss           0x23f39748       0x44 common/libcommon.a(dlmalloc.o)
                0x23f39748                mem_malloc_brk
                0x23f3974c                mem_malloc_start
                0x23f39750                mem_malloc_end
 .bss           0x23f3978c        0x0 common/libcommon.a(env_common.o)
 .bss           0x23f3978c        0x4 common/libcommon.a(env_dataflash.o)
                0x23f3978c                env_ptr
 .bss           0x23f39790        0x0 common/libcommon.a(exports.o)
 .bss           0x23f39790      0x258 common/libcommon.a(hush.o)
                0x23f399dc                last_return_code
                0x23f399e4                nesting_level
 .bss           0x23f399e8        0x0 common/libcommon.a(image.o)
 .bss           0x23f399e8        0x1 common/libcommon.a(lcd.o)
                0x23f399e8                lcd_is_enabled
 *fill*         0x23f399e9        0x3 00
 .bss           0x23f399ec     0x1578 common/libcommon.a(main.o)
                0x23f399f8                hist_num
                0x23f399fc                hist_lines
                0x23f3ae10                hist_list
                0x23f3ae60                console_buffer
 .bss           0x23f3af64       0x48 common/libcommon.a(stdio.o)
                0x23f3afa0                stdio_devices
 .bss           0x23f3afac     0xaa1c common/libcommon.a(usb.o)
                0x23f459b8                usb_started
 .bss           0x23f459c8      0x5b8 common/libcommon.a(usb_storage.o)
 .bss           0x23f45f80      0x43c common/libcommon.a(xyzModem.o)
 .bss           0x23f463bc        0x0 board/atmel/at91sam9263ek/libat91sam9263ek.a(at91sam9263ek.o)
 .bss           0x23f463bc        0x0 lib/libgeneric.a(crc16.o)
 .bss           0x23f463bc        0x0 lib/libgeneric.a(crc32.o)
 .bss           0x23f463bc        0x0 lib/libgeneric.a(ctype.o)
 .bss           0x23f463bc        0x0 lib/libgeneric.a(display_options.o)
 .bss           0x23f463bc        0x0 lib/libgeneric.a(gunzip.o)
 .bss           0x23f463bc        0x0 lib/libgeneric.a(net_utils.o)
 .bss           0x23f463bc        0x4 lib/libgeneric.a(string.o)
                0x23f463bc                ___strtok
 .bss           0x23f463c0        0x0 lib/libgeneric.a(strmhz.o)
 .bss           0x23f463c0        0x0 lib/libgeneric.a(time.o)
 .bss           0x23f463c0        0x0 lib/libgeneric.a(vsprintf.o)
 .bss           0x23f463c0        0x0 lib/libgeneric.a(zlib.o)
 .bss           0x23f463c0        0x0 lib/libgeneric.a(div64.o)
 .bss           0x23f463c0        0x0 arch/arm/cpu/arm926ejs/at91/libat91.a(at91sam9263_devices.o)
 .bss           0x23f463c0       0x18 arch/arm/cpu/arm926ejs/at91/libat91.a(clock.o)
 .bss           0x23f463d8        0x0 arch/arm/cpu/arm926ejs/at91/libat91.a(cpu.o)
 .bss           0x23f463d8        0x0 arch/arm/cpu/arm926ejs/at91/libat91.a(reset.o)
 .bss           0x23f463d8        0xc arch/arm/cpu/arm926ejs/at91/libat91.a(timer.o)
 .bss           0x23f463e4        0x4 arch/arm/lib/libarm.a(bootm.o)
 .bss           0x23f463e8        0x0 arch/arm/lib/libarm.a(cache.o)
 .bss           0x23f463e8        0x0 arch/arm/lib/libarm.a(reset.o)
 .bss           0x23f463e8    0x30008 fs/fat/libfat.a(fat.o)
                0x23f463f0                get_vfatname_block
                0x23f563f0                do_fat_read_block
                0x23f663f0                get_dentfromdir_block
 .bss           0x23f763f0        0x0 disk/libdisk.a(part.o)
 .bss           0x23f763f0        0x0 disk/libdisk.a(part_dos.o)
 .bss           0x23f763f0        0x8 drivers/mtd/libmtd.a(dataflash.o)
 .bss           0x23f763f8        0x0 drivers/mtd/libmtd.a(at45.o)
 .bss           0x23f763f8        0x0 drivers/mtd/nand/libnand.a(nand_util.o)
 .bss           0x23f763f8        0x0 drivers/net/libnet.a(macb.o)
 .bss           0x23f763f8        0x0 drivers/spi/libspi.a(atmel_dataflash_spi.o)
 *fill*         0x23f763f8        0x8 00
 .bss           0x23f76400     0x1500 drivers/usb/host/libusb_host.a(ohci-hcd.o)
                0x23f76548                phcca
                0x23f76600                ghcca
                0x23f76700                ohci_dev
                0x23f768a0                gtd
                0x23f778e0                ptd
                0x23f778e8                devgone
 .bss           0x23f77900        0x0 drivers/usb/host/libusb_host.a(ohci-at91.o)
 .bss           0x23f77900       0x18 drivers/video/libvideo.a(atmel_lcdfb.o)
                0x23f77900                lcd_line_length
                0x23f77904                lcd_color_fg
                0x23f77908                lcd_color_bg
                0x23f7790c                lcd_base
                0x23f77910                lcd_console_address
                0x23f77914                console_col
                0x23f77916                console_row
 .bss           0x23f77918       0xec board/atmel/at91sam9263ek/libat91sam9263ek.a(partition.o)
                0x23f77918                dataflash_info
 .bss           0x23f77a04        0x0 arch/arm/cpu/arm926ejs/libarm926ejs.a(cpu.o)
 .bss           0x23f77a04        0x0 arch/arm/lib/libarm.a(cache-cp15.o)
 .bss           0x23f77a04        0x0 /home/jionfull/u-boot-2010.06/arch/arm/lib/eabi_compat.o
 .bss           0x23f77a04        0x0 /opt/FriendlyARM/toolschain/4.4.3/lib/gcc/arm-none-linux-gnueabi/4.4.3/libgcc.a(_udivsi3.o)
 .bss           0x23f77a04        0x0 /opt/FriendlyARM/toolschain/4.4.3/lib/gcc/arm-none-linux-gnueabi/4.4.3/libgcc.a(_divsi3.o)
 .bss           0x23f77a04        0x0 /opt/FriendlyARM/toolschain/4.4.3/lib/gcc/arm-none-linux-gnueabi/4.4.3/libgcc.a(_lshrdi3.o)
 .bss           0x23f77a04        0x0 /opt/FriendlyARM/toolschain/4.4.3/lib/gcc/arm-none-linux-gnueabi/4.4.3/libgcc.a(_ashrdi3.o)
 .bss           0x23f77a04        0x0 /opt/FriendlyARM/toolschain/4.4.3/lib/gcc/arm-none-linux-gnueabi/4.4.3/libgcc.a(_ashldi3.o)
 .bss           0x23f77a04        0x0 /opt/FriendlyARM/toolschain/4.4.3/lib/gcc/arm-none-linux-gnueabi/4.4.3/libgcc.a(_dvmd_lnx.o)
                0x23f77a04                . = ALIGN (0x4)
                0x23f77a04                _end = .
Address of section .text set to 0x23f00000
LOAD arch/arm/cpu/arm926ejs/start.o
START GROUP
LOAD lib/libgeneric.a
LOAD lib/lzma/liblzma.a
LOAD lib/lzo/liblzo.a
LOAD arch/arm/cpu/arm926ejs/libarm926ejs.a
LOAD arch/arm/cpu/arm926ejs/at91/libat91.a
LOAD arch/arm/lib/libarm.a
LOAD fs/cramfs/libcramfs.a
LOAD fs/fat/libfat.a
LOAD fs/fdos/libfdos.a
LOAD fs/jffs2/libjffs2.a
LOAD fs/reiserfs/libreiserfs.a
LOAD fs/ext2/libext2fs.a
LOAD fs/yaffs2/libyaffs2.a
LOAD fs/ubifs/libubifs.a
LOAD net/libnet.a
LOAD disk/libdisk.a
LOAD drivers/bios_emulator/libatibiosemu.a
LOAD drivers/block/libblock.a
LOAD drivers/dma/libdma.a
LOAD drivers/fpga/libfpga.a
LOAD drivers/gpio/libgpio.a
LOAD drivers/hwmon/libhwmon.a
LOAD drivers/i2c/libi2c.a
LOAD drivers/input/libinput.a
LOAD drivers/misc/libmisc.a
LOAD drivers/mmc/libmmc.a
LOAD drivers/mtd/libmtd.a
LOAD drivers/mtd/nand/libnand.a
LOAD drivers/mtd/onenand/libonenand.a
LOAD drivers/mtd/ubi/libubi.a
LOAD drivers/mtd/spi/libspi_flash.a
LOAD drivers/net/libnet.a
LOAD drivers/net/phy/libphy.a
LOAD drivers/pci/libpci.a
LOAD drivers/pcmcia/libpcmcia.a
LOAD drivers/power/libpower.a
LOAD drivers/spi/libspi.a
LOAD drivers/rtc/librtc.a
LOAD drivers/serial/libserial.a
LOAD drivers/twserial/libtws.a
LOAD drivers/usb/gadget/libusb_gadget.a
LOAD drivers/usb/host/libusb_host.a
LOAD drivers/usb/musb/libusb_musb.a
LOAD drivers/usb/phy/libusb_phy.a
LOAD drivers/video/libvideo.a
LOAD drivers/watchdog/libwatchdog.a
LOAD common/libcommon.a
LOAD lib/libfdt/libfdt.a
LOAD api/libapi.a
LOAD post/libpost.a
LOAD board/atmel/at91sam9263ek/libat91sam9263ek.a
END GROUP
LOAD /home/jionfull/u-boot-2010.06/arch/arm/lib/eabi_compat.o
LOAD /opt/FriendlyARM/toolschain/4.4.3/lib/gcc/arm-none-linux-gnueabi/4.4.3/libgcc.a
OUTPUT(u-boot elf32-littlearm)

.ARM.attributes
                0x00000000       0x27
 .ARM.attributes
                0x00000000       0x1b arch/arm/cpu/arm926ejs/start.o
 .ARM.attributes
                0x0000001b       0x2b arch/arm/cpu/arm926ejs/at91/libat91.a(led.o)
 .ARM.attributes
                0x00000046       0x2b arch/arm/lib/libarm.a(board.o)
 .ARM.attributes
                0x00000071       0x2b arch/arm/lib/libarm.a(interrupts.o)
 .ARM.attributes
                0x0000009c       0x2b net/libnet.a(eth.o)
 .ARM.attributes
                0x000000c7       0x2b net/libnet.a(net.o)
 .ARM.attributes
                0x000000f2       0x2b net/libnet.a(nfs.o)
 .ARM.attributes
                0x0000011d       0x2b net/libnet.a(rarp.o)
 .ARM.attributes
                0x00000148       0x2b net/libnet.a(tftp.o)
 .ARM.attributes
                0x00000173       0x2b net/libnet.a(bootp.o)
 .ARM.attributes
                0x0000019e       0x2b drivers/gpio/libgpio.a(at91_gpio.o)
 .ARM.attributes
                0x000001c9       0x2b drivers/mtd/nand/libnand.a(nand.o)
 .ARM.attributes
                0x000001f4       0x2b drivers/mtd/nand/libnand.a(nand_base.o)
 .ARM.attributes
                0x0000021f       0x2b drivers/mtd/nand/libnand.a(nand_bbt.o)
 .ARM.attributes
                0x0000024a       0x2b drivers/mtd/nand/libnand.a(nand_ecc.o)
 .ARM.attributes
                0x00000275       0x2b drivers/mtd/nand/libnand.a(nand_ids.o)
 .ARM.attributes
                0x000002a0       0x2b drivers/mtd/nand/libnand.a(atmel_nand.o)
 .ARM.attributes
                0x000002cb       0x2b drivers/serial/libserial.a(atmel_usart.o)
 .ARM.attributes
                0x000002f6       0x2b common/libcommon.a(cmd_boot.o)
 .ARM.attributes
                0x00000321       0x2b common/libcommon.a(cmd_bootm.o)
 .ARM.attributes
                0x0000034c       0x2b common/libcommon.a(cmd_console.o)
 .ARM.attributes
                0x00000377       0x2b common/libcommon.a(cmd_echo.o)
 .ARM.attributes
                0x000003a2       0x2b common/libcommon.a(cmd_exit.o)
 .ARM.attributes
                0x000003cd       0x2b common/libcommon.a(cmd_fat.o)
 .ARM.attributes
                0x000003f8       0x2b common/libcommon.a(cmd_flash.o)
 .ARM.attributes
                0x00000423       0x2b common/libcommon.a(cmd_help.o)
 .ARM.attributes
                0x0000044e       0x2b common/libcommon.a(cmd_itest.o)
 .ARM.attributes
                0x00000479       0x2b common/libcommon.a(cmd_load.o)
 .ARM.attributes
                0x000004a4       0x2b common/libcommon.a(cmd_mem.o)
 .ARM.attributes
                0x000004cf       0x2b common/libcommon.a(cmd_misc.o)
 .ARM.attributes
                0x000004fa       0x2b common/libcommon.a(cmd_nand.o)
 .ARM.attributes
                0x00000525       0x2b common/libcommon.a(cmd_net.o)
 .ARM.attributes
                0x00000550       0x2b common/libcommon.a(cmd_nvedit.o)
 .ARM.attributes
                0x0000057b       0x2b common/libcommon.a(cmd_test.o)
 .ARM.attributes
                0x000005a6       0x2b common/libcommon.a(cmd_usb.o)
 .ARM.attributes
                0x000005d1       0x2b common/libcommon.a(cmd_version.o)
 .ARM.attributes
                0x000005fc       0x2b common/libcommon.a(cmd_ximg.o)
 .ARM.attributes
                0x00000627       0x2b common/libcommon.a(command.o)
 .ARM.attributes
                0x00000652       0x2b common/libcommon.a(console.o)
 .ARM.attributes
                0x0000067d       0x2b common/libcommon.a(dlmalloc.o)
 .ARM.attributes
                0x000006a8       0x2b common/libcommon.a(env_common.o)
 .ARM.attributes
                0x000006d3       0x2b common/libcommon.a(env_dataflash.o)
 .ARM.attributes
                0x000006fe       0x2b common/libcommon.a(exports.o)
 .ARM.attributes
                0x00000729       0x2b common/libcommon.a(hush.o)
 .ARM.attributes
                0x00000754       0x2b common/libcommon.a(image.o)
 .ARM.attributes
                0x0000077f       0x2b common/libcommon.a(lcd.o)
 .ARM.attributes
                0x000007aa       0x2b common/libcommon.a(main.o)
 .ARM.attributes
                0x000007d5       0x2b common/libcommon.a(stdio.o)
 .ARM.attributes
                0x00000800       0x2b common/libcommon.a(usb.o)
 .ARM.attributes
                0x0000082b       0x2b common/libcommon.a(usb_storage.o)
 .ARM.attributes
                0x00000856       0x2b common/libcommon.a(xyzModem.o)
 .ARM.attributes
                0x00000881       0x2b board/atmel/at91sam9263ek/libat91sam9263ek.a(at91sam9263ek.o)
 .ARM.attributes
                0x000008ac       0x2b lib/libgeneric.a(crc16.o)
 .ARM.attributes
                0x000008d7       0x2b lib/libgeneric.a(crc32.o)
 .ARM.attributes
                0x00000902       0x2b lib/libgeneric.a(ctype.o)
 .ARM.attributes
                0x0000092d       0x2b lib/libgeneric.a(display_options.o)
 .ARM.attributes
                0x00000958       0x2b lib/libgeneric.a(gunzip.o)
 .ARM.attributes
                0x00000983       0x2b lib/libgeneric.a(net_utils.o)
 .ARM.attributes
                0x000009ae       0x2b lib/libgeneric.a(string.o)
 .ARM.attributes
                0x000009d9       0x2b lib/libgeneric.a(strmhz.o)
 .ARM.attributes
                0x00000a04       0x2b lib/libgeneric.a(time.o)
 .ARM.attributes
                0x00000a2f       0x2b lib/libgeneric.a(vsprintf.o)
 .ARM.attributes
                0x00000a5a       0x2b lib/libgeneric.a(zlib.o)
 .ARM.attributes
                0x00000a85       0x2b lib/libgeneric.a(div64.o)
 .ARM.attributes
                0x00000ab0       0x2b arch/arm/cpu/arm926ejs/at91/libat91.a(at91sam9263_devices.o)
 .ARM.attributes
                0x00000adb       0x2b arch/arm/cpu/arm926ejs/at91/libat91.a(clock.o)
 .ARM.attributes
                0x00000b06       0x2b arch/arm/cpu/arm926ejs/at91/libat91.a(cpu.o)
 .ARM.attributes
                0x00000b31       0x2b arch/arm/cpu/arm926ejs/at91/libat91.a(reset.o)
 .ARM.attributes
                0x00000b5c       0x2b arch/arm/cpu/arm926ejs/at91/libat91.a(timer.o)
 .ARM.attributes
                0x00000b87       0x2b arch/arm/lib/libarm.a(bootm.o)
 .ARM.attributes
                0x00000bb2       0x2b arch/arm/lib/libarm.a(cache.o)
 .ARM.attributes
                0x00000bdd       0x2b arch/arm/lib/libarm.a(reset.o)
 .ARM.attributes
                0x00000c08       0x2b fs/fat/libfat.a(fat.o)
 .ARM.attributes
                0x00000c33       0x2b disk/libdisk.a(part.o)
 .ARM.attributes
                0x00000c5e       0x2b disk/libdisk.a(part_dos.o)
 .ARM.attributes
                0x00000c89       0x2b drivers/mtd/libmtd.a(dataflash.o)
 .ARM.attributes
                0x00000cb4       0x2b drivers/mtd/libmtd.a(at45.o)
 .ARM.attributes
                0x00000cdf       0x2b drivers/mtd/nand/libnand.a(nand_util.o)
 .ARM.attributes
                0x00000d0a       0x2b drivers/net/libnet.a(macb.o)
 .ARM.attributes
                0x00000d35       0x2b drivers/spi/libspi.a(atmel_dataflash_spi.o)
 .ARM.attributes
                0x00000d60       0x2b drivers/usb/host/libusb_host.a(ohci-hcd.o)
 .ARM.attributes
                0x00000d8b       0x2b drivers/usb/host/libusb_host.a(ohci-at91.o)
 .ARM.attributes
                0x00000db6       0x2b drivers/video/libvideo.a(atmel_lcdfb.o)
 .ARM.attributes
                0x00000de1       0x2b board/atmel/at91sam9263ek/libat91sam9263ek.a(partition.o)
 .ARM.attributes
                0x00000e0c       0x2b arch/arm/cpu/arm926ejs/libarm926ejs.a(cpu.o)
 .ARM.attributes
                0x00000e37       0x2b arch/arm/lib/libarm.a(cache-cp15.o)
 .ARM.attributes
                0x00000e62       0x2b /home/jionfull/u-boot-2010.06/arch/arm/lib/eabi_compat.o
 .ARM.attributes
                0x00000e8d       0x1a /opt/FriendlyARM/toolschain/4.4.3/lib/gcc/arm-none-linux-gnueabi/4.4.3/libgcc.a(_udivsi3.o)
 .ARM.attributes
                0x00000ea7       0x1a /opt/FriendlyARM/toolschain/4.4.3/lib/gcc/arm-none-linux-gnueabi/4.4.3/libgcc.a(_divsi3.o)
 .ARM.attributes
                0x00000ec1       0x1a /opt/FriendlyARM/toolschain/4.4.3/lib/gcc/arm-none-linux-gnueabi/4.4.3/libgcc.a(_lshrdi3.o)
 .ARM.attributes
                0x00000edb       0x1a /opt/FriendlyARM/toolschain/4.4.3/lib/gcc/arm-none-linux-gnueabi/4.4.3/libgcc.a(_ashrdi3.o)
 .ARM.attributes
                0x00000ef5       0x1a /opt/FriendlyARM/toolschain/4.4.3/lib/gcc/arm-none-linux-gnueabi/4.4.3/libgcc.a(_ashldi3.o)
 .ARM.attributes
                0x00000f0f       0x1a /opt/FriendlyARM/toolschain/4.4.3/lib/gcc/arm-none-linux-gnueabi/4.4.3/libgcc.a(_dvmd_lnx.o)

.comment        0x00000000       0x18
 .comment       0x00000000       0x18 arch/arm/cpu/arm926ejs/at91/libat91.a(led.o)
                                 0x19 (size before relaxing)
 .comment       0x00000000       0x19 arch/arm/lib/libarm.a(board.o)
 .comment       0x00000000       0x19 arch/arm/lib/libarm.a(interrupts.o)
 .comment       0x00000000       0x19 net/libnet.a(eth.o)
 .comment       0x00000000       0x19 net/libnet.a(net.o)
 .comment       0x00000000       0x19 net/libnet.a(nfs.o)
 .comment       0x00000000       0x19 net/libnet.a(rarp.o)
 .comment       0x00000000       0x19 net/libnet.a(tftp.o)
 .comment       0x00000000       0x19 net/libnet.a(bootp.o)
 .comment       0x00000000       0x19 drivers/gpio/libgpio.a(at91_gpio.o)
 .comment       0x00000000       0x19 drivers/mtd/nand/libnand.a(nand.o)
 .comment       0x00000000       0x19 drivers/mtd/nand/libnand.a(nand_base.o)
 .comment       0x00000000       0x19 drivers/mtd/nand/libnand.a(nand_bbt.o)
 .comment       0x00000000       0x19 drivers/mtd/nand/libnand.a(nand_ecc.o)
 .comment       0x00000000       0x19 drivers/mtd/nand/libnand.a(nand_ids.o)
 .comment       0x00000000       0x19 drivers/mtd/nand/libnand.a(atmel_nand.o)
 .comment       0x00000000       0x19 drivers/serial/libserial.a(atmel_usart.o)
 .comment       0x00000000       0x19 common/libcommon.a(cmd_boot.o)
 .comment       0x00000000       0x19 common/libcommon.a(cmd_bootm.o)
 .comment       0x00000000       0x19 common/libcommon.a(cmd_console.o)
 .comment       0x00000000       0x19 common/libcommon.a(cmd_echo.o)
 .comment       0x00000000       0x19 common/libcommon.a(cmd_exit.o)
 .comment       0x00000000       0x19 common/libcommon.a(cmd_fat.o)
 .comment       0x00000000       0x19 common/libcommon.a(cmd_flash.o)
 .comment       0x00000000       0x19 common/libcommon.a(cmd_help.o)
 .comment       0x00000000       0x19 common/libcommon.a(cmd_itest.o)
 .comment       0x00000000       0x19 common/libcommon.a(cmd_load.o)
 .comment       0x00000000       0x19 common/libcommon.a(cmd_mem.o)
 .comment       0x00000000       0x19 common/libcommon.a(cmd_misc.o)
 .comment       0x00000000       0x19 common/libcommon.a(cmd_nand.o)
 .comment       0x00000000       0x19 common/libcommon.a(cmd_net.o)
 .comment       0x00000000       0x19 common/libcommon.a(cmd_nvedit.o)
 .comment       0x00000000       0x19 common/libcommon.a(cmd_test.o)
 .comment       0x00000000       0x19 common/libcommon.a(cmd_usb.o)
 .comment       0x00000000       0x19 common/libcommon.a(cmd_version.o)
 .comment       0x00000000       0x19 common/libcommon.a(cmd_ximg.o)
 .comment       0x00000000       0x19 common/libcommon.a(command.o)
 .comment       0x00000000       0x19 common/libcommon.a(console.o)
 .comment       0x00000000       0x19 common/libcommon.a(dlmalloc.o)
 .comment       0x00000000       0x19 common/libcommon.a(env_common.o)
 .comment       0x00000000       0x19 common/libcommon.a(env_dataflash.o)
 .comment       0x00000000       0x19 common/libcommon.a(exports.o)
 .comment       0x00000000       0x19 common/libcommon.a(hush.o)
 .comment       0x00000000       0x19 common/libcommon.a(image.o)
 .comment       0x00000000       0x19 common/libcommon.a(lcd.o)
 .comment       0x00000000       0x19 common/libcommon.a(main.o)
 .comment       0x00000000       0x19 common/libcommon.a(stdio.o)
 .comment       0x00000000       0x19 common/libcommon.a(usb.o)
 .comment       0x00000000       0x19 common/libcommon.a(usb_storage.o)
 .comment       0x00000000       0x19 common/libcommon.a(xyzModem.o)
 .comment       0x00000000       0x19 board/atmel/at91sam9263ek/libat91sam9263ek.a(at91sam9263ek.o)
 .comment       0x00000000       0x19 lib/libgeneric.a(crc16.o)
 .comment       0x00000000       0x19 lib/libgeneric.a(crc32.o)
 .comment       0x00000000       0x19 lib/libgeneric.a(ctype.o)
 .comment       0x00000000       0x19 lib/libgeneric.a(display_options.o)
 .comment       0x00000000       0x19 lib/libgeneric.a(gunzip.o)
 .comment       0x00000000       0x19 lib/libgeneric.a(net_utils.o)
 .comment       0x00000000       0x19 lib/libgeneric.a(string.o)
 .comment       0x00000000       0x19 lib/libgeneric.a(strmhz.o)
 .comment       0x00000000       0x19 lib/libgeneric.a(time.o)
 .comment       0x00000000       0x19 lib/libgeneric.a(vsprintf.o)
 .comment       0x00000000       0x19 lib/libgeneric.a(zlib.o)
 .comment       0x00000000       0x19 lib/libgeneric.a(div64.o)
 .comment       0x00000000       0x19 arch/arm/cpu/arm926ejs/at91/libat91.a(at91sam9263_devices.o)
 .comment       0x00000000       0x19 arch/arm/cpu/arm926ejs/at91/libat91.a(clock.o)
 .comment       0x00000000       0x19 arch/arm/cpu/arm926ejs/at91/libat91.a(cpu.o)
 .comment       0x00000000       0x19 arch/arm/cpu/arm926ejs/at91/libat91.a(reset.o)
 .comment       0x00000000       0x19 arch/arm/cpu/arm926ejs/at91/libat91.a(timer.o)
 .comment       0x00000000       0x19 arch/arm/lib/libarm.a(bootm.o)
 .comment       0x00000000       0x19 arch/arm/lib/libarm.a(cache.o)
 .comment       0x00000000       0x19 arch/arm/lib/libarm.a(reset.o)
 .comment       0x00000000       0x19 fs/fat/libfat.a(fat.o)
 .comment       0x00000000       0x19 disk/libdisk.a(part.o)
 .comment       0x00000000       0x19 disk/libdisk.a(part_dos.o)
 .comment       0x00000000       0x19 drivers/mtd/libmtd.a(dataflash.o)
 .comment       0x00000000       0x19 drivers/mtd/libmtd.a(at45.o)
 .comment       0x00000000       0x19 drivers/mtd/nand/libnand.a(nand_util.o)
 .comment       0x00000000       0x19 drivers/net/libnet.a(macb.o)
 .comment       0x00000000       0x19 drivers/spi/libspi.a(atmel_dataflash_spi.o)
 .comment       0x00000000       0x19 drivers/usb/host/libusb_host.a(ohci-hcd.o)
 .comment       0x00000000       0x19 drivers/usb/host/libusb_host.a(ohci-at91.o)
 .comment       0x00000000       0x19 drivers/video/libvideo.a(atmel_lcdfb.o)
 .comment       0x00000000       0x19 board/atmel/at91sam9263ek/libat91sam9263ek.a(partition.o)
 .comment       0x00000000       0x19 arch/arm/cpu/arm926ejs/libarm926ejs.a(cpu.o)
 .comment       0x00000000       0x19 arch/arm/lib/libarm.a(cache-cp15.o)
 .comment       0x00000000       0x19 /home/jionfull/u-boot-2010.06/arch/arm/lib/eabi_compat.o

.note.GNU-stack
                0x00000000        0x0
 .note.GNU-stack
                0x00000000        0x0 arch/arm/cpu/arm926ejs/at91/libat91.a(led.o)
 .note.GNU-stack
                0x00000000        0x0 arch/arm/lib/libarm.a(board.o)
 .note.GNU-stack
                0x00000000        0x0 arch/arm/lib/libarm.a(interrupts.o)
 .note.GNU-stack
                0x00000000        0x0 net/libnet.a(eth.o)
 .note.GNU-stack
                0x00000000        0x0 net/libnet.a(net.o)
 .note.GNU-stack
                0x00000000        0x0 net/libnet.a(nfs.o)
 .note.GNU-stack
                0x00000000        0x0 net/libnet.a(rarp.o)
 .note.GNU-stack
                0x00000000        0x0 net/libnet.a(tftp.o)
 .note.GNU-stack
                0x00000000        0x0 net/libnet.a(bootp.o)
 .note.GNU-stack
                0x00000000        0x0 drivers/gpio/libgpio.a(at91_gpio.o)
 .note.GNU-stack
                0x00000000        0x0 drivers/mtd/nand/libnand.a(nand.o)
 .note.GNU-stack
                0x00000000        0x0 drivers/mtd/nand/libnand.a(nand_base.o)
 .note.GNU-stack
                0x00000000        0x0 drivers/mtd/nand/libnand.a(nand_bbt.o)
 .note.GNU-stack
                0x00000000        0x0 drivers/mtd/nand/libnand.a(nand_ecc.o)
 .note.GNU-stack
                0x00000000        0x0 drivers/mtd/nand/libnand.a(nand_ids.o)
 .note.GNU-stack
                0x00000000        0x0 drivers/mtd/nand/libnand.a(atmel_nand.o)
 .note.GNU-stack
                0x00000000        0x0 drivers/serial/libserial.a(atmel_usart.o)
 .note.GNU-stack
                0x00000000        0x0 common/libcommon.a(cmd_boot.o)
 .note.GNU-stack
                0x00000000        0x0 common/libcommon.a(cmd_bootm.o)
 .note.GNU-stack
                0x00000000        0x0 common/libcommon.a(cmd_console.o)
 .note.GNU-stack
                0x00000000        0x0 common/libcommon.a(cmd_echo.o)
 .note.GNU-stack
                0x00000000        0x0 common/libcommon.a(cmd_exit.o)
 .note.GNU-stack
                0x00000000        0x0 common/libcommon.a(cmd_fat.o)
 .note.GNU-stack
                0x00000000        0x0 common/libcommon.a(cmd_flash.o)
 .note.GNU-stack
                0x00000000        0x0 common/libcommon.a(cmd_help.o)
 .note.GNU-stack
                0x00000000        0x0 common/libcommon.a(cmd_itest.o)
 .note.GNU-stack
                0x00000000        0x0 common/libcommon.a(cmd_load.o)
 .note.GNU-stack
                0x00000000        0x0 common/libcommon.a(cmd_mem.o)
 .note.GNU-stack
                0x00000000        0x0 common/libcommon.a(cmd_misc.o)
 .note.GNU-stack
                0x00000000        0x0 common/libcommon.a(cmd_nand.o)
 .note.GNU-stack
                0x00000000        0x0 common/libcommon.a(cmd_net.o)
 .note.GNU-stack
                0x00000000        0x0 common/libcommon.a(cmd_nvedit.o)
 .note.GNU-stack
                0x00000000        0x0 common/libcommon.a(cmd_test.o)
 .note.GNU-stack
                0x00000000        0x0 common/libcommon.a(cmd_usb.o)
 .note.GNU-stack
                0x00000000        0x0 common/libcommon.a(cmd_version.o)
 .note.GNU-stack
                0x00000000        0x0 common/libcommon.a(cmd_ximg.o)
 .note.GNU-stack
                0x00000000        0x0 common/libcommon.a(command.o)
 .note.GNU-stack
                0x00000000        0x0 common/libcommon.a(console.o)
 .note.GNU-stack
                0x00000000        0x0 common/libcommon.a(dlmalloc.o)
 .note.GNU-stack
                0x00000000        0x0 common/libcommon.a(env_common.o)
 .note.GNU-stack
                0x00000000        0x0 common/libcommon.a(env_dataflash.o)
 .note.GNU-stack
                0x00000000        0x0 common/libcommon.a(exports.o)
 .note.GNU-stack
                0x00000000        0x0 common/libcommon.a(hush.o)
 .note.GNU-stack
                0x00000000        0x0 common/libcommon.a(image.o)
 .note.GNU-stack
                0x00000000        0x0 common/libcommon.a(lcd.o)
 .note.GNU-stack
                0x00000000        0x0 common/libcommon.a(main.o)
 .note.GNU-stack
                0x00000000        0x0 common/libcommon.a(stdio.o)
 .note.GNU-stack
                0x00000000        0x0 common/libcommon.a(usb.o)
 .note.GNU-stack
                0x00000000        0x0 common/libcommon.a(usb_storage.o)
 .note.GNU-stack
                0x00000000        0x0 common/libcommon.a(xyzModem.o)
 .note.GNU-stack
                0x00000000        0x0 board/atmel/at91sam9263ek/libat91sam9263ek.a(at91sam9263ek.o)
 .note.GNU-stack
                0x00000000        0x0 lib/libgeneric.a(crc16.o)
 .note.GNU-stack
                0x00000000        0x0 lib/libgeneric.a(crc32.o)
 .note.GNU-stack
                0x00000000        0x0 lib/libgeneric.a(ctype.o)
 .note.GNU-stack
                0x00000000        0x0 lib/libgeneric.a(display_options.o)
 .note.GNU-stack
                0x00000000        0x0 lib/libgeneric.a(gunzip.o)
 .note.GNU-stack
                0x00000000        0x0 lib/libgeneric.a(net_utils.o)
 .note.GNU-stack
                0x00000000        0x0 lib/libgeneric.a(string.o)
 .note.GNU-stack
                0x00000000        0x0 lib/libgeneric.a(strmhz.o)
 .note.GNU-stack
                0x00000000        0x0 lib/libgeneric.a(time.o)
 .note.GNU-stack
                0x00000000        0x0 lib/libgeneric.a(vsprintf.o)
 .note.GNU-stack
                0x00000000        0x0 lib/libgeneric.a(zlib.o)
 .note.GNU-stack
                0x00000000        0x0 lib/libgeneric.a(div64.o)
 .note.GNU-stack
                0x00000000        0x0 arch/arm/cpu/arm926ejs/at91/libat91.a(at91sam9263_devices.o)
 .note.GNU-stack
                0x00000000        0x0 arch/arm/cpu/arm926ejs/at91/libat91.a(clock.o)
 .note.GNU-stack
                0x00000000        0x0 arch/arm/cpu/arm926ejs/at91/libat91.a(cpu.o)
 .note.GNU-stack
                0x00000000        0x0 arch/arm/cpu/arm926ejs/at91/libat91.a(reset.o)
 .note.GNU-stack