Archive member included because of file (symbol)

arch/arm/cpu/arm926ejs/at91/libat91.a(led.o)
                              arch/arm/cpu/arm926ejs/start.o (red_LED_on)
arch/arm/lib/libarm.a(board.o)
                              arch/arm/cpu/arm926ejs/start.o (start_armboot)
arch/arm/lib/libarm.a(interrupts.o)
                              arch/arm/lib/libarm.a(board.o) (enable_interrupts)
net/libnet.a(eth.o)           arch/arm/lib/libarm.a(board.o) (eth_initialize)
net/libnet.a(net.o)           arch/arm/lib/libarm.a(board.o) (copy_filename)
net/libnet.a(nfs.o)           net/libnet.a(net.o) (NfsStart)
net/libnet.a(rarp.o)          net/libnet.a(net.o) (RarpRequest)
net/libnet.a(tftp.o)          net/libnet.a(net.o) (TftpStart)
net/libnet.a(bootp.o)         net/libnet.a(net.o) (BootpRequest)
drivers/gpio/libgpio.a(at91_gpio.o)
                              arch/arm/cpu/arm926ejs/at91/libat91.a(led.o) (at91_set_pio_value)
drivers/mtd/nand/libnand.a(nand.o)
                              arch/arm/lib/libarm.a(board.o) (nand_init)
drivers/mtd/nand/libnand.a(nand_base.o)
                              drivers/mtd/nand/libnand.a(nand.o) (nand_scan)
drivers/mtd/nand/libnand.a(nand_bbt.o)
                              drivers/mtd/nand/libnand.a(nand_base.o) (nand_isbad_bbt)
drivers/mtd/nand/libnand.a(nand_ecc.o)
                              drivers/mtd/nand/libnand.a(nand_base.o) (nand_calculate_ecc)
drivers/mtd/nand/libnand.a(nand_ids.o)
                              drivers/mtd/nand/libnand.a(nand_base.o) (nand_flash_ids)
drivers/mtd/nand/libnand.a(atmel_nand.o)
                              drivers/mtd/nand/libnand.a(nand.o) (board_nand_init)
drivers/serial/libserial.a(atmel_usart.o)
                              arch/arm/lib/libarm.a(board.o) (serial_init)
common/libcommon.a(cmd_boot.o)
                              (__u_boot_cmd_go)
common/libcommon.a(cmd_bootm.o)
                              arch/arm/lib/libarm.a(board.o) (load_addr)
common/libcommon.a(cmd_console.o)
                              (__u_boot_cmd_coninfo)
common/libcommon.a(cmd_echo.o)
                              (__u_boot_cmd_echo)
common/libcommon.a(cmd_exit.o)
                              (__u_boot_cmd_exit)
common/libcommon.a(cmd_fat.o)
                              (__u_boot_cmd_fatload)
common/libcommon.a(cmd_flash.o)
                              (__u_boot_cmd_flinfo)
common/libcommon.a(cmd_help.o)
                              (__u_boot_cmd_help)
common/libcommon.a(cmd_itest.o)
                              (__u_boot_cmd_itest)
common/libcommon.a(cmd_load.o)
                              (__u_boot_cmd_loadb)
common/libcommon.a(cmd_mem.o)
                              (__u_boot_cmd_md)
common/libcommon.a(cmd_misc.o)
                              (__u_boot_cmd_sleep)
common/libcommon.a(cmd_nand.o)
                              (__u_boot_cmd_nand)
common/libcommon.a(cmd_net.o)
                              (__u_boot_cmd_bootp)
common/libcommon.a(cmd_nvedit.o)
                              net/libnet.a(eth.o) (get_env_id)
common/libcommon.a(cmd_test.o)
                              (__u_boot_cmd_test)
common/libcommon.a(cmd_usb.o)
                              (__u_boot_cmd_usb)
common/libcommon.a(cmd_version.o)
                              (__u_boot_cmd_version)
common/libcommon.a(cmd_ximg.o)
                              (__u_boot_cmd_imxtract)
common/libcommon.a(command.o)
                              common/libcommon.a(cmd_itest.o) (cmd_get_data_size)
common/libcommon.a(console.o)
                              arch/arm/lib/libarm.a(board.o) (printf)
common/libcommon.a(dlmalloc.o)
                              drivers/mtd/nand/libnand.a(nand_base.o) (free)
common/libcommon.a(env_common.o)
                              common/libcommon.a(cmd_nvedit.o) (env_get_addr)
common/libcommon.a(env_dataflash.o)
                              arch/arm/lib/libarm.a(board.o) (env_init)
common/libcommon.a(exports.o)
                              arch/arm/lib/libarm.a(board.o) (jumptable_init)
common/libcommon.a(hush.o)    common/libcommon.a(cmd_bootm.o) (parse_string_outer)
common/libcommon.a(image.o)   common/libcommon.a(cmd_ximg.o) (image_multi_count)
common/libcommon.a(lcd.o)     arch/arm/lib/libarm.a(board.o) (lcd_setmem)
common/libcommon.a(main.o)    common/libcommon.a(cmd_nvedit.o) (do_run)
common/libcommon.a(stdio.o)   common/libcommon.a(cmd_console.o) (stdio_get_list)
common/libcommon.a(usb.o)     common/libcommon.a(cmd_usb.o) (usb_get_dev_index)
common/libcommon.a(usb_storage.o)
                              common/libcommon.a(cmd_usb.o) (usb_stor_get_dev)
common/libcommon.a(xyzModem.o)
                              common/libcommon.a(cmd_load.o) (xyzModem_error)
board/atmel/at91sam9263ek/libat91sam9263ek.a(at91sam9263ek.o)
                              arch/arm/lib/libarm.a(board.o) (UartPuts)
lib/libgeneric.a(crc16.o)     common/libcommon.a(xyzModem.o) (cyg_crc16)
lib/libgeneric.a(crc32.o)     common/libcommon.a(cmd_mem.o) (crc32)
[...]
Memory Configuration

Name             Origin             Length             Attributes
*default*        0x00000000         0xffffffff

Linker script and memory map

                0x00000000                . = 0x0
                0x00000000                . = ALIGN (0x4)

.text           0x23f00000    0x23d08
 arch/arm/cpu/arm926ejs/start.o(.text)
 .text          0x23f00000      0x360 arch/arm/cpu/arm926ejs/start.o
                0x23f00000                _start
                0x23f00044                _armboot_start
                0x23f00048                _bss_start
                0x23f0004c                _bss_end
 *(.text)
 .text          0x23f00360       0x60 arch/arm/cpu/arm926ejs/at91/libat91.a(led.o)
                0x23f00360                yellow_LED_off
                0x23f00370                yellow_LED_on
                0x23f00380                green_LED_off
                0x23f00390                green_LED_on
                0x23f003a0                red_LED_off
                0x23f003b0                red_LED_on
 .text          0x23f003c0      0x294 arch/arm/lib/libarm.a(board.o)
                0x23f003c0                coloured_LED_init
                0x23f003c0                __coloured_LED_init
                0x23f003c4                __red_LED_on
                0x23f003c8                __red_LED_off
                0x23f003cc                __green_LED_on
                0x23f003d0                __green_LED_off
                0x23f003d4                __yellow_LED_on
                0x23f003d8                __yellow_LED_off
                0x23f003dc                blue_LED_on
                0x23f003dc                __blue_LED_on
                0x23f003e0                blue_LED_off
                0x23f003e0                __blue_LED_off
                0x23f003e4                hang
                0x23f004b8                start_armboot
 .text          0x23f00654      0x264 arch/arm/lib/libarm.a(interrupts.o)
                0x23f00654                enable_interrupts
                0x23f00658                disable_interrupts
                0x23f00660                show_regs
                0x23f007a0                bad_mode
                0x23f007bc                do_irq
                0x23f007e0                do_fiq
                0x23f00804                do_not_used
                0x23f00828                do_data_abort
                0x23f0084c                do_prefetch_abort
                0x23f00870                do_software_interrupt
                0x23f00894                do_undefined_instruction
 .text          0x23f008b8      0x7fc net/libnet.a(eth.o)
                0x23f008b8                cpu_eth_init
                0x23f008c0                eth_get_dev
                0x23f008d0                eth_get_dev_by_index
                0x23f00914                eth_get_dev_index
                0x23f00960                eth_halt
                0x23f00994                eth_send
                0x23f009c8                eth_rx
                0x23f009f4                eth_get_name
                0x23f00a14                eth_get_dev_by_name
                0x23f00a64                eth_set_current
                0x23f00b04                eth_try_another
                0x23f00bb4                eth_register
                0x23f00c40                eth_setenv_enetaddr
                0x23f00c78                eth_parse_enetaddr
                0x23f00cd8                eth_getenv_enetaddr
                0x23f00d30                eth_getenv_enetaddr_by_index
                0x23f00d7c                eth_init
                0x23f00e40                eth_initialize
 .text          0x23f010b4     0x1484 net/libnet.a(net.o)
                0x23f010cc                NetSetHandler
                0x23f010dc                NetCksumOk
                0x23f01134                NetCksum
                0x23f0117c                copy_filename
                0x23f011d4                string_to_VLAN
                0x23f01228                getenv_VLAN
                0x23f01238                NetEthHdrSize
                0x23f0127c                VLAN_to_string
                0x23f012c8                ip_to_string
                0x23f01318                random_port
                0x23f01334                NetSetTimeout
                0x23f0136c                NetSetIP
                0x23f0148c                NetSetEther
                0x23f01574                NetSendPacket
                0x23f01578                NetReceive
                0x23f01b90                ArpRequest
                0x23f01c94                PingSend
                0x23f01e44                NetSendUDPPacket
                0x23f01fa0                NetStartAgain
                0x23f020ac                ArpTimeoutCheck
                0x23f02130                NetLoop
 .text          0x23f02538      0xfdc net/libnet.a(nfs.o)
                0x23f02e10                NfsStart
 .text          0x23f03514      0x1a0 net/libnet.a(rarp.o)
                0x23f03514                RarpRequest
 .text          0x23f036b4      0x7d4 net/libnet.a(tftp.o)
                0x23f03854                TftpStart
 .text          0x23f03e88      0x9e0 net/libnet.a(bootp.o)
                0x23f04650                BootpRequest
                0x23f0481c                DhcpRequest
 .text          0x23f04868      0x26c drivers/gpio/libgpio.a(at91_gpio.o)
                0x23f04868                at91_set_pio_pullup
                0x23f0489c                at91_set_pio_periph
                0x23f048e0                at91_set_a_periph
                0x23f04928                at91_set_b_periph
                0x23f04970                at91_set_pio_input
                0x23f049c0                at91_set_pio_output
                0x23f04a0c                at91_set_pio_deglitch
                0x23f04a48                at91_set_pio_multi_drive
                0x23f04a74                at91_set_pio_value
                0x23f04aa0                at91_get_pio_value
 .text          0x23f04ad4       0xb4 drivers/mtd/nand/libnand.a(nand.o)
                0x23f04ad4                nand_init
 .text          0x23f04b88     0x3b7c drivers/mtd/nand/libnand.a(nand_base.o)
                0x23f05e9c                nand_release
                0x23f05ee4                nand_scan_tail
                0x23f066c8                nand_scan_ident
                0x23f06c6c                nand_scan
                0x23f075ec                nand_erase_nand
                0x23f07b28                nand_wait_ready
 .text          0x23f08704      0xc18 drivers/mtd/nand/libnand.a(nand_bbt.o)
                0x23f08704                nand_isbad_bbt
                0x23f08dcc                nand_update_bbt
                0x23f08f1c                nand_scan_bbt
                0x23f09270                nand_default_bbt
 .text          0x23f0931c      0x214 drivers/mtd/nand/libnand.a(nand_ecc.o)
                0x23f0931c                nand_calculate_ecc
                0x23f09410                nand_correct_data
 .text          0x23f09530        0x0 drivers/mtd/nand/libnand.a(nand_ids.o)
 .text          0x23f09530       0x94 drivers/mtd/nand/libnand.a(atmel_nand.o)
                0x23f09530                board_nand_init
 .text          0x23f095c4       0xf0 drivers/serial/libserial.a(atmel_usart.o)
                0x23f095c4                lonPlat_init
                0x23f095c8                lonPlat_putc
                0x23f095e4                lonPlat_getc
                0x23f09600                lonPlat_tstc
                0x23f09610                serial_setbrg
                0x23f09614                serial_putc
                0x23f09648                serial_puts
                0x23f09670                serial_getc
                0x23f0968c                serial_tstc
                0x23f0969c                serial_init
 .text          0x23f096b4       0x90 common/libcommon.a(cmd_boot.o)
                0x23f096b4                do_go_exec
                0x23f096cc                do_go
 .text          0x23f09744      0xad8 common/libcommon.a(cmd_bootm.o)
                0x23f09744                arch_preboot_os
                0x23f09744                __arch_preboot_os
                0x23f09748                do_bootd
                0x23f09de0                do_bootm_subcommand
                0x23f09f88                do_bootm
 .text          0x23f0a21c       0xe0 common/libcommon.a(cmd_console.o)
                0x23f0a21c                do_coninfo
 .text          0x23f0a2fc       0x84 common/libcommon.a(cmd_echo.o)
                0x23f0a2fc                do_echo
 .text          0x23f0a380       0x30 common/libcommon.a(cmd_exit.o)
                0x23f0a380                do_exit
 .text          0x23f0a3b0      0x364 common/libcommon.a(cmd_fat.o)
                0x23f0a3b0                do_fat_fsinfo
                0x23f0a488                do_fat_ls
                0x23f0a590                do_fat_fsload
 .text          0x23f0a714      0x144 common/libcommon.a(cmd_flash.o)
                0x23f0a714                do_flerase
                0x23f0a71c                do_protect
                0x23f0a848                do_flinfo
 .text          0x23f0a858       0x48 common/libcommon.a(cmd_help.o)
                0x23f0a858                do_help
 .text          0x23f0a8a0      0x310 common/libcommon.a(cmd_itest.o)
                0x23f0a90c                binary_test
                0x23f0ab14                do_itest
 .text          0x23f0abb0      0xa98 common/libcommon.a(cmd_load.o)
                0x23f0abb0                ktrans
                0x23f0abd0                chk1
                0x23f0ac38                k_data_init
                0x23f0ac58                k_data_save
                0x23f0ac7c                k_data_restore
                0x23f0aca0                k_data_char
                0x23f0ad14                send_pad
                0x23f0ad44                s1_sendpacket
                0x23f0ad70                handle_send_packet
                0x23f0af6c                send_nack
                0x23f0afe4                send_ack
                0x23f0b17c                do_load_serial_bin
 .text          0x23f0b648      0xa88 common/libcommon.a(cmd_mem.o)
                0x23f0b648                do_mem_crc
                0x23f0b6f4                do_mem_base
                0x23f0b738                do_mem_mtest
                0x23f0b8e0                do_mem_loop
                0x23f0b9d8                do_mem_mw
                0x23f0ba98                do_mem_cmp
                0x23f0bc54                do_mem_cp
                0x23f0bf58                do_mem_nm
                0x23f0bf78                do_mem_mm
                0x23f0bf98                do_mem_md
 .text          0x23f0c0d0       0x84 common/libcommon.a(cmd_misc.o)
                0x23f0c0d0                do_sleep
 .text          0x23f0c154      0xf64 common/libcommon.a(cmd_nand.o)
                0x23f0c2f0                do_nandboot
                0x23f0c85c                do_nand
 .text          0x23f0d0b8      0x3c4 common/libcommon.a(cmd_net.o)
                0x23f0d0b8                do_ping
                0x23f0d440                do_nfs
                0x23f0d44c                do_dhcp
                0x23f0d458                do_rarpb
                0x23f0d464                do_tftpb
                0x23f0d470                do_bootp
 .text          0x23f0d47c      0x874 common/libcommon.a(cmd_nvedit.o)
                0x23f0d47c                get_env_id
                0x23f0d48c                envmatch
                0x23f0d4ec                getenv_r
                0x23f0d594                do_saveenv
                0x23f0d5c0                getenv
                0x23f0d630                _do_setenv
                0x23f0da9c                do_setenv
                0x23f0dac8                setenv
                0x23f0db14                do_editenv
                0x23f0dc60                do_printenv
 .text          0x23f0dcf0      0x478 common/libcommon.a(cmd_test.o)
                0x23f0dcf0                do_false
                0x23f0dcf8                do_true
                0x23f0dd00                do_test
 .text          0x23f0e168     0x1140 common/libcommon.a(cmd_usb.o)
                0x23f0e168                usb_get_class_desc
                0x23f0e208                usb_display_ep_desc
                0x23f0e2c8                usb_display_class_sub
                0x23f0e444                do_usbboot
                0x23f0e7e8                usb_show_tree_graph
                0x23f0ea08                usb_show_tree
                0x23f0ea3c                usb_display_desc
                0x23f0eb6c                usb_display_string
                0x23f0ebac                usb_display_if_desc
                0x23f0ec34                usb_display_conf_desc
                0x23f0ece0                usb_display_config
                0x23f0ed6c                do_usb
 .text          0x23f0f2a8       0x20 common/libcommon.a(cmd_version.o)
                0x23f0f2a8                do_version
 .text          0x23f0f2c8      0x2dc common/libcommon.a(cmd_ximg.o)
                0x23f0f2c8                do_imgextract
 .text          0x23f0f5a4      0x860 common/libcommon.a(command.o)
                0x23f0f5a4                cmd_get_data_size
                0x23f0f5f4                cmd_usage
                0x23f0f654                var_complete
                0x23f0f6d4                find_cmd_tbl
                0x23f0f768                find_cmd
                0x23f0f790                install_auto_complete
                0x23f0f7fc                _do_help
                0x23f0f978                cmd_auto_complete
 .text          0x23f0fe04      0x5cc common/libcommon.a(console.o)
                0x23f0fea4                fgetc
                0x23f0fecc                ftstc
                0x23f0fef4                fputc
                0x23f0ff20                fputs
                0x23f0ff4c                disable_ctrlc
                0x23f0ff64                had_ctrlc
                0x23f0ff74                clear_ctrlc
                0x23f0ff88                dbg
                0x23f0ff94                getc
                0x23f0ffac                tstc
                0x23f0ffc4                ctrlc
                0x23f10010                putc
                0x23f1002c                puts
                0x23f10048                console_init_f
                0x23f10068                search_device
                0x23f10090                console_assign
                0x23f100d0                vprintf
                0x23f100fc                printf
                0x23f1013c                stdio_print_current_devices
                0x23f101f4                console_init_r
                0x23f10348                fprintf
                0x23f10390                serial_printf
 .text          0x23f103d0     0x10f0 common/libcommon.a(dlmalloc.o)
                0x23f103d0                sbrk
                0x23f10408                malloc_trim
                0x23f10518                free
                0x23f1073c                cfree
                0x23f10740                malloc
                0x23f10d60                memalign
                0x23f10e70                pvalloc
                0x23f10e88                valloc
                0x23f10e94                malloc_usable_size
                0x23f10ed8                mallopt
                0x23f10f50                calloc
                0x23f11030                mem_malloc_init
                0x23f11058                realloc
 .text          0x23f114c0      0x288 common/libcommon.a(env_common.o)
                0x23f114c0                env_get_char_memory
                0x23f114e4                env_get_addr
                0x23f11508                env_get_char
                0x23f11550                env_complete
                0x23f11690                env_crc_update
                0x23f116bc                set_default_env
                0x23f11700                env_relocate
 .text          0x23f11748       0xa4 common/libcommon.a(env_dataflash.o)
                0x23f11748                env_init
                0x23f11770                saveenv
                0x23f117b0                env_relocate_spec
                0x23f117cc                env_get_char_spec
 .text          0x23f117ec      0x1e4 common/libcommon.a(exports.o)
                0x23f117f0                get_version
                0x23f117f8                jumptable_init
 .text          0x23f119d0     0x1e48 common/libcommon.a(hush.o)
                0x23f119d0                simple_itoa
                0x23f11a58                mapset
                0x23f11a84                do_showvar
                0x23f11b70                u_boot_hush_start
                0x23f11be0                new_pipe
                0x23f11e98                unset_local_var
                0x23f1205c                reserved_word
                0x23f125d0                set_local_var
                0x23f12780                update_ifs_map
                0x23f12e8c                parse_file_outer
                0x23f12ed0                parse_string_outer
 .text          0x23f13818      0x988 common/libcommon.a(image.o)
                0x23f13818                image_multi_count
                0x23f1383c                get_table_entry_name
                0x23f13868                genimg_get_os_name
                0x23f138a0                genimg_get_arch_name
                0x23f138d8                genimg_get_type_name
                0x23f13910                genimg_get_comp_name
                0x23f13948                genimg_has_config
                0x23f13950                get_table_entry_id
                0x23f1399c                genimg_get_comp_id
                0x23f139b4                genimg_get_type_id
                0x23f139cc                genimg_get_arch_id
                0x23f139e4                genimg_get_os_id
                0x23f139fc                genimg_get_format
                0x23f13a50                image_multi_getimg
                0x23f13af8                genimg_get_image
                0x23f13b6c                genimg_print_size
                0x23f13b9c                image_print_contents
                0x23f13ddc                memmove_wd
                0x23f13de8                getenv_bootm_low
                0x23f13e1c                getenv_yesno
                0x23f13e40                getenv_bootm_size
                0x23f13e74                image_check_dcrc
                0x23f13ec0                image_check_hcrc
                0x23f13f28                boot_get_ramdisk
 .text          0x23f141a0      0x760 common/libcommon.a(lcd.o)
                0x23f141a0                lcd_setmem
                0x23f141d4                bitmap_plot
                0x23f14510                drv_lcd_init
                0x23f145fc                lcd_putc
                0x23f14880                lcd_puts
                0x23f148c0                lcd_printf
 .text          0x23f14900     0x10c4 common/libcommon.a(main.o)
                0x23f14900                __show_boot_progress
                0x23f14900                show_boot_progress
                0x23f14904                parse_line
                0x23f14990                do_run
                0x23f14a00                run_command
                0x23f14f94                readline_into_buffer
                0x23f158ac                readline
                0x23f158c8                main_loop
 .text          0x23f159c4      0x170 common/libcommon.a(stdio.o)
                0x23f159c4                stdio_get_list
                0x23f159d0                stdio_clone
                0x23f15a18                stdio_register
                0x23f15a58                stdio_init
                0x23f15ae8                stdio_get_by_name
 .text          0x23f15b34     0x1664 common/libcommon.a(usb.o)
                0x23f15b34                usb_disable_asynch
                0x23f15b4c                usb_maxpacket
                0x23f15be0                usb_set_maxpacket
                0x23f15c44                usb_get_dev_index
                0x23f15c74                usb_hub_reset
                0x23f15c88                usb_hub_allocate
                0x23f15ccc                usb_alloc_new_device
                0x23f15d6c                usb_parse_config
                0x23f15ebc                usb_submit_int_msg
                0x23f15ec0                usb_stop
                0x23f15ef4                wait_ms
                0x23f15f18                usb_bulk_msg
                0x23f15f7c                usb_control_msg
                0x23f1604c                usb_get_port_status
                0x23f160ac                usb_get_hub_status
                0x23f16100                usb_set_port_feature
                0x23f16160                usb_clear_port_feature
                0x23f161c0                usb_clear_hub_feature
                0x23f16214                usb_get_hub_descriptor
                0x23f16274                usb_get_string
                0x23f163f0                usb_string
                0x23f164f0                usb_get_class_descriptor
                0x23f16564                usb_get_report
                0x23f165d8                usb_set_idle
                0x23f1663c                usb_set_protocol
                0x23f1669c                usb_set_configuration
                0x23f16708                usb_set_interface
                0x23f167c8                usb_set_address
                0x23f1680c                usb_get_descriptor
                0x23f16878                usb_get_configuration_no
                0x23f16910                usb_clear_halt
                0x23f16aa4                usb_hub_port_connect_change
                0x23f16b94                usb_hub_configure
                0x23f16dac                usb_hub_probe
                0x23f16e08                usb_new_device
                0x23f170a4                usb_scan_devices
                0x23f1711c                usb_init
 .text          0x23f17198     0x1590 common/libcommon.a(usb_storage.o)
                0x23f17198                usb_stor_get_dev
                0x23f171dc                usb_show_progress
                0x23f171e8                usb_storage_probe
                0x23f17418                usb_stor_BBB_clear_endpt_stall
                0x23f17638                usb_stor_CB_comdat
                0x23f17884                usb_stor_BBB_comdat
                0x23f17970                usb_stor_BBB_transport
                0x23f17b38                usb_stor_CBI_get_status
                0x23f17c18                usb_stor_CB_transport
                0x23f17e08                usb_stor_info
                0x23f17f64                usb_stor_get_info
                0x23f181e0                usb_stor_scan
                0x23f18348                usb_stor_read
                0x23f18538                usb_stor_write
 .text          0x23f18728      0x974 common/libcommon.a(xyzModem.o)
                0x23f18728                parse_num
                0x23f18854                xyzModem_error
                0x23f18874                xyzModem_stream_close
                0x23f188c4                CYGACC_COMM_IF_PUTC
                0x23f188cc                CYGACC_COMM_IF_GETC_TIMEOUT
                0x23f18920                xyzModem_stream_terminate
                0x23f18ccc                xyzModem_stream_read
                0x23f18f48                xyzModem_stream_open
 .text          0x23f1909c      0x5c8 board/atmel/at91sam9263ek/libat91sam9263ek.a(at91sam9263ek.o)
                0x23f1909c                Tl16c752_Send
                0x23f190b8                UartPuts
                0x23f190f0                Tl16c752_RxChk
                0x23f19100                dram_init
                0x23f19120                board_eth_init
                0x23f19134                reset_phy
                0x23f1913c                board_init
                0x23f195ac                lcd_show_board_info
                0x23f19644                lcd_disable
                0x23f19654                lcd_enable
 .text          0x23f19664       0x48 lib/libgeneric.a(crc16.o)
                0x23f19664                cyg_crc16
 .text          0x23f196ac      0x104 lib/libgeneric.a(crc32.o)
                0x23f196ac                crc32_no_comp
                0x23f19798                crc32
                0x23f197ac                crc32_wd
 .text          0x23f197b0        0x0 lib/libgeneric.a(ctype.o)
 .text          0x23f197b0      0x2d4 lib/libgeneric.a(display_options.o)
                0x23f197b0                print_size
                0x23f198f4                display_options
                0x23f19914                print_buffer
 .text          0x23f19a84      0x1bc lib/libgeneric.a(gunzip.o)
                0x23f19a84                zunzip
                0x23f19b74                gunzip
                0x23f19c28                zfree
                0x23f19c30                zalloc
 .text          0x23f19c40       0x80 lib/libgeneric.a(net_utils.o)
                0x23f19c40                string_to_ip
 .text          0x23f19cc0      0x6bc lib/libgeneric.a(string.o)
                0x23f19cc0                strcpy
                0x23f19cdc                strncpy
                0x23f19d04                strcat
                0x23f19d34                strncat
                0x23f19d90                strcmp
                0x23f19dc0                strncmp
                0x23f19e08                strchr
                0x23f19e34                strrchr
                0x23f19e70                strlen
                0x23f19e90                strnlen
                0x23f19eb8                strspn
                0x23f19efc                strpbrk
                0x23f19f34                strtok
                0x23f1a000                strsep
                0x23f1a064                strswab
                0x23f1a0ac                memset
                0x23f1a120                bcopy
                0x23f1a148                memcpy
                0x23f1a1b4                memmove
                0x23f1a210                memcmp
                0x23f1a248                memscan
                0x23f1a278                strstr
                0x23f1a2f8                memchr
                0x23f1a324                strdup
 .text          0x23f1a37c       0x6c lib/libgeneric.a(strmhz.o)
                0x23f1a37c                strmhz
 .text          0x23f1a3e8       0x30 lib/libgeneric.a(time.o)
                0x23f1a3e8                udelay
 .text          0x23f1a418      0xdf8 lib/libgeneric.a(vsprintf.o)
                0x23f1a418                simple_strtoul
                0x23f1a4c8                simple_strtol
                0x23f1a4f0                ustrtoul
                0x23f1a55c                simple_strtoull
                0x23f1a718                panic
                0x23f1ab90                vsprintf
                0x23f1b1e8                sprintf
 .text          0x23f1b210     0x279c lib/libgeneric.a(zlib.o)
                0x23f1b210                inflate_fast
                0x23f1b76c                inflate_table
                0x23f1bd18                inflateReset
                0x23f1bdb4                inflateInit2_
                0x23f1beb4                inflateInit_
                0x23f1bec4                inflateEnd
                0x23f1bf48                adler32
                0x23f1c258                zcfree
                0x23f1c260                zcalloc
                0x23f1c268                inflate
 .text          0x23f1d9ac       0xf4 lib/libgeneric.a(div64.o)
                0x23f1d9ac                __div64_32
 .text          0x23f1daa0       0xdc arch/arm/cpu/arm926ejs/at91/libat91.a(at91sam9263_devices.o)
                0x23f1daa0                at91_serial_hw_init
                0x23f1daa4                at91_spi0_hw_init
                0x23f1daa8                at91_spi1_hw_init
                0x23f1daac                at91_uhp_hw_init
                0x23f1dad4                at91_macb_hw_init
 .text          0x23f1db7c      0x228 arch/arm/cpu/arm926ejs/at91/libat91.a(clock.o)
                0x23f1db7c                get_cpu_clk_rate
                0x23f1db8c                get_main_clk_rate
                0x23f1db9c                get_mck_clk_rate
                0x23f1dbac                get_plla_clk_rate
                0x23f1dbbc                get_pllb_clk_rate
                0x23f1dbcc                get_pllb_init
                0x23f1dbdc                at91_clock_init
 .text          0x23f1dda4        0xc arch/arm/cpu/arm926ejs/at91/libat91.a(cpu.o)
                0x23f1dda4                arch_cpu_init
 .text          0x23f1ddb0       0x18 arch/arm/cpu/arm926ejs/at91/libat91.a(reset.o)
                0x23f1ddb0                reset_cpu
 .text          0x23f1ddc8      0x270 arch/arm/cpu/arm926ejs/at91/libat91.a(timer.o)
                0x23f1ddc8                get_ticks
                0x23f1de14                reset_timer_masked
                0x23f1de38                reset_timer
                0x23f1de5c                get_tbclk
                0x23f1de64                __udelay
                0x23f1df3c                get_timer_masked
                0x23f1dfbc                get_timer
                0x23f1dfd0                timer_init
 .text          0x23f1e038      0x1c4 arch/arm/lib/libarm.a(bootm.o)
                0x23f1e038                do_bootm_linux
 .text          0x23f1e1fc        0x4 arch/arm/lib/libarm.a(cache.o)
                0x23f1e1fc                flush_cache
 .text          0x23f1e200       0x30 arch/arm/lib/libarm.a(reset.o)
                0x23f1e200                do_reset
 .text          0x23f1e230     0x13a8 fs/fat/libfat.a(fat.o)
                0x23f1e230                disk_read
                0x23f1e8fc                file_fat_detectfs
                0x23f1ea5c                do_fat_read
                0x23f1f4a4                file_fat_read
                0x23f1f4dc                file_fat_ls
                0x23f1f4ec                fat_register_device
 .text          0x23f1f5d8      0x380 disk/libdisk.a(part.o)
                0x23f1f5d8                dev_print
                0x23f1f7dc                get_partition_info
                0x23f1f800                init_part
                0x23f1f81c                get_dev
                0x23f1f87c                print_part
 .text          0x23f1f958      0x558 disk/libdisk.a(part_dos.o)
                0x23f1f958                test_part_dos
                0x23f1fc38                get_partition_info_dos
                0x23f1fe84                print_part_dos
 .text          0x23f1feb0      0x778 drivers/mtd/libmtd.a(dataflash.o)
                0x23f1feb0                AT91F_DataflashSelect
                0x23f1fef8                addr_dataflash
                0x23f1ff18                size_dataflash
                0x23f1ff4c                prot_dataflash
                0x23f1ffac                dataflash_real_protect
                0x23f200c8                dataflash_perror
                0x23f20150                dataflash_print_info
                0x23f2027c                write_dataflash
                0x23f20364                read_dataflash
                0x23f203f4                AT91F_DataflashSetEnv
                0x23f20464                AT91F_DataflashInit
 .text          0x23f20628      0x714 drivers/mtd/libmtd.a(at45.o)
                0x23f20628                AT91F_DataFlashWriteBuffer
                0x23f20710                AT91F_DataFlashGetStatus
                0x23f20768                AT91F_DataflashProbe
                0x23f20790                AT91F_DataFlashWaitReady
                0x23f207d4                AT91F_DataFlashSendCommand
                0x23f208e4                AT91F_WriteBufferToMain
                0x23f20934                AT91F_BlockErase
                0x23f20960                AT91F_PageErase
                0x23f20988                AT91F_MainMemoryToBufferTransfert
                0x23f209d4                AT91F_PartialPageWrite
                0x23f20a98                AT91F_DataFlashWrite
                0x23f20c10                AT91F_DataFlashPagePgmBuf
                0x23f20c4c                AT91F_DataFlashContinuousRead
                0x23f20ca0                AT91F_DataFlashRead
 .text          0x23f20d3c      0x790 drivers/mtd/nand/libnand.a(nand_util.o)
                0x23f20d44                nand_upbbt_opts
                0x23f20dd8                nand_read_skip_bad
                0x23f20fb0                nand_write_skip_bad
                0x23f2118c                nand_erase_opts
 .text          0x23f214cc      0x754 drivers/net/libnet.a(macb.o)
                0x23f21554                macb_eth_initialize
 .text          0x23f21c20      0x1c4 drivers/spi/libspi.a(atmel_dataflash_spi.o)
                0x23f21c20                AT91F_SpiEnable
                0x23f21c9c                AT91F_SpiWrite
                0x23f21d74                AT91F_SpiInit
 .text          0x23f21de4     0x1850 drivers/usb/host/libusb_host.a(ohci-hcd.o)
                0x23f21de4                rh_check_port_status
                0x23f22208                usb_lowlevel_init
                0x23f22398                usb_lowlevel_stop
                0x23f223c8                sohci_submit_job
                0x23f22ed4                usb_event_poll
                0x23f22ed8                submit_common_msg
                0x23f2301c                submit_int_msg
                0x23f23038                submit_control_msg
                0x23f2361c                submit_bulk_msg
 .text          0x23f23634       0xd8 drivers/usb/host/libusb_host.a(ohci-at91.o)
                0x23f23634                usb_cpu_stop
                0x23f23678                usb_cpu_init_fail
                0x23f236bc                usb_cpu_init
 .text          0x23f2370c      0x1dc drivers/video/libvideo.a(atmel_lcdfb.o)
                0x23f2370c                lcd_setcolreg
                0x23f23738                calc_fbsize
                0x23f2375c                lcd_ctrl_init
 .text          0x23f238e8        0x0 board/atmel/at91sam9263ek/libat91sam9263ek.a(partition.o)
 .text          0x23f238e8       0x20 arch/arm/cpu/arm926ejs/libarm926ejs.a(cpu.o)
                0x23f238e8                cleanup_before_linux
 .text          0x23f23908      0x120 arch/arm/lib/libarm.a(cache-cp15.o)
                0x23f23908                icache_enable
                0x23f23948                icache_disable
                0x23f23988                icache_status
                0x23f23998                dcache_enable
                0x23f239d8                dcache_disable
                0x23f23a18                dcache_status
 .text          0x23f23a28       0x20 /home/jionfull/u-boot-2010.06/arch/arm/lib/eabi_compat.o
                0x23f23a28                __aeabi_unwind_cpp_pr0
                0x23f23a2c                raise
 .text          0x23f23a48      0x114 /opt/FriendlyARM/toolschain/4.4.3/lib/gcc/arm-none-linux-gnueabi/4.4.3/libgcc.a(_udivsi3.o)
                0x23f23a48                __udivsi3
                0x23f23a48                __aeabi_uidiv
                0x23f23b44                __aeabi_uidivmod
 .text          0x23f23b5c      0x144 /opt/FriendlyARM/toolschain/4.4.3/lib/gcc/arm-none-linux-gnueabi/4.4.3/libgcc.a(_divsi3.o)
                0x23f23b5c                __aeabi_idiv
                0x23f23b5c                __divsi3
                0x23f23c88                __aeabi_idivmod
 .text          0x23f23ca0       0x1c /opt/FriendlyARM/toolschain/4.4.3/lib/gcc/arm-none-linux-gnueabi/4.4.3/libgcc.a(_lshrdi3.o)
                0x23f23ca0                __aeabi_llsr
                0x23f23ca0                __lshrdi3
 .text          0x23f23cbc       0x1c /opt/FriendlyARM/toolschain/4.4.3/lib/gcc/arm-none-linux-gnueabi/4.4.3/libgcc.a(_ashrdi3.o)
                0x23f23cbc                __ashrdi3
                0x23f23cbc                __aeabi_lasr
 .text          0x23f23cd8       0x1c /opt/FriendlyARM/toolschain/4.4.3/lib/gcc/arm-none-linux-gnueabi/4.4.3/libgcc.a(_ashldi3.o)
                0x23f23cd8                __ashldi3
                0x23f23cd8                __aeabi_llsl
 .text          0x23f23cf4       0x14 /opt/FriendlyARM/toolschain/4.4.3/lib/gcc/arm-none-linux-gnueabi/4.4.3/libgcc.a(_dvmd_lnx.o)
                0x23f23cf4                __div0

.glue_7         0x23f23d08        0x0
 .glue_7        0x00000000        0x0 linker stubs

.glue_7t        0x23f23d08        0x0
 .glue_7t       0x00000000        0x0 linker stubs

.vfp11_veneer   0x23f23d08        0x0
 .vfp11_veneer  0x00000000        0x0 linker stubs

.v4_bx          0x23f23d08        0x0
 .v4_bx         0x00000000        0x0 linker stubs
                0x23f23d08                . = ALIGN (0x4)

.rodata         0x23f23d08     0x8a9a
 *(SORT(.rodata*))
 .rodata        0x23f23d08       0x30 arch/arm/lib/libarm.a(board.o)
                0x23f23d08                version_string
 .rodata        0x23f23d38       0x80 arch/arm/lib/libarm.a(interrupts.o)
 .rodata        0x23f23db8        0x8 drivers/mtd/nand/libnand.a(nand.o)
 .rodata        0x23f23dc0       0x5c drivers/mtd/nand/libnand.a(nand_base.o)
 .rodata        0x23f23e1c      0x100 drivers/mtd/nand/libnand.a(nand_ecc.o)
 .rodata        0x23f23f1c       0x4c common/libcommon.a(cmd_bootm.o)
 .rodata        0x23f23f68       0x58 common/libcommon.a(command.o)
 .rodata        0x23f23fc0     0x1000 common/libcommon.a(lcd.o)
 .rodata        0x23f24fc0        0x8 common/libcommon.a(usb_storage.o)
 .rodata        0x23f24fc8       0x20 common/libcommon.a(xyzModem.o)
 .rodata        0x23f24fe8      0x200 lib/libgeneric.a(crc16.o)
 .rodata        0x23f251e8      0x400 lib/libgeneric.a(crc32.o)
 .rodata        0x23f255e8        0x8 lib/libgeneric.a(display_options.o)
 .rodata        0x23f255f0       0x24 lib/libgeneric.a(vsprintf.o)
                0x23f25600                hex_asc
 .rodata        0x23f25614      0x9d0 lib/libgeneric.a(zlib.o)
                0x23f25fbc                z_errmsg
 .rodata        0x23f25fe4       0x10 disk/libdisk.a(part.o)
 .rodata        0x23f25ff4       0x80 drivers/usb/host/libusb_host.a(ohci-hcd.o)
 .rodata        0x23f26074        0x7 net/libnet.a(eth.o)
 .rodata        0x23f2607b        0x7 net/libnet.a(net.o)
 .rodata.str1.1
                0x23f26082       0x8d arch/arm/lib/libarm.a(board.o)
                                 0x8f (size before relaxing)
 .rodata.str1.1
                0x23f2610f      0x264 arch/arm/lib/libarm.a(interrupts.o)
                                0x27b (size before relaxing)
 .rodata.str1.1
                0x23f26373       0xc5 net/libnet.a(eth.o)
                                 0xdf (size before relaxing)
 .rodata.str1.1
                0x23f26438      0x20c net/libnet.a(net.o)
                                0x217 (size before relaxing)
 .rodata.str1.1
                0x23f26644      0x193 net/libnet.a(nfs.o)
                                0x1a9 (size before relaxing)
 .rodata.str1.1
                0x23f267d7       0x20 net/libnet.a(rarp.o)
                                 0x47 (size before relaxing)
 .rodata.str1.1
                0x23f267f7      0x162 net/libnet.a(tftp.o)
                                0x249 (size before relaxing)
 .rodata.str1.1
                0x23f26959      0x100 net/libnet.a(bootp.o)
                                0x13d (size before relaxing)
 .rodata.str1.1
                0x23f26a59        0x8 drivers/mtd/nand/libnand.a(nand.o)
 .rodata.str1.1
                0x23f26a61      0x3e9 drivers/mtd/nand/libnand.a(nand_base.o)
 .rodata.str1.1
                0x23f26e4a      0x1e9 drivers/mtd/nand/libnand.a(nand_bbt.o)
 .rodata.str1.1
                0x23f27033      0x31f drivers/mtd/nand/libnand.a(nand_ids.o)
                                0x335 (size before relaxing)
 .rodata.str1.1
                0x23f27352       0x15 drivers/serial/libserial.a(atmel_usart.o)
 .rodata.str1.1
                0x23f27367       0xef common/libcommon.a(cmd_boot.o)
                                 0xf0 (size before relaxing)
 .rodata.str1.1
                0x23f27456      0x672 common/libcommon.a(cmd_bootm.o)
                                0x691 (size before relaxing)
 .rodata.str1.1
                0x23f27ac8       0x5c common/libcommon.a(cmd_console.o)
                                 0x61 (size before relaxing)
 .rodata.str1.1
                0x23f27b24       0x55 common/libcommon.a(cmd_echo.o)
 .rodata.str1.1
                0x23f27b79        0xc common/libcommon.a(cmd_exit.o)
                                 0x12 (size before relaxing)
 .rodata.str1.1
                0x23f27b85      0x396 common/libcommon.a(cmd_fat.o)
                                0x3a5 (size before relaxing)
 .rodata.str1.1
                0x23f27f1b      0x507 common/libcommon.a(cmd_flash.o)
                                0x50f (size before relaxing)
 .rodata.str1.1
                0x23f28422       0x9a common/libcommon.a(cmd_help.o)
                                 0x9b (size before relaxing)
 .rodata.str1.1
                0x23f284bc       0xb3 common/libcommon.a(cmd_itest.o)
                                 0xb5 (size before relaxing)
 .rodata.str1.1
                0x23f2856f      0x219 common/libcommon.a(cmd_load.o)
                                0x22f (size before relaxing)
 .rodata.str1.1
                0x23f28788      0x52e common/libcommon.a(cmd_mem.o)
                                0x542 (size before relaxing)
 .rodata.str1.1
                0x23f28cb6       0x5f common/libcommon.a(cmd_misc.o)
 .rodata.str1.1
                0x23f28d15      0x738 common/libcommon.a(cmd_nand.o)
                                0x78c (size before relaxing)
 .rodata.str1.1
                0x23f2944d      0x1ea common/libcommon.a(cmd_net.o)
                                0x223 (size before relaxing)
 .rodata.str1.1
                0x23f29637      0x355 common/libcommon.a(cmd_nvedit.o)
                                0x3b9 (size before relaxing)
 .rodata.str1.1
                0x23f2998c       0x6e common/libcommon.a(cmd_test.o)
                                 0x96 (size before relaxing)
 .rodata.str1.1
                0x23f299fa      0x82f common/libcommon.a(cmd_usb.o)
                                0x969 (size before relaxing)
 .rodata.str1.1
                0x23f2a229       0x1b common/libcommon.a(cmd_version.o)
                                 0x24 (size before relaxing)
 .rodata.str1.1
                0x23f2a244      0x17e common/libcommon.a(cmd_ximg.o)
                                0x22f (size before relaxing)
 .rodata.str1.1
                0x23f2a3c2       0x9e common/libcommon.a(command.o)
                                 0xc6 (size before relaxing)
 .rodata.str1.1
                0x23f2a460       0x90 common/libcommon.a(console.o)
                                 0xa8 (size before relaxing)
 .rodata.str1.1
                0x23f2a4f0       0x33 common/libcommon.a(env_common.o)
                                 0x37 (size before relaxing)
 .rodata.str1.1
                0x23f2a523       0x17 common/libcommon.a(env_dataflash.o)
 .rodata.str1.1
                0x23f2a53a      0x237 common/libcommon.a(hush.o)
                                0x26b (size before relaxing)
 .rodata.str1.1
                0x23f2a771      0x457 common/libcommon.a(image.o)
                                0x4f2 (size before relaxing)
 .rodata.str1.1
                0x23f2abc8       0x15 common/libcommon.a(lcd.o)
                                 0x16 (size before relaxing)
 .rodata.str1.1
                0x23f2abdd       0x6f common/libcommon.a(main.o)
                                 0xd6 (size before relaxing)
 .rodata.str1.1
                0x00000000       0x1b common/libcommon.a(stdio.o)
 .rodata.str1.1
                0x23f2ac4c      0x28b common/libcommon.a(usb.o)
 .rodata.str1.1
                0x23f2aed7      0x1ed common/libcommon.a(usb_storage.o)
                                0x1ff (size before relaxing)
 .rodata.str1.1
                0x23f2b0c4       0xe3 common/libcommon.a(xyzModem.o)
                                 0xe5 (size before relaxing)
 .rodata.str1.1
                0x23f2b1a7      0x154 board/atmel/at91sam9263ek/libat91sam9263ek.a(at91sam9263ek.o)
                                0x15a (size before relaxing)
 .rodata.str1.1
                0x23f2b2fb       0x1a lib/libgeneric.a(display_options.o)
                                 0x43 (size before relaxing)
 .rodata.str1.1
                0x23f2b315       0x85 lib/libgeneric.a(gunzip.o)
 .rodata.str1.1
                0x23f2b39a        0x7 lib/libgeneric.a(strmhz.o)
                                  0xb (size before relaxing)
 .rodata.str1.1
                0x23f2b3a1        0xe lib/libgeneric.a(vsprintf.o)
 .rodata.str1.1
                0x23f2b3af      0x21c lib/libgeneric.a(zlib.o)
                                0x21d (size before relaxing)
 .rodata.str1.1
                0x23f2b5cb       0x1b arch/arm/cpu/arm926ejs/at91/libat91.a(timer.o)
 .rodata.str1.1
                0x23f2b5e6       0x42 arch/arm/lib/libarm.a(bootm.o)
                                 0x4b (size before relaxing)
 .rodata.str1.1
                0x23f2b628        0xf arch/arm/lib/libarm.a(reset.o)
 .rodata.str1.1
                0x23f2b637      0x15f fs/fat/libfat.a(fat.o)
                                0x16d (size before relaxing)
 .rodata.str1.1
                0x23f2b796      0x1af disk/libdisk.a(part.o)
                                0x1e0 (size before relaxing)
 .rodata.str1.1
                0x23f2b945       0xe5 disk/libdisk.a(part_dos.o)
                                 0xf1 (size before relaxing)
 .rodata.str1.1
                0x23f2ba2a      0x177 drivers/mtd/libmtd.a(dataflash.o)
                                0x185 (size before relaxing)
 .rodata.str1.1
                0x23f2bba1      0x299 drivers/mtd/nand/libnand.a(nand_util.o)
                                0x29b (size before relaxing)
 .rodata.str1.1
                0x23f2be3a      0x15c drivers/net/libnet.a(macb.o)
 .rodata.str1.1
                0x23f2bf96       0x10 drivers/spi/libspi.a(atmel_dataflash_spi.o)
 .rodata.str1.1
                0x23f2bfa6      0x7e1 drivers/usb/host/libusb_host.a(ohci-hcd.o)
 .rodata.str1.1
                0x23f2c787       0x1b /home/jionfull/u-boot-2010.06/arch/arm/lib/eabi_compat.o
                0x23f2c7a4                . = ALIGN (0x4)

.data           0x23f2c7a4     0x804c
 *(.data)
 .data          0x23f2c7a4        0x0 arch/arm/cpu/arm926ejs/start.o
 .data          0x23f2c7a4        0x0 arch/arm/cpu/arm926ejs/at91/libat91.a(led.o)
 .data          0x23f2c7a4       0x2c arch/arm/lib/libarm.a(board.o)
                0x23f2c7a4                init_sequence
 .data          0x23f2c7d0        0x0 arch/arm/lib/libarm.a(interrupts.o)
 .data          0x23f2c7d0        0x0 net/libnet.a(eth.o)
 .data          0x23f2c7d0        0xc net/libnet.a(net.o)
                0x23f2c7d0                NetOurVLAN
                0x23f2c7d2                NetOurNativeVLAN
                0x23f2c7d4                NetBcastAddr
 .data          0x23f2c7dc        0x4 net/libnet.a(nfs.o)
 .data          0x23f2c7e0        0x0 net/libnet.a(rarp.o)
 .data          0x23f2c7e0       0x18 net/libnet.a(tftp.o)
                0x23f2c7ec                TftpRRQTimeoutCountMax
                0x23f2c7f4                TftpRRQTimeoutMSecs
 .data          0x23f2c7f8        0x0 net/libnet.a(bootp.o)
 .data          0x23f2c7f8        0x0 drivers/gpio/libgpio.a(at91_gpio.o)
 .data          0x23f2c7f8        0x4 drivers/mtd/nand/libnand.a(nand.o)
                0x23f2c7f8                nand_curr_device
 .data          0x23f2c7fc      0x920 drivers/mtd/nand/libnand.a(nand_base.o)
 .data          0x23f2d11c       0xe4 drivers/mtd/nand/libnand.a(nand_bbt.o)
 .data          0x23f2d200        0x0 drivers/mtd/nand/libnand.a(nand_ecc.o)
 .data          0x23f2d200      0x4a0 drivers/mtd/nand/libnand.a(nand_ids.o)
                0x23f2d200                nand_flash_ids
                0x23f2d650                nand_manuf_ids
 .data          0x23f2d6a0        0x0 drivers/mtd/nand/libnand.a(atmel_nand.o)
 .data          0x23f2d6a0        0x0 drivers/serial/libserial.a(atmel_usart.o)
 .data          0x23f2d6a0        0x0 common/libcommon.a(cmd_boot.o)
 .data          0x23f2d6a0       0xac common/libcommon.a(cmd_bootm.o)
                0x23f2d6a0                load_addr
 .data          0x23f2d74c        0x0 common/libcommon.a(cmd_console.o)
 .data          0x23f2d74c        0x0 common/libcommon.a(cmd_echo.o)
 .data          0x23f2d74c        0x0 common/libcommon.a(cmd_exit.o)
 .data          0x23f2d74c        0x0 common/libcommon.a(cmd_fat.o)
 .data          0x23f2d74c        0x0 common/libcommon.a(cmd_flash.o)
 .data          0x23f2d74c        0x0 common/libcommon.a(cmd_help.o)
 .data          0x23f2d74c       0x68 common/libcommon.a(cmd_itest.o)
                0x23f2d74c                op_table
 .data          0x23f2d7b4        0x0 common/libcommon.a(cmd_load.o)
 .data          0x23f2d7b4        0x4 common/libcommon.a(cmd_mem.o)
                0x23f2d7b4                dp_last_length
 .data          0x23f2d7b8        0x0 common/libcommon.a(cmd_misc.o)
 .data          0x23f2d7b8        0x0 common/libcommon.a(cmd_nand.o)
 .data          0x23f2d7b8        0x0 common/libcommon.a(cmd_net.o)
 .data          0x23f2d7b8        0x4 common/libcommon.a(cmd_nvedit.o)
 .data          0x23f2d7bc        0x0 common/libcommon.a(cmd_test.o)
 .data          0x23f2d7bc        0x4 common/libcommon.a(cmd_usb.o)
 .data          0x23f2d7c0        0x0 common/libcommon.a(cmd_version.o)
 .data          0x23f2d7c0        0x0 common/libcommon.a(cmd_ximg.o)
 .data          0x23f2d7c0        0x0 common/libcommon.a(command.o)
 .data          0x23f2d7c0        0x0 common/libcommon.a(console.o)
 .data          0x23f2d7c0      0x414 common/libcommon.a(dlmalloc.o)
 .data          0x23f2dbd4       0xb4 common/libcommon.a(env_common.o)
                0x23f2dbd4                default_environment
 .data          0x23f2dc88        0x4 common/libcommon.a(env_dataflash.o)
                0x23f2dc88                env_name_spec
 .data          0x23f2dc8c        0x0 common/libcommon.a(exports.o)
 .data          0x23f2dc8c       0x84 common/libcommon.a(hush.o)
 .data          0x23f2dd10      0x204 common/libcommon.a(image.o)
 .data          0x23f2df14     0x666c common/libcommon.a(lcd.o)
                0x23f2df14                bmp_logo_palette
                0x23f2df50                bmp_logo_bitmap
 .data          0x23f34580       0x14 common/libcommon.a(main.o)
 .data          0x23f34594        0xc common/libcommon.a(stdio.o)
                0x23f34594                stdio_names
 .data          0x23f345a0        0x0 common/libcommon.a(usb.o)
 .data          0x23f345a0       0x20 common/libcommon.a(usb_storage.o)
                0x23f345a0                us_direction
 .data          0x23f345c0        0x0 common/libcommon.a(xyzModem.o)
 .data          0x23f345c0       0x34 board/atmel/at91sam9263ek/libat91sam9263ek.a(at91sam9263ek.o)
                0x23f345c0                panel_info
 .data          0x23f345f4        0x0 lib/libgeneric.a(crc16.o)
 .data          0x23f345f4        0x0 lib/libgeneric.a(crc32.o)
 .data          0x23f345f4      0x100 lib/libgeneric.a(ctype.o)
                0x23f345f4                _ctype
 .data          0x23f346f4        0x0 lib/libgeneric.a(display_options.o)
 .data          0x23f346f4        0x0 lib/libgeneric.a(gunzip.o)
 .data          0x23f346f4        0x0 lib/libgeneric.a(net_utils.o)
 .data          0x23f346f4        0x0 lib/libgeneric.a(string.o)
 .data          0x23f346f4        0x0 lib/libgeneric.a(strmhz.o)
 .data          0x23f346f4        0x0 lib/libgeneric.a(time.o)
 .data          0x23f346f4        0x0 lib/libgeneric.a(vsprintf.o)
 .data          0x23f346f4        0x0 lib/libgeneric.a(zlib.o)
 .data          0x23f346f4        0x0 lib/libgeneric.a(div64.o)
 .data          0x23f346f4        0x0 arch/arm/cpu/arm926ejs/at91/libat91.a(at91sam9263_devices.o)
 .data          0x23f346f4        0x0 arch/arm/cpu/arm926ejs/at91/libat91.a(clock.o)
 .data          0x23f346f4        0x0 arch/arm/cpu/arm926ejs/at91/libat91.a(cpu.o)
 .data          0x23f346f4        0x0 arch/arm/cpu/arm926ejs/at91/libat91.a(reset.o)
 .data          0x23f346f4        0x0 arch/arm/cpu/arm926ejs/at91/libat91.a(timer.o)
 .data          0x23f346f4        0x0 arch/arm/lib/libarm.a(bootm.o)
 .data          0x23f346f4        0x0 arch/arm/lib/libarm.a(cache.o)
 .data          0x23f346f4        0x0 arch/arm/lib/libarm.a(reset.o)
 .data          0x23f346f4        0x4 fs/fat/libfat.a(fat.o)
 .data          0x23f346f8        0x0 disk/libdisk.a(part.o)
 .data          0x23f346f8        0x0 disk/libdisk.a(part_dos.o)
 .data          0x23f346f8        0x0 drivers/mtd/libmtd.a(dataflash.o)
 .data          0x23f346f8        0x0 drivers/mtd/libmtd.a(at45.o)
 .data          0x23f346f8        0x0 drivers/mtd/nand/libnand.a(nand_util.o)
 .data          0x23f346f8        0x0 drivers/net/libnet.a(macb.o)
 .data          0x23f346f8        0x0 drivers/spi/libspi.a(atmel_dataflash_spi.o)
 .data          0x23f346f8       0x50 drivers/usb/host/libusb_host.a(ohci-hcd.o)
 .data          0x23f34748        0x0 drivers/usb/host/libusb_host.a(ohci-at91.o)
 .data          0x23f34748        0x0 drivers/video/libvideo.a(atmel_lcdfb.o)
 .data          0x23f34748       0xa8 board/atmel/at91sam9263ek/libat91sam9263ek.a(partition.o)
                0x23f34748                cs
                0x23f34750                area_list
 .data          0x23f347f0        0x0 arch/arm/cpu/arm926ejs/libarm926ejs.a(cpu.o)
 .data          0x23f347f0        0x0 arch/arm/lib/libarm.a(cache-cp15.o)
 .data          0x23f347f0        0x0 /home/jionfull/u-boot-2010.06/arch/arm/lib/eabi_compat.o
 .data          0x23f347f0        0x0 /opt/FriendlyARM/toolschain/4.4.3/lib/gcc/arm-none-linux-gnueabi/4.4.3/libgcc.a(_udivsi3.o)
 .data          0x23f347f0        0x0 /opt/FriendlyARM/toolschain/4.4.3/lib/gcc/arm-none-linux-gnueabi/4.4.3/libgcc.a(_divsi3.o)
 .data          0x23f347f0        0x0 /opt/FriendlyARM/toolschain/4.4.3/lib/gcc/arm-none-linux-gnueabi/4.4.3/libgcc.a(_lshrdi3.o)
 .data          0x23f347f0        0x0 /opt/FriendlyARM/toolschain/4.4.3/lib/gcc/arm-none-linux-gnueabi/4.4.3/libgcc.a(_ashrdi3.o)
 .data          0x23f347f0        0x0 /opt/FriendlyARM/toolschain/4.4.3/lib/gcc/arm-none-linux-gnueabi/4.4.3/libgcc.a(_ashldi3.o)
 .data          0x23f347f0        0x0 /opt/FriendlyARM/toolschain/4.4.3/lib/gcc/arm-none-linux-gnueabi/4.4.3/libgcc.a(_dvmd_lnx.o)
                0x23f347f0                . = ALIGN (0x4)

.got
 *(.got)
                0x23f347f0                . = .
                0x23f347f0                __u_boot_cmd_start = .

.u_boot_cmd     0x23f347f0      0x5b0
 *(.u_boot_cmd)
 .u_boot_cmd    0x23f347f0       0x38 common/libcommon.a(cmd_boot.o)
                0x23f347f0                __u_boot_cmd_go
                0x23f3480c                __u_boot_cmd_reset
 .u_boot_cmd    0x23f34828       0x54 common/libcommon.a(cmd_bootm.o)
                0x23f34828                __u_boot_cmd_bootm
                0x23f34844                __u_boot_cmd_boot
                0x23f34860                __u_boot_cmd_bootd
 .u_boot_cmd    0x23f3487c       0x1c common/libcommon.a(cmd_console.o)
                0x23f3487c                __u_boot_cmd_coninfo
 .u_boot_cmd    0x23f34898       0x1c common/libcommon.a(cmd_echo.o)
                0x23f34898                __u_boot_cmd_echo
 .u_boot_cmd    0x23f348b4       0x1c common/libcommon.a(cmd_exit.o)
                0x23f348b4                __u_boot_cmd_exit
 .u_boot_cmd    0x23f348d0       0x54 common/libcommon.a(cmd_fat.o)
                0x23f348d0                __u_boot_cmd_fatload
                0x23f348ec                __u_boot_cmd_fatls
                0x23f34908                __u_boot_cmd_fatinfo
 .u_boot_cmd    0x23f34924       0x54 common/libcommon.a(cmd_flash.o)
                0x23f34924                __u_boot_cmd_flinfo
                0x23f34940                __u_boot_cmd_erase
                0x23f3495c                __u_boot_cmd_protect
 .u_boot_cmd    0x23f34978       0x38 common/libcommon.a(cmd_help.o)
                0x23f34978                __u_boot_cmd_help
                0x23f34994                __u_boot_cmd_question_mark
 .u_boot_cmd    0x23f349b0       0x1c common/libcommon.a(cmd_itest.o)
                0x23f349b0                __u_boot_cmd_itest
 .u_boot_cmd    0x23f349cc       0x38 common/libcommon.a(cmd_load.o)
                0x23f349cc                __u_boot_cmd_loadb
                0x23f349e8                __u_boot_cmd_loady
 .u_boot_cmd    0x23f34a04      0x118 common/libcommon.a(cmd_mem.o)
                0x23f34a04                __u_boot_cmd_md
                0x23f34a20                __u_boot_cmd_mm
                0x23f34a3c                __u_boot_cmd_nm
                0x23f34a58                __u_boot_cmd_mw
                0x23f34a74                __u_boot_cmd_cp
                0x23f34a90                __u_boot_cmd_cmp
                0x23f34aac                __u_boot_cmd_crc32
                0x23f34ac8                __u_boot_cmd_base
                0x23f34ae4                __u_boot_cmd_loop
                0x23f34b00                __u_boot_cmd_mtest
 .u_boot_cmd    0x23f34b1c       0x1c common/libcommon.a(cmd_misc.o)
                0x23f34b1c                __u_boot_cmd_sleep
 .u_boot_cmd    0x23f34b38       0x38 common/libcommon.a(cmd_nand.o)
                0x23f34b38                __u_boot_cmd_nand
                0x23f34b54                __u_boot_cmd_nboot
 .u_boot_cmd    0x23f34b70       0xa8 common/libcommon.a(cmd_net.o)
                0x23f34b70                __u_boot_cmd_bootp
                0x23f34b8c                __u_boot_cmd_tftpboot
                0x23f34ba8                __u_boot_cmd_rarpboot
                0x23f34bc4                __u_boot_cmd_dhcp
                0x23f34be0                __u_boot_cmd_nfs
                0x23f34bfc                __u_boot_cmd_ping
 .u_boot_cmd    0x23f34c18       0x8c common/libcommon.a(cmd_nvedit.o)
                0x23f34c18                __u_boot_cmd_saveenv
                0x23f34c34                __u_boot_cmd_editenv
                0x23f34c50                __u_boot_cmd_printenv
                0x23f34c6c                __u_boot_cmd_setenv
                0x23f34c88                __u_boot_cmd_run
 .u_boot_cmd    0x23f34ca4       0x54 common/libcommon.a(cmd_test.o)
                0x23f34ca4                __u_boot_cmd_test
                0x23f34cc0                __u_boot_cmd_false
                0x23f34cdc                __u_boot_cmd_true
 .u_boot_cmd    0x23f34cf8       0x38 common/libcommon.a(cmd_usb.o)
                0x23f34cf8                __u_boot_cmd_usb
                0x23f34d14                __u_boot_cmd_usbboot
 .u_boot_cmd    0x23f34d30       0x1c common/libcommon.a(cmd_version.o)
                0x23f34d30                __u_boot_cmd_version
 .u_boot_cmd    0x23f34d4c       0x1c common/libcommon.a(cmd_ximg.o)
                0x23f34d4c                __u_boot_cmd_imxtract
 .u_boot_cmd    0x23f34d68       0x1c common/libcommon.a(hush.o)
                0x23f34d68                __u_boot_cmd_showvar
 .u_boot_cmd    0x23f34d84       0x1c common/libcommon.a(lcd.o)
                0x23f34d84                __u_boot_cmd_cls
                0x23f34da0                __u_boot_cmd_end = .
                0x23f34da0                . = ALIGN (0x4)
                0x23f34da0                __bss_start = .

.bss            0x23f34e00    0x41804
 *(.bss)
 .bss           0x23f34e00        0x0 arch/arm/cpu/arm926ejs/start.o
 .bss           0x23f34e00        0x0 arch/arm/cpu/arm926ejs/at91/libat91.a(led.o)
 .bss           0x23f34e00        0x4 arch/arm/lib/libarm.a(board.o)
                0x23f34e00                monitor_flash_len
 .bss           0x23f34e04        0x0 arch/arm/lib/libarm.a(interrupts.o)
 .bss           0x23f34e04       0x14 net/libnet.a(eth.o)
 .bss           0x23f34e18     0x25e4 net/libnet.a(net.o)
                0x23f34e18                NetState
                0x23f34e2c                NetIPID
                0x23f34e30                NetOurIP
                0x23f34e34                NetOurEther
                0x23f34e3c                NetPingIP
                0x23f34e40                NetRxPacket
                0x23f34e44                NetRxPacketLen
                0x23f34e48                NetArpWaitPacketIP
                0x23f34e4c                NetArpWaitPacketMAC
                0x23f34e50                NetArpWaitReplyIP
                0x23f34e54                NetArpWaitTxPacket
                0x23f34e58                NetArpWaitTxPacketSize
                0x23f34e5c                NetServerIP
                0x23f34e60                NetServerEther
                0x23f34e68                NetTxPacket
                0x23f34e6c                NetOurSubnetMask
                0x23f34e70                NetOurGatewayIP
                0x23f34e7c                NetEtherNullAddr
                0x23f34e84                NetArpWaitTry
                0x23f34e88                NetArpWaitTimerStart
                0x23f34e94                NetRestartWrap
                0x23f34e9c                PktBuf
                0x23f36cbc                NetRxPackets
                0x23f36ccc                NetArpWaitPacketBuf
                0x23f372f0                NetBootFileXferSize
                0x23f372f4                NetOurDNSIP
                0x23f372f8                NetOurNISDomain
                0x23f37318                NetOurHostName
                0x23f37338                NetOurRootPath
                0x23f37378                NetBootFileSize
                0x23f3737c                BootFile
 .bss           0x23f373fc      0x8b0 net/libnet.a(nfs.o)
 .bss           0x23f37cac        0x4 net/libnet.a(rarp.o)
                0x23f37cac                RarpTry
 .bss           0x23f37cb0       0xb4 net/libnet.a(tftp.o)
 .bss           0x23f37d64       0x14 net/libnet.a(bootp.o)
                0x23f37d64                dhcp_leasetime
                0x23f37d68                NetDHCPServerIP
                0x23f37d6c                BootpID
                0x23f37d70                dhcp_state
                0x23f37d74                BootpTry
 .bss           0x23f37d78        0x0 drivers/gpio/libgpio.a(at91_gpio.o)
 .bss           0x23f37d78      0x1c8 drivers/mtd/nand/libnand.a(nand.o)
                0x23f37d78                nand_info
 .bss           0x23f37f40        0x0 drivers/mtd/nand/libnand.a(nand_base.o)
 .bss           0x23f37f40        0x0 drivers/mtd/nand/libnand.a(nand_bbt.o)
 .bss           0x23f37f40        0x0 drivers/mtd/nand/libnand.a(nand_ecc.o)
 .bss           0x23f37f40        0x0 drivers/mtd/nand/libnand.a(nand_ids.o)
 .bss           0x23f37f40        0x0 drivers/mtd/nand/libnand.a(atmel_nand.o)
 .bss           0x23f37f40        0x0 drivers/serial/libserial.a(atmel_usart.o)
 .bss           0x23f37f40        0x0 common/libcommon.a(cmd_boot.o)
 .bss           0x23f37f40       0x8c common/libcommon.a(cmd_bootm.o)
 .bss           0x23f37fcc        0x0 common/libcommon.a(cmd_console.o)
 .bss           0x23f37fcc        0x0 common/libcommon.a(cmd_echo.o)
 .bss           0x23f37fcc        0x0 common/libcommon.a(cmd_exit.o)
 .bss           0x23f37fcc        0x0 common/libcommon.a(cmd_fat.o)
 .bss           0x23f37fcc        0x0 common/libcommon.a(cmd_flash.o)
 .bss           0x23f37fcc        0x0 common/libcommon.a(cmd_help.o)
 .bss           0x23f37fcc        0x0 common/libcommon.a(cmd_itest.o)
 .bss           0x23f37fcc       0x60 common/libcommon.a(cmd_load.o)
                0x23f37fdc                os_data_init
                0x23f37fec                os_data_char
                0x23f37ff0                his_quote
                0x23f37ff4                his_pad_count
                0x23f37ff8                his_pad_char
                0x23f37ff9                his_eol
                0x23f37ffc                send_ptr
                0x23f38000                send_parms
 .bss           0x23f3802c       0x14 common/libcommon.a(cmd_mem.o)
                0x23f38030                mm_last_addr
                0x23f38034                mm_last_size
                0x23f38038                dp_last_addr
                0x23f3803c                dp_last_size
 .bss           0x23f38040        0x0 common/libcommon.a(cmd_misc.o)
 .bss           0x23f38040        0x0 common/libcommon.a(cmd_nand.o)
 .bss           0x23f38040        0x0 common/libcommon.a(cmd_net.o)
 .bss           0x23f38040        0x0 common/libcommon.a(cmd_nvedit.o)
 .bss           0x23f38040        0x0 common/libcommon.a(cmd_test.o)
 .bss           0x23f38040        0x0 common/libcommon.a(cmd_usb.o)
 .bss           0x23f38040        0x0 common/libcommon.a(cmd_version.o)
 .bss           0x23f38040        0x0 common/libcommon.a(cmd_ximg.o)
 .bss           0x23f38040      0x300 common/libcommon.a(command.o)
 .bss           0x23f38340        0x8 common/libcommon.a(console.o)
 .bss           0x23f38348       0x44 common/libcommon.a(dlmalloc.o)
                0x23f38348                mem_malloc_brk
                0x23f3834c                mem_malloc_start
                0x23f38350                mem_malloc_end
 .bss           0x23f3838c        0x0 common/libcommon.a(env_common.o)
 .bss           0x23f3838c        0x4 common/libcommon.a(env_dataflash.o)
                0x23f3838c                env_ptr
 .bss           0x23f38390        0x0 common/libcommon.a(exports.o)
 .bss           0x23f38390      0x258 common/libcommon.a(hush.o)
                0x23f385dc                last_return_code
                0x23f385e4                nesting_level
 .bss           0x23f385e8        0x0 common/libcommon.a(image.o)
 .bss           0x23f385e8        0x1 common/libcommon.a(lcd.o)
                0x23f385e8                lcd_is_enabled
 *fill*         0x23f385e9        0x3 00
 .bss           0x23f385ec     0x1578 common/libcommon.a(main.o)
                0x23f385f8                hist_num
                0x23f385fc                hist_lines
                0x23f39a10                hist_list
                0x23f39a60                console_buffer
 .bss           0x23f39b64       0x48 common/libcommon.a(stdio.o)
                0x23f39ba0                stdio_devices
 .bss           0x23f39bac     0xaa1c common/libcommon.a(usb.o)
                0x23f445b8                usb_started
 .bss           0x23f445c8      0x5b8 common/libcommon.a(usb_storage.o)
 .bss           0x23f44b80      0x43c common/libcommon.a(xyzModem.o)
 .bss           0x23f44fbc        0x0 board/atmel/at91sam9263ek/libat91sam9263ek.a(at91sam9263ek.o)
 .bss           0x23f44fbc        0x0 lib/libgeneric.a(crc16.o)
 .bss           0x23f44fbc        0x0 lib/libgeneric.a(crc32.o)
 .bss           0x23f44fbc        0x0 lib/libgeneric.a(ctype.o)
 .bss           0x23f44fbc        0x0 lib/libgeneric.a(display_options.o)
 .bss           0x23f44fbc        0x0 lib/libgeneric.a(gunzip.o)
 .bss           0x23f44fbc        0x0 lib/libgeneric.a(net_utils.o)
 .bss           0x23f44fbc        0x4 lib/libgeneric.a(string.o)
                0x23f44fbc                ___strtok
 .bss           0x23f44fc0        0x0 lib/libgeneric.a(strmhz.o)
 .bss           0x23f44fc0        0x0 lib/libgeneric.a(time.o)
 .bss           0x23f44fc0        0x0 lib/libgeneric.a(vsprintf.o)
 .bss           0x23f44fc0        0x0 lib/libgeneric.a(zlib.o)
 .bss           0x23f44fc0        0x0 lib/libgeneric.a(div64.o)
 .bss           0x23f44fc0        0x0 arch/arm/cpu/arm926ejs/at91/libat91.a(at91sam9263_devices.o)
 .bss           0x23f44fc0       0x18 arch/arm/cpu/arm926ejs/at91/libat91.a(clock.o)
 .bss           0x23f44fd8        0x0 arch/arm/cpu/arm926ejs/at91/libat91.a(cpu.o)
 .bss           0x23f44fd8        0x0 arch/arm/cpu/arm926ejs/at91/libat91.a(reset.o)
 .bss           0x23f44fd8        0xc arch/arm/cpu/arm926ejs/at91/libat91.a(timer.o)
 .bss           0x23f44fe4        0x4 arch/arm/lib/libarm.a(bootm.o)
 .bss           0x23f44fe8        0x0 arch/arm/lib/libarm.a(cache.o)
 .bss           0x23f44fe8        0x0 arch/arm/lib/libarm.a(reset.o)
 .bss           0x23f44fe8    0x30008 fs/fat/libfat.a(fat.o)
                0x23f44ff0                get_vfatname_block
                0x23f54ff0                do_fat_read_block
                0x23f64ff0                get_dentfromdir_block
 .bss           0x23f74ff0        0x0 disk/libdisk.a(part.o)
 .bss           0x23f74ff0        0x0 disk/libdisk.a(part_dos.o)
 .bss           0x23f74ff0        0x8 drivers/mtd/libmtd.a(dataflash.o)
 .bss           0x23f74ff8        0x0 drivers/mtd/libmtd.a(at45.o)
 .bss           0x23f74ff8        0x0 drivers/mtd/nand/libnand.a(nand_util.o)
 .bss           0x23f74ff8        0x0 drivers/net/libnet.a(macb.o)
 .bss           0x23f74ff8        0x0 drivers/spi/libspi.a(atmel_dataflash_spi.o)
 *fill*         0x23f74ff8        0x8 00
 .bss           0x23f75000     0x1500 drivers/usb/host/libusb_host.a(ohci-hcd.o)
                0x23f75148                phcca
                0x23f75200                ghcca
                0x23f75300                ohci_dev
                0x23f754a0                gtd
                0x23f764e0                ptd
                0x23f764e8                devgone
 .bss           0x23f76500        0x0 drivers/usb/host/libusb_host.a(ohci-at91.o)
 .bss           0x23f76500       0x18 drivers/video/libvideo.a(atmel_lcdfb.o)
                0x23f76500                lcd_line_length
                0x23f76504                lcd_color_fg
                0x23f76508                lcd_color_bg
                0x23f7650c                lcd_base
                0x23f76510                lcd_console_address
                0x23f76514                console_col
                0x23f76516                console_row
 .bss           0x23f76518       0xec board/atmel/at91sam9263ek/libat91sam9263ek.a(partition.o)
                0x23f76518                dataflash_info
 .bss           0x23f76604        0x0 arch/arm/cpu/arm926ejs/libarm926ejs.a(cpu.o)
 .bss           0x23f76604        0x0 arch/arm/lib/libarm.a(cache-cp15.o)
 .bss           0x23f76604        0x0 /home/jionfull/u-boot-2010.06/arch/arm/lib/eabi_compat.o
 .bss           0x23f76604        0x0 /opt/FriendlyARM/toolschain/4.4.3/lib/gcc/arm-none-linux-gnueabi/4.4.3/libgcc.a(_udivsi3.o)
 .bss           0x23f76604        0x0 /opt/FriendlyARM/toolschain/4.4.3/lib/gcc/arm-none-linux-gnueabi/4.4.3/libgcc.a(_divsi3.o)
 .bss           0x23f76604        0x0 /opt/FriendlyARM/toolschain/4.4.3/lib/gcc/arm-none-linux-gnueabi/4.4.3/libgcc.a(_lshrdi3.o)
 .bss           0x23f76604        0x0 /opt/FriendlyARM/toolschain/4.4.3/lib/gcc/arm-none-linux-gnueabi/4.4.3/libgcc.a(_ashrdi3.o)
 .bss           0x23f76604        0x0 /opt/FriendlyARM/toolschain/4.4.3/lib/gcc/arm-none-linux-gnueabi/4.4.3/libgcc.a(_ashldi3.o)
 .bss           0x23f76604        0x0 /opt/FriendlyARM/toolschain/4.4.3/lib/gcc/arm-none-linux-gnueabi/4.4.3/libgcc.a(_dvmd_lnx.o)
                0x23f76604                . = ALIGN (0x4)
                0x23f76604                _end = .
Address of section .text set to 0x23f00000
LOAD arch/arm/cpu/arm926ejs/start.o
START GROUP
LOAD lib/libgeneric.a
LOAD lib/lzma/liblzma.a
LOAD lib/lzo/liblzo.a
LOAD arch/arm/cpu/arm926ejs/libarm926ejs.a
LOAD arch/arm/cpu/arm926ejs/at91/libat91.a
LOAD arch/arm/lib/libarm.a
LOAD fs/cramfs/libcramfs.a
LOAD fs/fat/libfat.a
LOAD fs/fdos/libfdos.a
LOAD fs/jffs2/libjffs2.a
LOAD fs/reiserfs/libreiserfs.a
LOAD fs/ext2/libext2fs.a
LOAD fs/yaffs2/libyaffs2.a
LOAD fs/ubifs/libubifs.a
LOAD net/libnet.a
LOAD disk/libdisk.a
LOAD drivers/bios_emulator/libatibiosemu.a
LOAD drivers/block/libblock.a
LOAD drivers/dma/libdma.a
LOAD drivers/fpga/libfpga.a
LOAD drivers/gpio/libgpio.a
LOAD drivers/hwmon/libhwmon.a
LOAD drivers/i2c/libi2c.a
LOAD drivers/input/libinput.a
LOAD drivers/misc/libmisc.a
LOAD drivers/mmc/libmmc.a
LOAD drivers/mtd/libmtd.a
LOAD drivers/mtd/nand/libnand.a
LOAD drivers/mtd/onenand/libonenand.a
LOAD drivers/mtd/ubi/libubi.a
LOAD drivers/mtd/spi/libspi_flash.a
LOAD drivers/net/libnet.a
LOAD drivers/net/phy/libphy.a
LOAD drivers/pci/libpci.a
LOAD drivers/pcmcia/libpcmcia.a
LOAD drivers/power/libpower.a
LOAD drivers/spi/libspi.a
LOAD drivers/rtc/librtc.a
LOAD drivers/serial/libserial.a
LOAD drivers/twserial/libtws.a
LOAD drivers/usb/gadget/libusb_gadget.a
LOAD drivers/usb/host/libusb_host.a
LOAD drivers/usb/musb/libusb_musb.a
LOAD drivers/usb/phy/libusb_phy.a
LOAD drivers/video/libvideo.a
LOAD drivers/watchdog/libwatchdog.a
LOAD common/libcommon.a
LOAD lib/libfdt/libfdt.a
LOAD api/libapi.a
LOAD post/libpost.a
LOAD board/atmel/at91sam9263ek/libat91sam9263ek.a
END GROUP
LOAD /home/jionfull/u-boot-2010.06/arch/arm/lib/eabi_compat.o
LOAD /opt/FriendlyARM/toolschain/4.4.3/lib/gcc/arm-none-linux-gnueabi/4.4.3/libgcc.a
OUTPUT(u-boot elf32-littlearm)

.ARM.attributes
                0x00000000       0x27
 .ARM.attributes
                0x00000000       0x1b arch/arm/cpu/arm926ejs/start.o
 .ARM.attributes
                0x0000001b       0x2b arch/arm/cpu/arm926ejs/at91/libat91.a(led.o)
 .ARM.attributes
                0x00000046       0x2b arch/arm/lib/libarm.a(board.o)
 .ARM.attributes
                0x00000071       0x2b arch/arm/lib/libarm.a(interrupts.o)
 .ARM.attributes
                0x0000009c       0x2b net/libnet.a(eth.o)
 .ARM.attributes
                0x000000c7       0x2b net/libnet.a(net.o)
 .ARM.attributes
                0x000000f2       0x2b net/libnet.a(nfs.o)
 .ARM.attributes
                0x0000011d       0x2b net/libnet.a(rarp.o)
 .ARM.attributes
                0x00000148       0x2b net/libnet.a(tftp.o)
 .ARM.attributes
                0x00000173       0x2b net/libnet.a(bootp.o)
 .ARM.attributes
                0x0000019e       0x2b drivers/gpio/libgpio.a(at91_gpio.o)
 .ARM.attributes
                0x000001c9       0x2b drivers/mtd/nand/libnand.a(nand.o)
 .ARM.attributes
                0x000001f4       0x2b drivers/mtd/nand/libnand.a(nand_base.o)
 .ARM.attributes
                0x0000021f       0x2b drivers/mtd/nand/libnand.a(nand_bbt.o)
 .ARM.attributes
                0x0000024a       0x2b drivers/mtd/nand/libnand.a(nand_ecc.o)
 .ARM.attributes
                0x00000275       0x2b drivers/mtd/nand/libnand.a(nand_ids.o)
 .ARM.attributes
                0x000002a0       0x2b drivers/mtd/nand/libnand.a(atmel_nand.o)
 .ARM.attributes
                0x000002cb       0x2b drivers/serial/libserial.a(atmel_usart.o)
 .ARM.attributes
                0x000002f6       0x2b common/libcommon.a(cmd_boot.o)
 .ARM.attributes
                0x00000321       0x2b common/libcommon.a(cmd_bootm.o)
 .ARM.attributes
                0x0000034c       0x2b common/libcommon.a(cmd_console.o)
 .ARM.attributes
                0x00000377       0x2b common/libcommon.a(cmd_echo.o)
 .ARM.attributes
                0x000003a2       0x2b common/libcommon.a(cmd_exit.o)
 .ARM.attributes
                0x000003cd       0x2b common/libcommon.a(cmd_fat.o)
 .ARM.attributes
                0x000003f8       0x2b common/libcommon.a(cmd_flash.o)
 .ARM.attributes
                0x00000423       0x2b common/libcommon.a(cmd_help.o)
 .ARM.attributes
                0x0000044e       0x2b common/libcommon.a(cmd_itest.o)
 .ARM.attributes
                0x00000479       0x2b common/libcommon.a(cmd_load.o)
 .ARM.attributes
                0x000004a4       0x2b common/libcommon.a(cmd_mem.o)
 .ARM.attributes
                0x000004cf       0x2b common/libcommon.a(cmd_misc.o)
 .ARM.attributes
                0x000004fa       0x2b common/libcommon.a(cmd_nand.o)
 .ARM.attributes
                0x00000525       0x2b common/libcommon.a(cmd_net.o)
 .ARM.attributes
                0x00000550       0x2b common/libcommon.a(cmd_nvedit.o)
 .ARM.attributes
                0x0000057b       0x2b common/libcommon.a(cmd_test.o)
 .ARM.attributes
                0x000005a6       0x2b common/libcommon.a(cmd_usb.o)
 .ARM.attributes
                0x000005d1       0x2b common/libcommon.a(cmd_version.o)
 .ARM.attributes
                0x000005fc       0x2b common/libcommon.a(cmd_ximg.o)
 .ARM.attributes
                0x00000627       0x2b common/libcommon.a(command.o)
 .ARM.attributes
                0x00000652       0x2b common/libcommon.a(console.o)
 .ARM.attributes
                0x0000067d       0x2b common/libcommon.a(dlmalloc.o)
 .ARM.attributes
                0x000006a8       0x2b common/libcommon.a(env_common.o)
 .ARM.attributes
                0x000006d3       0x2b common/libcommon.a(env_dataflash.o)
 .ARM.attributes
                0x000006fe       0x2b common/libcommon.a(exports.o)
 .ARM.attributes
                0x00000729       0x2b common/libcommon.a(hush.o)
 .ARM.attributes
                0x00000754       0x2b common/libcommon.a(image.o)
 .ARM.attributes
                0x0000077f       0x2b common/libcommon.a(lcd.o)
 .ARM.attributes
                0x000007aa       0x2b common/libcommon.a(main.o)
 .ARM.attributes
                0x000007d5       0x2b common/libcommon.a(stdio.o)
 .ARM.attributes
                0x00000800       0x2b common/libcommon.a(usb.o)
 .ARM.attributes
                0x0000082b       0x2b common/libcommon.a(usb_storage.o)
 .ARM.attributes
                0x00000856       0x2b common/libcommon.a(xyzModem.o)
 .ARM.attributes
                0x00000881       0x2b board/atmel/at91sam9263ek/libat91sam9263ek.a(at91sam9263ek.o)
 .ARM.attributes
                0x000008ac       0x2b lib/libgeneric.a(crc16.o)
 .ARM.attributes
                0x000008d7       0x2b lib/libgeneric.a(crc32.o)
 .ARM.attributes
                0x00000902       0x2b lib/libgeneric.a(ctype.o)
 .ARM.attributes
                0x0000092d       0x2b lib/libgeneric.a(display_options.o)
 .ARM.attributes
                0x00000958       0x2b lib/libgeneric.a(gunzip.o)
 .ARM.attributes
                0x00000983       0x2b lib/libgeneric.a(net_utils.o)
 .ARM.attributes
                0x000009ae       0x2b lib/libgeneric.a(string.o)
 .ARM.attributes
                0x000009d9       0x2b lib/libgeneric.a(strmhz.o)
 .ARM.attributes
                0x00000a04       0x2b lib/libgeneric.a(time.o)
 .ARM.attributes
                0x00000a2f       0x2b lib/libgeneric.a(vsprintf.o)
 .ARM.attributes
                0x00000a5a       0x2b lib/libgeneric.a(zlib.o)
 .ARM.attributes
                0x00000a85       0x2b lib/libgeneric.a(div64.o)
 .ARM.attributes
                0x00000ab0       0x2b arch/arm/cpu/arm926ejs/at91/libat91.a(at91sam9263_devices.o)
 .ARM.attributes
                0x00000adb       0x2b arch/arm/cpu/arm926ejs/at91/libat91.a(clock.o)
 .ARM.attributes
                0x00000b06       0x2b arch/arm/cpu/arm926ejs/at91/libat91.a(cpu.o)
 .ARM.attributes
                0x00000b31       0x2b arch/arm/cpu/arm926ejs/at91/libat91.a(reset.o)
 .ARM.attributes
                0x00000b5c       0x2b arch/arm/cpu/arm926ejs/at91/libat91.a(timer.o)
 .ARM.attributes
                0x00000b87       0x2b arch/arm/lib/libarm.a(bootm.o)
 .ARM.attributes
                0x00000bb2       0x2b arch/arm/lib/libarm.a(cache.o)
 .ARM.attributes
                0x00000bdd       0x2b arch/arm/lib/libarm.a(reset.o)
 .ARM.attributes
                0x00000c08       0x2b fs/fat/libfat.a(fat.o)
 .ARM.attributes
                0x00000c33       0x2b disk/libdisk.a(part.o)
 .ARM.attributes
                0x00000c5e       0x2b disk/libdisk.a(part_dos.o)
 .ARM.attributes
                0x00000c89       0x2b drivers/mtd/libmtd.a(dataflash.o)
 .ARM.attributes
                0x00000cb4       0x2b drivers/mtd/libmtd.a(at45.o)
 .ARM.attributes
                0x00000cdf       0x2b drivers/mtd/nand/libnand.a(nand_util.o)
 .ARM.attributes
                0x00000d0a       0x2b drivers/net/libnet.a(macb.o)
 .ARM.attributes
                0x00000d35       0x2b drivers/spi/libspi.a(atmel_dataflash_spi.o)
 .ARM.attributes
                0x00000d60       0x2b drivers/usb/host/libusb_host.a(ohci-hcd.o)
 .ARM.attributes
                0x00000d8b       0x2b drivers/usb/host/libusb_host.a(ohci-at91.o)
 .ARM.attributes
                0x00000db6       0x2b drivers/video/libvideo.a(atmel_lcdfb.o)
 .ARM.attributes
                0x00000de1       0x2b board/atmel/at91sam9263ek/libat91sam9263ek.a(partition.o)
 .ARM.attributes
                0x00000e0c       0x2b arch/arm/cpu/arm926ejs/libarm926ejs.a(cpu.o)
 .ARM.attributes
                0x00000e37       0x2b arch/arm/lib/libarm.a(cache-cp15.o)
 .ARM.attributes
                0x00000e62       0x2b /home/jionfull/u-boot-2010.06/arch/arm/lib/eabi_compat.o
 .ARM.attributes
                0x00000e8d       0x1a /opt/FriendlyARM/toolschain/4.4.3/lib/gcc/arm-none-linux-gnueabi/4.4.3/libgcc.a(_udivsi3.o)
 .ARM.attributes
                0x00000ea7       0x1a /opt/FriendlyARM/toolschain/4.4.3/lib/gcc/arm-none-linux-gnueabi/4.4.3/libgcc.a(_divsi3.o)
 .ARM.attributes
                0x00000ec1       0x1a /opt/FriendlyARM/toolschain/4.4.3/lib/gcc/arm-none-linux-gnueabi/4.4.3/libgcc.a(_lshrdi3.o)
 .ARM.attributes
                0x00000edb       0x1a /opt/FriendlyARM/toolschain/4.4.3/lib/gcc/arm-none-linux-gnueabi/4.4.3/libgcc.a(_ashrdi3.o)
 .ARM.attributes
                0x00000ef5       0x1a /opt/FriendlyARM/toolschain/4.4.3/lib/gcc/arm-none-linux-gnueabi/4.4.3/libgcc.a(_ashldi3.o)
 .ARM.attributes
                0x00000f0f       0x1a /opt/FriendlyARM/toolschain/4.4.3/lib/gcc/arm-none-linux-gnueabi/4.4.3/libgcc.a(_dvmd_lnx.o)

.comment        0x00000000       0x18
 .comment       0x00000000       0x18 arch/arm/cpu/arm926ejs/at91/libat91.a(led.o)
                                 0x19 (size before relaxing)
 .comment       0x00000000       0x19 arch/arm/lib/libarm.a(board.o)
 .comment       0x00000000       0x19 arch/arm/lib/libarm.a(interrupts.o)
 .comment       0x00000000       0x19 net/libnet.a(eth.o)
 .comment       0x00000000       0x19 net/libnet.a(net.o)
 .comment       0x00000000       0x19 net/libnet.a(nfs.o)
 .comment       0x00000000       0x19 net/libnet.a(rarp.o)
 .comment       0x00000000       0x19 net/libnet.a(tftp.o)
 .comment       0x00000000       0x19 net/libnet.a(bootp.o)
 .comment       0x00000000       0x19 drivers/gpio/libgpio.a(at91_gpio.o)
 .comment       0x00000000       0x19 drivers/mtd/nand/libnand.a(nand.o)
 .comment       0x00000000       0x19 drivers/mtd/nand/libnand.a(nand_base.o)
 .comment       0x00000000       0x19 drivers/mtd/nand/libnand.a(nand_bbt.o)
 .comment       0x00000000       0x19 drivers/mtd/nand/libnand.a(nand_ecc.o)
 .comment       0x00000000       0x19 drivers/mtd/nand/libnand.a(nand_ids.o)
 .comment       0x00000000       0x19 drivers/mtd/nand/libnand.a(atmel_nand.o)
 .comment       0x00000000       0x19 drivers/serial/libserial.a(atmel_usart.o)
 .comment       0x00000000       0x19 common/libcommon.a(cmd_boot.o)
 .comment       0x00000000       0x19 common/libcommon.a(cmd_bootm.o)
 .comment       0x00000000       0x19 common/libcommon.a(cmd_console.o)
 .comment       0x00000000       0x19 common/libcommon.a(cmd_echo.o)
 .comment       0x00000000       0x19 common/libcommon.a(cmd_exit.o)
 .comment       0x00000000       0x19 common/libcommon.a(cmd_fat.o)
 .comment       0x00000000       0x19 common/libcommon.a(cmd_flash.o)
 .comment       0x00000000       0x19 common/libcommon.a(cmd_help.o)
 .comment       0x00000000       0x19 common/libcommon.a(cmd_itest.o)
 .comment       0x00000000       0x19 common/libcommon.a(cmd_load.o)
 .comment       0x00000000       0x19 common/libcommon.a(cmd_mem.o)
 .comment       0x00000000       0x19 common/libcommon.a(cmd_misc.o)
 .comment       0x00000000       0x19 common/libcommon.a(cmd_nand.o)
 .comment       0x00000000       0x19 common/libcommon.a(cmd_net.o)
 .comment       0x00000000       0x19 common/libcommon.a(cmd_nvedit.o)
 .comment       0x00000000       0x19 common/libcommon.a(cmd_test.o)
 .comment       0x00000000       0x19 common/libcommon.a(cmd_usb.o)
 .comment       0x00000000       0x19 common/libcommon.a(cmd_version.o)
 .comment       0x00000000       0x19 common/libcommon.a(cmd_ximg.o)
 .comment       0x00000000       0x19 common/libcommon.a(command.o)
 .comment       0x00000000       0x19 common/libcommon.a(console.o)
 .comment       0x00000000       0x19 common/libcommon.a(dlmalloc.o)
 .comment       0x00000000       0x19 common/libcommon.a(env_common.o)
 .comment       0x00000000       0x19 common/libcommon.a(env_dataflash.o)
 .comment       0x00000000       0x19 common/libcommon.a(exports.o)
 .comment       0x00000000       0x19 common/libcommon.a(hush.o)
 .comment       0x00000000       0x19 common/libcommon.a(image.o)
 .comment       0x00000000       0x19 common/libcommon.a(lcd.o)
 .comment       0x00000000       0x19 common/libcommon.a(main.o)
 .comment       0x00000000       0x19 common/libcommon.a(stdio.o)
 .comment       0x00000000       0x19 common/libcommon.a(usb.o)
 .comment       0x00000000       0x19 common/libcommon.a(usb_storage.o)
 .comment       0x00000000       0x19 common/libcommon.a(xyzModem.o)
 .comment       0x00000000       0x19 board/atmel/at91sam9263ek/libat91sam9263ek.a(at91sam9263ek.o)
 .comment       0x00000000       0x19 lib/libgeneric.a(crc16.o)
 .comment       0x00000000       0x19 lib/libgeneric.a(crc32.o)
 .comment       0x00000000       0x19 lib/libgeneric.a(ctype.o)
 .comment       0x00000000       0x19 lib/libgeneric.a(display_options.o)
 .comment       0x00000000       0x19 lib/libgeneric.a(gunzip.o)
 .comment       0x00000000       0x19 lib/libgeneric.a(net_utils.o)
 .comment       0x00000000       0x19 lib/libgeneric.a(string.o)
 .comment       0x00000000       0x19 lib/libgeneric.a(strmhz.o)
 .comment       0x00000000       0x19 lib/libgeneric.a(time.o)
 .comment       0x00000000       0x19 lib/libgeneric.a(vsprintf.o)
 .comment       0x00000000       0x19 lib/libgeneric.a(zlib.o)
 .comment       0x00000000       0x19 lib/libgeneric.a(div64.o)
 .comment       0x00000000       0x19 arch/arm/cpu/arm926ejs/at91/libat91.a(at91sam9263_devices.o)
 .comment       0x00000000       0x19 arch/arm/cpu/arm926ejs/at91/libat91.a(clock.o)
 .comment       0x00000000       0x19 arch/arm/cpu/arm926ejs/at91/libat91.a(cpu.o)
 .comment       0x00000000       0x19 arch/arm/cpu/arm926ejs/at91/libat91.a(reset.o)
 .comment       0x00000000       0x19 arch/arm/cpu/arm926ejs/at91/libat91.a(timer.o)
 .comment       0x00000000       0x19 arch/arm/lib/libarm.a(bootm.o)
 .comment       0x00000000       0x19 arch/arm/lib/libarm.a(cache.o)
 .comment       0x00000000       0x19 arch/arm/lib/libarm.a(reset.o)
 .comment       0x00000000       0x19 fs/fat/libfat.a(fat.o)
 .comment       0x00000000       0x19 disk/libdisk.a(part.o)
 .comment       0x00000000       0x19 disk/libdisk.a(part_dos.o)
 .comment       0x00000000       0x19 drivers/mtd/libmtd.a(dataflash.o)
 .comment       0x00000000       0x19 drivers/mtd/libmtd.a(at45.o)
 .comment       0x00000000       0x19 drivers/mtd/nand/libnand.a(nand_util.o)
 .comment       0x00000000       0x19 drivers/net/libnet.a(macb.o)
 .comment       0x00000000       0x19 drivers/spi/libspi.a(atmel_dataflash_spi.o)
 .comment       0x00000000       0x19 drivers/usb/host/libusb_host.a(ohci-hcd.o)
 .comment       0x00000000       0x19 drivers/usb/host/libusb_host.a(ohci-at91.o)
 .comment       0x00000000       0x19 drivers/video/libvideo.a(atmel_lcdfb.o)
 .comment       0x00000000       0x19 board/atmel/at91sam9263ek/libat91sam9263ek.a(partition.o)
 .comment       0x00000000       0x19 arch/arm/cpu/arm926ejs/libarm926ejs.a(cpu.o)
 .comment       0x00000000       0x19 arch/arm/lib/libarm.a(cache-cp15.o)
 .comment       0x00000000       0x19 /home/jionfull/u-boot-2010.06/arch/arm/lib/eabi_compat.o

.note.GNU-stack
                0x00000000        0x0
 .note.GNU-stack
                0x00000000        0x0 arch/arm/cpu/arm926ejs/at91/libat91.a(led.o)
 .note.GNU-stack
                0x00000000        0x0 arch/arm/lib/libarm.a(board.o)
 .note.GNU-stack
                0x00000000        0x0 arch/arm/lib/libarm.a(interrupts.o)
 .note.GNU-stack
                0x00000000        0x0 net/libnet.a(eth.o)
 .note.GNU-stack
                0x00000000        0x0 net/libnet.a(net.o)
 .note.GNU-stack
                0x00000000        0x0 net/libnet.a(nfs.o)
 .note.GNU-stack
                0x00000000        0x0 net/libnet.a(rarp.o)
 .note.GNU-stack
                0x00000000        0x0 net/libnet.a(tftp.o)
 .note.GNU-stack
                0x00000000        0x0 net/libnet.a(bootp.o)
 .note.GNU-stack
                0x00000000        0x0 drivers/gpio/libgpio.a(at91_gpio.o)
 .note.GNU-stack
                0x00000000        0x0 drivers/mtd/nand/libnand.a(nand.o)
 .note.GNU-stack
                0x00000000        0x0 drivers/mtd/nand/libnand.a(nand_base.o)
 .note.GNU-stack
                0x00000000        0x0 drivers/mtd/nand/libnand.a(nand_bbt.o)
 .note.GNU-stack
                0x00000000        0x0 drivers/mtd/nand/libnand.a(nand_ecc.o)
 .note.GNU-stack
                0x00000000        0x0 drivers/mtd/nand/libnand.a(nand_ids.o)
 .note.GNU-stack
                0x00000000        0x0 drivers/mtd/nand/libnand.a(atmel_nand.o)
 .note.GNU-stack
                0x00000000        0x0 drivers/serial/libserial.a(atmel_usart.o)
 .note.GNU-stack
                0x00000000        0x0 common/libcommon.a(cmd_boot.o)
 .note.GNU-stack
                0x00000000        0x0 common/libcommon.a(cmd_bootm.o)
 .note.GNU-stack
                0x00000000        0x0 common/libcommon.a(cmd_console.o)
 .note.GNU-stack
                0x00000000        0x0 common/libcommon.a(cmd_echo.o)
 .note.GNU-stack
                0x00000000        0x0 common/libcommon.a(cmd_exit.o)
 .note.GNU-stack
                0x00000000        0x0 common/libcommon.a(cmd_fat.o)
 .note.GNU-stack
                0x00000000        0x0 common/libcommon.a(cmd_flash.o)
 .note.GNU-stack
                0x00000000        0x0 common/libcommon.a(cmd_help.o)
 .note.GNU-stack
                0x00000000        0x0 common/libcommon.a(cmd_itest.o)
 .note.GNU-stack
                0x00000000        0x0 common/libcommon.a(cmd_load.o)
 .note.GNU-stack
                0x00000000        0x0 common/libcommon.a(cmd_mem.o)
 .note.GNU-stack
                0x00000000        0x0 common/libcommon.a(cmd_misc.o)
 .note.GNU-stack
                0x00000000        0x0 common/libcommon.a(cmd_nand.o)
 .note.GNU-stack
                0x00000000        0x0 common/libcommon.a(cmd_net.o)
 .note.GNU-stack
                0x00000000        0x0 common/libcommon.a(cmd_nvedit.o)
 .note.GNU-stack
                0x00000000        0x0 common/libcommon.a(cmd_test.o)
 .note.GNU-stack
                0x00000000        0x0 common/libcommon.a(cmd_usb.o)
 .note.GNU-stack
                0x00000000        0x0 common/libcommon.a(cmd_version.o)
 .note.GNU-stack
                0x00000000        0x0 common/libcommon.a(cmd_ximg.o)
 .note.GNU-stack
                0x00000000        0x0 common/libcommon.a(command.o)
 .note.GNU-stack
                0x00000000        0x0 common/libcommon.a(console.o)
 .note.GNU-stack
                0x00000000        0x0 common/libcommon.a(dlmalloc.o)
 .note.GNU-stack
                0x00000000        0x0 common/libcommon.a(env_common.o)
 .note.GNU-stack
                0x00000000        0x0 common/libcommon.a(env_dataflash.o)
 .note.GNU-stack
                0x00000000        0x0 common/libcommon.a(exports.o)
 .note.GNU-stack
                0x00000000        0x0 common/libcommon.a(hush.o)
 .note.GNU-stack
                0x00000000        0x0 common/libcommon.a(image.o)
 .note.GNU-stack
                0x00000000        0x0 common/libcommon.a(lcd.o)
 .note.GNU-stack
                0x00000000        0x0 common/libcommon.a(main.o)
 .note.GNU-stack
                0x00000000        0x0 common/libcommon.a(stdio.o)
 .note.GNU-stack
                0x00000000        0x0 common/libcommon.a(usb.o)
 .note.GNU-stack
                0x00000000        0x0 common/libcommon.a(usb_storage.o)
 .note.GNU-stack
                0x00000000        0x0 common/libcommon.a(xyzModem.o)
 .note.GNU-stack
                0x00000000        0x0 board/atmel/at91sam9263ek/libat91sam9263ek.a(at91sam9263ek.o)
 .note.GNU-stack
                0x00000000        0x0 lib/libgeneric.a(crc16.o)
 .note.GNU-stack
                0x00000000        0x0 lib/libgeneric.a(crc32.o)
 .note.GNU-stack
                0x00000000        0x0 lib/libgeneric.a(ctype.o)
 .note.GNU-stack
                0x00000000        0x0 lib/libgeneric.a(display_options.o)
 .note.GNU-stack
                0x00000000        0x0 lib/libgeneric.a(gunzip.o)
 .note.GNU-stack
                0x00000000        0x0 lib/libgeneric.a(net_utils.o)
 .note.GNU-stack
                0x00000000        0x0 lib/libgeneric.a(string.o)
 .note.GNU-stack
                0x00000000        0x0 lib/libgeneric.a(strmhz.o)
 .note.GNU-stack
                0x00000000        0x0 lib/libgeneric.a(time.o)
 .note.GNU-stack
                0x00000000        0x0 lib/libgeneric.a(vsprintf.o)
 .note.GNU-stack
                0x00000000        0x0 lib/libgeneric.a(zlib.o)
 .note.GNU-stack
                0x00000000        0x0 lib/libgeneric.a(div64.o)
 .note.GNU-stack
                0x00000000        0x0 arch/arm/cpu/arm926ejs/at91/libat91.a(at91sam9263_devices.o)
 .note.GNU-stack
                0x00000000        0x0 arch/arm/cpu/arm926ejs/at91/libat91.a(clock.o)
 .note.GNU-stack
                0x00000000        0x0 arch/arm/cpu/arm926ejs/at91/libat91.a(cpu.o)
 .note.GNU-stack
                0x00000000        0x0 arch/arm/cpu/arm926ejs/at91/libat91.a(reset.o)
 .note.GNU-stack
                0x00000000        0x0 arch/arm/cpu/arm926ejs/at91/libat91.a(timer.o)
 .note.GNU-stack