Archive member included because of file (symbol)

arch/arm/cpu/arm926ejs/at91/libat91.a(led.o)
                              arch/arm/cpu/arm926ejs/start.o (red_LED_on)
arch/arm/lib/libarm.a(board.o)
                              arch/arm/cpu/arm926ejs/start.o (start_armboot)
arch/arm/lib/libarm.a(interrupts.o)
                              arch/arm/lib/libarm.a(board.o) (enable_interrupts)
net/libnet.a(eth.o)           arch/arm/lib/libarm.a(board.o) (eth_initialize)
net/libnet.a(net.o)           arch/arm/lib/libarm.a(board.o) (copy_filename)
net/libnet.a(nfs.o)           net/libnet.a(net.o) (NfsStart)
net/libnet.a(rarp.o)          net/libnet.a(net.o) (RarpRequest)
net/libnet.a(tftp.o)          net/libnet.a(net.o) (TftpStart)
net/libnet.a(bootp.o)         net/libnet.a(net.o) (BootpRequest)
drivers/gpio/libgpio.a(at91_gpio.o)
                              arch/arm/cpu/arm926ejs/at91/libat91.a(led.o) (at91_set_pio_value)
drivers/mtd/nand/libnand.a(nand.o)
                              arch/arm/lib/libarm.a(board.o) (nand_init)
drivers/mtd/nand/libnand.a(nand_base.o)
                              drivers/mtd/nand/libnand.a(nand.o) (nand_scan)
drivers/mtd/nand/libnand.a(nand_bbt.o)
                              drivers/mtd/nand/libnand.a(nand_base.o) (nand_isbad_bbt)
drivers/mtd/nand/libnand.a(nand_ecc.o)
                              drivers/mtd/nand/libnand.a(nand_base.o) (nand_calculate_ecc)
drivers/mtd/nand/libnand.a(nand_ids.o)
                              drivers/mtd/nand/libnand.a(nand_base.o) (nand_flash_ids)
drivers/mtd/nand/libnand.a(atmel_nand.o)
                              drivers/mtd/nand/libnand.a(nand.o) (board_nand_init)
drivers/serial/libserial.a(atmel_usart.o)
                              arch/arm/lib/libarm.a(board.o) (serial_init)
common/libcommon.a(cmd_boot.o)
                              (__u_boot_cmd_go)
common/libcommon.a(cmd_bootm.o)
                              arch/arm/lib/libarm.a(board.o) (load_addr)
common/libcommon.a(cmd_console.o)
                              (__u_boot_cmd_coninfo)
common/libcommon.a(cmd_echo.o)
                              (__u_boot_cmd_echo)
common/libcommon.a(cmd_exit.o)
                              (__u_boot_cmd_exit)
common/libcommon.a(cmd_fat.o)
                              (__u_boot_cmd_fatload)
common/libcommon.a(cmd_flash.o)
                              (__u_boot_cmd_flinfo)
common/libcommon.a(cmd_help.o)
                              (__u_boot_cmd_help)
common/libcommon.a(cmd_itest.o)
                              (__u_boot_cmd_itest)
common/libcommon.a(cmd_load.o)
                              (__u_boot_cmd_loadb)
common/libcommon.a(cmd_mem.o)
                              (__u_boot_cmd_md)
common/libcommon.a(cmd_misc.o)
                              (__u_boot_cmd_sleep)
common/libcommon.a(cmd_nand.o)
                              (__u_boot_cmd_nand)
common/libcommon.a(cmd_net.o)
                              (__u_boot_cmd_bootp)
common/libcommon.a(cmd_nvedit.o)
                              net/libnet.a(eth.o) (get_env_id)
common/libcommon.a(cmd_test.o)
                              (__u_boot_cmd_test)
common/libcommon.a(cmd_usb.o)
                              (__u_boot_cmd_usb)
common/libcommon.a(cmd_version.o)
                              (__u_boot_cmd_version)
common/libcommon.a(cmd_ximg.o)
                              (__u_boot_cmd_imxtract)
common/libcommon.a(command.o)
                              common/libcommon.a(cmd_itest.o) (cmd_get_data_size)
common/libcommon.a(console.o)
                              arch/arm/lib/libarm.a(board.o) (printf)
common/libcommon.a(dlmalloc.o)
                              drivers/mtd/nand/libnand.a(nand_base.o) (free)
common/libcommon.a(env_common.o)
                              common/libcommon.a(cmd_nvedit.o) (env_get_addr)
common/libcommon.a(env_dataflash.o)
                              arch/arm/lib/libarm.a(board.o) (env_init)
common/libcommon.a(exports.o)
                              arch/arm/lib/libarm.a(board.o) (jumptable_init)
common/libcommon.a(hush.o)    common/libcommon.a(cmd_bootm.o) (parse_string_outer)
common/libcommon.a(image.o)   common/libcommon.a(cmd_ximg.o) (image_multi_count)
common/libcommon.a(lcd.o)     arch/arm/lib/libarm.a(board.o) (lcd_setmem)
common/libcommon.a(main.o)    common/libcommon.a(cmd_nvedit.o) (do_run)
common/libcommon.a(stdio.o)   common/libcommon.a(cmd_console.o) (stdio_get_list)
common/libcommon.a(usb.o)     common/libcommon.a(cmd_usb.o) (usb_get_dev_index)
common/libcommon.a(usb_storage.o)
                              common/libcommon.a(cmd_usb.o) (usb_stor_get_dev)
common/libcommon.a(xyzModem.o)
                              common/libcommon.a(cmd_load.o) (xyzModem_error)
board/atmel/at91sam9263ek/libat91sam9263ek.a(at91sam9263ek.o)
                              arch/arm/lib/libarm.a(board.o) (UartPuts)
lib/libgeneric.a(crc16.o)     common/libcommon.a(xyzModem.o) (cyg_crc16)
lib/libgeneric.a(crc32.o)     common/libcommon.a(cmd_mem.o) (crc32)
[...]
Memory Configuration

Name             Origin             Length             Attributes
*default*        0x00000000         0xffffffff

Linker script and memory map

                0x00000000                . = 0x0
                0x00000000                . = ALIGN (0x4)

.text           0x23f00000    0x24970
 arch/arm/cpu/arm926ejs/start.o(.text)
 .text          0x23f00000      0x360 arch/arm/cpu/arm926ejs/start.o
                0x23f00000                _start
                0x23f00044                _armboot_start
                0x23f00048                _bss_start
                0x23f0004c                _bss_end
 *(.text)
 .text          0x23f00360       0x60 arch/arm/cpu/arm926ejs/at91/libat91.a(led.o)
                0x23f00360                yellow_LED_off
                0x23f00370                yellow_LED_on
                0x23f00380                green_LED_off
                0x23f00390                green_LED_on
                0x23f003a0                red_LED_off
                0x23f003b0                red_LED_on
 .text          0x23f003c0      0x294 arch/arm/lib/libarm.a(board.o)
                0x23f003c0                coloured_LED_init
                0x23f003c0                __coloured_LED_init
                0x23f003c4                __red_LED_on
                0x23f003c8                __red_LED_off
                0x23f003cc                __green_LED_on
                0x23f003d0                __green_LED_off
                0x23f003d4                __yellow_LED_on
                0x23f003d8                __yellow_LED_off
                0x23f003dc                blue_LED_on
                0x23f003dc                __blue_LED_on
                0x23f003e0                blue_LED_off
                0x23f003e0                __blue_LED_off
                0x23f003e4                hang
                0x23f004b8                start_armboot
 .text          0x23f00654      0x264 arch/arm/lib/libarm.a(interrupts.o)
                0x23f00654                enable_interrupts
                0x23f00658                disable_interrupts
                0x23f00660                show_regs
                0x23f007a0                bad_mode
                0x23f007bc                do_irq
                0x23f007e0                do_fiq
                0x23f00804                do_not_used
                0x23f00828                do_data_abort
                0x23f0084c                do_prefetch_abort
                0x23f00870                do_software_interrupt
                0x23f00894                do_undefined_instruction
 .text          0x23f008b8      0x7fc net/libnet.a(eth.o)
                0x23f008b8                cpu_eth_init
                0x23f008c0                eth_get_dev
                0x23f008d0                eth_get_dev_by_index
                0x23f00914                eth_get_dev_index
                0x23f00960                eth_halt
                0x23f00994                eth_send
                0x23f009c8                eth_rx
                0x23f009f4                eth_get_name
                0x23f00a14                eth_get_dev_by_name
                0x23f00a64                eth_set_current
                0x23f00b04                eth_try_another
                0x23f00bb4                eth_register
                0x23f00c40                eth_setenv_enetaddr
                0x23f00c78                eth_parse_enetaddr
                0x23f00cd8                eth_getenv_enetaddr
                0x23f00d30                eth_getenv_enetaddr_by_index
                0x23f00d7c                eth_init
                0x23f00e40                eth_initialize
 .text          0x23f010b4     0x1484 net/libnet.a(net.o)
                0x23f010cc                NetSetHandler
                0x23f010dc                NetCksumOk
                0x23f01134                NetCksum
                0x23f0117c                copy_filename
                0x23f011d4                string_to_VLAN
                0x23f01228                getenv_VLAN
                0x23f01238                NetEthHdrSize
                0x23f0127c                VLAN_to_string
                0x23f012c8                ip_to_string
                0x23f01318                random_port
                0x23f01334                NetSetTimeout
                0x23f0136c                NetSetIP
                0x23f0148c                NetSetEther
                0x23f01574                NetSendPacket
                0x23f01578                NetReceive
                0x23f01b90                ArpRequest
                0x23f01c94                PingSend
                0x23f01e44                NetSendUDPPacket
                0x23f01fa0                NetStartAgain
                0x23f020ac                ArpTimeoutCheck
                0x23f02130                NetLoop
 .text          0x23f02538      0xfdc net/libnet.a(nfs.o)
                0x23f02e10                NfsStart
 .text          0x23f03514      0x1a0 net/libnet.a(rarp.o)
                0x23f03514                RarpRequest
 .text          0x23f036b4      0x7d4 net/libnet.a(tftp.o)
                0x23f03854                TftpStart
 .text          0x23f03e88      0x9e0 net/libnet.a(bootp.o)
                0x23f04650                BootpRequest
                0x23f0481c                DhcpRequest
 .text          0x23f04868      0x26c drivers/gpio/libgpio.a(at91_gpio.o)
                0x23f04868                at91_set_pio_pullup
                0x23f0489c                at91_set_pio_periph
                0x23f048e0                at91_set_a_periph
                0x23f04928                at91_set_b_periph
                0x23f04970                at91_set_pio_input
                0x23f049c0                at91_set_pio_output
                0x23f04a0c                at91_set_pio_deglitch
                0x23f04a48                at91_set_pio_multi_drive
                0x23f04a74                at91_set_pio_value
                0x23f04aa0                at91_get_pio_value
 .text          0x23f04ad4       0xb4 drivers/mtd/nand/libnand.a(nand.o)
                0x23f04ad4                nand_init
 .text          0x23f04b88     0x3b00 drivers/mtd/nand/libnand.a(nand_base.o)
                0x23f05e9c                nand_release
                0x23f05ee4                nand_scan_tail
                0x23f066ec                nand_scan_ident
                0x23f06c90                nand_scan
                0x23f075f8                nand_erase_nand
                0x23f07aac                nand_wait_ready
 .text          0x23f08688     0x18b8 drivers/mtd/nand/libnand.a(nand_bbt.o)
                0x23f086d0                nand_isbad_bbt
                0x23f096c4                nand_update_bbt
                0x23f09990                nand_scan_bbt
                0x23f09e38                nand_default_bbt
 .text          0x23f09f40      0x214 drivers/mtd/nand/libnand.a(nand_ecc.o)
                0x23f09f40                nand_calculate_ecc
                0x23f0a034                nand_correct_data
 .text          0x23f0a154        0x0 drivers/mtd/nand/libnand.a(nand_ids.o)
 .text          0x23f0a154       0x94 drivers/mtd/nand/libnand.a(atmel_nand.o)
                0x23f0a154                board_nand_init
 .text          0x23f0a1e8       0xf0 drivers/serial/libserial.a(atmel_usart.o)
                0x23f0a1e8                lonPlat_init
                0x23f0a1ec                lonPlat_putc
                0x23f0a208                lonPlat_getc
                0x23f0a224                lonPlat_tstc
                0x23f0a234                serial_setbrg
                0x23f0a238                serial_putc
                0x23f0a26c                serial_puts
                0x23f0a294                serial_getc
                0x23f0a2b0                serial_tstc
                0x23f0a2c0                serial_init
 .text          0x23f0a2d8       0x90 common/libcommon.a(cmd_boot.o)
                0x23f0a2d8                do_go_exec
                0x23f0a2f0                do_go
 .text          0x23f0a368      0xad8 common/libcommon.a(cmd_bootm.o)
                0x23f0a368                arch_preboot_os
                0x23f0a368                __arch_preboot_os
                0x23f0a36c                do_bootd
                0x23f0aa04                do_bootm_subcommand
                0x23f0abac                do_bootm
 .text          0x23f0ae40       0xe0 common/libcommon.a(cmd_console.o)
                0x23f0ae40                do_coninfo
 .text          0x23f0af20       0x84 common/libcommon.a(cmd_echo.o)
                0x23f0af20                do_echo
 .text          0x23f0afa4       0x30 common/libcommon.a(cmd_exit.o)
                0x23f0afa4                do_exit
 .text          0x23f0afd4      0x364 common/libcommon.a(cmd_fat.o)
                0x23f0afd4                do_fat_fsinfo
                0x23f0b0ac                do_fat_ls
                0x23f0b1b4                do_fat_fsload
 .text          0x23f0b338      0x144 common/libcommon.a(cmd_flash.o)
                0x23f0b338                do_flerase
                0x23f0b340                do_protect
                0x23f0b46c                do_flinfo
 .text          0x23f0b47c       0x48 common/libcommon.a(cmd_help.o)
                0x23f0b47c                do_help
 .text          0x23f0b4c4      0x310 common/libcommon.a(cmd_itest.o)
                0x23f0b530                binary_test
                0x23f0b738                do_itest
 .text          0x23f0b7d4      0xa98 common/libcommon.a(cmd_load.o)
                0x23f0b7d4                ktrans
                0x23f0b7f4                chk1
                0x23f0b85c                k_data_init
                0x23f0b87c                k_data_save
                0x23f0b8a0                k_data_restore
                0x23f0b8c4                k_data_char
                0x23f0b938                send_pad
                0x23f0b968                s1_sendpacket
                0x23f0b994                handle_send_packet
                0x23f0bb90                send_nack
                0x23f0bc08                send_ack
                0x23f0bda0                do_load_serial_bin
 .text          0x23f0c26c      0xa88 common/libcommon.a(cmd_mem.o)
                0x23f0c26c                do_mem_crc
                0x23f0c318                do_mem_base
                0x23f0c35c                do_mem_mtest
                0x23f0c504                do_mem_loop
                0x23f0c5fc                do_mem_mw
                0x23f0c6bc                do_mem_cmp
                0x23f0c878                do_mem_cp
                0x23f0cb7c                do_mem_nm
                0x23f0cb9c                do_mem_mm
                0x23f0cbbc                do_mem_md
 .text          0x23f0ccf4       0x84 common/libcommon.a(cmd_misc.o)
                0x23f0ccf4                do_sleep
 .text          0x23f0cd78      0xf68 common/libcommon.a(cmd_nand.o)
                0x23f0cf14                do_nandboot
                0x23f0d480                do_nand
 .text          0x23f0dce0      0x3c4 common/libcommon.a(cmd_net.o)
                0x23f0dce0                do_ping
                0x23f0e068                do_nfs
                0x23f0e074                do_dhcp
                0x23f0e080                do_rarpb
                0x23f0e08c                do_tftpb
                0x23f0e098                do_bootp
 .text          0x23f0e0a4      0x874 common/libcommon.a(cmd_nvedit.o)
                0x23f0e0a4                get_env_id
                0x23f0e0b4                envmatch
                0x23f0e114                getenv_r
                0x23f0e1bc                do_saveenv
                0x23f0e1e8                getenv
                0x23f0e258                _do_setenv
                0x23f0e6c4                do_setenv
                0x23f0e6f0                setenv
                0x23f0e73c                do_editenv
                0x23f0e888                do_printenv
 .text          0x23f0e918      0x478 common/libcommon.a(cmd_test.o)
                0x23f0e918                do_false
                0x23f0e920                do_true
                0x23f0e928                do_test
 .text          0x23f0ed90     0x1140 common/libcommon.a(cmd_usb.o)
                0x23f0ed90                usb_get_class_desc
                0x23f0ee30                usb_display_ep_desc
                0x23f0eef0                usb_display_class_sub
                0x23f0f06c                do_usbboot
                0x23f0f410                usb_show_tree_graph
                0x23f0f630                usb_show_tree
                0x23f0f664                usb_display_desc
                0x23f0f794                usb_display_string
                0x23f0f7d4                usb_display_if_desc
                0x23f0f85c                usb_display_conf_desc
                0x23f0f908                usb_display_config
                0x23f0f994                do_usb
 .text          0x23f0fed0       0x20 common/libcommon.a(cmd_version.o)
                0x23f0fed0                do_version
 .text          0x23f0fef0      0x2dc common/libcommon.a(cmd_ximg.o)
                0x23f0fef0                do_imgextract
 .text          0x23f101cc      0x860 common/libcommon.a(command.o)
                0x23f101cc                cmd_get_data_size
                0x23f1021c                cmd_usage
                0x23f1027c                var_complete
                0x23f102fc                find_cmd_tbl
                0x23f10390                find_cmd
                0x23f103b8                install_auto_complete
                0x23f10424                _do_help
                0x23f105a0                cmd_auto_complete
 .text          0x23f10a2c      0x5cc common/libcommon.a(console.o)
                0x23f10acc                fgetc
                0x23f10af4                ftstc
                0x23f10b1c                fputc
                0x23f10b48                fputs
                0x23f10b74                disable_ctrlc
                0x23f10b8c                had_ctrlc
                0x23f10b9c                clear_ctrlc
                0x23f10bb0                dbg
                0x23f10bbc                getc
                0x23f10bd4                tstc
                0x23f10bec                ctrlc
                0x23f10c38                putc
                0x23f10c54                puts
                0x23f10c70                console_init_f
                0x23f10c90                search_device
                0x23f10cb8                console_assign
                0x23f10cf8                vprintf
                0x23f10d24                printf
                0x23f10d64                stdio_print_current_devices
                0x23f10e1c                console_init_r
                0x23f10f70                fprintf
                0x23f10fb8                serial_printf
 .text          0x23f10ff8     0x10f0 common/libcommon.a(dlmalloc.o)
                0x23f10ff8                sbrk
                0x23f11030                malloc_trim
                0x23f11140                free
                0x23f11364                cfree
                0x23f11368                malloc
                0x23f11988                memalign
                0x23f11a98                pvalloc
                0x23f11ab0                valloc
                0x23f11abc                malloc_usable_size
                0x23f11b00                mallopt
                0x23f11b78                calloc
                0x23f11c58                mem_malloc_init
                0x23f11c80                realloc
 .text          0x23f120e8      0x288 common/libcommon.a(env_common.o)
                0x23f120e8                env_get_char_memory
                0x23f1210c                env_get_addr
                0x23f12130                env_get_char
                0x23f12178                env_complete
                0x23f122b8                env_crc_update
                0x23f122e4                set_default_env
                0x23f12328                env_relocate
 .text          0x23f12370       0xa4 common/libcommon.a(env_dataflash.o)
                0x23f12370                env_init
                0x23f12398                saveenv
                0x23f123d8                env_relocate_spec
                0x23f123f4                env_get_char_spec
 .text          0x23f12414      0x1e4 common/libcommon.a(exports.o)
                0x23f12418                get_version
                0x23f12420                jumptable_init
 .text          0x23f125f8     0x1e48 common/libcommon.a(hush.o)
                0x23f125f8                simple_itoa
                0x23f12680                mapset
                0x23f126ac                do_showvar
                0x23f12798                u_boot_hush_start
                0x23f12808                new_pipe
                0x23f12ac0                unset_local_var
                0x23f12c84                reserved_word
                0x23f131f8                set_local_var
                0x23f133a8                update_ifs_map
                0x23f13ab4                parse_file_outer
                0x23f13af8                parse_string_outer
 .text          0x23f14440      0x988 common/libcommon.a(image.o)
                0x23f14440                image_multi_count
                0x23f14464                get_table_entry_name
                0x23f14490                genimg_get_os_name
                0x23f144c8                genimg_get_arch_name
                0x23f14500                genimg_get_type_name
                0x23f14538                genimg_get_comp_name
                0x23f14570                genimg_has_config
                0x23f14578                get_table_entry_id
                0x23f145c4                genimg_get_comp_id
                0x23f145dc                genimg_get_type_id
                0x23f145f4                genimg_get_arch_id
                0x23f1460c                genimg_get_os_id
                0x23f14624                genimg_get_format
                0x23f14678                image_multi_getimg
                0x23f14720                genimg_get_image
                0x23f14794                genimg_print_size
                0x23f147c4                image_print_contents
                0x23f14a04                memmove_wd
                0x23f14a10                getenv_bootm_low
                0x23f14a44                getenv_yesno
                0x23f14a68                getenv_bootm_size
                0x23f14a9c                image_check_dcrc
                0x23f14ae8                image_check_hcrc
                0x23f14b50                boot_get_ramdisk
 .text          0x23f14dc8      0x760 common/libcommon.a(lcd.o)
                0x23f14dc8                lcd_setmem
                0x23f14dfc                bitmap_plot
                0x23f15138                drv_lcd_init
                0x23f15224                lcd_putc
                0x23f154a8                lcd_puts
                0x23f154e8                lcd_printf
 .text          0x23f15528     0x10c4 common/libcommon.a(main.o)
                0x23f15528                __show_boot_progress
                0x23f15528                show_boot_progress
                0x23f1552c                parse_line
                0x23f155b8                do_run
                0x23f15628                run_command
                0x23f15bbc                readline_into_buffer
                0x23f164d4                readline
                0x23f164f0                main_loop
 .text          0x23f165ec      0x170 common/libcommon.a(stdio.o)
                0x23f165ec                stdio_get_list
                0x23f165f8                stdio_clone
                0x23f16640                stdio_register
                0x23f16680                stdio_init
                0x23f16710                stdio_get_by_name
 .text          0x23f1675c     0x1664 common/libcommon.a(usb.o)
                0x23f1675c                usb_disable_asynch
                0x23f16774                usb_maxpacket
                0x23f16808                usb_set_maxpacket
                0x23f1686c                usb_get_dev_index
                0x23f1689c                usb_hub_reset
                0x23f168b0                usb_hub_allocate
                0x23f168f4                usb_alloc_new_device
                0x23f16994                usb_parse_config
                0x23f16ae4                usb_submit_int_msg
                0x23f16ae8                usb_stop
                0x23f16b1c                wait_ms
                0x23f16b40                usb_bulk_msg
                0x23f16ba4                usb_control_msg
                0x23f16c74                usb_get_port_status
                0x23f16cd4                usb_get_hub_status
                0x23f16d28                usb_set_port_feature
                0x23f16d88                usb_clear_port_feature
                0x23f16de8                usb_clear_hub_feature
                0x23f16e3c                usb_get_hub_descriptor
                0x23f16e9c                usb_get_string
                0x23f17018                usb_string
                0x23f17118                usb_get_class_descriptor
                0x23f1718c                usb_get_report
                0x23f17200                usb_set_idle
                0x23f17264                usb_set_protocol
                0x23f172c4                usb_set_configuration
                0x23f17330                usb_set_interface
                0x23f173f0                usb_set_address
                0x23f17434                usb_get_descriptor
                0x23f174a0                usb_get_configuration_no
                0x23f17538                usb_clear_halt
                0x23f176cc                usb_hub_port_connect_change
                0x23f177bc                usb_hub_configure
                0x23f179d4                usb_hub_probe
                0x23f17a30                usb_new_device
                0x23f17ccc                usb_scan_devices
                0x23f17d44                usb_init
 .text          0x23f17dc0     0x1590 common/libcommon.a(usb_storage.o)
                0x23f17dc0                usb_stor_get_dev
                0x23f17e04                usb_show_progress
                0x23f17e10                usb_storage_probe
                0x23f18040                usb_stor_BBB_clear_endpt_stall
                0x23f18260                usb_stor_CB_comdat
                0x23f184ac                usb_stor_BBB_comdat
                0x23f18598                usb_stor_BBB_transport
                0x23f18760                usb_stor_CBI_get_status
                0x23f18840                usb_stor_CB_transport
                0x23f18a30                usb_stor_info
                0x23f18b8c                usb_stor_get_info
                0x23f18e08                usb_stor_scan
                0x23f18f70                usb_stor_read
                0x23f19160                usb_stor_write
 .text          0x23f19350      0x974 common/libcommon.a(xyzModem.o)
                0x23f19350                parse_num
                0x23f1947c                xyzModem_error
                0x23f1949c                xyzModem_stream_close
                0x23f194ec                CYGACC_COMM_IF_PUTC
                0x23f194f4                CYGACC_COMM_IF_GETC_TIMEOUT
                0x23f19548                xyzModem_stream_terminate
                0x23f198f4                xyzModem_stream_read
                0x23f19b70                xyzModem_stream_open
 .text          0x23f19cc4      0x5c8 board/atmel/at91sam9263ek/libat91sam9263ek.a(at91sam9263ek.o)
                0x23f19cc4                Tl16c752_Send
                0x23f19ce0                UartPuts
                0x23f19d18                Tl16c752_RxChk
                0x23f19d28                dram_init
                0x23f19d48                board_eth_init
                0x23f19d5c                reset_phy
                0x23f19d64                board_init
                0x23f1a1d4                lcd_show_board_info
                0x23f1a26c                lcd_disable
                0x23f1a27c                lcd_enable
 .text          0x23f1a28c       0x48 lib/libgeneric.a(crc16.o)
                0x23f1a28c                cyg_crc16
 .text          0x23f1a2d4      0x104 lib/libgeneric.a(crc32.o)
                0x23f1a2d4                crc32_no_comp
                0x23f1a3c0                crc32
                0x23f1a3d4                crc32_wd
 .text          0x23f1a3d8        0x0 lib/libgeneric.a(ctype.o)
 .text          0x23f1a3d8      0x2d4 lib/libgeneric.a(display_options.o)
                0x23f1a3d8                print_size
                0x23f1a51c                display_options
                0x23f1a53c                print_buffer
 .text          0x23f1a6ac      0x1bc lib/libgeneric.a(gunzip.o)
                0x23f1a6ac                zunzip
                0x23f1a79c                gunzip
                0x23f1a850                zfree
                0x23f1a858                zalloc
 .text          0x23f1a868       0x80 lib/libgeneric.a(net_utils.o)
                0x23f1a868                string_to_ip
 .text          0x23f1a8e8      0x6bc lib/libgeneric.a(string.o)
                0x23f1a8e8                strcpy
                0x23f1a904                strncpy
                0x23f1a92c                strcat
                0x23f1a95c                strncat
                0x23f1a9b8                strcmp
                0x23f1a9e8                strncmp
                0x23f1aa30                strchr
                0x23f1aa5c                strrchr
                0x23f1aa98                strlen
                0x23f1aab8                strnlen
                0x23f1aae0                strspn
                0x23f1ab24                strpbrk
                0x23f1ab5c                strtok
                0x23f1ac28                strsep
                0x23f1ac8c                strswab
                0x23f1acd4                memset
                0x23f1ad48                bcopy
                0x23f1ad70                memcpy
                0x23f1addc                memmove
                0x23f1ae38                memcmp
                0x23f1ae70                memscan
                0x23f1aea0                strstr
                0x23f1af20                memchr
                0x23f1af4c                strdup
 .text          0x23f1afa4       0x6c lib/libgeneric.a(strmhz.o)
                0x23f1afa4                strmhz
 .text          0x23f1b010       0x30 lib/libgeneric.a(time.o)
                0x23f1b010                udelay
 .text          0x23f1b040      0xdf8 lib/libgeneric.a(vsprintf.o)
                0x23f1b040                simple_strtoul
                0x23f1b0f0                simple_strtol
                0x23f1b118                ustrtoul
                0x23f1b184                simple_strtoull
                0x23f1b340                panic
                0x23f1b7b8                vsprintf
                0x23f1be10                sprintf
 .text          0x23f1be38     0x279c lib/libgeneric.a(zlib.o)
                0x23f1be38                inflate_fast
                0x23f1c394                inflate_table
                0x23f1c940                inflateReset
                0x23f1c9dc                inflateInit2_
                0x23f1cadc                inflateInit_
                0x23f1caec                inflateEnd
                0x23f1cb70                adler32
                0x23f1ce80                zcfree
                0x23f1ce88                zcalloc
                0x23f1ce90                inflate
 .text          0x23f1e5d4       0xf4 lib/libgeneric.a(div64.o)
                0x23f1e5d4                __div64_32
 .text          0x23f1e6c8       0xdc arch/arm/cpu/arm926ejs/at91/libat91.a(at91sam9263_devices.o)
                0x23f1e6c8                at91_serial_hw_init
                0x23f1e6cc                at91_spi0_hw_init
                0x23f1e6d0                at91_spi1_hw_init
                0x23f1e6d4                at91_uhp_hw_init
                0x23f1e6fc                at91_macb_hw_init
 .text          0x23f1e7a4      0x228 arch/arm/cpu/arm926ejs/at91/libat91.a(clock.o)
                0x23f1e7a4                get_cpu_clk_rate
                0x23f1e7b4                get_main_clk_rate
                0x23f1e7c4                get_mck_clk_rate
                0x23f1e7d4                get_plla_clk_rate
                0x23f1e7e4                get_pllb_clk_rate
                0x23f1e7f4                get_pllb_init
                0x23f1e804                at91_clock_init
 .text          0x23f1e9cc        0xc arch/arm/cpu/arm926ejs/at91/libat91.a(cpu.o)
                0x23f1e9cc                arch_cpu_init
 .text          0x23f1e9d8       0x18 arch/arm/cpu/arm926ejs/at91/libat91.a(reset.o)
                0x23f1e9d8                reset_cpu
 .text          0x23f1e9f0      0x270 arch/arm/cpu/arm926ejs/at91/libat91.a(timer.o)
                0x23f1e9f0                get_ticks
                0x23f1ea3c                reset_timer_masked
                0x23f1ea60                reset_timer
                0x23f1ea84                get_tbclk
                0x23f1ea8c                __udelay
                0x23f1eb64                get_timer_masked
                0x23f1ebe4                get_timer
                0x23f1ebf8                timer_init
 .text          0x23f1ec60      0x1c4 arch/arm/lib/libarm.a(bootm.o)
                0x23f1ec60                do_bootm_linux
 .text          0x23f1ee24        0x4 arch/arm/lib/libarm.a(cache.o)
                0x23f1ee24                flush_cache
 .text          0x23f1ee28       0x30 arch/arm/lib/libarm.a(reset.o)
                0x23f1ee28                do_reset
 .text          0x23f1ee58     0x13a8 fs/fat/libfat.a(fat.o)
                0x23f1ee58                disk_read
                0x23f1f524                file_fat_detectfs
                0x23f1f684                do_fat_read
                0x23f200cc                file_fat_read
                0x23f20104                file_fat_ls
                0x23f20114                fat_register_device
 .text          0x23f20200      0x380 disk/libdisk.a(part.o)
                0x23f20200                dev_print
                0x23f20404                get_partition_info
                0x23f20428                init_part
                0x23f20444                get_dev
                0x23f204a4                print_part
 .text          0x23f20580      0x558 disk/libdisk.a(part_dos.o)
                0x23f20580                test_part_dos
                0x23f20860                get_partition_info_dos
                0x23f20aac                print_part_dos
 .text          0x23f20ad8      0x778 drivers/mtd/libmtd.a(dataflash.o)
                0x23f20ad8                AT91F_DataflashSelect
                0x23f20b20                addr_dataflash
                0x23f20b40                size_dataflash
                0x23f20b74                prot_dataflash
                0x23f20bd4                dataflash_real_protect
                0x23f20cf0                dataflash_perror
                0x23f20d78                dataflash_print_info
                0x23f20ea4                write_dataflash
                0x23f20f8c                read_dataflash
                0x23f2101c                AT91F_DataflashSetEnv
                0x23f2108c                AT91F_DataflashInit
 .text          0x23f21250      0x714 drivers/mtd/libmtd.a(at45.o)
                0x23f21250                AT91F_DataFlashWriteBuffer
                0x23f21338                AT91F_DataFlashGetStatus
                0x23f21390                AT91F_DataflashProbe
                0x23f213b8                AT91F_DataFlashWaitReady
                0x23f213fc                AT91F_DataFlashSendCommand
                0x23f2150c                AT91F_WriteBufferToMain
                0x23f2155c                AT91F_BlockErase
                0x23f21588                AT91F_PageErase
                0x23f215b0                AT91F_MainMemoryToBufferTransfert
                0x23f215fc                AT91F_PartialPageWrite
                0x23f216c0                AT91F_DataFlashWrite
                0x23f21838                AT91F_DataFlashPagePgmBuf
                0x23f21874                AT91F_DataFlashContinuousRead
                0x23f218c8                AT91F_DataFlashRead
 .text          0x23f21964      0x7d0 drivers/mtd/nand/libnand.a(nand_util.o)
                0x23f219fc                nand_read_skip_bad
                0x23f21bd4                nand_write_skip_bad
                0x23f21db0                nand_erase_opts
 .text          0x23f22134      0x754 drivers/net/libnet.a(macb.o)
                0x23f221bc                macb_eth_initialize
 .text          0x23f22888      0x1c4 drivers/spi/libspi.a(atmel_dataflash_spi.o)
                0x23f22888                AT91F_SpiEnable
                0x23f22904                AT91F_SpiWrite
                0x23f229dc                AT91F_SpiInit
 .text          0x23f22a4c     0x1850 drivers/usb/host/libusb_host.a(ohci-hcd.o)
                0x23f22a4c                rh_check_port_status
                0x23f22e70                usb_lowlevel_init
                0x23f23000                usb_lowlevel_stop
                0x23f23030                sohci_submit_job
                0x23f23b3c                usb_event_poll
                0x23f23b40                submit_common_msg
                0x23f23c84                submit_int_msg
                0x23f23ca0                submit_control_msg
                0x23f24284                submit_bulk_msg
 .text          0x23f2429c       0xd8 drivers/usb/host/libusb_host.a(ohci-at91.o)
                0x23f2429c                usb_cpu_stop
                0x23f242e0                usb_cpu_init_fail
                0x23f24324                usb_cpu_init
 .text          0x23f24374      0x1dc drivers/video/libvideo.a(atmel_lcdfb.o)
                0x23f24374                lcd_setcolreg
                0x23f243a0                calc_fbsize
                0x23f243c4                lcd_ctrl_init
 .text          0x23f24550        0x0 board/atmel/at91sam9263ek/libat91sam9263ek.a(partition.o)
 .text          0x23f24550       0x20 arch/arm/cpu/arm926ejs/libarm926ejs.a(cpu.o)
                0x23f24550                cleanup_before_linux
 .text          0x23f24570      0x120 arch/arm/lib/libarm.a(cache-cp15.o)
                0x23f24570                icache_enable
                0x23f245b0                icache_disable
                0x23f245f0                icache_status
                0x23f24600                dcache_enable
                0x23f24640                dcache_disable
                0x23f24680                dcache_status
 .text          0x23f24690       0x20 /home/jionfull/u-boot-2010.06/arch/arm/lib/eabi_compat.o
                0x23f24690                __aeabi_unwind_cpp_pr0
                0x23f24694                raise
 .text          0x23f246b0      0x114 /opt/FriendlyARM/toolschain/4.4.3/lib/gcc/arm-none-linux-gnueabi/4.4.3/libgcc.a(_udivsi3.o)
                0x23f246b0                __udivsi3
                0x23f246b0                __aeabi_uidiv
                0x23f247ac                __aeabi_uidivmod
 .text          0x23f247c4      0x144 /opt/FriendlyARM/toolschain/4.4.3/lib/gcc/arm-none-linux-gnueabi/4.4.3/libgcc.a(_divsi3.o)
                0x23f247c4                __aeabi_idiv
                0x23f247c4                __divsi3
                0x23f248f0                __aeabi_idivmod
 .text          0x23f24908       0x1c /opt/FriendlyARM/toolschain/4.4.3/lib/gcc/arm-none-linux-gnueabi/4.4.3/libgcc.a(_lshrdi3.o)
                0x23f24908                __aeabi_llsr
                0x23f24908                __lshrdi3
 .text          0x23f24924       0x1c /opt/FriendlyARM/toolschain/4.4.3/lib/gcc/arm-none-linux-gnueabi/4.4.3/libgcc.a(_ashrdi3.o)
                0x23f24924                __ashrdi3
                0x23f24924                __aeabi_lasr
 .text          0x23f24940       0x1c /opt/FriendlyARM/toolschain/4.4.3/lib/gcc/arm-none-linux-gnueabi/4.4.3/libgcc.a(_ashldi3.o)
                0x23f24940                __ashldi3
                0x23f24940                __aeabi_llsl
 .text          0x23f2495c       0x14 /opt/FriendlyARM/toolschain/4.4.3/lib/gcc/arm-none-linux-gnueabi/4.4.3/libgcc.a(_dvmd_lnx.o)
                0x23f2495c                __div0

.glue_7         0x23f24970        0x0
 .glue_7        0x00000000        0x0 linker stubs

.glue_7t        0x23f24970        0x0
 .glue_7t       0x00000000        0x0 linker stubs

.vfp11_veneer   0x23f24970        0x0
 .vfp11_veneer  0x00000000        0x0 linker stubs

.v4_bx          0x23f24970        0x0
 .v4_bx         0x00000000        0x0 linker stubs
                0x23f24970                . = ALIGN (0x4)

.rodata         0x23f24970     0x8c53
 *(SORT(.rodata*))
 .rodata        0x23f24970       0x30 arch/arm/lib/libarm.a(board.o)
                0x23f24970                version_string
 .rodata        0x23f249a0       0x80 arch/arm/lib/libarm.a(interrupts.o)
 .rodata        0x23f24a20        0x8 drivers/mtd/nand/libnand.a(nand.o)
 .rodata        0x23f24a28       0x5c drivers/mtd/nand/libnand.a(nand_base.o)
 .rodata        0x23f24a84       0x14 drivers/mtd/nand/libnand.a(nand_bbt.o)
 .rodata        0x23f24a98      0x100 drivers/mtd/nand/libnand.a(nand_ecc.o)
 .rodata        0x23f24b98       0x4c common/libcommon.a(cmd_bootm.o)
 .rodata        0x23f24be4       0x58 common/libcommon.a(command.o)
 .rodata        0x23f24c3c     0x1000 common/libcommon.a(lcd.o)
 .rodata        0x23f25c3c        0x8 common/libcommon.a(usb_storage.o)
 .rodata        0x23f25c44       0x20 common/libcommon.a(xyzModem.o)
 .rodata        0x23f25c64      0x200 lib/libgeneric.a(crc16.o)
 .rodata        0x23f25e64      0x400 lib/libgeneric.a(crc32.o)
 .rodata        0x23f26264        0x8 lib/libgeneric.a(display_options.o)
 .rodata        0x23f2626c       0x24 lib/libgeneric.a(vsprintf.o)
                0x23f2627c                hex_asc
 .rodata        0x23f26290      0x9d0 lib/libgeneric.a(zlib.o)
                0x23f26c38                z_errmsg
 .rodata        0x23f26c60       0x10 disk/libdisk.a(part.o)
 .rodata        0x23f26c70       0x80 drivers/usb/host/libusb_host.a(ohci-hcd.o)
 .rodata        0x23f26cf0        0x7 net/libnet.a(eth.o)
 .rodata        0x23f26cf7        0x7 net/libnet.a(net.o)
 .rodata.str1.1
                0x23f26cfe       0x8d arch/arm/lib/libarm.a(board.o)
                                 0x8f (size before relaxing)
 .rodata.str1.1
                0x23f26d8b      0x264 arch/arm/lib/libarm.a(interrupts.o)
                                0x27b (size before relaxing)
 .rodata.str1.1
                0x23f26fef       0xc5 net/libnet.a(eth.o)
                                 0xdf (size before relaxing)
 .rodata.str1.1
                0x23f270b4      0x20c net/libnet.a(net.o)
                                0x217 (size before relaxing)
 .rodata.str1.1
                0x23f272c0      0x193 net/libnet.a(nfs.o)
                                0x1a9 (size before relaxing)
 .rodata.str1.1
                0x23f27453       0x20 net/libnet.a(rarp.o)
                                 0x47 (size before relaxing)
 .rodata.str1.1
                0x23f27473      0x162 net/libnet.a(tftp.o)
                                0x249 (size before relaxing)
 .rodata.str1.1
                0x23f275d5      0x100 net/libnet.a(bootp.o)
                                0x13d (size before relaxing)
 .rodata.str1.1
                0x23f276d5        0x8 drivers/mtd/nand/libnand.a(nand.o)
 .rodata.str1.1
                0x23f276dd      0x33c drivers/mtd/nand/libnand.a(nand_base.o)
 .rodata.str1.1
                0x23f27a19      0x3c5 drivers/mtd/nand/libnand.a(nand_bbt.o)
 .rodata.str1.1
                0x23f27dde      0x31f drivers/mtd/nand/libnand.a(nand_ids.o)
                                0x335 (size before relaxing)
 .rodata.str1.1
                0x23f280fd       0x15 drivers/serial/libserial.a(atmel_usart.o)
 .rodata.str1.1
                0x23f28112       0xef common/libcommon.a(cmd_boot.o)
                                 0xf0 (size before relaxing)
 .rodata.str1.1
                0x23f28201      0x672 common/libcommon.a(cmd_bootm.o)
                                0x691 (size before relaxing)
 .rodata.str1.1
                0x23f28873       0x5c common/libcommon.a(cmd_console.o)
                                 0x61 (size before relaxing)
 .rodata.str1.1
                0x23f288cf       0x55 common/libcommon.a(cmd_echo.o)
 .rodata.str1.1
                0x23f28924        0xc common/libcommon.a(cmd_exit.o)
                                 0x12 (size before relaxing)
 .rodata.str1.1
                0x23f28930      0x396 common/libcommon.a(cmd_fat.o)
                                0x3a5 (size before relaxing)
 .rodata.str1.1
                0x23f28cc6      0x507 common/libcommon.a(cmd_flash.o)
                                0x50f (size before relaxing)
 .rodata.str1.1
                0x23f291cd       0x9a common/libcommon.a(cmd_help.o)
                                 0x9b (size before relaxing)
 .rodata.str1.1
                0x23f29267       0xb3 common/libcommon.a(cmd_itest.o)
                                 0xb5 (size before relaxing)
 .rodata.str1.1
                0x23f2931a      0x219 common/libcommon.a(cmd_load.o)
                                0x22f (size before relaxing)
 .rodata.str1.1
                0x23f29533      0x52e common/libcommon.a(cmd_mem.o)
                                0x542 (size before relaxing)
 .rodata.str1.1
                0x23f29a61       0x5f common/libcommon.a(cmd_misc.o)
 .rodata.str1.1
                0x23f29ac0      0x747 common/libcommon.a(cmd_nand.o)
                                0x79b (size before relaxing)
 .rodata.str1.1
                0x23f2a207      0x1ea common/libcommon.a(cmd_net.o)
                                0x223 (size before relaxing)
 .rodata.str1.1
                0x23f2a3f1      0x355 common/libcommon.a(cmd_nvedit.o)
                                0x3b9 (size before relaxing)
 .rodata.str1.1
                0x23f2a746       0x6e common/libcommon.a(cmd_test.o)
                                 0x96 (size before relaxing)
 .rodata.str1.1
                0x23f2a7b4      0x82f common/libcommon.a(cmd_usb.o)
                                0x969 (size before relaxing)
 .rodata.str1.1
                0x23f2afe3       0x1b common/libcommon.a(cmd_version.o)
                                 0x24 (size before relaxing)
 .rodata.str1.1
                0x23f2affe      0x17e common/libcommon.a(cmd_ximg.o)
                                0x22f (size before relaxing)
 .rodata.str1.1
                0x23f2b17c       0x9e common/libcommon.a(command.o)
                                 0xc6 (size before relaxing)
 .rodata.str1.1
                0x23f2b21a       0x90 common/libcommon.a(console.o)
                                 0xa8 (size before relaxing)
 .rodata.str1.1
                0x23f2b2aa       0x33 common/libcommon.a(env_common.o)
                                 0x37 (size before relaxing)
 .rodata.str1.1
                0x23f2b2dd       0x17 common/libcommon.a(env_dataflash.o)
 .rodata.str1.1
                0x23f2b2f4      0x237 common/libcommon.a(hush.o)
                                0x26b (size before relaxing)
 .rodata.str1.1
                0x23f2b52b      0x457 common/libcommon.a(image.o)
                                0x4f2 (size before relaxing)
 .rodata.str1.1
                0x23f2b982       0x15 common/libcommon.a(lcd.o)
                                 0x16 (size before relaxing)
 .rodata.str1.1
                0x23f2b997       0x6f common/libcommon.a(main.o)
                                 0xd6 (size before relaxing)
 .rodata.str1.1
                0x00000000       0x1b common/libcommon.a(stdio.o)
 .rodata.str1.1
                0x23f2ba06      0x28b common/libcommon.a(usb.o)
 .rodata.str1.1
                0x23f2bc91      0x1ed common/libcommon.a(usb_storage.o)
                                0x1ff (size before relaxing)
 .rodata.str1.1
                0x23f2be7e       0xe3 common/libcommon.a(xyzModem.o)
                                 0xe5 (size before relaxing)
 .rodata.str1.1
                0x23f2bf61      0x154 board/atmel/at91sam9263ek/libat91sam9263ek.a(at91sam9263ek.o)
                                0x15a (size before relaxing)
 .rodata.str1.1
                0x23f2c0b5       0x1a lib/libgeneric.a(display_options.o)
                                 0x43 (size before relaxing)
 .rodata.str1.1
                0x23f2c0cf       0x85 lib/libgeneric.a(gunzip.o)
 .rodata.str1.1
                0x23f2c154        0x7 lib/libgeneric.a(strmhz.o)
                                  0xb (size before relaxing)
 .rodata.str1.1
                0x23f2c15b        0xe lib/libgeneric.a(vsprintf.o)
 .rodata.str1.1
                0x23f2c169      0x21c lib/libgeneric.a(zlib.o)
                                0x21d (size before relaxing)
 .rodata.str1.1
                0x23f2c385       0x1b arch/arm/cpu/arm926ejs/at91/libat91.a(timer.o)
 .rodata.str1.1
                0x23f2c3a0       0x42 arch/arm/lib/libarm.a(bootm.o)
                                 0x4b (size before relaxing)
 .rodata.str1.1
                0x23f2c3e2        0xf arch/arm/lib/libarm.a(reset.o)
 .rodata.str1.1
                0x23f2c3f1      0x15f fs/fat/libfat.a(fat.o)
                                0x16d (size before relaxing)
 .rodata.str1.1
                0x23f2c550      0x1af disk/libdisk.a(part.o)
                                0x1e0 (size before relaxing)
 .rodata.str1.1
                0x23f2c6ff       0xe5 disk/libdisk.a(part_dos.o)
                                 0xf1 (size before relaxing)
 .rodata.str1.1
                0x23f2c7e4      0x177 drivers/mtd/libmtd.a(dataflash.o)
                                0x185 (size before relaxing)
 .rodata.str1.1
                0x23f2c95b      0x300 drivers/mtd/nand/libnand.a(nand_util.o)
                                0x302 (size before relaxing)
 .rodata.str1.1
                0x23f2cc5b      0x15c drivers/net/libnet.a(macb.o)
 .rodata.str1.1
                0x23f2cdb7       0x10 drivers/spi/libspi.a(atmel_dataflash_spi.o)
 .rodata.str1.1
                0x23f2cdc7      0x7e1 drivers/usb/host/libusb_host.a(ohci-hcd.o)
 .rodata.str1.1
                0x23f2d5a8       0x1b /home/jionfull/u-boot-2010.06/arch/arm/lib/eabi_compat.o
                0x23f2d5c4                . = ALIGN (0x4)

.data           0x23f2d5c4     0x8078
 *(.data)
 .data          0x23f2d5c4        0x0 arch/arm/cpu/arm926ejs/start.o
 .data          0x23f2d5c4        0x0 arch/arm/cpu/arm926ejs/at91/libat91.a(led.o)
 .data          0x23f2d5c4       0x2c arch/arm/lib/libarm.a(board.o)
                0x23f2d5c4                init_sequence
 .data          0x23f2d5f0        0x0 arch/arm/lib/libarm.a(interrupts.o)
 .data          0x23f2d5f0        0x0 net/libnet.a(eth.o)
 .data          0x23f2d5f0        0xc net/libnet.a(net.o)
                0x23f2d5f0                NetOurVLAN
                0x23f2d5f2                NetOurNativeVLAN
                0x23f2d5f4                NetBcastAddr
 .data          0x23f2d5fc        0x4 net/libnet.a(nfs.o)
 .data          0x23f2d600        0x0 net/libnet.a(rarp.o)
 .data          0x23f2d600       0x18 net/libnet.a(tftp.o)
                0x23f2d60c                TftpRRQTimeoutCountMax
                0x23f2d614                TftpRRQTimeoutMSecs
 .data          0x23f2d618        0x0 net/libnet.a(bootp.o)
 .data          0x23f2d618        0x0 drivers/gpio/libgpio.a(at91_gpio.o)
 .data          0x23f2d618        0x4 drivers/mtd/nand/libnand.a(nand.o)
                0x23f2d618                nand_curr_device
 .data          0x23f2d61c      0x920 drivers/mtd/nand/libnand.a(nand_base.o)
 .data          0x23f2df3c      0x110 drivers/mtd/nand/libnand.a(nand_bbt.o)
 .data          0x23f2e04c        0x0 drivers/mtd/nand/libnand.a(nand_ecc.o)
 .data          0x23f2e04c      0x4a0 drivers/mtd/nand/libnand.a(nand_ids.o)
                0x23f2e04c                nand_flash_ids
                0x23f2e49c                nand_manuf_ids
 .data          0x23f2e4ec        0x0 drivers/mtd/nand/libnand.a(atmel_nand.o)
 .data          0x23f2e4ec        0x0 drivers/serial/libserial.a(atmel_usart.o)
 .data          0x23f2e4ec        0x0 common/libcommon.a(cmd_boot.o)
 .data          0x23f2e4ec       0xac common/libcommon.a(cmd_bootm.o)
                0x23f2e4ec                load_addr
 .data          0x23f2e598        0x0 common/libcommon.a(cmd_console.o)
 .data          0x23f2e598        0x0 common/libcommon.a(cmd_echo.o)
 .data          0x23f2e598        0x0 common/libcommon.a(cmd_exit.o)
 .data          0x23f2e598        0x0 common/libcommon.a(cmd_fat.o)
 .data          0x23f2e598        0x0 common/libcommon.a(cmd_flash.o)
 .data          0x23f2e598        0x0 common/libcommon.a(cmd_help.o)
 .data          0x23f2e598       0x68 common/libcommon.a(cmd_itest.o)
                0x23f2e598                op_table
 .data          0x23f2e600        0x0 common/libcommon.a(cmd_load.o)
 .data          0x23f2e600        0x4 common/libcommon.a(cmd_mem.o)
                0x23f2e600                dp_last_length
 .data          0x23f2e604        0x0 common/libcommon.a(cmd_misc.o)
 .data          0x23f2e604        0x0 common/libcommon.a(cmd_nand.o)
 .data          0x23f2e604        0x0 common/libcommon.a(cmd_net.o)
 .data          0x23f2e604        0x4 common/libcommon.a(cmd_nvedit.o)
 .data          0x23f2e608        0x0 common/libcommon.a(cmd_test.o)
 .data          0x23f2e608        0x4 common/libcommon.a(cmd_usb.o)
 .data          0x23f2e60c        0x0 common/libcommon.a(cmd_version.o)
 .data          0x23f2e60c        0x0 common/libcommon.a(cmd_ximg.o)
 .data          0x23f2e60c        0x0 common/libcommon.a(command.o)
 .data          0x23f2e60c        0x0 common/libcommon.a(console.o)
 .data          0x23f2e60c      0x414 common/libcommon.a(dlmalloc.o)
 .data          0x23f2ea20       0xb4 common/libcommon.a(env_common.o)
                0x23f2ea20                default_environment
 .data          0x23f2ead4        0x4 common/libcommon.a(env_dataflash.o)
                0x23f2ead4                env_name_spec
 .data          0x23f2ead8        0x0 common/libcommon.a(exports.o)
 .data          0x23f2ead8       0x84 common/libcommon.a(hush.o)
 .data          0x23f2eb5c      0x204 common/libcommon.a(image.o)
 .data          0x23f2ed60     0x666c common/libcommon.a(lcd.o)
                0x23f2ed60                bmp_logo_palette
                0x23f2ed9c                bmp_logo_bitmap
 .data          0x23f353cc       0x14 common/libcommon.a(main.o)
 .data          0x23f353e0        0xc common/libcommon.a(stdio.o)
                0x23f353e0                stdio_names
 .data          0x23f353ec        0x0 common/libcommon.a(usb.o)
 .data          0x23f353ec       0x20 common/libcommon.a(usb_storage.o)
                0x23f353ec                us_direction
 .data          0x23f3540c        0x0 common/libcommon.a(xyzModem.o)
 .data          0x23f3540c       0x34 board/atmel/at91sam9263ek/libat91sam9263ek.a(at91sam9263ek.o)
                0x23f3540c                panel_info
 .data          0x23f35440        0x0 lib/libgeneric.a(crc16.o)
 .data          0x23f35440        0x0 lib/libgeneric.a(crc32.o)
 .data          0x23f35440      0x100 lib/libgeneric.a(ctype.o)
                0x23f35440                _ctype
 .data          0x23f35540        0x0 lib/libgeneric.a(display_options.o)
 .data          0x23f35540        0x0 lib/libgeneric.a(gunzip.o)
 .data          0x23f35540        0x0 lib/libgeneric.a(net_utils.o)
 .data          0x23f35540        0x0 lib/libgeneric.a(string.o)
 .data          0x23f35540        0x0 lib/libgeneric.a(strmhz.o)
 .data          0x23f35540        0x0 lib/libgeneric.a(time.o)
 .data          0x23f35540        0x0 lib/libgeneric.a(vsprintf.o)
 .data          0x23f35540        0x0 lib/libgeneric.a(zlib.o)
 .data          0x23f35540        0x0 lib/libgeneric.a(div64.o)
 .data          0x23f35540        0x0 arch/arm/cpu/arm926ejs/at91/libat91.a(at91sam9263_devices.o)
 .data          0x23f35540        0x0 arch/arm/cpu/arm926ejs/at91/libat91.a(clock.o)
 .data          0x23f35540        0x0 arch/arm/cpu/arm926ejs/at91/libat91.a(cpu.o)
 .data          0x23f35540        0x0 arch/arm/cpu/arm926ejs/at91/libat91.a(reset.o)
 .data          0x23f35540        0x0 arch/arm/cpu/arm926ejs/at91/libat91.a(timer.o)
 .data          0x23f35540        0x0 arch/arm/lib/libarm.a(bootm.o)
 .data          0x23f35540        0x0 arch/arm/lib/libarm.a(cache.o)
 .data          0x23f35540        0x0 arch/arm/lib/libarm.a(reset.o)
 .data          0x23f35540        0x4 fs/fat/libfat.a(fat.o)
 .data          0x23f35544        0x0 disk/libdisk.a(part.o)
 .data          0x23f35544        0x0 disk/libdisk.a(part_dos.o)
 .data          0x23f35544        0x0 drivers/mtd/libmtd.a(dataflash.o)
 .data          0x23f35544        0x0 drivers/mtd/libmtd.a(at45.o)
 .data          0x23f35544        0x0 drivers/mtd/nand/libnand.a(nand_util.o)
 .data          0x23f35544        0x0 drivers/net/libnet.a(macb.o)
 .data          0x23f35544        0x0 drivers/spi/libspi.a(atmel_dataflash_spi.o)
 .data          0x23f35544       0x50 drivers/usb/host/libusb_host.a(ohci-hcd.o)
 .data          0x23f35594        0x0 drivers/usb/host/libusb_host.a(ohci-at91.o)
 .data          0x23f35594        0x0 drivers/video/libvideo.a(atmel_lcdfb.o)
 .data          0x23f35594       0xa8 board/atmel/at91sam9263ek/libat91sam9263ek.a(partition.o)
                0x23f35594                cs
                0x23f3559c                area_list
 .data          0x23f3563c        0x0 arch/arm/cpu/arm926ejs/libarm926ejs.a(cpu.o)
 .data          0x23f3563c        0x0 arch/arm/lib/libarm.a(cache-cp15.o)
 .data          0x23f3563c        0x0 /home/jionfull/u-boot-2010.06/arch/arm/lib/eabi_compat.o
 .data          0x23f3563c        0x0 /opt/FriendlyARM/toolschain/4.4.3/lib/gcc/arm-none-linux-gnueabi/4.4.3/libgcc.a(_udivsi3.o)
 .data          0x23f3563c        0x0 /opt/FriendlyARM/toolschain/4.4.3/lib/gcc/arm-none-linux-gnueabi/4.4.3/libgcc.a(_divsi3.o)
 .data          0x23f3563c        0x0 /opt/FriendlyARM/toolschain/4.4.3/lib/gcc/arm-none-linux-gnueabi/4.4.3/libgcc.a(_lshrdi3.o)
 .data          0x23f3563c        0x0 /opt/FriendlyARM/toolschain/4.4.3/lib/gcc/arm-none-linux-gnueabi/4.4.3/libgcc.a(_ashrdi3.o)
 .data          0x23f3563c        0x0 /opt/FriendlyARM/toolschain/4.4.3/lib/gcc/arm-none-linux-gnueabi/4.4.3/libgcc.a(_ashldi3.o)
 .data          0x23f3563c        0x0 /opt/FriendlyARM/toolschain/4.4.3/lib/gcc/arm-none-linux-gnueabi/4.4.3/libgcc.a(_dvmd_lnx.o)
                0x23f3563c                . = ALIGN (0x4)

.got
 *(.got)
                0x23f3563c                . = .
                0x23f3563c                __u_boot_cmd_start = .

.u_boot_cmd     0x23f3563c      0x5b0
 *(.u_boot_cmd)
 .u_boot_cmd    0x23f3563c       0x38 common/libcommon.a(cmd_boot.o)
                0x23f3563c                __u_boot_cmd_go
                0x23f35658                __u_boot_cmd_reset
 .u_boot_cmd    0x23f35674       0x54 common/libcommon.a(cmd_bootm.o)
                0x23f35674                __u_boot_cmd_bootm
                0x23f35690                __u_boot_cmd_boot
                0x23f356ac                __u_boot_cmd_bootd
 .u_boot_cmd    0x23f356c8       0x1c common/libcommon.a(cmd_console.o)
                0x23f356c8                __u_boot_cmd_coninfo
 .u_boot_cmd    0x23f356e4       0x1c common/libcommon.a(cmd_echo.o)
                0x23f356e4                __u_boot_cmd_echo
 .u_boot_cmd    0x23f35700       0x1c common/libcommon.a(cmd_exit.o)
                0x23f35700                __u_boot_cmd_exit
 .u_boot_cmd    0x23f3571c       0x54 common/libcommon.a(cmd_fat.o)
                0x23f3571c                __u_boot_cmd_fatload
                0x23f35738                __u_boot_cmd_fatls
                0x23f35754                __u_boot_cmd_fatinfo
 .u_boot_cmd    0x23f35770       0x54 common/libcommon.a(cmd_flash.o)
                0x23f35770                __u_boot_cmd_flinfo
                0x23f3578c                __u_boot_cmd_erase
                0x23f357a8                __u_boot_cmd_protect
 .u_boot_cmd    0x23f357c4       0x38 common/libcommon.a(cmd_help.o)
                0x23f357c4                __u_boot_cmd_help
                0x23f357e0                __u_boot_cmd_question_mark
 .u_boot_cmd    0x23f357fc       0x1c common/libcommon.a(cmd_itest.o)
                0x23f357fc                __u_boot_cmd_itest
 .u_boot_cmd    0x23f35818       0x38 common/libcommon.a(cmd_load.o)
                0x23f35818                __u_boot_cmd_loadb
                0x23f35834                __u_boot_cmd_loady
 .u_boot_cmd    0x23f35850      0x118 common/libcommon.a(cmd_mem.o)
                0x23f35850                __u_boot_cmd_md
                0x23f3586c                __u_boot_cmd_mm
                0x23f35888                __u_boot_cmd_nm
                0x23f358a4                __u_boot_cmd_mw
                0x23f358c0                __u_boot_cmd_cp
                0x23f358dc                __u_boot_cmd_cmp
                0x23f358f8                __u_boot_cmd_crc32
                0x23f35914                __u_boot_cmd_base
                0x23f35930                __u_boot_cmd_loop
                0x23f3594c                __u_boot_cmd_mtest
 .u_boot_cmd    0x23f35968       0x1c common/libcommon.a(cmd_misc.o)
                0x23f35968                __u_boot_cmd_sleep
 .u_boot_cmd    0x23f35984       0x38 common/libcommon.a(cmd_nand.o)
                0x23f35984                __u_boot_cmd_nand
                0x23f359a0                __u_boot_cmd_nboot
 .u_boot_cmd    0x23f359bc       0xa8 common/libcommon.a(cmd_net.o)
                0x23f359bc                __u_boot_cmd_bootp
                0x23f359d8                __u_boot_cmd_tftpboot
                0x23f359f4                __u_boot_cmd_rarpboot
                0x23f35a10                __u_boot_cmd_dhcp
                0x23f35a2c                __u_boot_cmd_nfs
                0x23f35a48                __u_boot_cmd_ping
 .u_boot_cmd    0x23f35a64       0x8c common/libcommon.a(cmd_nvedit.o)
                0x23f35a64                __u_boot_cmd_saveenv
                0x23f35a80                __u_boot_cmd_editenv
                0x23f35a9c                __u_boot_cmd_printenv
                0x23f35ab8                __u_boot_cmd_setenv
                0x23f35ad4                __u_boot_cmd_run
 .u_boot_cmd    0x23f35af0       0x54 common/libcommon.a(cmd_test.o)
                0x23f35af0                __u_boot_cmd_test
                0x23f35b0c                __u_boot_cmd_false
                0x23f35b28                __u_boot_cmd_true
 .u_boot_cmd    0x23f35b44       0x38 common/libcommon.a(cmd_usb.o)
                0x23f35b44                __u_boot_cmd_usb
                0x23f35b60                __u_boot_cmd_usbboot
 .u_boot_cmd    0x23f35b7c       0x1c common/libcommon.a(cmd_version.o)
                0x23f35b7c                __u_boot_cmd_version
 .u_boot_cmd    0x23f35b98       0x1c common/libcommon.a(cmd_ximg.o)
                0x23f35b98                __u_boot_cmd_imxtract
 .u_boot_cmd    0x23f35bb4       0x1c common/libcommon.a(hush.o)
                0x23f35bb4                __u_boot_cmd_showvar
 .u_boot_cmd    0x23f35bd0       0x1c common/libcommon.a(lcd.o)
                0x23f35bd0                __u_boot_cmd_cls
                0x23f35bec                __u_boot_cmd_end = .
                0x23f35bec                . = ALIGN (0x4)
                0x23f35bec                __bss_start = .

.bss            0x23f35c00    0x41804
 *(.bss)
 .bss           0x23f35c00        0x0 arch/arm/cpu/arm926ejs/start.o
 .bss           0x23f35c00        0x0 arch/arm/cpu/arm926ejs/at91/libat91.a(led.o)
 .bss           0x23f35c00        0x4 arch/arm/lib/libarm.a(board.o)
                0x23f35c00                monitor_flash_len
 .bss           0x23f35c04        0x0 arch/arm/lib/libarm.a(interrupts.o)
 .bss           0x23f35c04       0x14 net/libnet.a(eth.o)
 .bss           0x23f35c18     0x25e4 net/libnet.a(net.o)
                0x23f35c18                NetState
                0x23f35c2c                NetIPID
                0x23f35c30                NetOurIP
                0x23f35c34                NetOurEther
                0x23f35c3c                NetPingIP
                0x23f35c40                NetRxPacket
                0x23f35c44                NetRxPacketLen
                0x23f35c48                NetArpWaitPacketIP
                0x23f35c4c                NetArpWaitPacketMAC
                0x23f35c50                NetArpWaitReplyIP
                0x23f35c54                NetArpWaitTxPacket
                0x23f35c58                NetArpWaitTxPacketSize
                0x23f35c5c                NetServerIP
                0x23f35c60                NetServerEther
                0x23f35c68                NetTxPacket
                0x23f35c6c                NetOurSubnetMask
                0x23f35c70                NetOurGatewayIP
                0x23f35c7c                NetEtherNullAddr
                0x23f35c84                NetArpWaitTry
                0x23f35c88                NetArpWaitTimerStart
                0x23f35c94                NetRestartWrap
                0x23f35c9c                PktBuf
                0x23f37abc                NetRxPackets
                0x23f37acc                NetArpWaitPacketBuf
                0x23f380f0                NetBootFileXferSize
                0x23f380f4                NetOurDNSIP
                0x23f380f8                NetOurNISDomain
                0x23f38118                NetOurHostName
                0x23f38138                NetOurRootPath
                0x23f38178                NetBootFileSize
                0x23f3817c                BootFile
 .bss           0x23f381fc      0x8b0 net/libnet.a(nfs.o)
 .bss           0x23f38aac        0x4 net/libnet.a(rarp.o)
                0x23f38aac                RarpTry
 .bss           0x23f38ab0       0xb4 net/libnet.a(tftp.o)
 .bss           0x23f38b64       0x14 net/libnet.a(bootp.o)
                0x23f38b64                dhcp_leasetime
                0x23f38b68                NetDHCPServerIP
                0x23f38b6c                BootpID
                0x23f38b70                dhcp_state
                0x23f38b74                BootpTry
 .bss           0x23f38b78        0x0 drivers/gpio/libgpio.a(at91_gpio.o)
 .bss           0x23f38b78      0x1c8 drivers/mtd/nand/libnand.a(nand.o)
                0x23f38b78                nand_info
 .bss           0x23f38d40        0x0 drivers/mtd/nand/libnand.a(nand_base.o)
 .bss           0x23f38d40        0x0 drivers/mtd/nand/libnand.a(nand_bbt.o)
 .bss           0x23f38d40        0x0 drivers/mtd/nand/libnand.a(nand_ecc.o)
 .bss           0x23f38d40        0x0 drivers/mtd/nand/libnand.a(nand_ids.o)
 .bss           0x23f38d40        0x0 drivers/mtd/nand/libnand.a(atmel_nand.o)
 .bss           0x23f38d40        0x0 drivers/serial/libserial.a(atmel_usart.o)
 .bss           0x23f38d40        0x0 common/libcommon.a(cmd_boot.o)
 .bss           0x23f38d40       0x8c common/libcommon.a(cmd_bootm.o)
 .bss           0x23f38dcc        0x0 common/libcommon.a(cmd_console.o)
 .bss           0x23f38dcc        0x0 common/libcommon.a(cmd_echo.o)
 .bss           0x23f38dcc        0x0 common/libcommon.a(cmd_exit.o)
 .bss           0x23f38dcc        0x0 common/libcommon.a(cmd_fat.o)
 .bss           0x23f38dcc        0x0 common/libcommon.a(cmd_flash.o)
 .bss           0x23f38dcc        0x0 common/libcommon.a(cmd_help.o)
 .bss           0x23f38dcc        0x0 common/libcommon.a(cmd_itest.o)
 .bss           0x23f38dcc       0x60 common/libcommon.a(cmd_load.o)
                0x23f38ddc                os_data_init
                0x23f38dec                os_data_char
                0x23f38df0                his_quote
                0x23f38df4                his_pad_count
                0x23f38df8                his_pad_char
                0x23f38df9                his_eol
                0x23f38dfc                send_ptr
                0x23f38e00                send_parms
 .bss           0x23f38e2c       0x14 common/libcommon.a(cmd_mem.o)
                0x23f38e30                mm_last_addr
                0x23f38e34                mm_last_size
                0x23f38e38                dp_last_addr
                0x23f38e3c                dp_last_size
 .bss           0x23f38e40        0x0 common/libcommon.a(cmd_misc.o)
 .bss           0x23f38e40        0x0 common/libcommon.a(cmd_nand.o)
 .bss           0x23f38e40        0x0 common/libcommon.a(cmd_net.o)
 .bss           0x23f38e40        0x0 common/libcommon.a(cmd_nvedit.o)
 .bss           0x23f38e40        0x0 common/libcommon.a(cmd_test.o)
 .bss           0x23f38e40        0x0 common/libcommon.a(cmd_usb.o)
 .bss           0x23f38e40        0x0 common/libcommon.a(cmd_version.o)
 .bss           0x23f38e40        0x0 common/libcommon.a(cmd_ximg.o)
 .bss           0x23f38e40      0x300 common/libcommon.a(command.o)
 .bss           0x23f39140        0x8 common/libcommon.a(console.o)
 .bss           0x23f39148       0x44 common/libcommon.a(dlmalloc.o)
                0x23f39148                mem_malloc_brk
                0x23f3914c                mem_malloc_start
                0x23f39150                mem_malloc_end
 .bss           0x23f3918c        0x0 common/libcommon.a(env_common.o)
 .bss           0x23f3918c        0x4 common/libcommon.a(env_dataflash.o)
                0x23f3918c                env_ptr
 .bss           0x23f39190        0x0 common/libcommon.a(exports.o)
 .bss           0x23f39190      0x258 common/libcommon.a(hush.o)
                0x23f393dc                last_return_code
                0x23f393e4                nesting_level
 .bss           0x23f393e8        0x0 common/libcommon.a(image.o)
 .bss           0x23f393e8        0x1 common/libcommon.a(lcd.o)
                0x23f393e8                lcd_is_enabled
 *fill*         0x23f393e9        0x3 00
 .bss           0x23f393ec     0x1578 common/libcommon.a(main.o)
                0x23f393f8                hist_num
                0x23f393fc                hist_lines
                0x23f3a810                hist_list
                0x23f3a860                console_buffer
 .bss           0x23f3a964       0x48 common/libcommon.a(stdio.o)
                0x23f3a9a0                stdio_devices
 .bss           0x23f3a9ac     0xaa1c common/libcommon.a(usb.o)
                0x23f453b8                usb_started
 .bss           0x23f453c8      0x5b8 common/libcommon.a(usb_storage.o)
 .bss           0x23f45980      0x43c common/libcommon.a(xyzModem.o)
 .bss           0x23f45dbc        0x0 board/atmel/at91sam9263ek/libat91sam9263ek.a(at91sam9263ek.o)
 .bss           0x23f45dbc        0x0 lib/libgeneric.a(crc16.o)
 .bss           0x23f45dbc        0x0 lib/libgeneric.a(crc32.o)
 .bss           0x23f45dbc        0x0 lib/libgeneric.a(ctype.o)
 .bss           0x23f45dbc        0x0 lib/libgeneric.a(display_options.o)
 .bss           0x23f45dbc        0x0 lib/libgeneric.a(gunzip.o)
 .bss           0x23f45dbc        0x0 lib/libgeneric.a(net_utils.o)
 .bss           0x23f45dbc        0x4 lib/libgeneric.a(string.o)
                0x23f45dbc                ___strtok
 .bss           0x23f45dc0        0x0 lib/libgeneric.a(strmhz.o)
 .bss           0x23f45dc0        0x0 lib/libgeneric.a(time.o)
 .bss           0x23f45dc0        0x0 lib/libgeneric.a(vsprintf.o)
 .bss           0x23f45dc0        0x0 lib/libgeneric.a(zlib.o)
 .bss           0x23f45dc0        0x0 lib/libgeneric.a(div64.o)
 .bss           0x23f45dc0        0x0 arch/arm/cpu/arm926ejs/at91/libat91.a(at91sam9263_devices.o)
 .bss           0x23f45dc0       0x18 arch/arm/cpu/arm926ejs/at91/libat91.a(clock.o)
 .bss           0x23f45dd8        0x0 arch/arm/cpu/arm926ejs/at91/libat91.a(cpu.o)
 .bss           0x23f45dd8        0x0 arch/arm/cpu/arm926ejs/at91/libat91.a(reset.o)
 .bss           0x23f45dd8        0xc arch/arm/cpu/arm926ejs/at91/libat91.a(timer.o)
 .bss           0x23f45de4        0x4 arch/arm/lib/libarm.a(bootm.o)
 .bss           0x23f45de8        0x0 arch/arm/lib/libarm.a(cache.o)
 .bss           0x23f45de8        0x0 arch/arm/lib/libarm.a(reset.o)
 .bss           0x23f45de8    0x30008 fs/fat/libfat.a(fat.o)
                0x23f45df0                get_vfatname_block
                0x23f55df0                do_fat_read_block
                0x23f65df0                get_dentfromdir_block
 .bss           0x23f75df0        0x0 disk/libdisk.a(part.o)
 .bss           0x23f75df0        0x0 disk/libdisk.a(part_dos.o)
 .bss           0x23f75df0        0x8 drivers/mtd/libmtd.a(dataflash.o)
 .bss           0x23f75df8        0x0 drivers/mtd/libmtd.a(at45.o)
 .bss           0x23f75df8        0x0 drivers/mtd/nand/libnand.a(nand_util.o)
 .bss           0x23f75df8        0x0 drivers/net/libnet.a(macb.o)
 .bss           0x23f75df8        0x0 drivers/spi/libspi.a(atmel_dataflash_spi.o)
 *fill*         0x23f75df8        0x8 00
 .bss           0x23f75e00     0x1500 drivers/usb/host/libusb_host.a(ohci-hcd.o)
                0x23f75f48                phcca
                0x23f76000                ghcca
                0x23f76100                ohci_dev
                0x23f762a0                gtd
                0x23f772e0                ptd
                0x23f772e8                devgone
 .bss           0x23f77300        0x0 drivers/usb/host/libusb_host.a(ohci-at91.o)
 .bss           0x23f77300       0x18 drivers/video/libvideo.a(atmel_lcdfb.o)
                0x23f77300                lcd_line_length
                0x23f77304                lcd_color_fg
                0x23f77308                lcd_color_bg
                0x23f7730c                lcd_base
                0x23f77310                lcd_console_address
                0x23f77314                console_col
                0x23f77316                console_row
 .bss           0x23f77318       0xec board/atmel/at91sam9263ek/libat91sam9263ek.a(partition.o)
                0x23f77318                dataflash_info
 .bss           0x23f77404        0x0 arch/arm/cpu/arm926ejs/libarm926ejs.a(cpu.o)
 .bss           0x23f77404        0x0 arch/arm/lib/libarm.a(cache-cp15.o)
 .bss           0x23f77404        0x0 /home/jionfull/u-boot-2010.06/arch/arm/lib/eabi_compat.o
 .bss           0x23f77404        0x0 /opt/FriendlyARM/toolschain/4.4.3/lib/gcc/arm-none-linux-gnueabi/4.4.3/libgcc.a(_udivsi3.o)
 .bss           0x23f77404        0x0 /opt/FriendlyARM/toolschain/4.4.3/lib/gcc/arm-none-linux-gnueabi/4.4.3/libgcc.a(_divsi3.o)
 .bss           0x23f77404        0x0 /opt/FriendlyARM/toolschain/4.4.3/lib/gcc/arm-none-linux-gnueabi/4.4.3/libgcc.a(_lshrdi3.o)
 .bss           0x23f77404        0x0 /opt/FriendlyARM/toolschain/4.4.3/lib/gcc/arm-none-linux-gnueabi/4.4.3/libgcc.a(_ashrdi3.o)
 .bss           0x23f77404        0x0 /opt/FriendlyARM/toolschain/4.4.3/lib/gcc/arm-none-linux-gnueabi/4.4.3/libgcc.a(_ashldi3.o)
 .bss           0x23f77404        0x0 /opt/FriendlyARM/toolschain/4.4.3/lib/gcc/arm-none-linux-gnueabi/4.4.3/libgcc.a(_dvmd_lnx.o)
                0x23f77404                . = ALIGN (0x4)
                0x23f77404                _end = .
Address of section .text set to 0x23f00000
LOAD arch/arm/cpu/arm926ejs/start.o
START GROUP
LOAD lib/libgeneric.a
LOAD lib/lzma/liblzma.a
LOAD lib/lzo/liblzo.a
LOAD arch/arm/cpu/arm926ejs/libarm926ejs.a
LOAD arch/arm/cpu/arm926ejs/at91/libat91.a
LOAD arch/arm/lib/libarm.a
LOAD fs/cramfs/libcramfs.a
LOAD fs/fat/libfat.a
LOAD fs/fdos/libfdos.a
LOAD fs/jffs2/libjffs2.a
LOAD fs/reiserfs/libreiserfs.a
LOAD fs/ext2/libext2fs.a
LOAD fs/yaffs2/libyaffs2.a
LOAD fs/ubifs/libubifs.a
LOAD net/libnet.a
LOAD disk/libdisk.a
LOAD drivers/bios_emulator/libatibiosemu.a
LOAD drivers/block/libblock.a
LOAD drivers/dma/libdma.a
LOAD drivers/fpga/libfpga.a
LOAD drivers/gpio/libgpio.a
LOAD drivers/hwmon/libhwmon.a
LOAD drivers/i2c/libi2c.a
LOAD drivers/input/libinput.a
LOAD drivers/misc/libmisc.a
LOAD drivers/mmc/libmmc.a
LOAD drivers/mtd/libmtd.a
LOAD drivers/mtd/nand/libnand.a
LOAD drivers/mtd/onenand/libonenand.a
LOAD drivers/mtd/ubi/libubi.a
LOAD drivers/mtd/spi/libspi_flash.a
LOAD drivers/net/libnet.a
LOAD drivers/net/phy/libphy.a
LOAD drivers/pci/libpci.a
LOAD drivers/pcmcia/libpcmcia.a
LOAD drivers/power/libpower.a
LOAD drivers/spi/libspi.a
LOAD drivers/rtc/librtc.a
LOAD drivers/serial/libserial.a
LOAD drivers/twserial/libtws.a
LOAD drivers/usb/gadget/libusb_gadget.a
LOAD drivers/usb/host/libusb_host.a
LOAD drivers/usb/musb/libusb_musb.a
LOAD drivers/usb/phy/libusb_phy.a
LOAD drivers/video/libvideo.a
LOAD drivers/watchdog/libwatchdog.a
LOAD common/libcommon.a
LOAD lib/libfdt/libfdt.a
LOAD api/libapi.a
LOAD post/libpost.a
LOAD board/atmel/at91sam9263ek/libat91sam9263ek.a
END GROUP
LOAD /home/jionfull/u-boot-2010.06/arch/arm/lib/eabi_compat.o
LOAD /opt/FriendlyARM/toolschain/4.4.3/lib/gcc/arm-none-linux-gnueabi/4.4.3/libgcc.a
OUTPUT(u-boot elf32-littlearm)

.ARM.attributes
                0x00000000       0x27
 .ARM.attributes
                0x00000000       0x1b arch/arm/cpu/arm926ejs/start.o
 .ARM.attributes
                0x0000001b       0x2b arch/arm/cpu/arm926ejs/at91/libat91.a(led.o)
 .ARM.attributes
                0x00000046       0x2b arch/arm/lib/libarm.a(board.o)
 .ARM.attributes
                0x00000071       0x2b arch/arm/lib/libarm.a(interrupts.o)
 .ARM.attributes
                0x0000009c       0x2b net/libnet.a(eth.o)
 .ARM.attributes
                0x000000c7       0x2b net/libnet.a(net.o)
 .ARM.attributes
                0x000000f2       0x2b net/libnet.a(nfs.o)
 .ARM.attributes
                0x0000011d       0x2b net/libnet.a(rarp.o)
 .ARM.attributes
                0x00000148       0x2b net/libnet.a(tftp.o)
 .ARM.attributes
                0x00000173       0x2b net/libnet.a(bootp.o)
 .ARM.attributes
                0x0000019e       0x2b drivers/gpio/libgpio.a(at91_gpio.o)
 .ARM.attributes
                0x000001c9       0x2b drivers/mtd/nand/libnand.a(nand.o)
 .ARM.attributes
                0x000001f4       0x2b drivers/mtd/nand/libnand.a(nand_base.o)
 .ARM.attributes
                0x0000021f       0x2b drivers/mtd/nand/libnand.a(nand_bbt.o)
 .ARM.attributes
                0x0000024a       0x2b drivers/mtd/nand/libnand.a(nand_ecc.o)
 .ARM.attributes
                0x00000275       0x2b drivers/mtd/nand/libnand.a(nand_ids.o)
 .ARM.attributes
                0x000002a0       0x2b drivers/mtd/nand/libnand.a(atmel_nand.o)
 .ARM.attributes
                0x000002cb       0x2b drivers/serial/libserial.a(atmel_usart.o)
 .ARM.attributes
                0x000002f6       0x2b common/libcommon.a(cmd_boot.o)
 .ARM.attributes
                0x00000321       0x2b common/libcommon.a(cmd_bootm.o)
 .ARM.attributes
                0x0000034c       0x2b common/libcommon.a(cmd_console.o)
 .ARM.attributes
                0x00000377       0x2b common/libcommon.a(cmd_echo.o)
 .ARM.attributes
                0x000003a2       0x2b common/libcommon.a(cmd_exit.o)
 .ARM.attributes
                0x000003cd       0x2b common/libcommon.a(cmd_fat.o)
 .ARM.attributes
                0x000003f8       0x2b common/libcommon.a(cmd_flash.o)
 .ARM.attributes
                0x00000423       0x2b common/libcommon.a(cmd_help.o)
 .ARM.attributes
                0x0000044e       0x2b common/libcommon.a(cmd_itest.o)
 .ARM.attributes
                0x00000479       0x2b common/libcommon.a(cmd_load.o)
 .ARM.attributes
                0x000004a4       0x2b common/libcommon.a(cmd_mem.o)
 .ARM.attributes
                0x000004cf       0x2b common/libcommon.a(cmd_misc.o)
 .ARM.attributes
                0x000004fa       0x2b common/libcommon.a(cmd_nand.o)
 .ARM.attributes
                0x00000525       0x2b common/libcommon.a(cmd_net.o)
 .ARM.attributes
                0x00000550       0x2b common/libcommon.a(cmd_nvedit.o)
 .ARM.attributes
                0x0000057b       0x2b common/libcommon.a(cmd_test.o)
 .ARM.attributes
                0x000005a6       0x2b common/libcommon.a(cmd_usb.o)
 .ARM.attributes
                0x000005d1       0x2b common/libcommon.a(cmd_version.o)
 .ARM.attributes
                0x000005fc       0x2b common/libcommon.a(cmd_ximg.o)
 .ARM.attributes
                0x00000627       0x2b common/libcommon.a(command.o)
 .ARM.attributes
                0x00000652       0x2b common/libcommon.a(console.o)
 .ARM.attributes
                0x0000067d       0x2b common/libcommon.a(dlmalloc.o)
 .ARM.attributes
                0x000006a8       0x2b common/libcommon.a(env_common.o)
 .ARM.attributes
                0x000006d3       0x2b common/libcommon.a(env_dataflash.o)
 .ARM.attributes
                0x000006fe       0x2b common/libcommon.a(exports.o)
 .ARM.attributes
                0x00000729       0x2b common/libcommon.a(hush.o)
 .ARM.attributes
                0x00000754       0x2b common/libcommon.a(image.o)
 .ARM.attributes
                0x0000077f       0x2b common/libcommon.a(lcd.o)
 .ARM.attributes
                0x000007aa       0x2b common/libcommon.a(main.o)
 .ARM.attributes
                0x000007d5       0x2b common/libcommon.a(stdio.o)
 .ARM.attributes
                0x00000800       0x2b common/libcommon.a(usb.o)
 .ARM.attributes
                0x0000082b       0x2b common/libcommon.a(usb_storage.o)
 .ARM.attributes
                0x00000856       0x2b common/libcommon.a(xyzModem.o)
 .ARM.attributes
                0x00000881       0x2b board/atmel/at91sam9263ek/libat91sam9263ek.a(at91sam9263ek.o)
 .ARM.attributes
                0x000008ac       0x2b lib/libgeneric.a(crc16.o)
 .ARM.attributes
                0x000008d7       0x2b lib/libgeneric.a(crc32.o)
 .ARM.attributes
                0x00000902       0x2b lib/libgeneric.a(ctype.o)
 .ARM.attributes
                0x0000092d       0x2b lib/libgeneric.a(display_options.o)
 .ARM.attributes
                0x00000958       0x2b lib/libgeneric.a(gunzip.o)
 .ARM.attributes
                0x00000983       0x2b lib/libgeneric.a(net_utils.o)
 .ARM.attributes
                0x000009ae       0x2b lib/libgeneric.a(string.o)
 .ARM.attributes
                0x000009d9       0x2b lib/libgeneric.a(strmhz.o)
 .ARM.attributes
                0x00000a04       0x2b lib/libgeneric.a(time.o)
 .ARM.attributes
                0x00000a2f       0x2b lib/libgeneric.a(vsprintf.o)
 .ARM.attributes
                0x00000a5a       0x2b lib/libgeneric.a(zlib.o)
 .ARM.attributes
                0x00000a85       0x2b lib/libgeneric.a(div64.o)
 .ARM.attributes
                0x00000ab0       0x2b arch/arm/cpu/arm926ejs/at91/libat91.a(at91sam9263_devices.o)
 .ARM.attributes
                0x00000adb       0x2b arch/arm/cpu/arm926ejs/at91/libat91.a(clock.o)
 .ARM.attributes
                0x00000b06       0x2b arch/arm/cpu/arm926ejs/at91/libat91.a(cpu.o)
 .ARM.attributes
                0x00000b31       0x2b arch/arm/cpu/arm926ejs/at91/libat91.a(reset.o)
 .ARM.attributes
                0x00000b5c       0x2b arch/arm/cpu/arm926ejs/at91/libat91.a(timer.o)
 .ARM.attributes
                0x00000b87       0x2b arch/arm/lib/libarm.a(bootm.o)
 .ARM.attributes
                0x00000bb2       0x2b arch/arm/lib/libarm.a(cache.o)
 .ARM.attributes
                0x00000bdd       0x2b arch/arm/lib/libarm.a(reset.o)
 .ARM.attributes
                0x00000c08       0x2b fs/fat/libfat.a(fat.o)
 .ARM.attributes
                0x00000c33       0x2b disk/libdisk.a(part.o)
 .ARM.attributes
                0x00000c5e       0x2b disk/libdisk.a(part_dos.o)
 .ARM.attributes
                0x00000c89       0x2b drivers/mtd/libmtd.a(dataflash.o)
 .ARM.attributes
                0x00000cb4       0x2b drivers/mtd/libmtd.a(at45.o)
 .ARM.attributes
                0x00000cdf       0x2b drivers/mtd/nand/libnand.a(nand_util.o)
 .ARM.attributes
                0x00000d0a       0x2b drivers/net/libnet.a(macb.o)
 .ARM.attributes
                0x00000d35       0x2b drivers/spi/libspi.a(atmel_dataflash_spi.o)
 .ARM.attributes
                0x00000d60       0x2b drivers/usb/host/libusb_host.a(ohci-hcd.o)
 .ARM.attributes
                0x00000d8b       0x2b drivers/usb/host/libusb_host.a(ohci-at91.o)
 .ARM.attributes
                0x00000db6       0x2b drivers/video/libvideo.a(atmel_lcdfb.o)
 .ARM.attributes
                0x00000de1       0x2b board/atmel/at91sam9263ek/libat91sam9263ek.a(partition.o)
 .ARM.attributes
                0x00000e0c       0x2b arch/arm/cpu/arm926ejs/libarm926ejs.a(cpu.o)
 .ARM.attributes
                0x00000e37       0x2b arch/arm/lib/libarm.a(cache-cp15.o)
 .ARM.attributes
                0x00000e62       0x2b /home/jionfull/u-boot-2010.06/arch/arm/lib/eabi_compat.o
 .ARM.attributes
                0x00000e8d       0x1a /opt/FriendlyARM/toolschain/4.4.3/lib/gcc/arm-none-linux-gnueabi/4.4.3/libgcc.a(_udivsi3.o)
 .ARM.attributes
                0x00000ea7       0x1a /opt/FriendlyARM/toolschain/4.4.3/lib/gcc/arm-none-linux-gnueabi/4.4.3/libgcc.a(_divsi3.o)
 .ARM.attributes
                0x00000ec1       0x1a /opt/FriendlyARM/toolschain/4.4.3/lib/gcc/arm-none-linux-gnueabi/4.4.3/libgcc.a(_lshrdi3.o)
 .ARM.attributes
                0x00000edb       0x1a /opt/FriendlyARM/toolschain/4.4.3/lib/gcc/arm-none-linux-gnueabi/4.4.3/libgcc.a(_ashrdi3.o)
 .ARM.attributes
                0x00000ef5       0x1a /opt/FriendlyARM/toolschain/4.4.3/lib/gcc/arm-none-linux-gnueabi/4.4.3/libgcc.a(_ashldi3.o)
 .ARM.attributes
                0x00000f0f       0x1a /opt/FriendlyARM/toolschain/4.4.3/lib/gcc/arm-none-linux-gnueabi/4.4.3/libgcc.a(_dvmd_lnx.o)

.comment        0x00000000       0x18
 .comment       0x00000000       0x18 arch/arm/cpu/arm926ejs/at91/libat91.a(led.o)
                                 0x19 (size before relaxing)
 .comment       0x00000000       0x19 arch/arm/lib/libarm.a(board.o)
 .comment       0x00000000       0x19 arch/arm/lib/libarm.a(interrupts.o)
 .comment       0x00000000       0x19 net/libnet.a(eth.o)
 .comment       0x00000000       0x19 net/libnet.a(net.o)
 .comment       0x00000000       0x19 net/libnet.a(nfs.o)
 .comment       0x00000000       0x19 net/libnet.a(rarp.o)
 .comment       0x00000000       0x19 net/libnet.a(tftp.o)
 .comment       0x00000000       0x19 net/libnet.a(bootp.o)
 .comment       0x00000000       0x19 drivers/gpio/libgpio.a(at91_gpio.o)
 .comment       0x00000000       0x19 drivers/mtd/nand/libnand.a(nand.o)
 .comment       0x00000000       0x19 drivers/mtd/nand/libnand.a(nand_base.o)
 .comment       0x00000000       0x19 drivers/mtd/nand/libnand.a(nand_bbt.o)
 .comment       0x00000000       0x19 drivers/mtd/nand/libnand.a(nand_ecc.o)
 .comment       0x00000000       0x19 drivers/mtd/nand/libnand.a(nand_ids.o)
 .comment       0x00000000       0x19 drivers/mtd/nand/libnand.a(atmel_nand.o)
 .comment       0x00000000       0x19 drivers/serial/libserial.a(atmel_usart.o)
 .comment       0x00000000       0x19 common/libcommon.a(cmd_boot.o)
 .comment       0x00000000       0x19 common/libcommon.a(cmd_bootm.o)
 .comment       0x00000000       0x19 common/libcommon.a(cmd_console.o)
 .comment       0x00000000       0x19 common/libcommon.a(cmd_echo.o)
 .comment       0x00000000       0x19 common/libcommon.a(cmd_exit.o)
 .comment       0x00000000       0x19 common/libcommon.a(cmd_fat.o)
 .comment       0x00000000       0x19 common/libcommon.a(cmd_flash.o)
 .comment       0x00000000       0x19 common/libcommon.a(cmd_help.o)
 .comment       0x00000000       0x19 common/libcommon.a(cmd_itest.o)
 .comment       0x00000000       0x19 common/libcommon.a(cmd_load.o)
 .comment       0x00000000       0x19 common/libcommon.a(cmd_mem.o)
 .comment       0x00000000       0x19 common/libcommon.a(cmd_misc.o)
 .comment       0x00000000       0x19 common/libcommon.a(cmd_nand.o)
 .comment       0x00000000       0x19 common/libcommon.a(cmd_net.o)
 .comment       0x00000000       0x19 common/libcommon.a(cmd_nvedit.o)
 .comment       0x00000000       0x19 common/libcommon.a(cmd_test.o)
 .comment       0x00000000       0x19 common/libcommon.a(cmd_usb.o)
 .comment       0x00000000       0x19 common/libcommon.a(cmd_version.o)
 .comment       0x00000000       0x19 common/libcommon.a(cmd_ximg.o)
 .comment       0x00000000       0x19 common/libcommon.a(command.o)
 .comment       0x00000000       0x19 common/libcommon.a(console.o)
 .comment       0x00000000       0x19 common/libcommon.a(dlmalloc.o)
 .comment       0x00000000       0x19 common/libcommon.a(env_common.o)
 .comment       0x00000000       0x19 common/libcommon.a(env_dataflash.o)
 .comment       0x00000000       0x19 common/libcommon.a(exports.o)
 .comment       0x00000000       0x19 common/libcommon.a(hush.o)
 .comment       0x00000000       0x19 common/libcommon.a(image.o)
 .comment       0x00000000       0x19 common/libcommon.a(lcd.o)
 .comment       0x00000000       0x19 common/libcommon.a(main.o)
 .comment       0x00000000       0x19 common/libcommon.a(stdio.o)
 .comment       0x00000000       0x19 common/libcommon.a(usb.o)
 .comment       0x00000000       0x19 common/libcommon.a(usb_storage.o)
 .comment       0x00000000       0x19 common/libcommon.a(xyzModem.o)
 .comment       0x00000000       0x19 board/atmel/at91sam9263ek/libat91sam9263ek.a(at91sam9263ek.o)
 .comment       0x00000000       0x19 lib/libgeneric.a(crc16.o)
 .comment       0x00000000       0x19 lib/libgeneric.a(crc32.o)
 .comment       0x00000000       0x19 lib/libgeneric.a(ctype.o)
 .comment       0x00000000       0x19 lib/libgeneric.a(display_options.o)
 .comment       0x00000000       0x19 lib/libgeneric.a(gunzip.o)
 .comment       0x00000000       0x19 lib/libgeneric.a(net_utils.o)
 .comment       0x00000000       0x19 lib/libgeneric.a(string.o)
 .comment       0x00000000       0x19 lib/libgeneric.a(strmhz.o)
 .comment       0x00000000       0x19 lib/libgeneric.a(time.o)
 .comment       0x00000000       0x19 lib/libgeneric.a(vsprintf.o)
 .comment       0x00000000       0x19 lib/libgeneric.a(zlib.o)
 .comment       0x00000000       0x19 lib/libgeneric.a(div64.o)
 .comment       0x00000000       0x19 arch/arm/cpu/arm926ejs/at91/libat91.a(at91sam9263_devices.o)
 .comment       0x00000000       0x19 arch/arm/cpu/arm926ejs/at91/libat91.a(clock.o)
 .comment       0x00000000       0x19 arch/arm/cpu/arm926ejs/at91/libat91.a(cpu.o)
 .comment       0x00000000       0x19 arch/arm/cpu/arm926ejs/at91/libat91.a(reset.o)
 .comment       0x00000000       0x19 arch/arm/cpu/arm926ejs/at91/libat91.a(timer.o)
 .comment       0x00000000       0x19 arch/arm/lib/libarm.a(bootm.o)
 .comment       0x00000000       0x19 arch/arm/lib/libarm.a(cache.o)
 .comment       0x00000000       0x19 arch/arm/lib/libarm.a(reset.o)
 .comment       0x00000000       0x19 fs/fat/libfat.a(fat.o)
 .comment       0x00000000       0x19 disk/libdisk.a(part.o)
 .comment       0x00000000       0x19 disk/libdisk.a(part_dos.o)
 .comment       0x00000000       0x19 drivers/mtd/libmtd.a(dataflash.o)
 .comment       0x00000000       0x19 drivers/mtd/libmtd.a(at45.o)
 .comment       0x00000000       0x19 drivers/mtd/nand/libnand.a(nand_util.o)
 .comment       0x00000000       0x19 drivers/net/libnet.a(macb.o)
 .comment       0x00000000       0x19 drivers/spi/libspi.a(atmel_dataflash_spi.o)
 .comment       0x00000000       0x19 drivers/usb/host/libusb_host.a(ohci-hcd.o)
 .comment       0x00000000       0x19 drivers/usb/host/libusb_host.a(ohci-at91.o)
 .comment       0x00000000       0x19 drivers/video/libvideo.a(atmel_lcdfb.o)
 .comment       0x00000000       0x19 board/atmel/at91sam9263ek/libat91sam9263ek.a(partition.o)
 .comment       0x00000000       0x19 arch/arm/cpu/arm926ejs/libarm926ejs.a(cpu.o)
 .comment       0x00000000       0x19 arch/arm/lib/libarm.a(cache-cp15.o)
 .comment       0x00000000       0x19 /home/jionfull/u-boot-2010.06/arch/arm/lib/eabi_compat.o

.note.GNU-stack
                0x00000000        0x0
 .note.GNU-stack
                0x00000000        0x0 arch/arm/cpu/arm926ejs/at91/libat91.a(led.o)
 .note.GNU-stack
                0x00000000        0x0 arch/arm/lib/libarm.a(board.o)
 .note.GNU-stack
                0x00000000        0x0 arch/arm/lib/libarm.a(interrupts.o)
 .note.GNU-stack
                0x00000000        0x0 net/libnet.a(eth.o)
 .note.GNU-stack
                0x00000000        0x0 net/libnet.a(net.o)
 .note.GNU-stack
                0x00000000        0x0 net/libnet.a(nfs.o)
 .note.GNU-stack
                0x00000000        0x0 net/libnet.a(rarp.o)
 .note.GNU-stack
                0x00000000        0x0 net/libnet.a(tftp.o)
 .note.GNU-stack
                0x00000000        0x0 net/libnet.a(bootp.o)
 .note.GNU-stack
                0x00000000        0x0 drivers/gpio/libgpio.a(at91_gpio.o)
 .note.GNU-stack
                0x00000000        0x0 drivers/mtd/nand/libnand.a(nand.o)
 .note.GNU-stack
                0x00000000        0x0 drivers/mtd/nand/libnand.a(nand_base.o)
 .note.GNU-stack
                0x00000000        0x0 drivers/mtd/nand/libnand.a(nand_bbt.o)
 .note.GNU-stack
                0x00000000        0x0 drivers/mtd/nand/libnand.a(nand_ecc.o)
 .note.GNU-stack
                0x00000000        0x0 drivers/mtd/nand/libnand.a(nand_ids.o)
 .note.GNU-stack
                0x00000000        0x0 drivers/mtd/nand/libnand.a(atmel_nand.o)
 .note.GNU-stack
                0x00000000        0x0 drivers/serial/libserial.a(atmel_usart.o)
 .note.GNU-stack
                0x00000000        0x0 common/libcommon.a(cmd_boot.o)
 .note.GNU-stack
                0x00000000        0x0 common/libcommon.a(cmd_bootm.o)
 .note.GNU-stack
                0x00000000        0x0 common/libcommon.a(cmd_console.o)
 .note.GNU-stack
                0x00000000        0x0 common/libcommon.a(cmd_echo.o)
 .note.GNU-stack
                0x00000000        0x0 common/libcommon.a(cmd_exit.o)
 .note.GNU-stack
                0x00000000        0x0 common/libcommon.a(cmd_fat.o)
 .note.GNU-stack
                0x00000000        0x0 common/libcommon.a(cmd_flash.o)
 .note.GNU-stack
                0x00000000        0x0 common/libcommon.a(cmd_help.o)
 .note.GNU-stack
                0x00000000        0x0 common/libcommon.a(cmd_itest.o)
 .note.GNU-stack
                0x00000000        0x0 common/libcommon.a(cmd_load.o)
 .note.GNU-stack
                0x00000000        0x0 common/libcommon.a(cmd_mem.o)
 .note.GNU-stack
                0x00000000        0x0 common/libcommon.a(cmd_misc.o)
 .note.GNU-stack
                0x00000000        0x0 common/libcommon.a(cmd_nand.o)
 .note.GNU-stack
                0x00000000        0x0 common/libcommon.a(cmd_net.o)
 .note.GNU-stack
                0x00000000        0x0 common/libcommon.a(cmd_nvedit.o)
 .note.GNU-stack
                0x00000000        0x0 common/libcommon.a(cmd_test.o)
 .note.GNU-stack
                0x00000000        0x0 common/libcommon.a(cmd_usb.o)
 .note.GNU-stack
                0x00000000        0x0 common/libcommon.a(cmd_version.o)
 .note.GNU-stack
                0x00000000        0x0 common/libcommon.a(cmd_ximg.o)
 .note.GNU-stack
                0x00000000        0x0 common/libcommon.a(command.o)
 .note.GNU-stack
                0x00000000        0x0 common/libcommon.a(console.o)
 .note.GNU-stack
                0x00000000        0x0 common/libcommon.a(dlmalloc.o)
 .note.GNU-stack
                0x00000000        0x0 common/libcommon.a(env_common.o)
 .note.GNU-stack
                0x00000000        0x0 common/libcommon.a(env_dataflash.o)
 .note.GNU-stack
                0x00000000        0x0 common/libcommon.a(exports.o)
 .note.GNU-stack
                0x00000000        0x0 common/libcommon.a(hush.o)
 .note.GNU-stack
                0x00000000        0x0 common/libcommon.a(image.o)
 .note.GNU-stack
                0x00000000        0x0 common/libcommon.a(lcd.o)
 .note.GNU-stack
                0x00000000        0x0 common/libcommon.a(main.o)
 .note.GNU-stack
                0x00000000        0x0 common/libcommon.a(stdio.o)
 .note.GNU-stack
                0x00000000        0x0 common/libcommon.a(usb.o)
 .note.GNU-stack
                0x00000000        0x0 common/libcommon.a(usb_storage.o)
 .note.GNU-stack
                0x00000000        0x0 common/libcommon.a(xyzModem.o)
 .note.GNU-stack
                0x00000000        0x0 board/atmel/at91sam9263ek/libat91sam9263ek.a(at91sam9263ek.o)
 .note.GNU-stack
                0x00000000        0x0 lib/libgeneric.a(crc16.o)
 .note.GNU-stack
                0x00000000        0x0 lib/libgeneric.a(crc32.o)
 .note.GNU-stack
                0x00000000        0x0 lib/libgeneric.a(ctype.o)
 .note.GNU-stack
                0x00000000        0x0 lib/libgeneric.a(display_options.o)
 .note.GNU-stack
                0x00000000        0x0 lib/libgeneric.a(gunzip.o)
 .note.GNU-stack
                0x00000000        0x0 lib/libgeneric.a(net_utils.o)
 .note.GNU-stack
                0x00000000        0x0 lib/libgeneric.a(string.o)
 .note.GNU-stack
                0x00000000        0x0 lib/libgeneric.a(strmhz.o)
 .note.GNU-stack
                0x00000000        0x0 lib/libgeneric.a(time.o)
 .note.GNU-stack
                0x00000000        0x0 lib/libgeneric.a(vsprintf.o)
 .note.GNU-stack
                0x00000000        0x0 lib/libgeneric.a(zlib.o)
 .note.GNU-stack
                0x00000000        0x0 lib/libgeneric.a(div64.o)
 .note.GNU-stack
                0x00000000        0x0 arch/arm/cpu/arm926ejs/at91/libat91.a(at91sam9263_devices.o)
 .note.GNU-stack
                0x00000000        0x0 arch/arm/cpu/arm926ejs/at91/libat91.a(clock.o)
 .note.GNU-stack
                0x00000000        0x0 arch/arm/cpu/arm926ejs/at91/libat91.a(cpu.o)
 .note.GNU-stack
                0x00000000        0x0 arch/arm/cpu/arm926ejs/at91/libat91.a(reset.o)
 .note.GNU-stack
                0x00000000        0x0 arch/arm/cpu/arm926ejs/at91/libat91.a(timer.o)
 .note.GNU-stack